2026-01-24T18:12:25.5787972Z Current runner version: '2.331.0'
2026-01-24T18:12:25.5814981Z ##[group]Runner Image Provisioner
2026-01-24T18:12:25.5815823Z Hosted Compute Agent
2026-01-24T18:12:25.5816359Z Version: 20260115.477
2026-01-24T18:12:25.5816911Z Commit: 4b342d620503cbe250a3154040964899ea7c9b00
2026-01-24T18:12:25.5817725Z Build Date: 2026-01-15T22:32:41Z
2026-01-24T18:12:25.5818427Z Worker ID: {c91ccd9b-ece4-42e7-8d88-785284a207d4}
2026-01-24T18:12:25.5819171Z Azure Region: northcentralus
2026-01-24T18:12:25.5819852Z ##[endgroup]
2026-01-24T18:12:25.5821815Z ##[group]Operating System
2026-01-24T18:12:25.5822426Z Ubuntu
2026-01-24T18:12:25.5822981Z 24.04.3
2026-01-24T18:12:25.5823456Z LTS
2026-01-24T18:12:25.5823913Z ##[endgroup]
2026-01-24T18:12:25.5824463Z ##[group]Runner Image
2026-01-24T18:12:25.5825014Z Image: ubuntu-24.04
2026-01-24T18:12:25.5825601Z Version: 20260119.4.1
2026-01-24T18:12:25.5826786Z Included Software: https://github.com/actions/runner-images/blob/ubuntu24/20260119.4/images/ubuntu/Ubuntu2404-Readme.md
2026-01-24T18:12:25.5828261Z Image Release: https://github.com/actions/runner-images/releases/tag/ubuntu24%2F20260119.4
2026-01-24T18:12:25.5829177Z ##[endgroup]
2026-01-24T18:12:25.5830427Z ##[group]GITHUB_TOKEN Permissions
2026-01-24T18:12:25.5833233Z Actions: read
2026-01-24T18:12:25.5833848Z Contents: read
2026-01-24T18:12:25.5834353Z Metadata: read
2026-01-24T18:12:25.5834934Z SecurityEvents: write
2026-01-24T18:12:25.5835468Z ##[endgroup]
2026-01-24T18:12:25.5837902Z Secret source: Actions
2026-01-24T18:12:25.5838792Z Prepare workflow directory
2026-01-24T18:12:25.6165336Z Prepare all required actions
2026-01-24T18:12:25.6203605Z Getting action download info
2026-01-24T18:12:26.0064084Z Download action repository 'actions/checkout@v4' (SHA:34e114876b0b11c390a56381ad16ebd13914f8d5)
2026-01-24T18:12:26.1010779Z Download action repository 'actions/setup-python@v5' (SHA:a26af69be951a213d495a4c3e4e4022e16d87065)
2026-01-24T18:12:26.2124199Z Download action repository 'actions/setup-node@v4' (SHA:49933ea5288caeca8642d1e84afbd3f7d6820020)
2026-01-24T18:12:26.3118065Z Download action repository 'github/codeql-action@v4' (SHA:19b2f06db2b6f5108140aeb04014ef02b648f789)
2026-01-24T18:12:27.2464347Z Complete job name: Analyze (python)
2026-01-24T18:12:27.3430818Z ##[group]Run actions/checkout@v4
2026-01-24T18:12:27.3432359Z with:
2026-01-24T18:12:27.3433236Z   repository: masonj0/fortuna
2026-01-24T18:12:27.3434690Z   token: ***
2026-01-24T18:12:27.3435536Z   ssh-strict: true
2026-01-24T18:12:27.3436307Z   ssh-user: git
2026-01-24T18:12:27.3437144Z   persist-credentials: true
2026-01-24T18:12:27.3438062Z   clean: true
2026-01-24T18:12:27.3438872Z   sparse-checkout-cone-mode: true
2026-01-24T18:12:27.3439847Z   fetch-depth: 1
2026-01-24T18:12:27.3440629Z   fetch-tags: false
2026-01-24T18:12:27.3441565Z   show-progress: true
2026-01-24T18:12:27.3442391Z   lfs: false
2026-01-24T18:12:27.3443182Z   submodules: false
2026-01-24T18:12:27.3444009Z   set-safe-directory: true
2026-01-24T18:12:27.3445217Z ##[endgroup]
2026-01-24T18:12:27.4564897Z Syncing repository: masonj0/fortuna
2026-01-24T18:12:27.4567501Z ##[group]Getting Git version info
2026-01-24T18:12:27.4568850Z Working directory is '/home/runner/work/fortuna/fortuna'
2026-01-24T18:12:27.4570791Z [command]/usr/bin/git version
2026-01-24T18:12:27.4637084Z git version 2.52.0
2026-01-24T18:12:27.4663206Z ##[endgroup]
2026-01-24T18:12:27.4685685Z Temporarily overriding HOME='/home/runner/work/_temp/b8d1c027-60a7-4d53-920f-4e6b9399edc3' before making global git config changes
2026-01-24T18:12:27.4689227Z Adding repository directory to the temporary git global config as a safe directory
2026-01-24T18:12:27.4692574Z [command]/usr/bin/git config --global --add safe.directory /home/runner/work/fortuna/fortuna
2026-01-24T18:12:27.4731116Z Deleting the contents of '/home/runner/work/fortuna/fortuna'
2026-01-24T18:12:27.4735213Z ##[group]Initializing the repository
2026-01-24T18:12:27.4739029Z [command]/usr/bin/git init /home/runner/work/fortuna/fortuna
2026-01-24T18:12:27.4848691Z hint: Using 'master' as the name for the initial branch. This default branch name
2026-01-24T18:12:27.4852125Z hint: will change to "main" in Git 3.0. To configure the initial branch name
2026-01-24T18:12:27.4855330Z hint: to use in all of your new repositories, which will suppress this warning,
2026-01-24T18:12:27.4856998Z hint: call:
2026-01-24T18:12:27.4857714Z hint:
2026-01-24T18:12:27.4858923Z hint: 	git config --global init.defaultBranch <name>
2026-01-24T18:12:27.4860527Z hint:
2026-01-24T18:12:27.4862159Z hint: Names commonly chosen instead of 'master' are 'main', 'trunk' and
2026-01-24T18:12:27.4863986Z hint: 'development'. The just-created branch can be renamed via this command:
2026-01-24T18:12:27.4865381Z hint:
2026-01-24T18:12:27.4866610Z hint: 	git branch -m <name>
2026-01-24T18:12:27.4868014Z hint:
2026-01-24T18:12:27.4869586Z hint: Disable this message with "git config set advice.defaultBranchName false"
2026-01-24T18:12:27.4871800Z Initialized empty Git repository in /home/runner/work/fortuna/fortuna/.git/
2026-01-24T18:12:27.4874802Z [command]/usr/bin/git remote add origin https://github.com/masonj0/fortuna
2026-01-24T18:12:27.4905493Z ##[endgroup]
2026-01-24T18:12:27.4907189Z ##[group]Disabling automatic garbage collection
2026-01-24T18:12:27.4909265Z [command]/usr/bin/git config --local gc.auto 0
2026-01-24T18:12:27.4938001Z ##[endgroup]
2026-01-24T18:12:27.4939362Z ##[group]Setting up auth
2026-01-24T18:12:27.4944741Z [command]/usr/bin/git config --local --name-only --get-regexp core\.sshCommand
2026-01-24T18:12:27.4975078Z [command]/usr/bin/git submodule foreach --recursive sh -c "git config --local --name-only --get-regexp 'core\.sshCommand' && git config --local --unset-all 'core.sshCommand' || :"
2026-01-24T18:12:27.5338094Z [command]/usr/bin/git config --local --name-only --get-regexp http\.https\:\/\/github\.com\/\.extraheader
2026-01-24T18:12:27.5371696Z [command]/usr/bin/git submodule foreach --recursive sh -c "git config --local --name-only --get-regexp 'http\.https\:\/\/github\.com\/\.extraheader' && git config --local --unset-all 'http.https://github.com/.extraheader' || :"
2026-01-24T18:12:27.5613464Z [command]/usr/bin/git config --local --name-only --get-regexp ^includeIf\.gitdir:
2026-01-24T18:12:27.5648780Z [command]/usr/bin/git submodule foreach --recursive git config --local --show-origin --name-only --get-regexp remote.origin.url
2026-01-24T18:12:27.5889946Z [command]/usr/bin/git config --local http.https://github.com/.extraheader AUTHORIZATION: basic ***
2026-01-24T18:12:27.5926858Z ##[endgroup]
2026-01-24T18:12:27.5929263Z ##[group]Fetching the repository
2026-01-24T18:12:27.5938424Z [command]/usr/bin/git -c protocol.version=2 fetch --no-tags --prune --no-recurse-submodules --depth=1 origin +ad4d2246d57559dae4f16e3661171e6f049ee944:refs/remotes/origin/main
2026-01-24T18:12:28.0326280Z From https://github.com/masonj0/fortuna
2026-01-24T18:12:28.0328734Z  * [new ref]         ad4d2246d57559dae4f16e3661171e6f049ee944 -> origin/main
2026-01-24T18:12:28.0361952Z ##[endgroup]
2026-01-24T18:12:28.0364185Z ##[group]Determining the checkout info
2026-01-24T18:12:28.0366608Z ##[endgroup]
2026-01-24T18:12:28.0369823Z [command]/usr/bin/git sparse-checkout disable
2026-01-24T18:12:28.0412528Z [command]/usr/bin/git config --local --unset-all extensions.worktreeConfig
2026-01-24T18:12:28.0439633Z ##[group]Checking out the ref
2026-01-24T18:12:28.0443192Z [command]/usr/bin/git checkout --progress --force -B main refs/remotes/origin/main
2026-01-24T18:12:28.0996584Z Switched to a new branch 'main'
2026-01-24T18:12:28.0998365Z branch 'main' set up to track 'origin/main'.
2026-01-24T18:12:28.1010010Z ##[endgroup]
2026-01-24T18:12:28.1046936Z [command]/usr/bin/git log -1 --format=%H
2026-01-24T18:12:28.1069778Z ad4d2246d57559dae4f16e3661171e6f049ee944
2026-01-24T18:12:28.1442833Z ##[group]Run actions/setup-python@v5
2026-01-24T18:12:28.1443799Z with:
2026-01-24T18:12:28.1444520Z   python-version: 3.11
2026-01-24T18:12:28.1445319Z   check-latest: false
2026-01-24T18:12:28.1446335Z   token: ***
2026-01-24T18:12:28.1447274Z   update-environment: true
2026-01-24T18:12:28.1448465Z   allow-prereleases: false
2026-01-24T18:12:28.1449311Z   freethreaded: false
2026-01-24T18:12:28.1450066Z ##[endgroup]
2026-01-24T18:12:28.3201948Z ##[group]Installed versions
2026-01-24T18:12:28.3495671Z Successfully set up CPython (3.11.14)
2026-01-24T18:12:28.3498250Z ##[endgroup]
2026-01-24T18:12:28.3657440Z ##[group]Run python -m pip install uv
2026-01-24T18:12:28.3658553Z [36;1mpython -m pip install uv[0m
2026-01-24T18:12:28.3659883Z [36;1muv pip install --system -r web_service/backend/requirements-dev.txt[0m
2026-01-24T18:12:28.3750309Z shell: /usr/bin/bash -e {0}
2026-01-24T18:12:28.3751326Z env:
2026-01-24T18:12:28.3752206Z   pythonLocation: /opt/hostedtoolcache/Python/3.11.14/x64
2026-01-24T18:12:28.3753703Z   PKG_CONFIG_PATH: /opt/hostedtoolcache/Python/3.11.14/x64/lib/pkgconfig
2026-01-24T18:12:28.3755177Z   Python_ROOT_DIR: /opt/hostedtoolcache/Python/3.11.14/x64
2026-01-24T18:12:28.3756522Z   Python2_ROOT_DIR: /opt/hostedtoolcache/Python/3.11.14/x64
2026-01-24T18:12:28.3757929Z   Python3_ROOT_DIR: /opt/hostedtoolcache/Python/3.11.14/x64
2026-01-24T18:12:28.3759359Z   LD_LIBRARY_PATH: /opt/hostedtoolcache/Python/3.11.14/x64/lib
2026-01-24T18:12:28.3760507Z ##[endgroup]
2026-01-24T18:12:30.6571317Z Collecting uv
2026-01-24T18:12:30.7148922Z   Downloading uv-0.9.26-py3-none-manylinux_2_17_x86_64.manylinux2014_x86_64.whl.metadata (11 kB)
2026-01-24T18:12:30.7238791Z Downloading uv-0.9.26-py3-none-manylinux_2_17_x86_64.manylinux2014_x86_64.whl (23.3 MB)
2026-01-24T18:12:30.8764902Z    ━━━━━━━━━━━━━━━━━━━━━━━━━━━━━━━━━━━━━━━━ 23.3/23.3 MB 190.5 MB/s  0:00:00
2026-01-24T18:12:30.9392552Z Installing collected packages: uv
2026-01-24T18:12:31.1994862Z Successfully installed uv-0.9.26
2026-01-24T18:12:31.4082275Z Using Python 3.11.14 environment at: /opt/hostedtoolcache/Python/3.11.14/x64
2026-01-24T18:12:32.5359102Z   × No solution found when resolving dependencies:
2026-01-24T18:12:32.5360217Z   ╰─▶ Because only the following versions of scrapling[fetchers] are
2026-01-24T18:12:32.5361106Z       available:
2026-01-24T18:12:32.5361483Z           scrapling[fetchers]<=0.3.7
2026-01-24T18:12:32.5361953Z           scrapling[fetchers]==0.3.8
2026-01-24T18:12:32.5362462Z           scrapling[fetchers]==0.3.9
2026-01-24T18:12:32.5362988Z           scrapling[fetchers]==0.3.10
2026-01-24T18:12:32.5363582Z           scrapling[fetchers]==0.3.11
2026-01-24T18:12:32.5364079Z           scrapling[fetchers]==0.3.12
2026-01-24T18:12:32.5364502Z           scrapling[fetchers]==0.3.13
2026-01-24T18:12:32.5364966Z           scrapling[fetchers]==0.3.14
2026-01-24T18:12:32.5365620Z       and scrapling[fetchers]>=0.3.7 depends on click>=8.3.0, we can conclude
2026-01-24T18:12:32.5366425Z       that scrapling[fetchers]>=0.3.7,<0.3.8 depends on click>=8.3.0.
2026-01-24T18:12:32.5367991Z       And because scrapling[fetchers]>=0.3.8 depends on click>=8.3.0, we can
2026-01-24T18:12:32.5368977Z       conclude that scrapling[fetchers]>=0.3.7,<0.3.9 depends on click>=8.3.0.
2026-01-24T18:12:32.5369880Z       And because scrapling[fetchers]>=0.3.9 depends on click>=8.3.0 and
2026-01-24T18:12:32.5370748Z       click>=8.3.0, we can conclude that scrapling[fetchers]>=0.3.7,<0.3.11
2026-01-24T18:12:32.5371563Z       depends on click>=8.3.0.
2026-01-24T18:12:32.5372171Z       And because scrapling[fetchers]>=0.3.11 depends on click>=8.3.0 and
2026-01-24T18:12:32.5372940Z       click>=8.3.0, we can conclude that scrapling[fetchers]>=0.3.7,<0.3.13
2026-01-24T18:12:32.5373529Z       depends on click>=8.3.0.
2026-01-24T18:12:32.5374085Z       And because scrapling[fetchers]>=0.3.13 depends on click>=8.3.0 and
2026-01-24T18:12:32.5374930Z       click>=8.3.0, we can conclude that scrapling[fetchers]>=0.3.7 depends
2026-01-24T18:12:32.5375581Z       on click>=8.3.0.
2026-01-24T18:12:32.5376107Z       And because you require click==8.1.7 and scrapling[fetchers]>=0.3.7, we
2026-01-24T18:12:32.5376844Z       can conclude that your requirements are unsatisfiable.
2026-01-24T18:12:32.5528235Z ##[error]Process completed with exit code 1.
2026-01-24T18:12:32.5663846Z Post job cleanup.
2026-01-24T18:12:32.6620778Z [command]/usr/bin/git version
2026-01-24T18:12:32.6657779Z git version 2.52.0
2026-01-24T18:12:32.6701297Z Temporarily overriding HOME='/home/runner/work/_temp/c1319d57-42b2-485b-88ec-2f8a026245fb' before making global git config changes
2026-01-24T18:12:32.6702491Z Adding repository directory to the temporary git global config as a safe directory
2026-01-24T18:12:32.6714306Z [command]/usr/bin/git config --global --add safe.directory /home/runner/work/fortuna/fortuna
2026-01-24T18:12:32.6747946Z [command]/usr/bin/git config --local --name-only --get-regexp core\.sshCommand
2026-01-24T18:12:32.6780014Z [command]/usr/bin/git submodule foreach --recursive sh -c "git config --local --name-only --get-regexp 'core\.sshCommand' && git config --local --unset-all 'core.sshCommand' || :"
2026-01-24T18:12:32.7012311Z [command]/usr/bin/git config --local --name-only --get-regexp http\.https\:\/\/github\.com\/\.extraheader
2026-01-24T18:12:32.7032376Z http.https://github.com/.extraheader
2026-01-24T18:12:32.7044797Z [command]/usr/bin/git config --local --unset-all http.https://github.com/.extraheader
2026-01-24T18:12:32.7075120Z [command]/usr/bin/git submodule foreach --recursive sh -c "git config --local --name-only --get-regexp 'http\.https\:\/\/github\.com\/\.extraheader' && git config --local --unset-all 'http.https://github.com/.extraheader' || :"
2026-01-24T18:12:32.7303060Z [command]/usr/bin/git config --local --name-only --get-regexp ^includeIf\.gitdir:
2026-01-24T18:12:32.7334568Z [command]/usr/bin/git submodule foreach --recursive git config --local --show-origin --name-only --get-regexp remote.origin.url
2026-01-24T18:12:32.7666069Z Cleaning up orphan processes
