2026-01-24T19:14:14.3523018Z Current runner version: '2.331.0'
2026-01-24T19:14:14.3546362Z ##[group]Runner Image Provisioner
2026-01-24T19:14:14.3547252Z Hosted Compute Agent
2026-01-24T19:14:14.3547798Z Version: 20260115.477
2026-01-24T19:14:14.3548393Z Commit: 4b342d620503cbe250a3154040964899ea7c9b00
2026-01-24T19:14:14.3549026Z Build Date: 2026-01-15T22:32:41Z
2026-01-24T19:14:14.3549754Z Worker ID: {ab351d86-b609-4b32-a6a1-97c8b38641d1}
2026-01-24T19:14:14.3550464Z Azure Region: westus
2026-01-24T19:14:14.3550948Z ##[endgroup]
2026-01-24T19:14:14.3552962Z ##[group]Operating System
2026-01-24T19:14:14.3553542Z Ubuntu
2026-01-24T19:14:14.3554003Z 24.04.3
2026-01-24T19:14:14.3554527Z LTS
2026-01-24T19:14:14.3555087Z ##[endgroup]
2026-01-24T19:14:14.3555549Z ##[group]Runner Image
2026-01-24T19:14:14.3556133Z Image: ubuntu-24.04
2026-01-24T19:14:14.3556600Z Version: 20260119.4.1
2026-01-24T19:14:14.3557822Z Included Software: https://github.com/actions/runner-images/blob/ubuntu24/20260119.4/images/ubuntu/Ubuntu2404-Readme.md
2026-01-24T19:14:14.3559289Z Image Release: https://github.com/actions/runner-images/releases/tag/ubuntu24%2F20260119.4
2026-01-24T19:14:14.3560161Z ##[endgroup]
2026-01-24T19:14:14.3561416Z ##[group]GITHUB_TOKEN Permissions
2026-01-24T19:14:14.3563481Z Actions: read
2026-01-24T19:14:14.3564078Z Contents: read
2026-01-24T19:14:14.3564639Z Metadata: read
2026-01-24T19:14:14.3565106Z SecurityEvents: write
2026-01-24T19:14:14.3565668Z ##[endgroup]
2026-01-24T19:14:14.3567740Z Secret source: Actions
2026-01-24T19:14:14.3568457Z Prepare workflow directory
2026-01-24T19:14:14.3889475Z Prepare all required actions
2026-01-24T19:14:14.3938320Z Getting action download info
2026-01-24T19:14:14.8639268Z Download action repository 'actions/checkout@v4' (SHA:34e114876b0b11c390a56381ad16ebd13914f8d5)
2026-01-24T19:14:15.0016331Z Download action repository 'actions/setup-python@v5' (SHA:a26af69be951a213d495a4c3e4e4022e16d87065)
2026-01-24T19:14:15.1345112Z Download action repository 'actions/setup-node@v4' (SHA:49933ea5288caeca8642d1e84afbd3f7d6820020)
2026-01-24T19:14:15.2228670Z Download action repository 'github/codeql-action@v4' (SHA:19b2f06db2b6f5108140aeb04014ef02b648f789)
2026-01-24T19:14:16.3454037Z Complete job name: Analyze (python)
2026-01-24T19:14:16.4270248Z ##[group]Run actions/checkout@v4
2026-01-24T19:14:16.4271752Z with:
2026-01-24T19:14:16.4272521Z   repository: masonj0/fortuna
2026-01-24T19:14:16.4273709Z   token: ***
2026-01-24T19:14:16.4274471Z   ssh-strict: true
2026-01-24T19:14:16.4275264Z   ssh-user: git
2026-01-24T19:14:16.4276061Z   persist-credentials: true
2026-01-24T19:14:16.4276968Z   clean: true
2026-01-24T19:14:16.4277765Z   sparse-checkout-cone-mode: true
2026-01-24T19:14:16.4278752Z   fetch-depth: 1
2026-01-24T19:14:16.4279551Z   fetch-tags: false
2026-01-24T19:14:16.4280349Z   show-progress: true
2026-01-24T19:14:16.4281152Z   lfs: false
2026-01-24T19:14:16.4282014Z   submodules: false
2026-01-24T19:14:16.4282823Z   set-safe-directory: true
2026-01-24T19:14:16.4283965Z ##[endgroup]
2026-01-24T19:14:16.5405591Z Syncing repository: masonj0/fortuna
2026-01-24T19:14:16.5408136Z ##[group]Getting Git version info
2026-01-24T19:14:16.5409431Z Working directory is '/home/runner/work/fortuna/fortuna'
2026-01-24T19:14:16.5411512Z [command]/usr/bin/git version
2026-01-24T19:14:16.5475480Z git version 2.52.0
2026-01-24T19:14:16.5502352Z ##[endgroup]
2026-01-24T19:14:16.5516196Z Temporarily overriding HOME='/home/runner/work/_temp/8ea0eaf0-ed2d-4428-92ce-970d25b53403' before making global git config changes
2026-01-24T19:14:16.5518989Z Adding repository directory to the temporary git global config as a safe directory
2026-01-24T19:14:16.5528581Z [command]/usr/bin/git config --global --add safe.directory /home/runner/work/fortuna/fortuna
2026-01-24T19:14:16.5571124Z Deleting the contents of '/home/runner/work/fortuna/fortuna'
2026-01-24T19:14:16.5575397Z ##[group]Initializing the repository
2026-01-24T19:14:16.5580303Z [command]/usr/bin/git init /home/runner/work/fortuna/fortuna
2026-01-24T19:14:16.5690120Z hint: Using 'master' as the name for the initial branch. This default branch name
2026-01-24T19:14:16.5692706Z hint: will change to "main" in Git 3.0. To configure the initial branch name
2026-01-24T19:14:16.5695323Z hint: to use in all of your new repositories, which will suppress this warning,
2026-01-24T19:14:16.5697858Z hint: call:
2026-01-24T19:14:16.5699150Z hint:
2026-01-24T19:14:16.5700795Z hint: 	git config --global init.defaultBranch <name>
2026-01-24T19:14:16.5703035Z hint:
2026-01-24T19:14:16.5704921Z hint: Names commonly chosen instead of 'master' are 'main', 'trunk' and
2026-01-24T19:14:16.5708184Z hint: 'development'. The just-created branch can be renamed via this command:
2026-01-24T19:14:16.5710725Z hint:
2026-01-24T19:14:16.5712207Z hint: 	git branch -m <name>
2026-01-24T19:14:16.5713660Z hint:
2026-01-24T19:14:16.5715132Z hint: Disable this message with "git config set advice.defaultBranchName false"
2026-01-24T19:14:16.5717106Z Initialized empty Git repository in /home/runner/work/fortuna/fortuna/.git/
2026-01-24T19:14:16.5721294Z [command]/usr/bin/git remote add origin https://github.com/masonj0/fortuna
2026-01-24T19:14:16.5744287Z ##[endgroup]
2026-01-24T19:14:16.5746778Z ##[group]Disabling automatic garbage collection
2026-01-24T19:14:16.5749045Z [command]/usr/bin/git config --local gc.auto 0
2026-01-24T19:14:16.5778067Z ##[endgroup]
2026-01-24T19:14:16.5780373Z ##[group]Setting up auth
2026-01-24T19:14:16.5785714Z [command]/usr/bin/git config --local --name-only --get-regexp core\.sshCommand
2026-01-24T19:14:16.5818358Z [command]/usr/bin/git submodule foreach --recursive sh -c "git config --local --name-only --get-regexp 'core\.sshCommand' && git config --local --unset-all 'core.sshCommand' || :"
2026-01-24T19:14:16.6178707Z [command]/usr/bin/git config --local --name-only --get-regexp http\.https\:\/\/github\.com\/\.extraheader
2026-01-24T19:14:16.6211362Z [command]/usr/bin/git submodule foreach --recursive sh -c "git config --local --name-only --get-regexp 'http\.https\:\/\/github\.com\/\.extraheader' && git config --local --unset-all 'http.https://github.com/.extraheader' || :"
2026-01-24T19:14:16.6425108Z [command]/usr/bin/git config --local --name-only --get-regexp ^includeIf\.gitdir:
2026-01-24T19:14:16.6454600Z [command]/usr/bin/git submodule foreach --recursive git config --local --show-origin --name-only --get-regexp remote.origin.url
2026-01-24T19:14:16.6678930Z [command]/usr/bin/git config --local http.https://github.com/.extraheader AUTHORIZATION: basic ***
2026-01-24T19:14:16.6712085Z ##[endgroup]
2026-01-24T19:14:16.6713478Z ##[group]Fetching the repository
2026-01-24T19:14:16.6721041Z [command]/usr/bin/git -c protocol.version=2 fetch --no-tags --prune --no-recurse-submodules --depth=1 origin +fcc0e4864d7e030a665bc7a8926777c41b962b1e:refs/remotes/origin/main
2026-01-24T19:14:17.1452831Z From https://github.com/masonj0/fortuna
2026-01-24T19:14:17.1453920Z  * [new ref]         fcc0e4864d7e030a665bc7a8926777c41b962b1e -> origin/main
2026-01-24T19:14:17.1483641Z ##[endgroup]
2026-01-24T19:14:17.1484390Z ##[group]Determining the checkout info
2026-01-24T19:14:17.1487211Z ##[endgroup]
2026-01-24T19:14:17.1492624Z [command]/usr/bin/git sparse-checkout disable
2026-01-24T19:14:17.1531893Z [command]/usr/bin/git config --local --unset-all extensions.worktreeConfig
2026-01-24T19:14:17.1556763Z ##[group]Checking out the ref
2026-01-24T19:14:17.1561002Z [command]/usr/bin/git checkout --progress --force -B main refs/remotes/origin/main
2026-01-24T19:14:17.2070380Z Switched to a new branch 'main'
2026-01-24T19:14:17.2071205Z branch 'main' set up to track 'origin/main'.
2026-01-24T19:14:17.2081295Z ##[endgroup]
2026-01-24T19:14:17.2118214Z [command]/usr/bin/git log -1 --format=%H
2026-01-24T19:14:17.2139159Z fcc0e4864d7e030a665bc7a8926777c41b962b1e
2026-01-24T19:14:17.2435975Z ##[group]Run actions/setup-python@v5
2026-01-24T19:14:17.2436329Z with:
2026-01-24T19:14:17.2436551Z   python-version: 3.11
2026-01-24T19:14:17.2436811Z   check-latest: false
2026-01-24T19:14:17.2437195Z   token: ***
2026-01-24T19:14:17.2437695Z   update-environment: true
2026-01-24T19:14:17.2437965Z   allow-prereleases: false
2026-01-24T19:14:17.2438224Z   freethreaded: false
2026-01-24T19:14:17.2438451Z ##[endgroup]
2026-01-24T19:14:17.4092218Z ##[group]Installed versions
2026-01-24T19:14:17.4210952Z Successfully set up CPython (3.11.14)
2026-01-24T19:14:17.4212155Z ##[endgroup]
2026-01-24T19:14:17.4366411Z ##[group]Run python -m pip install uv
2026-01-24T19:14:17.4367068Z [36;1mpython -m pip install uv[0m
2026-01-24T19:14:17.4367855Z [36;1muv pip install --system -r web_service/backend/requirements-dev.txt[0m
2026-01-24T19:14:17.4506073Z shell: /usr/bin/bash -e {0}
2026-01-24T19:14:17.4506709Z env:
2026-01-24T19:14:17.4507228Z   pythonLocation: /opt/hostedtoolcache/Python/3.11.14/x64
2026-01-24T19:14:17.4508127Z   PKG_CONFIG_PATH: /opt/hostedtoolcache/Python/3.11.14/x64/lib/pkgconfig
2026-01-24T19:14:17.4509128Z   Python_ROOT_DIR: /opt/hostedtoolcache/Python/3.11.14/x64
2026-01-24T19:14:17.4509896Z   Python2_ROOT_DIR: /opt/hostedtoolcache/Python/3.11.14/x64
2026-01-24T19:14:17.4510709Z   Python3_ROOT_DIR: /opt/hostedtoolcache/Python/3.11.14/x64
2026-01-24T19:14:17.4511521Z   LD_LIBRARY_PATH: /opt/hostedtoolcache/Python/3.11.14/x64/lib
2026-01-24T19:14:17.4512426Z ##[endgroup]
2026-01-24T19:14:21.2952673Z Collecting uv
2026-01-24T19:14:21.3549313Z   Downloading uv-0.9.26-py3-none-manylinux_2_17_x86_64.manylinux2014_x86_64.whl.metadata (11 kB)
2026-01-24T19:14:21.3635555Z Downloading uv-0.9.26-py3-none-manylinux_2_17_x86_64.manylinux2014_x86_64.whl (23.3 MB)
2026-01-24T19:14:21.4953655Z    ━━━━━━━━━━━━━━━━━━━━━━━━━━━━━━━━━━━━━━━━ 23.3/23.3 MB 230.8 MB/s  0:00:00
2026-01-24T19:14:21.5498539Z Installing collected packages: uv
2026-01-24T19:14:21.8084726Z Successfully installed uv-0.9.26
2026-01-24T19:14:22.0122773Z Using Python 3.11.14 environment at: /opt/hostedtoolcache/Python/3.11.14/x64
2026-01-24T19:14:23.3025256Z   × No solution found when resolving dependencies:
2026-01-24T19:14:23.3026295Z   ╰─▶ Because only the following versions of scrapling[fetchers] are
2026-01-24T19:14:23.3027112Z       available:
2026-01-24T19:14:23.3027464Z           scrapling[fetchers]<=0.3.7
2026-01-24T19:14:23.3027914Z           scrapling[fetchers]==0.3.8
2026-01-24T19:14:23.3028369Z           scrapling[fetchers]==0.3.9
2026-01-24T19:14:23.3028799Z           scrapling[fetchers]==0.3.10
2026-01-24T19:14:23.3029340Z           scrapling[fetchers]==0.3.11
2026-01-24T19:14:23.3029811Z           scrapling[fetchers]==0.3.12
2026-01-24T19:14:23.3030255Z           scrapling[fetchers]==0.3.13
2026-01-24T19:14:23.3030747Z           scrapling[fetchers]==0.3.14
2026-01-24T19:14:23.3031408Z       and scrapling[fetchers]>=0.3.7,<=0.3.11 depends on curl-cffi>=0.13.0,
2026-01-24T19:14:23.3032469Z       we can conclude that scrapling[fetchers]>=0.3.7,<0.3.8 depends on
2026-01-24T19:14:23.3033135Z       curl-cffi>=0.13.0.
2026-01-24T19:14:23.3033618Z       And because scrapling[fetchers]>=0.3.8,<=0.3.11
2026-01-24T19:14:23.3034252Z       depends on curl-cffi>=0.13.0, we can conclude that
2026-01-24T19:14:23.3034980Z       scrapling[fetchers]>=0.3.7,<0.3.9 depends on curl-cffi>=0.13.0.
2026-01-24T19:14:23.3035744Z       And because scrapling[fetchers]>=0.3.9,<=0.3.11 depends on
2026-01-24T19:14:23.3036552Z       curl-cffi>=0.13.0 and only curl-cffi<=0.14.0 is available, we
2026-01-24T19:14:23.3037240Z       can conclude that scrapling[fetchers]>=0.3.7,<0.3.10 depends on
2026-01-24T19:14:23.3037869Z       curl-cffi>=0.13.0.
2026-01-24T19:14:23.3038445Z       And because only the following versions of curl-cffi are available:
2026-01-24T19:14:23.3039169Z           curl-cffi<=0.13.0
2026-01-24T19:14:23.3039630Z           curl-cffi>=0.14.0
2026-01-24T19:14:23.3040222Z       and curl-cffi>=0.13.0 depends on certifi>=2024.2.2, we can conclude that
2026-01-24T19:14:23.3041046Z       scrapling[fetchers]>=0.3.7,<0.3.10 depends on certifi>=2024.2.2. (1)
2026-01-24T19:14:23.3041827Z
2026-01-24T19:14:23.3042189Z       Because only curl-cffi<=0.14.0 is available and curl-cffi>=0.13.0
2026-01-24T19:14:23.3043364Z       depends on certifi>=2024.2.2, we can conclude that curl-cffi>=0.13.0
2026-01-24T19:14:23.3044045Z       depends on certifi>=2024.2.2.
2026-01-24T19:14:23.3044673Z       And because only the following versions of curl-cffi are available:
2026-01-24T19:14:23.3045312Z           curl-cffi<=0.13.0
2026-01-24T19:14:23.3045972Z           curl-cffi>=0.14.0
2026-01-24T19:14:23.3046591Z       and scrapling[fetchers]>=0.3.10,<=0.3.11 depends on curl-cffi>=0.13.0,
2026-01-24T19:14:23.3047394Z       we can conclude that scrapling[fetchers]>=0.3.10,<=0.3.11 depends on
2026-01-24T19:14:23.3048007Z       certifi>=2024.2.2.
2026-01-24T19:14:23.3048539Z       And because we know from (1) that scrapling[fetchers]>=0.3.7,<0.3.10
2026-01-24T19:14:23.3049222Z       depends on certifi>=2024.2.2, we can conclude that
2026-01-24T19:14:23.3049911Z       scrapling[fetchers]>=0.3.7,<0.3.11 depends on certifi>=2024.2.2. (2)
2026-01-24T19:14:23.3050420Z
2026-01-24T19:14:23.3050738Z       Because curl-cffi>=0.13.0 depends on certifi>=2024.2.2 and only the
2026-01-24T19:14:23.3051457Z       following versions of curl-cffi are available:
2026-01-24T19:14:23.3052193Z           curl-cffi<=0.13.0
2026-01-24T19:14:23.3052576Z           curl-cffi>=0.14.0
2026-01-24T19:14:23.3053115Z       we can conclude that curl-cffi>=0.13.0 depends on certifi>=2024.2.2.
2026-01-24T19:14:23.3053839Z       And because only curl-cffi<=0.14.0 is available and
2026-01-24T19:14:23.3054541Z       scrapling[fetchers]==0.3.11 depends on curl-cffi>=0.13.0, we can
2026-01-24T19:14:23.3055378Z       conclude that scrapling[fetchers]==0.3.11 depends on certifi>=2024.2.2.
2026-01-24T19:14:23.3056241Z       And because we know from (2) that scrapling[fetchers]>=0.3.7,<0.3.11
2026-01-24T19:14:23.3056971Z       depends on certifi>=2024.2.2, we can conclude that
2026-01-24T19:14:23.3057678Z       scrapling[fetchers]>=0.3.7,<0.3.12 depends on certifi>=2024.2.2. (3)
2026-01-24T19:14:23.3058180Z
2026-01-24T19:14:23.3058480Z       Because curl-cffi==0.14.0 depends on certifi>=2024.2.2 and only
2026-01-24T19:14:23.3059287Z       curl-cffi<=0.14.0 is available, we can conclude that curl-cffi>=0.14.0
2026-01-24T19:14:23.3059940Z       depends on certifi>=2024.2.2.
2026-01-24T19:14:23.3060619Z       And because scrapling[fetchers]>=0.3.12 depends on curl-cffi>=0.14.0,
2026-01-24T19:14:23.3061460Z       we can conclude that scrapling[fetchers]>=0.3.12 depends on
2026-01-24T19:14:23.3062263Z       certifi>=2024.2.2.
2026-01-24T19:14:23.3062902Z       And because we know from (3) that scrapling[fetchers]>=0.3.7,<0.3.12
2026-01-24T19:14:23.3063622Z       depends on certifi>=2024.2.2, we can conclude that
2026-01-24T19:14:23.3064349Z       scrapling[fetchers]>=0.3.7,<0.3.13 depends on certifi>=2024.2.2. (4)
2026-01-24T19:14:23.3064852Z
2026-01-24T19:14:23.3065168Z       Because curl-cffi==0.14.0 depends on certifi>=2024.2.2 and only
2026-01-24T19:14:23.3065949Z       curl-cffi<=0.14.0 is available, we can conclude that curl-cffi>=0.14.0
2026-01-24T19:14:23.3066645Z       depends on certifi>=2024.2.2.
2026-01-24T19:14:23.3067319Z       And because scrapling[fetchers]>=0.3.13 depends on curl-cffi>=0.14.0,
2026-01-24T19:14:23.3068137Z       we can conclude that scrapling[fetchers]>=0.3.13 depends on
2026-01-24T19:14:23.3068736Z       certifi>=2024.2.2.
2026-01-24T19:14:23.3069304Z       And because we know from (4) that scrapling[fetchers]>=0.3.7,<0.3.13
2026-01-24T19:14:23.3070134Z       depends on certifi>=2024.2.2, we can conclude that
2026-01-24T19:14:23.3070921Z       scrapling[fetchers]>=0.3.7,<0.3.14 depends on certifi>=2024.2.2. (5)
2026-01-24T19:14:23.3071431Z
2026-01-24T19:14:23.3071955Z       Because curl-cffi==0.14.0 depends on certifi>=2024.2.2 and only
2026-01-24T19:14:23.3072755Z       curl-cffi<=0.14.0 is available, we can conclude that curl-cffi>=0.14.0
2026-01-24T19:14:23.3073760Z       depends on certifi>=2024.2.2.
2026-01-24T19:14:23.3074413Z       And because scrapling[fetchers]==0.3.14 depends on curl-cffi>=0.14.0,
2026-01-24T19:14:23.3075244Z       we can conclude that scrapling[fetchers]==0.3.14 depends on
2026-01-24T19:14:23.3076139Z       certifi>=2024.2.2.
2026-01-24T19:14:23.3076749Z       And because we know from (5) that scrapling[fetchers]>=0.3.7,<0.3.14
2026-01-24T19:14:23.3077495Z       depends on certifi>=2024.2.2, we can conclude that
2026-01-24T19:14:23.3078392Z       scrapling[fetchers]>=0.3.7 depends on certifi>=2024.2.2.
2026-01-24T19:14:23.3079088Z       And because you require certifi==2023.7.22 and
2026-01-24T19:14:23.3079848Z       scrapling[fetchers]>=0.3.7, we can conclude that your requirements are
2026-01-24T19:14:23.3080506Z       unsatisfiable.
2026-01-24T19:14:23.3080740Z
2026-01-24T19:14:23.3081109Z       hint: Pre-releases are available for `curl-cffi` in the requested
2026-01-24T19:14:23.3082144Z       range (e.g., 0.14.0b5), but pre-releases weren't enabled (try:
2026-01-24T19:14:23.3082787Z       `--prerelease=allow`)
2026-01-24T19:14:23.3213822Z ##[error]Process completed with exit code 1.
2026-01-24T19:14:23.3340778Z Post job cleanup.
2026-01-24T19:14:23.4276626Z [command]/usr/bin/git version
2026-01-24T19:14:23.4318085Z git version 2.52.0
2026-01-24T19:14:23.4362656Z Temporarily overriding HOME='/home/runner/work/_temp/312d7618-5af5-47cf-b334-b945987f3d2d' before making global git config changes
2026-01-24T19:14:23.4364088Z Adding repository directory to the temporary git global config as a safe directory
2026-01-24T19:14:23.4369231Z [command]/usr/bin/git config --global --add safe.directory /home/runner/work/fortuna/fortuna
2026-01-24T19:14:23.4405331Z [command]/usr/bin/git config --local --name-only --get-regexp core\.sshCommand
2026-01-24T19:14:23.4437691Z [command]/usr/bin/git submodule foreach --recursive sh -c "git config --local --name-only --get-regexp 'core\.sshCommand' && git config --local --unset-all 'core.sshCommand' || :"
2026-01-24T19:14:23.4666609Z [command]/usr/bin/git config --local --name-only --get-regexp http\.https\:\/\/github\.com\/\.extraheader
2026-01-24T19:14:23.4687694Z http.https://github.com/.extraheader
2026-01-24T19:14:23.4700210Z [command]/usr/bin/git config --local --unset-all http.https://github.com/.extraheader
2026-01-24T19:14:23.4730411Z [command]/usr/bin/git submodule foreach --recursive sh -c "git config --local --name-only --get-regexp 'http\.https\:\/\/github\.com\/\.extraheader' && git config --local --unset-all 'http.https://github.com/.extraheader' || :"
2026-01-24T19:14:23.4952273Z [command]/usr/bin/git config --local --name-only --get-regexp ^includeIf\.gitdir:
2026-01-24T19:14:23.4981406Z [command]/usr/bin/git submodule foreach --recursive git config --local --show-origin --name-only --get-regexp remote.origin.url
2026-01-24T19:14:23.5308931Z Cleaning up orphan processes
