2026-01-24T19:14:13.7177572Z Current runner version: '2.331.0'
2026-01-24T19:14:13.7211067Z ##[group]Runner Image Provisioner
2026-01-24T19:14:13.7212243Z Hosted Compute Agent
2026-01-24T19:14:13.7213126Z Version: 20260115.477
2026-01-24T19:14:13.7214016Z Commit: 4b342d620503cbe250a3154040964899ea7c9b00
2026-01-24T19:14:13.7215099Z Build Date: 2026-01-15T22:32:41Z
2026-01-24T19:14:13.7216142Z Worker ID: {e0516ad5-ab77-437c-8943-aecacfe7b171}
2026-01-24T19:14:13.7217169Z Azure Region: centralus
2026-01-24T19:14:13.7217962Z ##[endgroup]
2026-01-24T19:14:13.7220498Z ##[group]Operating System
2026-01-24T19:14:13.7221411Z Microsoft Windows Server 2025
2026-01-24T19:14:13.7222295Z 10.0.26100
2026-01-24T19:14:13.7222931Z Datacenter
2026-01-24T19:14:13.7223623Z ##[endgroup]
2026-01-24T19:14:13.7224277Z ##[group]Runner Image
2026-01-24T19:14:13.7225052Z Image: windows-2025
2026-01-24T19:14:13.7225896Z Version: 20260119.4.1
2026-01-24T19:14:13.7228164Z Included Software: https://github.com/actions/runner-images/blob/win25/20260119.4/images/windows/Windows2025-Readme.md
2026-01-24T19:14:13.7230786Z Image Release: https://github.com/actions/runner-images/releases/tag/win25%2F20260119.4
2026-01-24T19:14:13.7232776Z ##[endgroup]
2026-01-24T19:14:13.7234620Z ##[group]GITHUB_TOKEN Permissions
2026-01-24T19:14:13.7237317Z Contents: read
2026-01-24T19:14:13.7238042Z Metadata: read
2026-01-24T19:14:13.7238888Z Packages: read
2026-01-24T19:14:13.7239593Z ##[endgroup]
2026-01-24T19:14:13.7242223Z Secret source: Actions
2026-01-24T19:14:13.7243359Z Prepare workflow directory
2026-01-24T19:14:13.7634149Z Prepare all required actions
2026-01-24T19:14:13.7675265Z Getting action download info
2026-01-24T19:14:14.1106343Z Download action repository 'actions/checkout@v4' (SHA:34e114876b0b11c390a56381ad16ebd13914f8d5)
2026-01-24T19:14:14.3117632Z Download action repository 'actions/setup-node@v4' (SHA:49933ea5288caeca8642d1e84afbd3f7d6820020)
2026-01-24T19:14:14.5428765Z Download action repository 'actions/setup-python@v5' (SHA:a26af69be951a213d495a4c3e4e4022e16d87065)
2026-01-24T19:14:14.7693703Z Download action repository 'actions/upload-artifact@v4' (SHA:ea165f8d65b6e75b540449e92b4886f43607fa02)
2026-01-24T19:14:15.2684173Z Complete job name: Build Fortuna Monolith
2026-01-24T19:14:15.5539142Z ##[group]Run actions/checkout@v4
2026-01-24T19:14:15.5540399Z with:
2026-01-24T19:14:15.5541126Z   repository: masonj0/fortuna
2026-01-24T19:14:15.5542357Z   token: ***
2026-01-24T19:14:15.5543577Z   ssh-strict: true
2026-01-24T19:14:15.5544333Z   ssh-user: git
2026-01-24T19:14:15.5545080Z   persist-credentials: true
2026-01-24T19:14:15.5545948Z   clean: true
2026-01-24T19:14:15.5546698Z   sparse-checkout-cone-mode: true
2026-01-24T19:14:15.5547629Z   fetch-depth: 1
2026-01-24T19:14:15.5548344Z   fetch-tags: false
2026-01-24T19:14:15.5549110Z   show-progress: true
2026-01-24T19:14:15.5549881Z   lfs: false
2026-01-24T19:14:15.5550563Z   submodules: false
2026-01-24T19:14:15.5551204Z   set-safe-directory: true
2026-01-24T19:14:15.5552168Z ##[endgroup]
2026-01-24T19:14:15.7350442Z Syncing repository: masonj0/fortuna
2026-01-24T19:14:15.7353308Z ##[group]Getting Git version info
2026-01-24T19:14:15.7354563Z Working directory is 'D:\a\fortuna\fortuna'
2026-01-24T19:14:15.9392999Z [command]"C:\Program Files\Git\bin\git.exe" version
2026-01-24T19:14:17.0752362Z git version 2.52.0.windows.1
2026-01-24T19:14:17.0811582Z ##[endgroup]
2026-01-24T19:14:17.0832889Z Temporarily overriding HOME='D:\a\_temp\2e6ce85e-c32a-4459-a815-90d9b151c028' before making global git config changes
2026-01-24T19:14:17.0834165Z Adding repository directory to the temporary git global config as a safe directory
2026-01-24T19:14:17.0845052Z [command]"C:\Program Files\Git\bin\git.exe" config --global --add safe.directory D:\a\fortuna\fortuna
2026-01-24T19:14:17.2140609Z Deleting the contents of 'D:\a\fortuna\fortuna'
2026-01-24T19:14:17.2147355Z ##[group]Initializing the repository
2026-01-24T19:14:17.2157541Z [command]"C:\Program Files\Git\bin\git.exe" init D:\a\fortuna\fortuna
2026-01-24T19:14:17.5723269Z Initialized empty Git repository in D:/a/fortuna/fortuna/.git/
2026-01-24T19:14:17.5786904Z [command]"C:\Program Files\Git\bin\git.exe" remote add origin https://github.com/masonj0/fortuna
2026-01-24T19:14:17.6938821Z ##[endgroup]
2026-01-24T19:14:17.6939264Z ##[group]Disabling automatic garbage collection
2026-01-24T19:14:17.6950423Z [command]"C:\Program Files\Git\bin\git.exe" config --local gc.auto 0
2026-01-24T19:14:17.7264326Z ##[endgroup]
2026-01-24T19:14:17.7264690Z ##[group]Setting up auth
2026-01-24T19:14:17.7278709Z [command]"C:\Program Files\Git\bin\git.exe" config --local --name-only --get-regexp core\.sshCommand
2026-01-24T19:14:17.7586990Z [command]"C:\Program Files\Git\bin\git.exe" submodule foreach --recursive "sh -c \"git config --local --name-only --get-regexp 'core\.sshCommand' && git config --local --unset-all 'core.sshCommand' || :\""
2026-01-24T19:14:21.3940386Z [command]"C:\Program Files\Git\bin\git.exe" config --local --name-only --get-regexp http\.https\:\/\/github\.com\/\.extraheader
2026-01-24T19:14:21.4262064Z [command]"C:\Program Files\Git\bin\git.exe" submodule foreach --recursive "sh -c \"git config --local --name-only --get-regexp 'http\.https\:\/\/github\.com\/\.extraheader' && git config --local --unset-all 'http.https://github.com/.extraheader' || :\""
2026-01-24T19:14:21.9524412Z [command]"C:\Program Files\Git\bin\git.exe" config --local --name-only --get-regexp ^includeIf\.gitdir:
2026-01-24T19:14:21.9833690Z [command]"C:\Program Files\Git\bin\git.exe" submodule foreach --recursive "git config --local --show-origin --name-only --get-regexp remote.origin.url"
2026-01-24T19:14:22.5155135Z [command]"C:\Program Files\Git\bin\git.exe" config --local http.https://github.com/.extraheader "AUTHORIZATION: basic ***"
2026-01-24T19:14:22.5478397Z ##[endgroup]
2026-01-24T19:14:22.5492355Z ##[group]Fetching the repository
2026-01-24T19:14:22.5493942Z [command]"C:\Program Files\Git\bin\git.exe" -c protocol.version=2 fetch --no-tags --prune --no-recurse-submodules --depth=1 origin +fcc0e4864d7e030a665bc7a8926777c41b962b1e:refs/remotes/origin/main
2026-01-24T19:14:24.8098168Z From https://github.com/masonj0/fortuna
2026-01-24T19:14:24.8101996Z  * [new ref]         fcc0e4864d7e030a665bc7a8926777c41b962b1e -> origin/main
2026-01-24T19:14:24.8563356Z ##[endgroup]
2026-01-24T19:14:24.8564601Z ##[group]Determining the checkout info
2026-01-24T19:14:24.8567125Z ##[endgroup]
2026-01-24T19:14:24.8579039Z [command]"C:\Program Files\Git\bin\git.exe" sparse-checkout disable
2026-01-24T19:14:24.9217788Z [command]"C:\Program Files\Git\bin\git.exe" config --local --unset-all extensions.worktreeConfig
2026-01-24T19:14:24.9532365Z ##[group]Checking out the ref
2026-01-24T19:14:24.9542347Z [command]"C:\Program Files\Git\bin\git.exe" checkout --progress --force -B main refs/remotes/origin/main
2026-01-24T19:14:25.2233973Z branch 'main' set up to track 'origin/main'.
2026-01-24T19:14:25.2242407Z Switched to a new branch 'main'
2026-01-24T19:14:25.2287670Z ##[endgroup]
2026-01-24T19:14:25.2908648Z [command]"C:\Program Files\Git\bin\git.exe" log -1 --format=%H
2026-01-24T19:14:25.3191860Z fcc0e4864d7e030a665bc7a8926777c41b962b1e
2026-01-24T19:14:25.3748399Z ##[group]Run actions/setup-node@v4
2026-01-24T19:14:25.3748710Z with:
2026-01-24T19:14:25.3748877Z   node-version: 20
2026-01-24T19:14:25.3749071Z   always-auth: false
2026-01-24T19:14:25.3749256Z   check-latest: false
2026-01-24T19:14:25.3749566Z   token: ***
2026-01-24T19:14:25.3749733Z ##[endgroup]
2026-01-24T19:14:25.6914125Z Found in cache @ C:\hostedtoolcache\windows\node\20.20.0\x64
2026-01-24T19:14:25.6927063Z ##[group]Environment details
2026-01-24T19:14:38.8431606Z node: v20.20.0
2026-01-24T19:14:38.8431915Z npm: 10.8.2
2026-01-24T19:14:38.8432131Z yarn: 1.22.22
2026-01-24T19:14:38.8434812Z ##[endgroup]
2026-01-24T19:14:38.8697592Z ##[group]Run Remove-Item -Path "public" -Recurse -Force -ErrorAction SilentlyContinue
2026-01-24T19:14:38.8698316Z [36;1mRemove-Item -Path "public" -Recurse -Force -ErrorAction SilentlyContinue[0m
2026-01-24T19:14:38.8699552Z [36;1mRemove-Item -Path ".next" -Recurse -Force -ErrorAction SilentlyContinue[0m
2026-01-24T19:14:38.8699923Z [36;1mWrite-Host "✅ Cleaned"[0m
2026-01-24T19:14:39.0392200Z shell: C:\Program Files\PowerShell\7\pwsh.EXE -command ". '{0}'"
2026-01-24T19:14:39.0392579Z ##[endgroup]
2026-01-24T19:14:56.6381908Z ✅ Cleaned
2026-01-24T19:14:57.4256888Z ##[group]Run Write-Host "Checking package.json..."
2026-01-24T19:14:57.4257322Z [36;1mWrite-Host "Checking package.json..."[0m
2026-01-24T19:14:57.4257611Z [36;1mif (Test-Path "package.json") {[0m
2026-01-24T19:14:57.4257912Z [36;1m  $pkg = Get-Content package.json | ConvertFrom-Json[0m
2026-01-24T19:14:57.4258617Z [36;1m  Write-Host "  name: $($pkg.name)"[0m
2026-01-24T19:14:57.4258987Z [36;1m  Write-Host "  build: $($pkg.scripts.build)"[0m
2026-01-24T19:14:57.4259252Z [36;1m} else {[0m
2026-01-24T19:14:57.4259445Z [36;1m  Write-Error "package.json not found!"[0m
2026-01-24T19:14:57.4259708Z [36;1m  exit 1[0m
2026-01-24T19:14:57.4259856Z [36;1m}[0m
2026-01-24T19:14:57.4326376Z shell: C:\Program Files\PowerShell\7\pwsh.EXE -command ". '{0}'"
2026-01-24T19:14:57.4326697Z ##[endgroup]
2026-01-24T19:14:57.8494073Z Checking package.json...
2026-01-24T19:14:58.0571060Z   name: frontend
2026-01-24T19:14:58.0588714Z   build: next build
2026-01-24T19:14:58.1265071Z ##[group]Run Write-Host "=== BUILDING FRONTEND ===" -ForegroundColor Cyan
2026-01-24T19:14:58.1265984Z [36;1mWrite-Host "=== BUILDING FRONTEND ===" -ForegroundColor Cyan[0m
2026-01-24T19:14:58.1266546Z [36;1m[0m
2026-01-24T19:14:58.1266825Z [36;1m# Create/verify next.config.js[0m
2026-01-24T19:14:58.1267222Z [36;1m$configLines = @([0m
2026-01-24T19:14:58.1267627Z [36;1m  "/** @type {import('next').NextConfig} */",[0m
2026-01-24T19:14:58.1268076Z [36;1m  "const nextConfig = {",[0m
2026-01-24T19:14:58.1268457Z [36;1m  "  output: 'export',",[0m
2026-01-24T19:14:58.1268833Z [36;1m  "  distDir: 'build',",[0m
2026-01-24T19:14:58.1269230Z [36;1m  "  images: { unoptimized: true },",[0m
2026-01-24T19:14:58.1269662Z [36;1m  "  trailingSlash: true,",[0m
2026-01-24T19:14:58.1270017Z [36;1m  "}",[0m
2026-01-24T19:14:58.1270310Z [36;1m  "module.exports = nextConfig"[0m
2026-01-24T19:14:58.1270681Z [36;1m)[0m
2026-01-24T19:14:58.1271192Z [36;1m$configContent = $configLines -join [System.Environment]::NewLine[0m
2026-01-24T19:14:58.1272022Z [36;1mSet-Content -Path "next.config.js" -Value $configContent -Encoding UTF8[0m
2026-01-24T19:14:58.1272845Z [36;1mWrite-Host "✅ next.config.js set for 'build' directory output"[0m
2026-01-24T19:14:58.1273401Z [36;1m[0m
2026-01-24T19:14:58.1273731Z [36;1mWrite-Host "Installing dependencies..."[0m
2026-01-24T19:14:58.1274203Z [36;1mnpm install --legacy-peer-deps[0m
2026-01-24T19:14:58.1274631Z [36;1mif ($LASTEXITCODE -ne 0) {[0m
2026-01-24T19:14:58.1275045Z [36;1m  Write-Error "npm install failed"[0m
2026-01-24T19:14:58.1275456Z [36;1m  exit 1[0m
2026-01-24T19:14:58.1275716Z [36;1m}[0m
2026-01-24T19:14:58.1275936Z [36;1m[0m
2026-01-24T19:14:58.1276191Z [36;1mWrite-Host "Building..."[0m
2026-01-24T19:14:58.1276545Z [36;1mnpm run build[0m
2026-01-24T19:14:58.1277255Z [36;1mif ($LASTEXITCODE -ne 0) {[0m
2026-01-24T19:14:58.1277669Z [36;1m  Write-Error "npm run build failed"[0m
2026-01-24T19:14:58.1278083Z [36;1m  exit 1[0m
2026-01-24T19:14:58.1278331Z [36;1m}[0m
2026-01-24T19:14:58.1278692Z [36;1m[0m
2026-01-24T19:14:58.1279080Z [36;1mWrite-Host "Moving build artifacts to 'public'..."[0m
2026-01-24T19:14:58.1279773Z [36;1mNew-Item -ItemType Directory -Force -Path "public" | Out-Null[0m
2026-01-24T19:14:58.1280195Z [36;1mMove-Item -Path "build/*" -Destination "public" -Force[0m
2026-01-24T19:14:58.1280500Z [36;1mif ($LASTEXITCODE -ne 0) {[0m
2026-01-24T19:14:58.1280767Z [36;1m  Write-Error "Failed to move build artifacts"[0m
2026-01-24T19:14:58.1281041Z [36;1m  exit 1[0m
2026-01-24T19:14:58.1281445Z [36;1m}[0m
2026-01-24T19:14:58.1281617Z [36;1mWrite-Host "✅ Artifacts moved."[0m
2026-01-24T19:14:58.1281830Z [36;1m[0m
2026-01-24T19:14:58.1281978Z [36;1m# Verify output[0m
2026-01-24T19:14:58.1282180Z [36;1mWrite-Host "`nVerifying output..."[0m
2026-01-24T19:14:58.1282434Z [36;1mif (-not (Test-Path "public")) {[0m
2026-01-24T19:14:58.1282775Z [36;1m  Write-Host "❌ 'public' directory not found!" -ForegroundColor Red[0m
2026-01-24T19:14:58.1283156Z [36;1m  Write-Host "Contents of current dir:"[0m
2026-01-24T19:14:58.1283438Z [36;1m  Get-ChildItem | Format-Table Name[0m
2026-01-24T19:14:58.1283665Z [36;1m  exit 1[0m
2026-01-24T19:14:58.1283820Z [36;1m}[0m
2026-01-24T19:14:58.1283947Z [36;1m[0m
2026-01-24T19:14:58.1284136Z [36;1mif (-not (Test-Path "public/index.html")) {[0m
2026-01-24T19:14:58.1284492Z [36;1m  Write-Host "❌ public/index.html not found!" -ForegroundColor Red[0m
2026-01-24T19:14:58.1284850Z [36;1m  Write-Host "Contents of 'public':"[0m
2026-01-24T19:14:58.1285191Z [36;1m  Get-ChildItem -Path "public" -Recurse | Format-Table Name[0m
2026-01-24T19:14:58.1285495Z [36;1m  exit 1[0m
2026-01-24T19:14:58.1285642Z [36;1m}[0m
2026-01-24T19:14:58.1285770Z [36;1m[0m
2026-01-24T19:14:58.1286005Z [36;1m$count = (Get-ChildItem -Path "public" -Recurse -File).Count[0m
2026-01-24T19:14:58.1287986Z [36;1mWrite-Host "✅ Frontend built: $count files" -ForegroundColor Green[0m
2026-01-24T19:14:58.1355235Z shell: C:\Program Files\PowerShell\7\pwsh.EXE -command ". '{0}'"
2026-01-24T19:14:58.1355553Z ##[endgroup]
2026-01-24T19:14:58.4566596Z === BUILDING FRONTEND ===
2026-01-24T19:14:58.4994820Z ✅ next.config.js set for 'build' directory output
2026-01-24T19:14:58.5000516Z Installing dependencies...
2026-01-24T19:15:08.2281549Z npm warn deprecated rimraf@2.7.1: Rimraf versions prior to v4 are no longer supported
2026-01-24T19:15:08.4331473Z npm warn deprecated inflight@1.0.6: This module is not supported, and leaks memory. Do not use it. Check out lru-cache if you want a good and tested way to coalesce async requests by a key value, which is much more comprehensive and powerful.
2026-01-24T19:15:08.4803393Z npm warn deprecated rollup-plugin-terser@7.0.2: This package has been deprecated and is no longer maintained. Please use @rollup/plugin-terser
2026-01-24T19:15:09.8874203Z npm warn deprecated sourcemap-codec@1.4.8: Please use @jridgewell/sourcemap-codec instead
2026-01-24T19:15:09.9172237Z npm warn deprecated glob@7.2.3: Glob versions prior to v9 are no longer supported
2026-01-24T19:15:10.9075387Z npm warn deprecated workbox-google-analytics@6.6.0: It is not compatible with newer versions of GA starting with v4, as long as you are using GAv3 it should be ok, but the package is not longer being maintained
2026-01-24T19:15:10.9495030Z npm warn deprecated workbox-cacheable-response@6.6.0: workbox-background-sync@6.6.0
2026-01-24T19:15:11.0783208Z npm warn deprecated source-map@0.8.0-beta.0: The work that was done in this beta branch won't be included in future versions
2026-01-24T19:15:24.1707606Z
2026-01-24T19:15:24.1708702Z added 516 packages, and audited 517 packages in 25s
2026-01-24T19:15:24.1709208Z
2026-01-24T19:15:24.1709481Z 126 packages are looking for funding
2026-01-24T19:15:24.1709919Z   run `npm fund` for details
2026-01-24T19:15:24.2166137Z
2026-01-24T19:15:24.2166802Z 2 vulnerabilities (1 moderate, 1 high)
2026-01-24T19:15:24.2167115Z
2026-01-24T19:15:24.2167274Z To address all issues, run:
2026-01-24T19:15:24.2167647Z   npm audit fix
2026-01-24T19:15:24.2167820Z
2026-01-24T19:15:24.2167976Z Run `npm audit` for details.
2026-01-24T19:15:24.2564685Z Building...
2026-01-24T19:15:24.6021409Z
2026-01-24T19:15:24.6021830Z > frontend@0.1.0 build
2026-01-24T19:15:24.6022328Z > next build
2026-01-24T19:15:24.6022483Z
2026-01-24T19:15:25.3433885Z ⚠ No build cache found. Please configure build caching for faster rebuilds. Read more: https://nextjs.org/docs/messages/no-cache
2026-01-24T19:15:25.3496071Z Attention: Next.js now collects completely anonymous telemetry regarding usage.
2026-01-24T19:15:25.3497140Z This information is used to shape Next.js' roadmap and prioritize features.
2026-01-24T19:15:25.3498084Z You can learn more, including how to opt-out if you'd not like to participate in this anonymous program, by visiting the following URL:
2026-01-24T19:15:25.3498744Z https://nextjs.org/telemetry
2026-01-24T19:15:25.3498922Z
2026-01-24T19:15:25.4226392Z   ▲ Next.js 14.2.33
2026-01-24T19:15:25.4226758Z
2026-01-24T19:15:25.4385773Z    Creating an optimized production build ...
2026-01-24T19:15:27.6931334Z [baseline-browser-mapping] The data in this module is over two months old.  To ensure accurate Baseline data, please update: `npm i baseline-browser-mapping@latest -D`
2026-01-24T19:15:34.8945292Z [baseline-browser-mapping] The data in this module is over two months old.  To ensure accurate Baseline data, please update: `npm i baseline-browser-mapping@latest -D`
2026-01-24T19:15:40.5900134Z  ✓ Compiled successfully
2026-01-24T19:15:40.5910542Z    Linting and checking validity of types ...
2026-01-24T19:15:43.9189643Z    Collecting page data ...
2026-01-24T19:15:44.9531055Z    Generating static pages (0/4) ...
2026-01-24T19:15:45.2836148Z    Generating static pages (1/4)
2026-01-24T19:15:45.2925950Z    Generating static pages (2/4)
2026-01-24T19:15:45.4935543Z    Generating static pages (3/4)
2026-01-24T19:15:45.5357131Z  ✓ Generating static pages (4/4)
2026-01-24T19:15:46.0071001Z    Finalizing page optimization ...
2026-01-24T19:15:46.0071505Z    Collecting build traces ...
2026-01-24T19:15:52.1844240Z
2026-01-24T19:15:52.1872164Z Route (app)                              Size     First Load JS
2026-01-24T19:15:52.1873465Z ┌ ○ /                                    2.38 kB        89.9 kB
2026-01-24T19:15:52.1875096Z └ ○ /_not-found                          873 B          88.3 kB
2026-01-24T19:15:52.1875810Z + First Load JS shared by all            87.5 kB
2026-01-24T19:15:52.1876400Z   ├ chunks/117-9919d209b14e6e55.js       31.8 kB
2026-01-24T19:15:52.1876835Z   ├ chunks/fd9d1056-13294f02aa6fd7af.js  53.6 kB
2026-01-24T19:15:52.1877257Z   └ other shared chunks (total)          1.99 kB
2026-01-24T19:15:52.1877472Z
2026-01-24T19:15:52.1877498Z
2026-01-24T19:15:52.1878881Z ○  (Static)  prerendered as static content
2026-01-24T19:15:52.1879253Z
2026-01-24T19:15:52.2236081Z Moving build artifacts to 'public'...
2026-01-24T19:15:52.3255871Z ✅ Artifacts moved.
2026-01-24T19:15:52.3262000Z
2026-01-24T19:15:52.3262196Z Verifying output...
2026-01-24T19:15:52.3450674Z ✅ Frontend built: 29 files
2026-01-24T19:15:52.4237140Z ##[group]Run actions/setup-python@v5
2026-01-24T19:15:52.4237533Z with:
2026-01-24T19:15:52.4237734Z   python-version: 3.11
2026-01-24T19:15:52.4237980Z   cache: pip
2026-01-24T19:15:52.4238262Z   cache-dependency-path: web_service/backend/requirements.txt
2026-01-24T19:15:52.4238578Z   check-latest: false
2026-01-24T19:15:52.4238933Z   token: ***
2026-01-24T19:15:52.4239121Z   update-environment: true
2026-01-24T19:15:52.4239334Z   allow-prereleases: false
2026-01-24T19:15:52.4239517Z   freethreaded: false
2026-01-24T19:15:52.4239694Z ##[endgroup]
2026-01-24T19:15:52.6645212Z ##[group]Installed versions
2026-01-24T19:15:52.7145981Z Successfully set up CPython (3.11.9)
2026-01-24T19:15:52.7146941Z ##[endgroup]
2026-01-24T19:16:00.3053156Z Cache hit for: setup-python-Windows-x64-python-3.11.9-pip-a5e2b5d202bde008519871e523b2a002190628dccdb984c3924ce474ecd21e51
2026-01-24T19:16:01.4616883Z Received 121634816 of 353360943 (34.4%), 115.8 MBs/sec
2026-01-24T19:16:02.4585436Z Received 268435456 of 353360943 (76.0%), 127.7 MBs/sec
2026-01-24T19:16:03.2695477Z Received 353360943 of 353360943 (100.0%), 119.7 MBs/sec
2026-01-24T19:16:03.2701389Z Cache Size: ~337 MB (353360943 B)
2026-01-24T19:16:03.2932577Z [command]"C:\Program Files\Git\usr\bin\tar.exe" -xf D:/a/_temp/02a3ddd9-fa9e-4492-aa72-a380549557ec/cache.tzst -P -C D:/a/fortuna/fortuna --force-local --use-compress-program "zstd -d"
2026-01-24T19:16:12.3151720Z Cache restored successfully
2026-01-24T19:16:12.3376171Z Cache restored from key: setup-python-Windows-x64-python-3.11.9-pip-b8bfcaaf65ff2e902644632b392e33393375ea188c4ce8b8d96e3683c170e055
2026-01-24T19:16:12.3677719Z ##[group]Run python -m pip install --upgrade pip wheel
2026-01-24T19:16:12.3678331Z [36;1mpython -m pip install --upgrade pip wheel[0m
2026-01-24T19:16:12.3678656Z [36;1mpip install pyinstaller==6.6.0[0m
2026-01-24T19:16:12.3679035Z [36;1mpip install pywin32 # CRITICAL: Provides the 'win32timezone' hidden import[0m
2026-01-24T19:16:12.3679508Z [36;1mpip install -r web_service/backend/requirements.txt[0m
2026-01-24T19:16:12.3751349Z shell: C:\Program Files\PowerShell\7\pwsh.EXE -command ". '{0}'"
2026-01-24T19:16:12.3751957Z env:
2026-01-24T19:16:12.3752232Z   pythonLocation: C:\hostedtoolcache\windows\Python\3.11.9\x64
2026-01-24T19:16:12.3752773Z   PKG_CONFIG_PATH: C:\hostedtoolcache\windows\Python\3.11.9\x64/lib/pkgconfig
2026-01-24T19:16:12.3753366Z   Python_ROOT_DIR: C:\hostedtoolcache\windows\Python\3.11.9\x64
2026-01-24T19:16:12.3753766Z   Python2_ROOT_DIR: C:\hostedtoolcache\windows\Python\3.11.9\x64
2026-01-24T19:16:12.3754180Z   Python3_ROOT_DIR: C:\hostedtoolcache\windows\Python\3.11.9\x64
2026-01-24T19:16:12.3754470Z ##[endgroup]
2026-01-24T19:16:16.1154151Z Requirement already satisfied: pip in c:\hostedtoolcache\windows\python\3.11.9\x64\lib\site-packages (25.3)
2026-01-24T19:16:16.7432894Z Collecting wheel
2026-01-24T19:16:17.0405845Z   Downloading wheel-0.46.3-py3-none-any.whl.metadata (2.4 kB)
2026-01-24T19:16:17.1929273Z Collecting packaging>=24.0 (from wheel)
2026-01-24T19:16:17.2194544Z   Downloading packaging-26.0-py3-none-any.whl.metadata (3.3 kB)
2026-01-24T19:16:17.2602562Z Downloading wheel-0.46.3-py3-none-any.whl (30 kB)
2026-01-24T19:16:17.3495985Z Downloading packaging-26.0-py3-none-any.whl (74 kB)
2026-01-24T19:16:17.5088580Z Installing collected packages: packaging, wheel
2026-01-24T19:16:17.6897668Z
2026-01-24T19:16:17.6910320Z Successfully installed packaging-26.0 wheel-0.46.3
2026-01-24T19:16:19.8367866Z Collecting pyinstaller==6.6.0
2026-01-24T19:16:19.8394792Z   Using cached pyinstaller-6.6.0-py3-none-win_amd64.whl.metadata (8.3 kB)
2026-01-24T19:16:19.8452173Z Requirement already satisfied: setuptools>=42.0.0 in c:\hostedtoolcache\windows\python\3.11.9\x64\lib\site-packages (from pyinstaller==6.6.0) (65.5.0)
2026-01-24T19:16:20.7836765Z Collecting altgraph (from pyinstaller==6.6.0)
2026-01-24T19:16:20.7862427Z   Using cached altgraph-0.17.5-py2.py3-none-any.whl.metadata (7.5 kB)
2026-01-24T19:16:20.8580802Z Collecting pyinstaller-hooks-contrib>=2024.3 (from pyinstaller==6.6.0)
2026-01-24T19:16:21.1635786Z   Downloading pyinstaller_hooks_contrib-2026.0-py3-none-any.whl.metadata (16 kB)
2026-01-24T19:16:21.2072161Z Requirement already satisfied: packaging>=22.0 in c:\hostedtoolcache\windows\python\3.11.9\x64\lib\site-packages (from pyinstaller==6.6.0) (26.0)
2026-01-24T19:16:21.2352996Z Collecting pefile>=2022.5.30 (from pyinstaller==6.6.0)
2026-01-24T19:16:21.2834414Z   Using cached pefile-2024.8.26-py3-none-any.whl.metadata (1.4 kB)
2026-01-24T19:16:21.3275376Z Collecting pywin32-ctypes>=0.2.1 (from pyinstaller==6.6.0)
2026-01-24T19:16:21.3304562Z   Using cached pywin32_ctypes-0.2.3-py3-none-any.whl.metadata (3.9 kB)
2026-01-24T19:16:21.3429758Z Using cached pyinstaller-6.6.0-py3-none-win_amd64.whl (1.3 MB)
2026-01-24T19:16:21.3460435Z Using cached pefile-2024.8.26-py3-none-any.whl (74 kB)
2026-01-24T19:16:21.3729146Z Downloading pyinstaller_hooks_contrib-2026.0-py3-none-any.whl (452 kB)
2026-01-24T19:16:21.5074196Z Using cached pywin32_ctypes-0.2.3-py3-none-any.whl (30 kB)
2026-01-24T19:16:21.5095010Z Using cached altgraph-0.17.5-py2.py3-none-any.whl (21 kB)
2026-01-24T19:16:21.5598652Z Installing collected packages: altgraph, pywin32-ctypes, pyinstaller-hooks-contrib, pefile, pyinstaller
2026-01-24T19:16:25.6138734Z
2026-01-24T19:16:25.6154656Z Successfully installed altgraph-0.17.5 pefile-2024.8.26 pyinstaller-6.6.0 pyinstaller-hooks-contrib-2026.0 pywin32-ctypes-0.2.3
2026-01-24T19:16:27.1346645Z Collecting pywin32
2026-01-24T19:16:27.3986317Z   Downloading pywin32-311-cp311-cp311-win_amd64.whl.metadata (10 kB)
2026-01-24T19:16:27.4336541Z Downloading pywin32-311-cp311-cp311-win_amd64.whl (9.5 MB)
2026-01-24T19:16:27.9495366Z    ---------------------------------------- 9.5/9.5 MB 21.9 MB/s  0:00:00
2026-01-24T19:16:27.9992121Z Installing collected packages: pywin32
2026-01-24T19:16:30.1348637Z Successfully installed pywin32-311
2026-01-24T19:16:31.7013885Z Collecting fastapi==0.104.1 (from -r web_service/backend/requirements.txt (line 11))
2026-01-24T19:16:31.9708007Z   Downloading fastapi-0.104.1-py3-none-any.whl.metadata (24 kB)
2026-01-24T19:16:32.0729621Z Collecting uvicorn==0.24.0 (from uvicorn[standard]==0.24.0->-r web_service/backend/requirements.txt (line 12))
2026-01-24T19:16:32.0890564Z   Downloading uvicorn-0.24.0-py3-none-any.whl.metadata (6.4 kB)
2026-01-24T19:16:32.2069334Z Collecting starlette==0.27.0 (from -r web_service/backend/requirements.txt (line 13))
2026-01-24T19:16:32.2222472Z   Downloading starlette-0.27.0-py3-none-any.whl.metadata (5.8 kB)
2026-01-24T19:16:32.3724491Z Collecting pydantic==2.5.0 (from -r web_service/backend/requirements.txt (line 14))
2026-01-24T19:16:32.3886498Z   Downloading pydantic-2.5.0-py3-none-any.whl.metadata (174 kB)
2026-01-24T19:16:33.1117586Z Collecting pydantic-core==2.14.1 (from -r web_service/backend/requirements.txt (line 15))
2026-01-24T19:16:33.1285941Z   Downloading pydantic_core-2.14.1-cp311-none-win_amd64.whl.metadata (6.6 kB)
2026-01-24T19:16:33.1858960Z Collecting pydantic-settings==2.1.0 (from -r web_service/backend/requirements.txt (line 16))
2026-01-24T19:16:33.2028666Z   Downloading pydantic_settings-2.1.0-py3-none-any.whl.metadata (2.9 kB)
2026-01-24T19:16:33.2516013Z Collecting anyio==3.7.1 (from -r web_service/backend/requirements.txt (line 19))
2026-01-24T19:16:33.2540042Z   Using cached anyio-3.7.1-py3-none-any.whl.metadata (4.7 kB)
2026-01-24T19:16:33.2883582Z Collecting h11==0.14.0 (from -r web_service/backend/requirements.txt (line 20))
2026-01-24T19:16:33.2908400Z   Using cached h11-0.14.0-py3-none-any.whl.metadata (8.2 kB)
2026-01-24T19:16:33.3221023Z Collecting h2==4.1.0 (from -r web_service/backend/requirements.txt (line 21))
2026-01-24T19:16:33.3272396Z   Using cached h2-4.1.0-py3-none-any.whl.metadata (3.6 kB)
2026-01-24T19:16:33.3629328Z Collecting hpack==4.0.0 (from -r web_service/backend/requirements.txt (line 22))
2026-01-24T19:16:33.3653729Z   Using cached hpack-4.0.0-py3-none-any.whl.metadata (2.5 kB)
2026-01-24T19:16:33.4181757Z Collecting httpcore==1.0.2 (from -r web_service/backend/requirements.txt (line 23))
2026-01-24T19:16:33.4368298Z   Downloading httpcore-1.0.2-py3-none-any.whl.metadata (20 kB)
2026-01-24T19:16:33.4979375Z Collecting httptools==0.6.1 (from -r web_service/backend/requirements.txt (line 24))
2026-01-24T19:16:33.5139487Z   Downloading httptools-0.6.1-cp311-cp311-win_amd64.whl.metadata (3.7 kB)
2026-01-24T19:16:33.5615870Z Collecting httpx==0.25.2 (from -r web_service/backend/requirements.txt (line 25))
2026-01-24T19:16:33.5770550Z   Downloading httpx-0.25.2-py3-none-any.whl.metadata (6.9 kB)
2026-01-24T19:16:33.6217905Z Collecting hyperframe==6.1.0 (from -r web_service/backend/requirements.txt (line 26))
2026-01-24T19:16:33.6242914Z   Using cached hyperframe-6.1.0-py3-none-any.whl.metadata (4.3 kB)
2026-01-24T19:16:33.7578403Z Collecting websockets==12.0 (from -r web_service/backend/requirements.txt (line 27))
2026-01-24T19:16:33.7745521Z   Downloading websockets-12.0-cp311-cp311-win_amd64.whl.metadata (6.8 kB)
2026-01-24T19:16:33.8228030Z Collecting wsproto==1.2.0 (from -r web_service/backend/requirements.txt (line 28))
2026-01-24T19:16:33.8377370Z   Downloading wsproto-1.2.0-py3-none-any.whl.metadata (5.6 kB)
2026-01-24T19:16:33.8914087Z Collecting requests==2.31.0 (from -r web_service/backend/requirements.txt (line 31))
2026-01-24T19:16:33.9061603Z   Downloading requests-2.31.0-py3-none-any.whl.metadata (4.6 kB)
2026-01-24T19:16:33.9640525Z Collecting urllib3==2.1.0 (from -r web_service/backend/requirements.txt (line 32))
2026-01-24T19:16:33.9814085Z   Downloading urllib3-2.1.0-py3-none-any.whl.metadata (6.4 kB)
2026-01-24T19:16:34.0300649Z Collecting certifi==2023.7.22 (from -r web_service/backend/requirements.txt (line 33))
2026-01-24T19:16:34.0505573Z   Downloading certifi-2023.7.22-py3-none-any.whl.metadata (2.2 kB)
2026-01-24T19:16:34.1969487Z Collecting charset-normalizer==3.3.2 (from -r web_service/backend/requirements.txt (line 34))
2026-01-24T19:16:34.1995282Z   Using cached charset_normalizer-3.3.2-cp311-cp311-win_amd64.whl.metadata (34 kB)
2026-01-24T19:16:34.2305240Z Collecting idna==3.6 (from -r web_service/backend/requirements.txt (line 35))
2026-01-24T19:16:34.2463506Z   Downloading idna-3.6-py3-none-any.whl.metadata (9.9 kB)
2026-01-24T19:16:34.5913421Z Collecting sqlalchemy==2.0.23 (from -r web_service/backend/requirements.txt (line 38))
2026-01-24T19:16:34.6093806Z   Downloading SQLAlchemy-2.0.23-cp311-cp311-win_amd64.whl.metadata (9.8 kB)
2026-01-24T19:16:34.7753045Z Collecting greenlet>=3.1.1 (from -r web_service/backend/requirements.txt (line 39))
2026-01-24T19:16:34.7996058Z   Downloading greenlet-3.3.1-cp311-cp311-win_amd64.whl.metadata (3.8 kB)
2026-01-24T19:16:34.8384429Z Collecting aiosqlite==0.19.0 (from -r web_service/backend/requirements.txt (line 40))
2026-01-24T19:16:34.8550687Z   Downloading aiosqlite-0.19.0-py3-none-any.whl.metadata (4.3 kB)
2026-01-24T19:16:34.9442959Z Collecting psycopg2-binary==2.9.9 (from -r web_service/backend/requirements.txt (line 41))
2026-01-24T19:16:34.9468964Z   Using cached psycopg2_binary-2.9.9-cp311-cp311-win_amd64.whl.metadata (4.6 kB)
2026-01-24T19:16:35.1986290Z Collecting numpy==1.24.3 (from -r web_service/backend/requirements.txt (line 44))
2026-01-24T19:16:35.2146726Z   Downloading numpy-1.24.3-cp311-cp311-win_amd64.whl.metadata (5.6 kB)
2026-01-24T19:16:35.3869134Z Collecting pandas==2.0.3 (from -r web_service/backend/requirements.txt (line 45))
2026-01-24T19:16:35.4037281Z   Downloading pandas-2.0.3-cp311-cp311-win_amd64.whl.metadata (18 kB)
2026-01-24T19:16:35.4598543Z Collecting python-dateutil==2.8.2 (from -r web_service/backend/requirements.txt (line 46))
2026-01-24T19:16:35.4751868Z   Downloading python_dateutil-2.8.2-py2.py3-none-any.whl.metadata (8.2 kB)
2026-01-24T19:16:35.5359238Z Collecting pytz==2023.3.post1 (from -r web_service/backend/requirements.txt (line 47))
2026-01-24T19:16:35.5509787Z   Downloading pytz-2023.3.post1-py2.py3-none-any.whl.metadata (22 kB)
2026-01-24T19:16:35.6126593Z Collecting tzdata==2023.3 (from -r web_service/backend/requirements.txt (line 48))
2026-01-24T19:16:35.6316124Z   Downloading tzdata-2023.3-py2.py3-none-any.whl.metadata (1.4 kB)
2026-01-24T19:16:35.6777893Z Collecting six==1.16.0 (from -r web_service/backend/requirements.txt (line 49))
2026-01-24T19:16:35.6802578Z   Using cached six-1.16.0-py2.py3-none-any.whl.metadata (1.8 kB)
2026-01-24T19:16:35.7117541Z Collecting beautifulsoup4==4.12.2 (from -r web_service/backend/requirements.txt (line 52))
2026-01-24T19:16:35.7271680Z   Downloading beautifulsoup4-4.12.2-py3-none-any.whl.metadata (3.6 kB)
2026-01-24T19:16:35.7737175Z Collecting soupsieve==2.5 (from -r web_service/backend/requirements.txt (line 53))
2026-01-24T19:16:35.7760915Z   Using cached soupsieve-2.5-py3-none-any.whl.metadata (4.7 kB)
2026-01-24T19:16:35.9386710Z Collecting selectolax==0.3.20 (from -r web_service/backend/requirements.txt (line 54))
2026-01-24T19:16:35.9552199Z   Downloading selectolax-0.3.20-cp311-cp311-win_amd64.whl.metadata (5.7 kB)
2026-01-24T19:16:36.0016950Z Collecting click>=8.3.0 (from -r web_service/backend/requirements.txt (line 57))
2026-01-24T19:16:36.0167015Z   Downloading click-8.3.1-py3-none-any.whl.metadata (2.6 kB)
2026-01-24T19:16:36.0611906Z Collecting python-dotenv==1.0.0 (from -r web_service/backend/requirements.txt (line 58))
2026-01-24T19:16:36.0800355Z   Downloading python_dotenv-1.0.0-py3-none-any.whl.metadata (21 kB)
2026-01-24T19:16:36.1542145Z Collecting pyyaml==6.0.1 (from -r web_service/backend/requirements.txt (line 59))
2026-01-24T19:16:36.1720339Z   Downloading PyYAML-6.0.1-cp311-cp311-win_amd64.whl.metadata (2.1 kB)
2026-01-24T19:16:36.4393235Z Collecting cryptography==41.0.7 (from -r web_service/backend/requirements.txt (line 62))
2026-01-24T19:16:36.4558849Z   Downloading cryptography-41.0.7-cp37-abi3-win_amd64.whl.metadata (5.3 kB)
2026-01-24T19:16:36.5932839Z Collecting cffi==1.16.0 (from -r web_service/backend/requirements.txt (line 63))
2026-01-24T19:16:36.5959304Z   Using cached cffi-1.16.0-cp311-cp311-win_amd64.whl.metadata (1.5 kB)
2026-01-24T19:16:36.6309805Z Collecting pycparser==2.21 (from -r web_service/backend/requirements.txt (line 64))
2026-01-24T19:16:36.6519427Z   Downloading pycparser-2.21-py2.py3-none-any.whl.metadata (1.1 kB)
2026-01-24T19:16:36.6900369Z Collecting secretstorage==3.5.0 (from -r web_service/backend/requirements.txt (line 65))
2026-01-24T19:16:36.7068511Z   Downloading secretstorage-3.5.0-py3-none-any.whl.metadata (4.0 kB)
2026-01-24T19:16:36.7702461Z Collecting keyring==24.3.0 (from -r web_service/backend/requirements.txt (line 66))
2026-01-24T19:16:36.7903757Z   Downloading keyring-24.3.0-py3-none-any.whl.metadata (20 kB)
2026-01-24T19:16:36.8675411Z Collecting jeepney==0.9.0 (from -r web_service/backend/requirements.txt (line 67))
2026-01-24T19:16:36.8699387Z   Using cached jeepney-0.9.0-py3-none-any.whl.metadata (1.2 kB)
2026-01-24T19:16:36.9125460Z Collecting redis==5.0.1 (from -r web_service/backend/requirements.txt (line 70))
2026-01-24T19:16:36.9309657Z   Downloading redis-5.0.1-py3-none-any.whl.metadata (8.9 kB)
2026-01-24T19:16:36.9815133Z Collecting limits==3.7.0 (from -r web_service/backend/requirements.txt (line 71))
2026-01-24T19:16:36.9986334Z   Downloading limits-3.7.0-py3-none-any.whl.metadata (7.3 kB)
2026-01-24T19:16:37.0480564Z Collecting slowapi==0.1.9 (from -r web_service/backend/requirements.txt (line 72))
2026-01-24T19:16:37.0504947Z   Using cached slowapi-0.1.9-py3-none-any.whl.metadata (3.0 kB)
2026-01-24T19:16:37.0845949Z Collecting tenacity==8.2.3 (from -r web_service/backend/requirements.txt (line 73))
2026-01-24T19:16:37.0877664Z   Using cached tenacity-8.2.3-py3-none-any.whl.metadata (1.0 kB)
2026-01-24T19:16:37.1253413Z Collecting pywebview==5.4 (from -r web_service/backend/requirements.txt (line 76))
2026-01-24T19:16:37.1416512Z   Downloading pywebview-5.4-py3-none-any.whl.metadata (4.5 kB)
2026-01-24T19:16:37.1937594Z Collecting bottle==0.13.4 (from -r web_service/backend/requirements.txt (line 77))
2026-01-24T19:16:37.2097125Z   Downloading bottle-0.13.4-py2.py3-none-any.whl.metadata (1.6 kB)
2026-01-24T19:16:37.2507906Z Collecting proxy-tools==0.1.0 (from -r web_service/backend/requirements.txt (line 78))
2026-01-24T19:16:37.2681345Z   Downloading proxy_tools-0.1.0.tar.gz (3.0 kB)
2026-01-24T19:16:37.3171854Z   Installing build dependencies: started
2026-01-24T19:16:40.0425926Z   Installing build dependencies: finished with status 'done'
2026-01-24T19:16:40.0441675Z   Getting requirements to build wheel: started
2026-01-24T19:16:40.6241659Z   Getting requirements to build wheel: finished with status 'done'
2026-01-24T19:16:40.6271903Z   Preparing metadata (pyproject.toml): started
2026-01-24T19:16:41.2260856Z   Preparing metadata (pyproject.toml): finished with status 'done'
2026-01-24T19:16:41.3237596Z Collecting psutil==5.9.6 (from -r web_service/backend/requirements.txt (line 82))
2026-01-24T19:16:41.3403608Z   Downloading psutil-5.9.6-cp37-abi3-win_amd64.whl.metadata (22 kB)
2026-01-24T19:16:41.3886287Z Collecting structlog==23.2.0 (from -r web_service/backend/requirements.txt (line 85))
2026-01-24T19:16:41.4041742Z   Downloading structlog-23.2.0-py3-none-any.whl.metadata (7.6 kB)
2026-01-24T19:16:41.4928472Z Collecting black==23.12.0 (from -r web_service/backend/requirements.txt (line 88))
2026-01-24T19:16:41.5198321Z   Downloading black-23.12.0-cp311-cp311-win_amd64.whl.metadata (68 kB)
2026-01-24T19:16:41.6245101Z Collecting pyinstaller==6.1.0 (from -r web_service/backend/requirements.txt (line 89))
2026-01-24T19:16:41.6425005Z   Downloading pyinstaller-6.1.0-py3-none-win_amd64.whl.metadata (8.2 kB)
2026-01-24T19:16:41.6932747Z Collecting pyinstaller-hooks-contrib==2023.11 (from -r web_service/backend/requirements.txt (line 90))
2026-01-24T19:16:41.7096734Z   Downloading pyinstaller_hooks_contrib-2023.11-py2.py3-none-any.whl.metadata (15 kB)
2026-01-24T19:16:41.7541202Z Collecting altgraph==0.17.3 (from -r web_service/backend/requirements.txt (line 91))
2026-01-24T19:16:41.7703859Z   Downloading altgraph-0.17.3-py2.py3-none-any.whl.metadata (7.4 kB)
2026-01-24T19:16:41.8290352Z Collecting wheel==0.41.2 (from -r web_service/backend/requirements.txt (line 92))
2026-01-24T19:16:41.8453933Z   Downloading wheel-0.41.2-py3-none-any.whl.metadata (2.2 kB)
2026-01-24T19:16:41.8894562Z Collecting build==1.0.3 (from -r web_service/backend/requirements.txt (line 93))
2026-01-24T19:16:41.9054706Z   Downloading build-1.0.3-py3-none-any.whl.metadata (4.2 kB)
2026-01-24T19:16:41.9671445Z Collecting pip-tools==7.3.0 (from -r web_service/backend/requirements.txt (line 94))
2026-01-24T19:16:41.9841854Z   Downloading pip_tools-7.3.0-py3-none-any.whl.metadata (23 kB)
2026-01-24T19:16:42.0462709Z Collecting pytest==7.4.3 (from -r web_service/backend/requirements.txt (line 97))
2026-01-24T19:16:42.0640106Z   Downloading pytest-7.4.3-py3-none-any.whl.metadata (7.9 kB)
2026-01-24T19:16:42.1125100Z Collecting pytest-asyncio==0.21.1 (from -r web_service/backend/requirements.txt (line 98))
2026-01-24T19:16:42.1385815Z   Downloading pytest_asyncio-0.21.1-py3-none-any.whl.metadata (4.0 kB)
2026-01-24T19:16:42.1782931Z Collecting iniconfig==2.0.0 (from -r web_service/backend/requirements.txt (line 99))
2026-01-24T19:16:42.1809170Z   Using cached iniconfig-2.0.0-py3-none-any.whl.metadata (2.6 kB)
2026-01-24T19:16:42.2108410Z Collecting pluggy==1.3.0 (from -r web_service/backend/requirements.txt (line 100))
2026-01-24T19:16:42.2275100Z   Downloading pluggy-1.3.0-py3-none-any.whl.metadata (4.3 kB)
2026-01-24T19:16:42.2769509Z Collecting packaging==23.2 (from -r web_service/backend/requirements.txt (line 101))
2026-01-24T19:16:42.2953091Z   Downloading packaging-23.2-py3-none-any.whl.metadata (3.2 kB)
2026-01-24T19:16:42.3495001Z Collecting typing-extensions==4.8.0 (from -r web_service/backend/requirements.txt (line 104))
2026-01-24T19:16:42.3650553Z   Downloading typing_extensions-4.8.0-py3-none-any.whl.metadata (3.0 kB)
2026-01-24T19:16:42.4085208Z Collecting typing-inspect==0.9.0 (from -r web_service/backend/requirements.txt (line 105))
2026-01-24T19:16:42.4235211Z   Downloading typing_inspect-0.9.0-py3-none-any.whl.metadata (1.5 kB)
2026-01-24T19:16:42.4611891Z Collecting annotated-types==0.6.0 (from -r web_service/backend/requirements.txt (line 106))
2026-01-24T19:16:42.4765871Z   Downloading annotated_types-0.6.0-py3-none-any.whl.metadata (12 kB)
2026-01-24T19:16:42.5136728Z Collecting mypy-extensions==1.0.0 (from -r web_service/backend/requirements.txt (line 109))
2026-01-24T19:16:42.5161083Z   Using cached mypy_extensions-1.0.0-py3-none-any.whl.metadata (1.1 kB)
2026-01-24T19:16:42.5516559Z Collecting pathspec==0.11.2 (from -r web_service/backend/requirements.txt (line 110))
2026-01-24T19:16:42.5673625Z   Downloading pathspec-0.11.2-py3-none-any.whl.metadata (19 kB)
2026-01-24T19:16:42.6161419Z Collecting platformdirs==4.0.0 (from -r web_service/backend/requirements.txt (line 111))
2026-01-24T19:16:42.6333714Z   Downloading platformdirs-4.0.0-py3-none-any.whl.metadata (11 kB)
2026-01-24T19:16:42.6977182Z Collecting more-itertools==10.1.0 (from -r web_service/backend/requirements.txt (line 112))
2026-01-24T19:16:42.7173432Z   Downloading more_itertools-10.1.0-py3-none-any.whl.metadata (33 kB)
2026-01-24T19:16:42.7729148Z Collecting jaraco.classes==3.3.1 (from -r web_service/backend/requirements.txt (line 113))
2026-01-24T19:16:42.7899478Z   Downloading jaraco.classes-3.3.1-py3-none-any.whl.metadata (2.7 kB)
2026-01-24T19:16:42.8391425Z Collecting jaraco.context==5.3.0 (from -r web_service/backend/requirements.txt (line 114))
2026-01-24T19:16:42.8579233Z   Downloading jaraco.context-5.3.0-py3-none-any.whl.metadata (4.0 kB)
2026-01-24T19:16:42.9027477Z Collecting jaraco.functools==4.0.0 (from -r web_service/backend/requirements.txt (line 115))
2026-01-24T19:16:42.9203229Z   Downloading jaraco.functools-4.0.0-py3-none-any.whl.metadata (3.1 kB)
2026-01-24T19:16:42.9634156Z Collecting deprecated==1.2.14 (from -r web_service/backend/requirements.txt (line 116))
2026-01-24T19:16:42.9662667Z   Using cached Deprecated-1.2.14-py2.py3-none-any.whl.metadata (5.4 kB)
2026-01-24T19:16:42.9936283Z Collecting sniffio==1.3.0 (from -r web_service/backend/requirements.txt (line 117))
2026-01-24T19:16:43.0091100Z   Downloading sniffio-1.3.0-py3-none-any.whl.metadata (3.6 kB)
2026-01-24T19:16:43.2650652Z Collecting wrapt==1.16.0 (from -r web_service/backend/requirements.txt (line 118))
2026-01-24T19:16:43.2818775Z   Downloading wrapt-1.16.0-cp311-cp311-win_amd64.whl.metadata (6.8 kB)
2026-01-24T19:16:43.3942323Z Collecting watchfiles==0.20.0 (from -r web_service/backend/requirements.txt (line 119))
2026-01-24T19:16:43.4124791Z   Downloading watchfiles-0.20.0-cp37-abi3-win_amd64.whl.metadata (5.0 kB)
2026-01-24T19:16:43.4642103Z Collecting pygments==2.17.2 (from -r web_service/backend/requirements.txt (line 120))
2026-01-24T19:16:43.4790067Z   Downloading pygments-2.17.2-py3-none-any.whl.metadata (2.6 kB)
2026-01-24T19:16:43.5348025Z Collecting scrapling>=0.3.7 (from scrapling[fetchers]>=0.3.7->-r web_service/backend/requirements.txt (line 128))
2026-01-24T19:16:43.5516857Z   Downloading scrapling-0.3.14-py3-none-any.whl.metadata (23 kB)
2026-01-24T19:16:43.8692632Z Collecting importlib-metadata>=4.11.4 (from keyring==24.3.0->-r web_service/backend/requirements.txt (line 66))
2026-01-24T19:16:43.8719036Z   Using cached importlib_metadata-8.7.1-py3-none-any.whl.metadata (4.7 kB)
2026-01-24T19:16:43.8780578Z Requirement already satisfied: pywin32-ctypes>=0.2.0 in c:\hostedtoolcache\windows\python\3.11.9\x64\lib\site-packages (from keyring==24.3.0->-r web_service/backend/requirements.txt (line 66)) (0.2.3)
2026-01-24T19:16:43.9298025Z Collecting importlib-resources>=1.3 (from limits==3.7.0->-r web_service/backend/requirements.txt (line 71))
2026-01-24T19:16:43.9451243Z   Downloading importlib_resources-6.5.2-py3-none-any.whl.metadata (3.9 kB)
2026-01-24T19:16:44.0198523Z Collecting pythonnet (from pywebview==5.4->-r web_service/backend/requirements.txt (line 76))
2026-01-24T19:16:44.0382922Z   Downloading pythonnet-3.0.5-py3-none-any.whl.metadata (6.6 kB)
2026-01-24T19:16:44.0805737Z Requirement already satisfied: setuptools>=42.0.0 in c:\hostedtoolcache\windows\python\3.11.9\x64\lib\site-packages (from pyinstaller==6.1.0->-r web_service/backend/requirements.txt (line 89)) (65.5.0)
2026-01-24T19:16:44.0885253Z Requirement already satisfied: pefile>=2022.5.30 in c:\hostedtoolcache\windows\python\3.11.9\x64\lib\site-packages (from pyinstaller==6.1.0->-r web_service/backend/requirements.txt (line 89)) (2024.8.26)
2026-01-24T19:16:44.1298481Z Collecting pyproject_hooks (from build==1.0.3->-r web_service/backend/requirements.txt (line 93))
2026-01-24T19:16:44.1322463Z   Using cached pyproject_hooks-1.2.0-py3-none-any.whl.metadata (1.3 kB)
2026-01-24T19:16:44.1677914Z Collecting colorama (from build==1.0.3->-r web_service/backend/requirements.txt (line 93))
2026-01-24T19:16:44.1700980Z   Using cached colorama-0.4.6-py2.py3-none-any.whl.metadata (17 kB)
2026-01-24T19:16:44.1772811Z Requirement already satisfied: pip>=22.2 in c:\hostedtoolcache\windows\python\3.11.9\x64\lib\site-packages (from pip-tools==7.3.0->-r web_service/backend/requirements.txt (line 94)) (25.3)
2026-01-24T19:16:44.2721807Z Collecting backports.tarfile (from jaraco.context==5.3.0->-r web_service/backend/requirements.txt (line 114))
2026-01-24T19:16:44.2745143Z   Using cached backports.tarfile-1.2.0-py3-none-any.whl.metadata (2.0 kB)
2026-01-24T19:16:44.5311311Z Collecting lxml>=6.0.2 (from scrapling>=0.3.7->scrapling[fetchers]>=0.3.7->-r web_service/backend/requirements.txt (line 128))
2026-01-24T19:16:44.5488658Z   Downloading lxml-6.0.2-cp311-cp311-win_amd64.whl.metadata (3.7 kB)
2026-01-24T19:16:44.5978318Z Collecting cssselect>=1.3.0 (from scrapling>=0.3.7->scrapling[fetchers]>=0.3.7->-r web_service/backend/requirements.txt (line 128))
2026-01-24T19:16:44.6133863Z   Downloading cssselect-1.3.0-py3-none-any.whl.metadata (2.6 kB)
2026-01-24T19:16:45.7361518Z Collecting orjson>=3.11.5 (from scrapling>=0.3.7->scrapling[fetchers]>=0.3.7->-r web_service/backend/requirements.txt (line 128))
2026-01-24T19:16:45.7387807Z   Using cached orjson-3.11.5-cp311-cp311-win_amd64.whl.metadata (42 kB)
2026-01-24T19:16:45.7800420Z Collecting tldextract>=5.3.1 (from scrapling>=0.3.7->scrapling[fetchers]>=0.3.7->-r web_service/backend/requirements.txt (line 128))
2026-01-24T19:16:45.7954800Z   Downloading tldextract-5.3.1-py3-none-any.whl.metadata (7.3 kB)
2026-01-24T19:16:45.8631405Z Collecting zipp>=3.20 (from importlib-metadata>=4.11.4->keyring==24.3.0->-r web_service/backend/requirements.txt (line 66))
2026-01-24T19:16:45.8654871Z   Using cached zipp-3.23.0-py3-none-any.whl.metadata (3.6 kB)
2026-01-24T19:16:45.9610109Z Collecting curl_cffi>=0.14.0 (from scrapling[fetchers]>=0.3.7->-r web_service/backend/requirements.txt (line 128))
2026-01-24T19:16:45.9776143Z   Downloading curl_cffi-0.14.0-cp39-abi3-win_amd64.whl.metadata (15 kB)
2026-01-24T19:16:46.0671958Z Collecting playwright==1.56.0 (from scrapling[fetchers]>=0.3.7->-r web_service/backend/requirements.txt (line 128))
2026-01-24T19:16:46.0843843Z   Downloading playwright-1.56.0-py3-none-win_amd64.whl.metadata (3.5 kB)
2026-01-24T19:16:46.1491049Z Collecting patchright==1.56.0 (from scrapling[fetchers]>=0.3.7->-r web_service/backend/requirements.txt (line 128))
2026-01-24T19:16:46.1670320Z   Downloading patchright-1.56.0-py3-none-win_amd64.whl.metadata (12 kB)
2026-01-24T19:16:46.2124333Z Collecting browserforge>=1.2.3 (from scrapling[fetchers]>=0.3.7->-r web_service/backend/requirements.txt (line 128))
2026-01-24T19:16:46.2286247Z   Downloading browserforge-1.2.3-py3-none-any.whl.metadata (28 kB)
2026-01-24T19:16:46.3192326Z Collecting msgspec>=0.20.0 (from scrapling[fetchers]>=0.3.7->-r web_service/backend/requirements.txt (line 128))
2026-01-24T19:16:46.3358194Z   Downloading msgspec-0.20.0-cp311-cp311-win_amd64.whl.metadata (5.6 kB)
2026-01-24T19:16:46.3916945Z Collecting pyee<14,>=13 (from patchright==1.56.0->scrapling[fetchers]>=0.3.7->-r web_service/backend/requirements.txt (line 128))
2026-01-24T19:16:46.4082788Z   Downloading pyee-13.0.0-py3-none-any.whl.metadata (2.9 kB)
2026-01-24T19:16:46.4489127Z INFO: pip is looking at multiple versions of curl-cffi to determine which version is compatible with other requirements. This could take a while.
2026-01-24T19:16:46.4515664Z Collecting scrapling[fetchers]>=0.3.7 (from -r web_service/backend/requirements.txt (line 128))
2026-01-24T19:16:46.4684911Z   Downloading scrapling-0.3.13-py3-none-any.whl.metadata (23 kB)
2026-01-24T19:16:46.5120182Z   Downloading scrapling-0.3.12-py3-none-any.whl.metadata (23 kB)
2026-01-24T19:16:46.5646112Z Collecting camoufox>=0.4.11 (from scrapling[fetchers]>=0.3.7->-r web_service/backend/requirements.txt (line 128))
2026-01-24T19:16:46.5833253Z   Downloading camoufox-0.4.11-py3-none-any.whl.metadata (3.3 kB)
2026-01-24T19:16:46.6358476Z Collecting geoip2>=5.2.0 (from scrapling[fetchers]>=0.3.7->-r web_service/backend/requirements.txt (line 128))
2026-01-24T19:16:46.6561753Z   Downloading geoip2-5.2.0-py3-none-any.whl.metadata (19 kB)
2026-01-24T19:16:46.6787681Z Collecting scrapling[fetchers]>=0.3.7 (from -r web_service/backend/requirements.txt (line 128))
2026-01-24T19:16:46.6958414Z   Downloading scrapling-0.3.11-py3-none-any.whl.metadata (23 kB)
2026-01-24T19:16:46.7279302Z Collecting playwright>=1.56.0 (from scrapling[fetchers]>=0.3.7->-r web_service/backend/requirements.txt (line 128))
2026-01-24T19:16:46.7462146Z   Downloading playwright-1.57.0-py3-none-win_amd64.whl.metadata (3.5 kB)
2026-01-24T19:16:46.7658371Z Collecting patchright>=1.56.0 (from scrapling[fetchers]>=0.3.7->-r web_service/backend/requirements.txt (line 128))
2026-01-24T19:16:46.7827906Z   Downloading patchright-1.57.2-py3-none-win_amd64.whl.metadata (13 kB)
2026-01-24T19:16:46.8244537Z Collecting curl_cffi>=0.13.0 (from scrapling[fetchers]>=0.3.7->-r web_service/backend/requirements.txt (line 128))
2026-01-24T19:16:46.8457332Z   Downloading curl_cffi-0.13.0-cp39-abi3-win_amd64.whl.metadata (13 kB)
2026-01-24T19:16:46.8715144Z Collecting scrapling[fetchers]>=0.3.7 (from -r web_service/backend/requirements.txt (line 128))
2026-01-24T19:16:46.8887840Z   Downloading scrapling-0.3.10-py3-none-any.whl.metadata (23 kB)
2026-01-24T19:16:46.9349275Z   Downloading scrapling-0.3.9-py3-none-any.whl.metadata (23 kB)
2026-01-24T19:16:46.9627588Z INFO: pip is still looking at multiple versions of curl-cffi to determine which version is compatible with other requirements. This could take a while.
2026-01-24T19:16:46.9901311Z   Downloading scrapling-0.3.8-py3-none-any.whl.metadata (22 kB)
2026-01-24T19:16:47.0353367Z   Downloading scrapling-0.3.7-py3-none-any.whl.metadata (22 kB)
2026-01-24T19:16:47.0654313Z INFO: This is taking longer than usual. You might need to provide the dependency resolver with stricter constraints to reduce runtime. See https://pip.pypa.io/warnings/backtracking for guidance. If you want to abort this run, press Ctrl + C.
2026-01-24T19:16:47.1583249Z Collecting pywin32-ctypes>=0.2.0 (from keyring==24.3.0->-r web_service/backend/requirements.txt (line 66))
2026-01-24T19:16:47.1607163Z   Using cached pywin32_ctypes-0.2.3-py3-none-any.whl.metadata (3.9 kB)
2026-01-24T19:16:47.2398213Z   Downloading pywin32_ctypes-0.2.2-py3-none-any.whl.metadata (3.8 kB)
2026-01-24T19:16:47.3336435Z   Downloading pywin32_ctypes-0.2.1-py3-none-any.whl.metadata (3.7 kB)
2026-01-24T19:16:47.4450779Z Collecting pip>=22.2 (from pip-tools==7.3.0->-r web_service/backend/requirements.txt (line 94))
2026-01-24T19:16:47.4474969Z   Using cached pip-25.3-py3-none-any.whl.metadata (4.7 kB)
2026-01-24T19:16:47.6931890Z   Downloading pip-25.2-py3-none-any.whl.metadata (4.7 kB)
2026-01-24T19:16:47.9626021Z   Downloading pip-25.1.1-py3-none-any.whl.metadata (3.6 kB)
2026-01-24T19:16:48.2287960Z   Downloading pip-25.1-py3-none-any.whl.metadata (3.6 kB)
2026-01-24T19:16:48.5021475Z   Downloading pip-25.0.1-py3-none-any.whl.metadata (3.7 kB)
2026-01-24T19:16:48.7650219Z   Downloading pip-25.0-py3-none-any.whl.metadata (3.7 kB)
2026-01-24T19:16:49.0308967Z   Downloading pip-24.3.1-py3-none-any.whl.metadata (3.7 kB)
2026-01-24T19:16:49.2978929Z   Downloading pip-24.3-py3-none-any.whl.metadata (3.7 kB)
2026-01-24T19:16:49.5715186Z   Downloading pip-24.2-py3-none-any.whl.metadata (3.6 kB)
2026-01-24T19:16:49.8350133Z   Downloading pip-24.1.2-py3-none-any.whl.metadata (3.6 kB)
2026-01-24T19:16:50.1014465Z   Downloading pip-24.1.1-py3-none-any.whl.metadata (3.6 kB)
2026-01-24T19:16:50.3647880Z   Downloading pip-24.1-py3-none-any.whl.metadata (3.6 kB)
2026-01-24T19:16:50.6350756Z   Downloading pip-24.0-py3-none-any.whl.metadata (3.6 kB)
2026-01-24T19:16:50.9081056Z   Downloading pip-23.3.2-py3-none-any.whl.metadata (3.5 kB)
2026-01-24T19:16:51.2000410Z   Downloading pip-23.3.1-py3-none-any.whl.metadata (3.5 kB)
2026-01-24T19:16:51.4650073Z   Downloading pip-23.3-py3-none-any.whl.metadata (3.5 kB)
2026-01-24T19:16:51.7302633Z   Downloading pip-23.2.1-py3-none-any.whl.metadata (4.2 kB)
2026-01-24T19:16:52.0002450Z   Downloading pip-23.2-py3-none-any.whl.metadata (4.2 kB)
2026-01-24T19:16:52.2701841Z   Downloading pip-23.1.2-py3-none-any.whl.metadata (4.1 kB)
2026-01-24T19:16:52.5471886Z   Downloading pip-23.1.1-py3-none-any.whl.metadata (4.1 kB)
2026-01-24T19:16:52.8198637Z   Downloading pip-23.1-py3-none-any.whl.metadata (4.1 kB)
2026-01-24T19:16:53.0807580Z   Downloading pip-23.0.1-py3-none-any.whl.metadata (4.1 kB)
2026-01-24T19:16:53.3487364Z   Downloading pip-23.0-py3-none-any.whl.metadata (4.1 kB)
2026-01-24T19:16:53.6167590Z   Downloading pip-22.3.1-py3-none-any.whl.metadata (4.1 kB)
2026-01-24T19:16:53.8852260Z   Downloading pip-22.3-py3-none-any.whl.metadata (4.1 kB)
2026-01-24T19:16:54.1511765Z   Downloading pip-22.2.2-py3-none-any.whl.metadata (4.2 kB)
2026-01-24T19:16:54.4235989Z   Downloading pip-22.2.1-py3-none-any.whl.metadata (4.2 kB)
2026-01-24T19:16:54.7003665Z   Downloading pip-22.2-py3-none-any.whl.metadata (4.1 kB)
2026-01-24T19:16:54.9802154Z Collecting pefile>=2022.5.30 (from pyinstaller==6.1.0->-r web_service/backend/requirements.txt (line 89))
2026-01-24T19:16:54.9824998Z   Using cached pefile-2024.8.26-py3-none-any.whl.metadata (1.4 kB)
2026-01-24T19:17:01.7493338Z   Downloading pefile-2023.2.7-py3-none-any.whl.metadata (1.4 kB)
2026-01-24T19:17:08.5120295Z   Downloading pefile-2022.5.30.tar.gz (72 kB)
2026-01-24T19:17:08.5740691Z   Installing build dependencies: started
2026-01-24T19:17:10.8078523Z   Installing build dependencies: finished with status 'done'
2026-01-24T19:17:10.8094179Z   Getting requirements to build wheel: started
2026-01-24T19:17:11.5471564Z   Getting requirements to build wheel: finished with status 'done'
2026-01-24T19:17:11.5501670Z   Preparing metadata (pyproject.toml): started
2026-01-24T19:17:11.9085763Z   Preparing metadata (pyproject.toml): finished with status 'done'
2026-01-24T19:17:12.0002030Z Collecting future (from pefile>=2022.5.30->pyinstaller==6.1.0->-r web_service/backend/requirements.txt (line 89))
2026-01-24T19:17:12.0158861Z   Downloading future-1.0.0-py3-none-any.whl.metadata (4.0 kB)
2026-01-24T19:17:18.8026795Z Collecting importlib-resources>=1.3 (from limits==3.7.0->-r web_service/backend/requirements.txt (line 71))
2026-01-24T19:17:18.8198075Z   Downloading importlib_resources-6.5.1-py3-none-any.whl.metadata (3.9 kB)
2026-01-24T19:17:46.0849410Z   Downloading importlib_resources-6.5.0-py3-none-any.whl.metadata (3.9 kB)
2026-01-24T19:18:13.5636765Z   Downloading importlib_resources-6.4.5-py3-none-any.whl.metadata (4.0 kB)
2026-01-24T19:18:41.9884313Z   Downloading importlib_resources-6.4.4-py3-none-any.whl.metadata (4.0 kB)
2026-01-24T19:19:10.9372459Z   Downloading importlib_resources-6.4.3-py3-none-any.whl.metadata (3.9 kB)
2026-01-24T19:19:38.7576757Z   Downloading importlib_resources-6.4.2-py3-none-any.whl.metadata (3.9 kB)
2026-01-24T19:20:06.8552243Z   Downloading importlib_resources-6.4.1-py3-none-any.whl.metadata (3.9 kB)
2026-01-24T19:20:35.5849405Z   Downloading importlib_resources-6.4.0-py3-none-any.whl.metadata (3.9 kB)
2026-01-24T19:21:03.9360973Z   Downloading importlib_resources-6.3.2-py3-none-any.whl.metadata (3.9 kB)
2026-01-24T19:21:32.8252520Z   Downloading importlib_resources-6.3.1-py3-none-any.whl.metadata (3.9 kB)
2026-01-24T19:22:01.8794869Z   Downloading importlib_resources-6.3.0-py3-none-any.whl.metadata (3.9 kB)
2026-01-24T19:22:32.0464620Z   Downloading importlib_resources-6.2.0-py3-none-any.whl.metadata (3.9 kB)
2026-01-24T19:23:06.2867636Z   Downloading importlib_resources-6.1.3-py3-none-any.whl.metadata (3.9 kB)
2026-01-24T19:23:36.7166198Z   Downloading importlib_resources-6.1.2-py3-none-any.whl.metadata (3.9 kB)
2026-01-24T19:24:06.3124993Z   Downloading importlib_resources-6.1.1-py3-none-any.whl.metadata (4.1 kB)
2026-01-24T19:24:36.0353352Z   Downloading importlib_resources-6.1.0-py3-none-any.whl.metadata (4.1 kB)
2026-01-24T19:25:05.7622599Z   Downloading importlib_resources-6.0.1-py3-none-any.whl.metadata (4.0 kB)
2026-01-24T19:25:35.9087872Z   Downloading importlib_resources-6.0.0-py3-none-any.whl.metadata (4.2 kB)
2026-01-24T19:26:06.0757563Z   Downloading importlib_resources-5.13.0-py3-none-any.whl.metadata (4.2 kB)
2026-01-24T19:26:36.4797786Z   Downloading importlib_resources-5.12.0-py3-none-any.whl.metadata (4.1 kB)
2026-01-24T19:27:06.9859692Z   Downloading importlib_resources-5.11.1-py3-none-any.whl.metadata (4.1 kB)
2026-01-24T19:27:37.9464471Z   Downloading importlib_resources-5.11.0-py3-none-any.whl.metadata (4.1 kB)
2026-01-24T19:28:08.6123469Z   Downloading importlib_resources-5.10.4-py3-none-any.whl.metadata (4.1 kB)
2026-01-24T19:28:39.9463833Z   Downloading importlib_resources-5.10.3-py3-none-any.whl.metadata (4.1 kB)
2026-01-24T19:29:09.4197457Z error: resolution-too-deep
2026-01-24T19:29:09.4197824Z
2026-01-24T19:29:09.4198160Z Dependency resolution exceeded maximum depth
2026-01-24T19:29:09.4198522Z
2026-01-24T19:29:09.4199615Z Pip cannot resolve the current dependencies as the dependency graph is too complex for pip to solve efficiently.
2026-01-24T19:29:09.4200371Z
2026-01-24T19:29:09.4201220Z hint: Try adding lower bounds to constrain your dependencies, for example: 'package>=2.0.0' instead of just 'package'.
2026-01-24T19:29:09.4202002Z
2026-01-24T19:29:09.4202683Z Link: https://pip.pypa.io/en/stable/topics/dependency-resolution/#handling-resolution-too-deep-errors
2026-01-24T19:29:10.8923114Z ##[error]Process completed with exit code 1.
2026-01-24T19:29:10.9170445Z ##[group]Run actions/upload-artifact@v4
2026-01-24T19:29:10.9170899Z with:
2026-01-24T19:29:10.9171107Z   name: build-log-110
2026-01-24T19:29:10.9171356Z   path: build.log
2026-01-24T19:29:10.9171604Z   if-no-files-found: ignore
2026-01-24T19:29:10.9171879Z   compression-level: 6
2026-01-24T19:29:10.9172103Z   overwrite: false
2026-01-24T19:29:10.9172347Z   include-hidden-files: false
2026-01-24T19:29:10.9172610Z env:
2026-01-24T19:29:10.9172879Z   pythonLocation: C:\hostedtoolcache\windows\Python\3.11.9\x64
2026-01-24T19:29:10.9173361Z   PKG_CONFIG_PATH: C:\hostedtoolcache\windows\Python\3.11.9\x64/lib/pkgconfig
2026-01-24T19:29:10.9173839Z   Python_ROOT_DIR: C:\hostedtoolcache\windows\Python\3.11.9\x64
2026-01-24T19:29:10.9174253Z   Python2_ROOT_DIR: C:\hostedtoolcache\windows\Python\3.11.9\x64
2026-01-24T19:29:10.9174689Z   Python3_ROOT_DIR: C:\hostedtoolcache\windows\Python\3.11.9\x64
2026-01-24T19:29:10.9175047Z ##[endgroup]
2026-01-24T19:29:11.2002845Z No files were found with the provided path: build.log. No artifacts will be uploaded.
2026-01-24T19:29:11.2288522Z Post job cleanup.
2026-01-24T19:29:11.4945532Z [command]"C:\Program Files\Git\bin\git.exe" version
2026-01-24T19:29:11.5232226Z git version 2.52.0.windows.1
2026-01-24T19:29:11.5310705Z Temporarily overriding HOME='D:\a\_temp\2687fc83-1533-4a40-96ef-efa7df3ac1a5' before making global git config changes
2026-01-24T19:29:11.5311550Z Adding repository directory to the temporary git global config as a safe directory
2026-01-24T19:29:11.5322484Z [command]"C:\Program Files\Git\bin\git.exe" config --global --add safe.directory D:\a\fortuna\fortuna
2026-01-24T19:29:11.5640871Z [command]"C:\Program Files\Git\bin\git.exe" config --local --name-only --get-regexp core\.sshCommand
2026-01-24T19:29:11.5943571Z [command]"C:\Program Files\Git\bin\git.exe" submodule foreach --recursive "sh -c \"git config --local --name-only --get-regexp 'core\.sshCommand' && git config --local --unset-all 'core.sshCommand' || :\""
2026-01-24T19:29:12.1403908Z [command]"C:\Program Files\Git\bin\git.exe" config --local --name-only --get-regexp http\.https\:\/\/github\.com\/\.extraheader
2026-01-24T19:29:12.1658474Z http.https://github.com/.extraheader
2026-01-24T19:29:12.1699167Z [command]"C:\Program Files\Git\bin\git.exe" config --local --unset-all http.https://github.com/.extraheader
2026-01-24T19:29:12.2055258Z [command]"C:\Program Files\Git\bin\git.exe" submodule foreach --recursive "sh -c \"git config --local --name-only --get-regexp 'http\.https\:\/\/github\.com\/\.extraheader' && git config --local --unset-all 'http.https://github.com/.extraheader' || :\""
2026-01-24T19:29:12.7483745Z [command]"C:\Program Files\Git\bin\git.exe" config --local --name-only --get-regexp ^includeIf\.gitdir:
2026-01-24T19:29:12.7794124Z [command]"C:\Program Files\Git\bin\git.exe" submodule foreach --recursive "git config --local --show-origin --name-only --get-regexp remote.origin.url"
2026-01-24T19:29:13.3363384Z Cleaning up orphan processes
