2026-01-24T18:56:33.5330650Z Current runner version: '2.331.0'
2026-01-24T18:56:33.5354576Z ##[group]Runner Image Provisioner
2026-01-24T18:56:33.5355345Z Hosted Compute Agent
2026-01-24T18:56:33.5355973Z Version: 20260115.477
2026-01-24T18:56:33.5356557Z Commit: 4b342d620503cbe250a3154040964899ea7c9b00
2026-01-24T18:56:33.5357240Z Build Date: 2026-01-15T22:32:41Z
2026-01-24T18:56:33.5357924Z Worker ID: {8797018d-20e8-4d32-acec-5951e5634786}
2026-01-24T18:56:33.5358612Z Azure Region: westus
2026-01-24T18:56:33.5359501Z ##[endgroup]
2026-01-24T18:56:33.5360864Z ##[group]Operating System
2026-01-24T18:56:33.5361568Z Ubuntu
2026-01-24T18:56:33.5362001Z 24.04.3
2026-01-24T18:56:33.5362437Z LTS
2026-01-24T18:56:33.5362950Z ##[endgroup]
2026-01-24T18:56:33.5363438Z ##[group]Runner Image
2026-01-24T18:56:33.5363965Z Image: ubuntu-24.04
2026-01-24T18:56:33.5364493Z Version: 20260119.4.1
2026-01-24T18:56:33.5365612Z Included Software: https://github.com/actions/runner-images/blob/ubuntu24/20260119.4/images/ubuntu/Ubuntu2404-Readme.md
2026-01-24T18:56:33.5367117Z Image Release: https://github.com/actions/runner-images/releases/tag/ubuntu24%2F20260119.4
2026-01-24T18:56:33.5367964Z ##[endgroup]
2026-01-24T18:56:33.5369306Z ##[group]GITHUB_TOKEN Permissions
2026-01-24T18:56:33.5371139Z Actions: read
2026-01-24T18:56:33.5371692Z Contents: read
2026-01-24T18:56:33.5372221Z Metadata: read
2026-01-24T18:56:33.5372790Z SecurityEvents: write
2026-01-24T18:56:33.5373301Z ##[endgroup]
2026-01-24T18:56:33.5375580Z Secret source: Actions
2026-01-24T18:56:33.5376299Z Prepare workflow directory
2026-01-24T18:56:33.5701135Z Prepare all required actions
2026-01-24T18:56:33.5737901Z Getting action download info
2026-01-24T18:56:34.0537613Z Download action repository 'actions/checkout@v4' (SHA:34e114876b0b11c390a56381ad16ebd13914f8d5)
2026-01-24T18:56:34.1769366Z Download action repository 'actions/setup-python@v5' (SHA:a26af69be951a213d495a4c3e4e4022e16d87065)
2026-01-24T18:56:34.2561686Z Download action repository 'actions/setup-node@v4' (SHA:49933ea5288caeca8642d1e84afbd3f7d6820020)
2026-01-24T18:56:34.3469688Z Download action repository 'github/codeql-action@v4' (SHA:19b2f06db2b6f5108140aeb04014ef02b648f789)
2026-01-24T18:56:35.5626661Z Complete job name: Analyze (python)
2026-01-24T18:56:35.6433042Z ##[group]Run actions/checkout@v4
2026-01-24T18:56:35.6434245Z with:
2026-01-24T18:56:35.6434921Z   repository: masonj0/fortuna
2026-01-24T18:56:35.6436038Z   token: ***
2026-01-24T18:56:35.6436709Z   ssh-strict: true
2026-01-24T18:56:35.6437393Z   ssh-user: git
2026-01-24T18:56:35.6438120Z   persist-credentials: true
2026-01-24T18:56:35.6438919Z   clean: true
2026-01-24T18:56:35.6439859Z   sparse-checkout-cone-mode: true
2026-01-24T18:56:35.6440752Z   fetch-depth: 1
2026-01-24T18:56:35.6441433Z   fetch-tags: false
2026-01-24T18:56:35.6442141Z   show-progress: true
2026-01-24T18:56:35.6442859Z   lfs: false
2026-01-24T18:56:35.6443518Z   submodules: false
2026-01-24T18:56:35.6444241Z   set-safe-directory: true
2026-01-24T18:56:35.6445298Z ##[endgroup]
2026-01-24T18:56:35.7519501Z Syncing repository: masonj0/fortuna
2026-01-24T18:56:35.7521887Z ##[group]Getting Git version info
2026-01-24T18:56:35.7523045Z Working directory is '/home/runner/work/fortuna/fortuna'
2026-01-24T18:56:35.7524941Z [command]/usr/bin/git version
2026-01-24T18:56:35.7614248Z git version 2.52.0
2026-01-24T18:56:35.7640299Z ##[endgroup]
2026-01-24T18:56:35.7654380Z Temporarily overriding HOME='/home/runner/work/_temp/b48dc544-67a4-4cd2-aa99-79a5b97cc2c9' before making global git config changes
2026-01-24T18:56:35.7656955Z Adding repository directory to the temporary git global config as a safe directory
2026-01-24T18:56:35.7667250Z [command]/usr/bin/git config --global --add safe.directory /home/runner/work/fortuna/fortuna
2026-01-24T18:56:35.7710699Z Deleting the contents of '/home/runner/work/fortuna/fortuna'
2026-01-24T18:56:35.7714010Z ##[group]Initializing the repository
2026-01-24T18:56:35.7718150Z [command]/usr/bin/git init /home/runner/work/fortuna/fortuna
2026-01-24T18:56:35.7856649Z hint: Using 'master' as the name for the initial branch. This default branch name
2026-01-24T18:56:35.7859040Z hint: will change to "main" in Git 3.0. To configure the initial branch name
2026-01-24T18:56:35.7861180Z hint: to use in all of your new repositories, which will suppress this warning,
2026-01-24T18:56:35.7863230Z hint: call:
2026-01-24T18:56:35.7864271Z hint:
2026-01-24T18:56:35.7865940Z hint: 	git config --global init.defaultBranch <name>
2026-01-24T18:56:35.7867795Z hint:
2026-01-24T18:56:35.7869767Z hint: Names commonly chosen instead of 'master' are 'main', 'trunk' and
2026-01-24T18:56:35.7872774Z hint: 'development'. The just-created branch can be renamed via this command:
2026-01-24T18:56:35.7875148Z hint:
2026-01-24T18:56:35.7876347Z hint: 	git branch -m <name>
2026-01-24T18:56:35.7877727Z hint:
2026-01-24T18:56:35.7879794Z hint: Disable this message with "git config set advice.defaultBranchName false"
2026-01-24T18:56:35.7882766Z Initialized empty Git repository in /home/runner/work/fortuna/fortuna/.git/
2026-01-24T18:56:35.7885556Z [command]/usr/bin/git remote add origin https://github.com/masonj0/fortuna
2026-01-24T18:56:35.7919953Z ##[endgroup]
2026-01-24T18:56:35.7922192Z ##[group]Disabling automatic garbage collection
2026-01-24T18:56:35.7924283Z [command]/usr/bin/git config --local gc.auto 0
2026-01-24T18:56:35.7953346Z ##[endgroup]
2026-01-24T18:56:35.7955429Z ##[group]Setting up auth
2026-01-24T18:56:35.7960833Z [command]/usr/bin/git config --local --name-only --get-regexp core\.sshCommand
2026-01-24T18:56:35.7992796Z [command]/usr/bin/git submodule foreach --recursive sh -c "git config --local --name-only --get-regexp 'core\.sshCommand' && git config --local --unset-all 'core.sshCommand' || :"
2026-01-24T18:56:35.8413149Z [command]/usr/bin/git config --local --name-only --get-regexp http\.https\:\/\/github\.com\/\.extraheader
2026-01-24T18:56:35.8445515Z [command]/usr/bin/git submodule foreach --recursive sh -c "git config --local --name-only --get-regexp 'http\.https\:\/\/github\.com\/\.extraheader' && git config --local --unset-all 'http.https://github.com/.extraheader' || :"
2026-01-24T18:56:35.8665654Z [command]/usr/bin/git config --local --name-only --get-regexp ^includeIf\.gitdir:
2026-01-24T18:56:35.8697808Z [command]/usr/bin/git submodule foreach --recursive git config --local --show-origin --name-only --get-regexp remote.origin.url
2026-01-24T18:56:35.8928704Z [command]/usr/bin/git config --local http.https://github.com/.extraheader AUTHORIZATION: basic ***
2026-01-24T18:56:35.8962724Z ##[endgroup]
2026-01-24T18:56:35.8963931Z ##[group]Fetching the repository
2026-01-24T18:56:35.8971251Z [command]/usr/bin/git -c protocol.version=2 fetch --no-tags --prune --no-recurse-submodules --depth=1 origin +8643697976ef037b30abc7e1ebbb385f17d6b6ca:refs/remotes/origin/main
2026-01-24T18:56:36.5965589Z From https://github.com/masonj0/fortuna
2026-01-24T18:56:36.5968128Z  * [new ref]         8643697976ef037b30abc7e1ebbb385f17d6b6ca -> origin/main
2026-01-24T18:56:36.6007275Z ##[endgroup]
2026-01-24T18:56:36.6008281Z ##[group]Determining the checkout info
2026-01-24T18:56:36.6010772Z ##[endgroup]
2026-01-24T18:56:36.6015076Z [command]/usr/bin/git sparse-checkout disable
2026-01-24T18:56:36.6108538Z [command]/usr/bin/git config --local --unset-all extensions.worktreeConfig
2026-01-24T18:56:36.6136582Z ##[group]Checking out the ref
2026-01-24T18:56:36.6140330Z [command]/usr/bin/git checkout --progress --force -B main refs/remotes/origin/main
2026-01-24T18:56:36.6702483Z Switched to a new branch 'main'
2026-01-24T18:56:36.6703388Z branch 'main' set up to track 'origin/main'.
2026-01-24T18:56:36.6748167Z ##[endgroup]
2026-01-24T18:56:36.6752770Z [command]/usr/bin/git log -1 --format=%H
2026-01-24T18:56:36.6775536Z 8643697976ef037b30abc7e1ebbb385f17d6b6ca
2026-01-24T18:56:36.7082888Z ##[group]Run actions/setup-python@v5
2026-01-24T18:56:36.7083254Z with:
2026-01-24T18:56:36.7083512Z   python-version: 3.11
2026-01-24T18:56:36.7083790Z   check-latest: false
2026-01-24T18:56:36.7084209Z   token: ***
2026-01-24T18:56:36.7084722Z   update-environment: true
2026-01-24T18:56:36.7085017Z   allow-prereleases: false
2026-01-24T18:56:36.7085304Z   freethreaded: false
2026-01-24T18:56:36.7085557Z ##[endgroup]
2026-01-24T18:56:36.8795132Z ##[group]Installed versions
2026-01-24T18:56:36.8905940Z Successfully set up CPython (3.11.14)
2026-01-24T18:56:36.8906711Z ##[endgroup]
2026-01-24T18:56:36.9027415Z ##[group]Run python -m pip install uv
2026-01-24T18:56:36.9027859Z [36;1mpython -m pip install uv[0m
2026-01-24T18:56:36.9028360Z [36;1muv pip install --system -r web_service/backend/requirements-dev.txt[0m
2026-01-24T18:56:36.9085001Z shell: /usr/bin/bash -e {0}
2026-01-24T18:56:36.9085324Z env:
2026-01-24T18:56:36.9085646Z   pythonLocation: /opt/hostedtoolcache/Python/3.11.14/x64
2026-01-24T18:56:36.9086172Z   PKG_CONFIG_PATH: /opt/hostedtoolcache/Python/3.11.14/x64/lib/pkgconfig
2026-01-24T18:56:36.9086678Z   Python_ROOT_DIR: /opt/hostedtoolcache/Python/3.11.14/x64
2026-01-24T18:56:36.9087127Z   Python2_ROOT_DIR: /opt/hostedtoolcache/Python/3.11.14/x64
2026-01-24T18:56:36.9087608Z   Python3_ROOT_DIR: /opt/hostedtoolcache/Python/3.11.14/x64
2026-01-24T18:56:36.9088075Z   LD_LIBRARY_PATH: /opt/hostedtoolcache/Python/3.11.14/x64/lib
2026-01-24T18:56:36.9088459Z ##[endgroup]
2026-01-24T18:56:38.3777762Z Collecting uv
2026-01-24T18:56:38.4353485Z   Downloading uv-0.9.26-py3-none-manylinux_2_17_x86_64.manylinux2014_x86_64.whl.metadata (11 kB)
2026-01-24T18:56:38.4466621Z Downloading uv-0.9.26-py3-none-manylinux_2_17_x86_64.manylinux2014_x86_64.whl (23.3 MB)
2026-01-24T18:56:38.6242003Z    ━━━━━━━━━━━━━━━━━━━━━━━━━━━━━━━━━━━━━━━━ 23.3/23.3 MB 159.5 MB/s  0:00:00
2026-01-24T18:56:38.6578894Z Installing collected packages: uv
2026-01-24T18:56:38.9161527Z Successfully installed uv-0.9.26
2026-01-24T18:56:39.1138097Z Using Python 3.11.14 environment at: /opt/hostedtoolcache/Python/3.11.14/x64
2026-01-24T18:56:40.5170654Z   × No solution found when resolving dependencies:
2026-01-24T18:56:40.5171641Z   ╰─▶ Because only the following versions of scrapling[fetchers] are
2026-01-24T18:56:40.5172215Z       available:
2026-01-24T18:56:40.5172538Z           scrapling[fetchers]<=0.3.7
2026-01-24T18:56:40.5172956Z           scrapling[fetchers]==0.3.8
2026-01-24T18:56:40.5173358Z           scrapling[fetchers]==0.3.9
2026-01-24T18:56:40.5173753Z           scrapling[fetchers]==0.3.10
2026-01-24T18:56:40.5174207Z           scrapling[fetchers]==0.3.11
2026-01-24T18:56:40.5174660Z           scrapling[fetchers]==0.3.12
2026-01-24T18:56:40.5175214Z           scrapling[fetchers]==0.3.13
2026-01-24T18:56:40.5175637Z           scrapling[fetchers]==0.3.14
2026-01-24T18:56:40.5176223Z       and scrapling[fetchers]>=0.3.7,<=0.3.9 depends on playwright>=1.55.0,
2026-01-24T18:56:40.5176950Z       we can conclude that scrapling[fetchers]>=0.3.7,<0.3.8 depends on
2026-01-24T18:56:40.5177536Z       playwright>=1.55.0.
2026-01-24T18:56:40.5177966Z       And because scrapling[fetchers]>=0.3.8,<=0.3.9 depends on
2026-01-24T18:56:40.5178576Z       playwright>=1.55.0 and playwright>=1.55.0, we can conclude that
2026-01-24T18:56:40.5179476Z       scrapling[fetchers]>=0.3.7,<0.3.10 depends on playwright>=1.55.0. (1)
2026-01-24T18:56:40.5179973Z
2026-01-24T18:56:40.5180281Z       Because only the following versions of playwright are available:
2026-01-24T18:56:40.5180854Z           playwright<=1.55.0
2026-01-24T18:56:40.5181221Z           playwright>=1.56.0
2026-01-24T18:56:40.5181759Z       and playwright>=1.55.0 depends on greenlet>=3.1.1, we can conclude that
2026-01-24T18:56:40.5182482Z       playwright>=1.55.0 depends on greenlet>=3.1.1.
2026-01-24T18:56:40.5183108Z       And because we know from (1) that scrapling[fetchers]>=0.3.7,<0.3.10
2026-01-24T18:56:40.5183834Z       depends on playwright>=1.55.0, we can conclude that greenlet<3.1.1,
2026-01-24T18:56:40.5184366Z       all of:
2026-01-24T18:56:40.5184669Z           playwright<=1.56.0
2026-01-24T18:56:40.5185021Z           playwright==1.57.0
2026-01-24T18:56:40.5185441Z       , scrapling[fetchers]>=0.3.7,<0.3.10 are incompatible.
2026-01-24T18:56:40.5186359Z       And because only the following versions of playwright are available:
2026-01-24T18:56:40.5186953Z           playwright<=1.56.0
2026-01-24T18:56:40.5187315Z           playwright==1.57.0
2026-01-24T18:56:40.5187821Z       we can conclude that scrapling[fetchers]>=0.3.7,<0.3.10 depends on
2026-01-24T18:56:40.5188627Z       greenlet>=3.1.1. (2)
2026-01-24T18:56:40.5188890Z
2026-01-24T18:56:40.5189361Z       Because playwright>=1.56.0 depends on greenlet>=3.1.1 and only the
2026-01-24T18:56:40.5190003Z       following versions of playwright are available:
2026-01-24T18:56:40.5190448Z           playwright<=1.56.0
2026-01-24T18:56:40.5190785Z           playwright==1.57.0
2026-01-24T18:56:40.5191270Z       we can conclude that playwright>=1.56.0 depends on greenlet>=3.1.1.
2026-01-24T18:56:40.5191916Z       And because scrapling[fetchers]>=0.3.10,<=0.3.11
2026-01-24T18:56:40.5192422Z       depends on playwright>=1.56.0, we can conclude that
2026-01-24T18:56:40.5193073Z       scrapling[fetchers]>=0.3.10,<=0.3.11 depends on greenlet>=3.1.1.
2026-01-24T18:56:40.5193769Z       And because we know from (2) that scrapling[fetchers]>=0.3.7,<0.3.10
2026-01-24T18:56:40.5194350Z       depends on greenlet>=3.1.1, we can conclude that
2026-01-24T18:56:40.5194938Z       scrapling[fetchers]>=0.3.7,<0.3.11 depends on greenlet>=3.1.1. (3)
2026-01-24T18:56:40.5195377Z
2026-01-24T18:56:40.5195678Z       Because only the following versions of playwright are available:
2026-01-24T18:56:40.5196294Z           playwright<=1.56.0
2026-01-24T18:56:40.5196697Z           playwright==1.57.0
2026-01-24T18:56:40.5197250Z       and playwright>=1.56.0 depends on greenlet>=3.1.1, we can conclude that
2026-01-24T18:56:40.5198032Z       playwright>=1.56.0 depends on greenlet>=3.1.1.
2026-01-24T18:56:40.5198733Z       And because scrapling[fetchers]==0.3.11 depends on playwright>=1.56.0,
2026-01-24T18:56:40.5199664Z       we can conclude that scrapling[fetchers]==0.3.11 depends on
2026-01-24T18:56:40.5200211Z       greenlet>=3.1.1.
2026-01-24T18:56:40.5200725Z       And because we know from (3) that scrapling[fetchers]>=0.3.7,<0.3.11
2026-01-24T18:56:40.5201381Z       depends on greenlet>=3.1.1, we can conclude that
2026-01-24T18:56:40.5202034Z       scrapling[fetchers]>=0.3.7,<0.3.12 depends on greenlet>=3.1.1. (4)
2026-01-24T18:56:40.5202503Z
2026-01-24T18:56:40.5202780Z       Because playwright==1.56.0 depends on greenlet>=3.1.1 and
2026-01-24T18:56:40.5203476Z       scrapling[fetchers]>=0.3.12 depends on playwright==1.56.0, we can
2026-01-24T18:56:40.5204234Z       conclude that scrapling[fetchers]>=0.3.12 depends on greenlet>=3.1.1.
2026-01-24T18:56:40.5204978Z       And because we know from (4) that scrapling[fetchers]>=0.3.7,<0.3.12
2026-01-24T18:56:40.5205621Z       depends on greenlet>=3.1.1, we can conclude that
2026-01-24T18:56:40.5206253Z       scrapling[fetchers]>=0.3.7,<0.3.13 depends on greenlet>=3.1.1. (5)
2026-01-24T18:56:40.5206705Z
2026-01-24T18:56:40.5206952Z       Because playwright==1.56.0 depends on greenlet>=3.1.1 and
2026-01-24T18:56:40.5207645Z       scrapling[fetchers]>=0.3.13 depends on playwright==1.56.0, we can
2026-01-24T18:56:40.5208387Z       conclude that scrapling[fetchers]>=0.3.13 depends on greenlet>=3.1.1.
2026-01-24T18:56:40.5209305Z       And because we know from (5) that scrapling[fetchers]>=0.3.7,<0.3.13
2026-01-24T18:56:40.5210006Z       depends on greenlet>=3.1.1, we can conclude that
2026-01-24T18:56:40.5210688Z       scrapling[fetchers]>=0.3.7,<0.3.14 depends on greenlet>=3.1.1. (6)
2026-01-24T18:56:40.5211154Z
2026-01-24T18:56:40.5211400Z       Because playwright==1.56.0 depends on greenlet>=3.1.1 and
2026-01-24T18:56:40.5212090Z       scrapling[fetchers]==0.3.14 depends on playwright==1.56.0, we can
2026-01-24T18:56:40.5212844Z       conclude that scrapling[fetchers]==0.3.14 depends on greenlet>=3.1.1.
2026-01-24T18:56:40.5213590Z       And because we know from (6) that scrapling[fetchers]>=0.3.7,<0.3.14
2026-01-24T18:56:40.5214224Z       depends on greenlet>=3.1.1, we can conclude that
2026-01-24T18:56:40.5215033Z       scrapling[fetchers]>=0.3.7 depends on greenlet>=3.1.1.
2026-01-24T18:56:40.5215723Z       And because you require greenlet==3.0.2 and scrapling[fetchers]>=0.3.7,
2026-01-24T18:56:40.5216456Z       we can conclude that your requirements are unsatisfiable.
2026-01-24T18:56:40.5347757Z ##[error]Process completed with exit code 1.
2026-01-24T18:56:40.5467076Z Post job cleanup.
2026-01-24T18:56:40.6395838Z [command]/usr/bin/git version
2026-01-24T18:56:40.6436458Z git version 2.52.0
2026-01-24T18:56:40.6478788Z Temporarily overriding HOME='/home/runner/work/_temp/976adbb9-b353-46b6-85e4-0e219acd0b1a' before making global git config changes
2026-01-24T18:56:40.6479992Z Adding repository directory to the temporary git global config as a safe directory
2026-01-24T18:56:40.6484615Z [command]/usr/bin/git config --global --add safe.directory /home/runner/work/fortuna/fortuna
2026-01-24T18:56:40.6526549Z [command]/usr/bin/git config --local --name-only --get-regexp core\.sshCommand
2026-01-24T18:56:40.6559479Z [command]/usr/bin/git submodule foreach --recursive sh -c "git config --local --name-only --get-regexp 'core\.sshCommand' && git config --local --unset-all 'core.sshCommand' || :"
2026-01-24T18:56:40.6791277Z [command]/usr/bin/git config --local --name-only --get-regexp http\.https\:\/\/github\.com\/\.extraheader
2026-01-24T18:56:40.6813199Z http.https://github.com/.extraheader
2026-01-24T18:56:40.6825421Z [command]/usr/bin/git config --local --unset-all http.https://github.com/.extraheader
2026-01-24T18:56:40.6856153Z [command]/usr/bin/git submodule foreach --recursive sh -c "git config --local --name-only --get-regexp 'http\.https\:\/\/github\.com\/\.extraheader' && git config --local --unset-all 'http.https://github.com/.extraheader' || :"
2026-01-24T18:56:40.7078376Z [command]/usr/bin/git config --local --name-only --get-regexp ^includeIf\.gitdir:
2026-01-24T18:56:40.7108182Z [command]/usr/bin/git submodule foreach --recursive git config --local --show-origin --name-only --get-regexp remote.origin.url
2026-01-24T18:56:40.7433744Z Cleaning up orphan processes
