2026-01-26T01:30:51.3062876Z Current runner version: '2.331.0'
2026-01-26T01:30:51.3085407Z ##[group]Runner Image Provisioner
2026-01-26T01:30:51.3086304Z Hosted Compute Agent
2026-01-26T01:30:51.3086835Z Version: 20260115.477
2026-01-26T01:30:51.3087425Z Commit: 4b342d620503cbe250a3154040964899ea7c9b00
2026-01-26T01:30:51.3088153Z Build Date: 2026-01-15T22:32:41Z
2026-01-26T01:30:51.3088830Z Worker ID: {1ad3f15d-1b1c-4be2-82af-91301d53d6ed}
2026-01-26T01:30:51.3089463Z Azure Region: westus
2026-01-26T01:30:51.3090027Z ##[endgroup]
2026-01-26T01:30:51.3091584Z ##[group]Operating System
2026-01-26T01:30:51.3092155Z Ubuntu
2026-01-26T01:30:51.3092713Z 24.04.3
2026-01-26T01:30:51.3093151Z LTS
2026-01-26T01:30:51.3093600Z ##[endgroup]
2026-01-26T01:30:51.3094051Z ##[group]Runner Image
2026-01-26T01:30:51.3094657Z Image: ubuntu-24.04
2026-01-26T01:30:51.3095133Z Version: 20260119.4.1
2026-01-26T01:30:51.3096367Z Included Software: https://github.com/actions/runner-images/blob/ubuntu24/20260119.4/images/ubuntu/Ubuntu2404-Readme.md
2026-01-26T01:30:51.3097793Z Image Release: https://github.com/actions/runner-images/releases/tag/ubuntu24%2F20260119.4
2026-01-26T01:30:51.3098717Z ##[endgroup]
2026-01-26T01:30:51.3099785Z ##[group]GITHUB_TOKEN Permissions
2026-01-26T01:30:51.3101824Z Actions: write
2026-01-26T01:30:51.3102472Z Contents: read
2026-01-26T01:30:51.3102973Z Metadata: read
2026-01-26T01:30:51.3103421Z ##[endgroup]
2026-01-26T01:30:51.3105442Z Secret source: Actions
2026-01-26T01:30:51.3106124Z Prepare workflow directory
2026-01-26T01:30:51.3480377Z Prepare all required actions
2026-01-26T01:30:51.3518555Z Getting action download info
2026-01-26T01:30:51.8520354Z Download action repository 'actions/checkout@v4' (SHA:34e114876b0b11c390a56381ad16ebd13914f8d5)
2026-01-26T01:30:51.9470419Z Download action repository 'actions/setup-python@v5' (SHA:a26af69be951a213d495a4c3e4e4022e16d87065)
2026-01-26T01:30:52.0264090Z Download action repository 'actions/cache@v4' (SHA:0057852bfaa89a56745cba8c7296529d2fc39830)
2026-01-26T01:30:52.1229323Z Download action repository 'actions/upload-artifact@v4' (SHA:ea165f8d65b6e75b540449e92b4886f43607fa02)
2026-01-26T01:30:52.3456843Z Complete job name: generate-unified-report
2026-01-26T01:30:52.4169230Z ##[group]Run actions/checkout@v4
2026-01-26T01:30:52.4170040Z with:
2026-01-26T01:30:52.4170403Z   fetch-depth: 1
2026-01-26T01:30:52.4170804Z   repository: masonj0/fortuna
2026-01-26T01:30:52.4171569Z   token: ***
2026-01-26T01:30:52.4171938Z   ssh-strict: true
2026-01-26T01:30:52.4172319Z   ssh-user: git
2026-01-26T01:30:52.4172696Z   persist-credentials: true
2026-01-26T01:30:52.4173131Z   clean: true
2026-01-26T01:30:52.4173519Z   sparse-checkout-cone-mode: true
2026-01-26T01:30:52.4173988Z   fetch-tags: false
2026-01-26T01:30:52.4174374Z   show-progress: true
2026-01-26T01:30:52.4174767Z   lfs: false
2026-01-26T01:30:52.4175106Z   submodules: false
2026-01-26T01:30:52.4175491Z   set-safe-directory: true
2026-01-26T01:30:52.4176119Z env:
2026-01-26T01:30:52.4176489Z   PYTHON_VERSION: 3.11
2026-01-26T01:30:52.4176925Z   REPORT_RETENTION_DAYS: 14
2026-01-26T01:30:52.4177351Z   MAX_RETRIES: 3
2026-01-26T01:30:52.4177719Z   REQUEST_TIMEOUT: 30
2026-01-26T01:30:52.4178127Z ##[endgroup]
2026-01-26T01:30:52.5244976Z Syncing repository: masonj0/fortuna
2026-01-26T01:30:52.5247402Z ##[group]Getting Git version info
2026-01-26T01:30:52.5248506Z Working directory is '/home/runner/work/fortuna/fortuna'
2026-01-26T01:30:52.5250053Z [command]/usr/bin/git version
2026-01-26T01:30:52.5306678Z git version 2.52.0
2026-01-26T01:30:52.5332556Z ##[endgroup]
2026-01-26T01:30:52.5346200Z Temporarily overriding HOME='/home/runner/work/_temp/a505c182-6042-4378-b136-36c61bf9d966' before making global git config changes
2026-01-26T01:30:52.5347523Z Adding repository directory to the temporary git global config as a safe directory
2026-01-26T01:30:52.5357950Z [command]/usr/bin/git config --global --add safe.directory /home/runner/work/fortuna/fortuna
2026-01-26T01:30:52.5394681Z Deleting the contents of '/home/runner/work/fortuna/fortuna'
2026-01-26T01:30:52.5398237Z ##[group]Initializing the repository
2026-01-26T01:30:52.5402187Z [command]/usr/bin/git init /home/runner/work/fortuna/fortuna
2026-01-26T01:30:52.5502686Z hint: Using 'master' as the name for the initial branch. This default branch name
2026-01-26T01:30:52.5503769Z hint: will change to "main" in Git 3.0. To configure the initial branch name
2026-01-26T01:30:52.5504664Z hint: to use in all of your new repositories, which will suppress this warning,
2026-01-26T01:30:52.5505336Z hint: call:
2026-01-26T01:30:52.5505691Z hint:
2026-01-26T01:30:52.5506276Z hint: 	git config --global init.defaultBranch <name>
2026-01-26T01:30:52.5507211Z hint:
2026-01-26T01:30:52.5507802Z hint: Names commonly chosen instead of 'master' are 'main', 'trunk' and
2026-01-26T01:30:52.5508677Z hint: 'development'. The just-created branch can be renamed via this command:
2026-01-26T01:30:52.5509394Z hint:
2026-01-26T01:30:52.5509762Z hint: 	git branch -m <name>
2026-01-26T01:30:52.5510182Z hint:
2026-01-26T01:30:52.5510760Z hint: Disable this message with "git config set advice.defaultBranchName false"
2026-01-26T01:30:52.5512074Z Initialized empty Git repository in /home/runner/work/fortuna/fortuna/.git/
2026-01-26T01:30:52.5517630Z [command]/usr/bin/git remote add origin https://github.com/masonj0/fortuna
2026-01-26T01:30:52.5550210Z ##[endgroup]
2026-01-26T01:30:52.5551637Z ##[group]Disabling automatic garbage collection
2026-01-26T01:30:52.5555314Z [command]/usr/bin/git config --local gc.auto 0
2026-01-26T01:30:52.5583360Z ##[endgroup]
2026-01-26T01:30:52.5584562Z ##[group]Setting up auth
2026-01-26T01:30:52.5590714Z [command]/usr/bin/git config --local --name-only --get-regexp core\.sshCommand
2026-01-26T01:30:52.5621542Z [command]/usr/bin/git submodule foreach --recursive sh -c "git config --local --name-only --get-regexp 'core\.sshCommand' && git config --local --unset-all 'core.sshCommand' || :"
2026-01-26T01:30:52.5941501Z [command]/usr/bin/git config --local --name-only --get-regexp http\.https\:\/\/github\.com\/\.extraheader
2026-01-26T01:30:52.5971938Z [command]/usr/bin/git submodule foreach --recursive sh -c "git config --local --name-only --get-regexp 'http\.https\:\/\/github\.com\/\.extraheader' && git config --local --unset-all 'http.https://github.com/.extraheader' || :"
2026-01-26T01:30:52.6187260Z [command]/usr/bin/git config --local --name-only --get-regexp ^includeIf\.gitdir:
2026-01-26T01:30:52.6217102Z [command]/usr/bin/git submodule foreach --recursive git config --local --show-origin --name-only --get-regexp remote.origin.url
2026-01-26T01:30:52.6445959Z [command]/usr/bin/git config --local http.https://github.com/.extraheader AUTHORIZATION: basic ***
2026-01-26T01:30:52.6478583Z ##[endgroup]
2026-01-26T01:30:52.6479607Z ##[group]Fetching the repository
2026-01-26T01:30:52.6487145Z [command]/usr/bin/git -c protocol.version=2 fetch --no-tags --prune --no-recurse-submodules --depth=1 origin +5daf5755fe70fa3c919b2d61d2a77774b239db40:refs/remotes/origin/main
2026-01-26T01:30:53.1813162Z From https://github.com/masonj0/fortuna
2026-01-26T01:30:53.1814939Z  * [new ref]         5daf5755fe70fa3c919b2d61d2a77774b239db40 -> origin/main
2026-01-26T01:30:53.1849936Z ##[endgroup]
2026-01-26T01:30:53.1851575Z ##[group]Determining the checkout info
2026-01-26T01:30:53.1853124Z ##[endgroup]
2026-01-26T01:30:53.1854681Z [command]/usr/bin/git sparse-checkout disable
2026-01-26T01:30:53.1896441Z [command]/usr/bin/git config --local --unset-all extensions.worktreeConfig
2026-01-26T01:30:53.1924242Z ##[group]Checking out the ref
2026-01-26T01:30:53.1925831Z [command]/usr/bin/git checkout --progress --force -B main refs/remotes/origin/main
2026-01-26T01:30:53.2351679Z Switched to a new branch 'main'
2026-01-26T01:30:53.2353259Z branch 'main' set up to track 'origin/main'.
2026-01-26T01:30:53.2362129Z ##[endgroup]
2026-01-26T01:30:53.2397628Z [command]/usr/bin/git log -1 --format=%H
2026-01-26T01:30:53.2419458Z 5daf5755fe70fa3c919b2d61d2a77774b239db40
2026-01-26T01:30:53.2786442Z ##[group]Run actions/setup-python@v5
2026-01-26T01:30:53.2787779Z with:
2026-01-26T01:30:53.2788584Z   python-version: 3.11
2026-01-26T01:30:53.2789473Z   cache: pip
2026-01-26T01:30:53.2790568Z   cache-dependency-path: web_service/backend/requirements.txt
2026-01-26T01:30:53.2792103Z   check-latest: false
2026-01-26T01:30:53.2793251Z   token: ***
2026-01-26T01:30:53.2794096Z   update-environment: true
2026-01-26T01:30:53.2795074Z   allow-prereleases: false
2026-01-26T01:30:53.2796370Z   freethreaded: false
2026-01-26T01:30:53.2797780Z env:
2026-01-26T01:30:53.2799367Z   PYTHON_VERSION: 3.11
2026-01-26T01:30:53.2801186Z   REPORT_RETENTION_DAYS: 14
2026-01-26T01:30:53.2802830Z   MAX_RETRIES: 3
2026-01-26T01:30:53.2804248Z   REQUEST_TIMEOUT: 30
2026-01-26T01:30:53.2805937Z ##[endgroup]
2026-01-26T01:30:53.4484798Z ##[group]Installed versions
2026-01-26T01:30:53.4582865Z Successfully set up CPython (3.11.14)
2026-01-26T01:30:53.4590538Z ##[endgroup]
2026-01-26T01:30:53.4870357Z [command]/opt/hostedtoolcache/Python/3.11.14/x64/bin/pip cache dir
2026-01-26T01:30:53.7923787Z /home/runner/.cache/pip
2026-01-26T01:30:54.0853121Z Cache hit for: setup-python-Linux-x64-24.04-Ubuntu-python-3.11.14-pip-fb1c507ae73c310dfebf1049b66f154ad9fd242c3563aa5c6196253517673bdb
2026-01-26T01:30:55.3653587Z Received 4194304 of 474921379 (0.9%), 4.0 MBs/sec
2026-01-26T01:30:56.3655596Z Received 134217728 of 474921379 (28.3%), 63.9 MBs/sec
2026-01-26T01:30:57.3657427Z Received 268435456 of 474921379 (56.5%), 85.3 MBs/sec
2026-01-26T01:30:58.3660128Z Received 402653184 of 474921379 (84.8%), 96.0 MBs/sec
2026-01-26T01:30:58.9034007Z Received 474921379 of 474921379 (100.0%), 99.8 MBs/sec
2026-01-26T01:30:58.9035710Z Cache Size: ~453 MB (474921379 B)
2026-01-26T01:30:58.9096023Z [command]/usr/bin/tar -xf /home/runner/work/_temp/b6463163-e2bb-4de5-9122-c3ec3c3b84e8/cache.tzst -P -C /home/runner/work/fortuna/fortuna --use-compress-program unzstd
2026-01-26T01:30:59.6230517Z Cache restored successfully
2026-01-26T01:30:59.7127774Z Cache restored from key: setup-python-Linux-x64-24.04-Ubuntu-python-3.11.14-pip-9b33d885a72e4a79c39d67e0d38fd2891ce0392a75a496cd6973c98dee5ac231
2026-01-26T01:30:59.7297247Z ##[group]Run sudo apt-get update
2026-01-26T01:30:59.7297607Z [36;1msudo apt-get update[0m
2026-01-26T01:30:59.7297978Z [36;1msudo apt-get install -y --no-install-recommends xvfb xauth[0m
2026-01-26T01:30:59.7336579Z shell: /usr/bin/bash -e {0}
2026-01-26T01:30:59.7336839Z env:
2026-01-26T01:30:59.7337033Z   PYTHON_VERSION: 3.11
2026-01-26T01:30:59.7337291Z   REPORT_RETENTION_DAYS: 14
2026-01-26T01:30:59.7337512Z   MAX_RETRIES: 3
2026-01-26T01:30:59.7337706Z   REQUEST_TIMEOUT: 30
2026-01-26T01:30:59.7338000Z   pythonLocation: /opt/hostedtoolcache/Python/3.11.14/x64
2026-01-26T01:30:59.7338438Z   PKG_CONFIG_PATH: /opt/hostedtoolcache/Python/3.11.14/x64/lib/pkgconfig
2026-01-26T01:30:59.7338860Z   Python_ROOT_DIR: /opt/hostedtoolcache/Python/3.11.14/x64
2026-01-26T01:30:59.7339235Z   Python2_ROOT_DIR: /opt/hostedtoolcache/Python/3.11.14/x64
2026-01-26T01:30:59.7339608Z   Python3_ROOT_DIR: /opt/hostedtoolcache/Python/3.11.14/x64
2026-01-26T01:30:59.7340044Z   LD_LIBRARY_PATH: /opt/hostedtoolcache/Python/3.11.14/x64/lib
2026-01-26T01:30:59.7340356Z ##[endgroup]
2026-01-26T01:30:59.8014203Z Get:1 file:/etc/apt/apt-mirrors.txt Mirrorlist [144 B]
2026-01-26T01:30:59.8313302Z Hit:2 http://azure.archive.ubuntu.com/ubuntu noble InRelease
2026-01-26T01:30:59.8314415Z Hit:6 https://packages.microsoft.com/repos/azure-cli noble InRelease
2026-01-26T01:30:59.8331527Z Get:7 https://packages.microsoft.com/ubuntu/24.04/prod noble InRelease [3600 B]
2026-01-26T01:30:59.8332637Z Get:3 http://azure.archive.ubuntu.com/ubuntu noble-updates InRelease [126 kB]
2026-01-26T01:30:59.8371190Z Get:4 http://azure.archive.ubuntu.com/ubuntu noble-backports InRelease [126 kB]
2026-01-26T01:30:59.8385420Z Get:5 http://azure.archive.ubuntu.com/ubuntu noble-security InRelease [126 kB]
2026-01-26T01:30:59.9825529Z Get:8 https://packages.microsoft.com/ubuntu/24.04/prod noble/main amd64 Packages [85.3 kB]
2026-01-26T01:30:59.9923317Z Get:9 https://packages.microsoft.com/ubuntu/24.04/prod noble/main arm64 Packages [66.2 kB]
2026-01-26T01:30:59.9943974Z Get:10 https://packages.microsoft.com/ubuntu/24.04/prod noble/main armhf Packages [12.3 kB]
2026-01-26T01:30:59.9961595Z Get:11 https://packages.microsoft.com/ubuntu/24.04/prod noble/main all Packages [650 B]
2026-01-26T01:31:00.0311215Z Get:12 http://azure.archive.ubuntu.com/ubuntu noble-updates/main amd64 Packages [1699 kB]
2026-01-26T01:31:00.0408351Z Get:13 http://azure.archive.ubuntu.com/ubuntu noble-updates/main Translation-en [314 kB]
2026-01-26T01:31:00.0433898Z Get:14 http://azure.archive.ubuntu.com/ubuntu noble-updates/main amd64 Components [175 kB]
2026-01-26T01:31:00.0451990Z Get:15 http://azure.archive.ubuntu.com/ubuntu noble-updates/main amd64 c-n-f Metadata [16.0 kB]
2026-01-26T01:31:00.0463308Z Get:16 http://azure.archive.ubuntu.com/ubuntu noble-updates/universe amd64 Packages [1519 kB]
2026-01-26T01:31:00.0596328Z Get:17 http://azure.archive.ubuntu.com/ubuntu noble-updates/universe Translation-en [310 kB]
2026-01-26T01:31:00.0612995Z Get:18 http://azure.archive.ubuntu.com/ubuntu noble-updates/universe amd64 Components [386 kB]
2026-01-26T01:31:00.0639686Z Get:19 http://azure.archive.ubuntu.com/ubuntu noble-updates/universe amd64 c-n-f Metadata [31.6 kB]
2026-01-26T01:31:00.0651740Z Get:20 http://azure.archive.ubuntu.com/ubuntu noble-updates/restricted amd64 Packages [2498 kB]
2026-01-26T01:31:00.0869359Z Get:21 http://azure.archive.ubuntu.com/ubuntu noble-updates/restricted Translation-en [573 kB]
2026-01-26T01:31:00.1324138Z Get:22 http://azure.archive.ubuntu.com/ubuntu noble-updates/restricted amd64 Components [212 B]
2026-01-26T01:31:00.1369269Z Get:23 http://azure.archive.ubuntu.com/ubuntu noble-updates/restricted amd64 c-n-f Metadata [512 B]
2026-01-26T01:31:00.1372030Z Get:24 http://azure.archive.ubuntu.com/ubuntu noble-updates/multiverse amd64 Packages [42.9 kB]
2026-01-26T01:31:00.1373245Z Get:25 http://azure.archive.ubuntu.com/ubuntu noble-updates/multiverse Translation-en [8340 B]
2026-01-26T01:31:00.1378925Z Get:26 http://azure.archive.ubuntu.com/ubuntu noble-updates/multiverse amd64 Components [940 B]
2026-01-26T01:31:00.1386117Z Get:27 http://azure.archive.ubuntu.com/ubuntu noble-updates/multiverse amd64 c-n-f Metadata [652 B]
2026-01-26T01:31:00.1392320Z Get:28 http://azure.archive.ubuntu.com/ubuntu noble-backports/main amd64 Components [7300 B]
2026-01-26T01:31:00.1401661Z Get:29 http://azure.archive.ubuntu.com/ubuntu noble-backports/universe amd64 Components [10.5 kB]
2026-01-26T01:31:00.1428051Z Get:30 http://azure.archive.ubuntu.com/ubuntu noble-backports/restricted amd64 Components [216 B]
2026-01-26T01:31:00.1437227Z Get:31 http://azure.archive.ubuntu.com/ubuntu noble-backports/multiverse amd64 Components [212 B]
2026-01-26T01:31:00.1445509Z Get:32 http://azure.archive.ubuntu.com/ubuntu noble-security/main amd64 Packages [1409 kB]
2026-01-26T01:31:00.1533278Z Get:33 http://azure.archive.ubuntu.com/ubuntu noble-security/main Translation-en [229 kB]
2026-01-26T01:31:00.1554580Z Get:34 http://azure.archive.ubuntu.com/ubuntu noble-security/main amd64 Components [21.5 kB]
2026-01-26T01:31:00.1563102Z Get:35 http://azure.archive.ubuntu.com/ubuntu noble-security/main amd64 c-n-f Metadata [9800 B]
2026-01-26T01:31:00.2079618Z Get:36 http://azure.archive.ubuntu.com/ubuntu noble-security/universe amd64 Packages [924 kB]
2026-01-26T01:31:00.2123726Z Get:37 http://azure.archive.ubuntu.com/ubuntu noble-security/universe Translation-en [209 kB]
2026-01-26T01:31:00.2142274Z Get:38 http://azure.archive.ubuntu.com/ubuntu noble-security/universe amd64 Components [74.2 kB]
2026-01-26T01:31:00.2154660Z Get:39 http://azure.archive.ubuntu.com/ubuntu noble-security/universe amd64 c-n-f Metadata [19.7 kB]
2026-01-26T01:31:00.2161861Z Get:40 http://azure.archive.ubuntu.com/ubuntu noble-security/restricted amd64 Components [212 B]
2026-01-26T01:31:00.2170110Z Get:41 http://azure.archive.ubuntu.com/ubuntu noble-security/multiverse amd64 Packages [28.0 kB]
2026-01-26T01:31:00.2177876Z Get:42 http://azure.archive.ubuntu.com/ubuntu noble-security/multiverse Translation-en [6472 B]
2026-01-26T01:31:00.2184776Z Get:43 http://azure.archive.ubuntu.com/ubuntu noble-security/multiverse amd64 Components [212 B]
2026-01-26T01:31:08.5912084Z Fetched 11.1 MB in 1s (8230 kB/s)
2026-01-26T01:31:09.3379926Z Reading package lists...
2026-01-26T01:31:09.3698465Z Reading package lists...
2026-01-26T01:31:09.5482523Z Building dependency tree...
2026-01-26T01:31:09.5490458Z Reading state information...
2026-01-26T01:31:09.7394640Z xvfb is already the newest version (2:21.1.12-1ubuntu1.5).
2026-01-26T01:31:09.7395190Z xauth is already the newest version (1:1.1.2-1build1).
2026-01-26T01:31:09.7395513Z xauth set to manually installed.
2026-01-26T01:31:09.7395840Z 0 upgraded, 0 newly installed, 0 to remove and 67 not upgraded.
2026-01-26T01:31:09.7444227Z ##[group]Run python -m pip install --upgrade pip wheel setuptools
2026-01-26T01:31:09.7444712Z [36;1mpython -m pip install --upgrade pip wheel setuptools[0m
2026-01-26T01:31:09.7445120Z [36;1mpip install -r web_service/backend/requirements.txt[0m
2026-01-26T01:31:09.7478440Z shell: /usr/bin/bash -e {0}
2026-01-26T01:31:09.7478676Z env:
2026-01-26T01:31:09.7478853Z   PYTHON_VERSION: 3.11
2026-01-26T01:31:09.7479067Z   REPORT_RETENTION_DAYS: 14
2026-01-26T01:31:09.7479293Z   MAX_RETRIES: 3
2026-01-26T01:31:09.7479484Z   REQUEST_TIMEOUT: 30
2026-01-26T01:31:09.7479750Z   pythonLocation: /opt/hostedtoolcache/Python/3.11.14/x64
2026-01-26T01:31:09.7480184Z   PKG_CONFIG_PATH: /opt/hostedtoolcache/Python/3.11.14/x64/lib/pkgconfig
2026-01-26T01:31:09.7480603Z   Python_ROOT_DIR: /opt/hostedtoolcache/Python/3.11.14/x64
2026-01-26T01:31:09.7481178Z   Python2_ROOT_DIR: /opt/hostedtoolcache/Python/3.11.14/x64
2026-01-26T01:31:09.7481587Z   Python3_ROOT_DIR: /opt/hostedtoolcache/Python/3.11.14/x64
2026-01-26T01:31:09.7481959Z   LD_LIBRARY_PATH: /opt/hostedtoolcache/Python/3.11.14/x64/lib
2026-01-26T01:31:09.7482270Z ##[endgroup]
2026-01-26T01:31:10.2566478Z Requirement already satisfied: pip in /opt/hostedtoolcache/Python/3.11.14/x64/lib/python3.11/site-packages (25.3)
2026-01-26T01:31:10.3694341Z Collecting wheel
2026-01-26T01:31:10.4246424Z   Downloading wheel-0.46.3-py3-none-any.whl.metadata (2.4 kB)
2026-01-26T01:31:10.4288420Z Requirement already satisfied: setuptools in /opt/hostedtoolcache/Python/3.11.14/x64/lib/python3.11/site-packages (79.0.1)
2026-01-26T01:31:10.5640116Z Collecting setuptools
2026-01-26T01:31:10.5676726Z   Downloading setuptools-80.10.2-py3-none-any.whl.metadata (6.6 kB)
2026-01-26T01:31:10.5919011Z Collecting packaging>=24.0 (from wheel)
2026-01-26T01:31:10.5951401Z   Downloading packaging-26.0-py3-none-any.whl.metadata (3.3 kB)
2026-01-26T01:31:10.6029546Z Downloading wheel-0.46.3-py3-none-any.whl (30 kB)
2026-01-26T01:31:10.6133864Z Downloading setuptools-80.10.2-py3-none-any.whl (1.1 MB)
2026-01-26T01:31:10.6426458Z    ━━━━━━━━━━━━━━━━━━━━━━━━━━━━━━━━━━━━━━━━ 1.1/1.1 MB 86.6 MB/s  0:00:00
2026-01-26T01:31:10.6458937Z Downloading packaging-26.0-py3-none-any.whl (74 kB)
2026-01-26T01:31:10.6653655Z Installing collected packages: setuptools, packaging, wheel
2026-01-26T01:31:10.6657885Z   Attempting uninstall: setuptools
2026-01-26T01:31:10.6672865Z     Found existing installation: setuptools 79.0.1
2026-01-26T01:31:10.7557630Z     Uninstalling setuptools-79.0.1:
2026-01-26T01:31:10.7798109Z       Successfully uninstalled setuptools-79.0.1
2026-01-26T01:31:11.4593478Z
2026-01-26T01:31:11.4602468Z Successfully installed packaging-26.0 setuptools-80.10.2 wheel-0.46.3
2026-01-26T01:31:11.9505933Z Collecting fastapi==0.104.1 (from -r web_service/backend/requirements.txt (line 11))
2026-01-26T01:31:11.9521332Z   Using cached fastapi-0.104.1-py3-none-any.whl.metadata (24 kB)
2026-01-26T01:31:11.9779132Z Collecting uvicorn==0.24.0 (from uvicorn[standard]==0.24.0->-r web_service/backend/requirements.txt (line 12))
2026-01-26T01:31:11.9793611Z   Using cached uvicorn-0.24.0-py3-none-any.whl.metadata (6.4 kB)
2026-01-26T01:31:12.0053800Z Collecting starlette==0.27.0 (from -r web_service/backend/requirements.txt (line 13))
2026-01-26T01:31:12.0067826Z   Using cached starlette-0.27.0-py3-none-any.whl.metadata (5.8 kB)
2026-01-26T01:31:12.1140164Z Collecting pydantic==2.5.0 (from -r web_service/backend/requirements.txt (line 14))
2026-01-26T01:31:12.1157035Z   Using cached pydantic-2.5.0-py3-none-any.whl.metadata (174 kB)
2026-01-26T01:31:12.7404323Z Collecting pydantic-core==2.14.1 (from -r web_service/backend/requirements.txt (line 15))
2026-01-26T01:31:12.7420613Z   Using cached pydantic_core-2.14.1-cp311-cp311-manylinux_2_17_x86_64.manylinux2014_x86_64.whl.metadata (6.5 kB)
2026-01-26T01:31:12.7553581Z Collecting pydantic-settings==2.1.0 (from -r web_service/backend/requirements.txt (line 16))
2026-01-26T01:31:12.7568373Z   Using cached pydantic_settings-2.1.0-py3-none-any.whl.metadata (2.9 kB)
2026-01-26T01:31:12.7728848Z Collecting anyio==3.7.1 (from -r web_service/backend/requirements.txt (line 19))
2026-01-26T01:31:12.7742892Z   Using cached anyio-3.7.1-py3-none-any.whl.metadata (4.7 kB)
2026-01-26T01:31:12.7852748Z Collecting h11==0.14.0 (from -r web_service/backend/requirements.txt (line 20))
2026-01-26T01:31:12.7866582Z   Using cached h11-0.14.0-py3-none-any.whl.metadata (8.2 kB)
2026-01-26T01:31:12.8005342Z Collecting h2==4.1.0 (from -r web_service/backend/requirements.txt (line 21))
2026-01-26T01:31:12.8018596Z   Using cached h2-4.1.0-py3-none-any.whl.metadata (3.6 kB)
2026-01-26T01:31:12.8121635Z Collecting hpack==4.0.0 (from -r web_service/backend/requirements.txt (line 22))
2026-01-26T01:31:12.8134822Z   Using cached hpack-4.0.0-py3-none-any.whl.metadata (2.5 kB)
2026-01-26T01:31:12.8529337Z Collecting httpcore==1.0.2 (from -r web_service/backend/requirements.txt (line 23))
2026-01-26T01:31:12.8543713Z   Using cached httpcore-1.0.2-py3-none-any.whl.metadata (20 kB)
2026-01-26T01:31:12.8837232Z Collecting httptools==0.6.1 (from -r web_service/backend/requirements.txt (line 24))
2026-01-26T01:31:12.8851878Z   Using cached httptools-0.6.1-cp311-cp311-manylinux_2_5_x86_64.manylinux1_x86_64.manylinux_2_17_x86_64.manylinux2014_x86_64.whl.metadata (3.6 kB)
2026-01-26T01:31:12.9004436Z Collecting httpx==0.25.2 (from -r web_service/backend/requirements.txt (line 25))
2026-01-26T01:31:12.9017765Z   Using cached httpx-0.25.2-py3-none-any.whl.metadata (6.9 kB)
2026-01-26T01:31:12.9115817Z Collecting hyperframe==6.1.0 (from -r web_service/backend/requirements.txt (line 26))
2026-01-26T01:31:12.9129481Z   Using cached hyperframe-6.1.0-py3-none-any.whl.metadata (4.3 kB)
2026-01-26T01:31:13.0886352Z Collecting websockets==12.0 (from -r web_service/backend/requirements.txt (line 27))
2026-01-26T01:31:13.0902199Z   Using cached websockets-12.0-cp311-cp311-manylinux_2_5_x86_64.manylinux1_x86_64.manylinux_2_17_x86_64.manylinux2014_x86_64.whl.metadata (6.6 kB)
2026-01-26T01:31:13.1016981Z Collecting wsproto==1.2.0 (from -r web_service/backend/requirements.txt (line 28))
2026-01-26T01:31:13.1030584Z   Using cached wsproto-1.2.0-py3-none-any.whl.metadata (5.6 kB)
2026-01-26T01:31:13.1246079Z Collecting requests==2.31.0 (from -r web_service/backend/requirements.txt (line 31))
2026-01-26T01:31:13.1259471Z   Using cached requests-2.31.0-py3-none-any.whl.metadata (4.6 kB)
2026-01-26T01:31:13.1464276Z Collecting urllib3==2.1.0 (from -r web_service/backend/requirements.txt (line 32))
2026-01-26T01:31:13.1477615Z   Using cached urllib3-2.1.0-py3-none-any.whl.metadata (6.4 kB)
2026-01-26T01:31:13.1640782Z Collecting certifi>=2024.2.2 (from -r web_service/backend/requirements.txt (line 33))
2026-01-26T01:31:13.2176918Z   Downloading certifi-2026.1.4-py3-none-any.whl.metadata (2.5 kB)
2026-01-26T01:31:13.2894024Z Collecting charset-normalizer==3.3.2 (from -r web_service/backend/requirements.txt (line 34))
2026-01-26T01:31:13.2908207Z   Using cached charset_normalizer-3.3.2-cp311-cp311-manylinux_2_17_x86_64.manylinux2014_x86_64.whl.metadata (33 kB)
2026-01-26T01:31:13.3037213Z Collecting idna==3.6 (from -r web_service/backend/requirements.txt (line 35))
2026-01-26T01:31:13.3050618Z   Using cached idna-3.6-py3-none-any.whl.metadata (9.9 kB)
2026-01-26T01:31:13.6082038Z Collecting sqlalchemy==2.0.23 (from -r web_service/backend/requirements.txt (line 38))
2026-01-26T01:31:13.6097585Z   Using cached SQLAlchemy-2.0.23-cp311-cp311-manylinux_2_17_x86_64.manylinux2014_x86_64.whl.metadata (9.6 kB)
2026-01-26T01:31:13.7332045Z Collecting greenlet>=3.1.1 (from -r web_service/backend/requirements.txt (line 39))
2026-01-26T01:31:13.7367477Z   Downloading greenlet-3.3.1-cp311-cp311-manylinux_2_24_x86_64.manylinux_2_28_x86_64.whl.metadata (3.7 kB)
2026-01-26T01:31:13.7493895Z Collecting aiosqlite==0.19.0 (from -r web_service/backend/requirements.txt (line 40))
2026-01-26T01:31:13.7506978Z   Using cached aiosqlite-0.19.0-py3-none-any.whl.metadata (4.3 kB)
2026-01-26T01:31:13.8090709Z Collecting psycopg2-binary==2.9.9 (from -r web_service/backend/requirements.txt (line 41))
2026-01-26T01:31:13.8104048Z   Using cached psycopg2_binary-2.9.9-cp311-cp311-manylinux_2_17_x86_64.manylinux2014_x86_64.whl.metadata (4.4 kB)
2026-01-26T01:31:14.0289259Z Collecting numpy==1.25.0 (from -r web_service/backend/requirements.txt (line 44))
2026-01-26T01:31:14.0337405Z   Downloading numpy-1.25.0-cp311-cp311-manylinux_2_17_x86_64.manylinux2014_x86_64.whl.metadata (5.6 kB)
2026-01-26T01:31:14.1399034Z Collecting pandas==2.0.3 (from -r web_service/backend/requirements.txt (line 45))
2026-01-26T01:31:14.1413337Z   Using cached pandas-2.0.3-cp311-cp311-manylinux_2_17_x86_64.manylinux2014_x86_64.whl.metadata (18 kB)
2026-01-26T01:31:14.1646499Z Collecting python-dateutil==2.8.2 (from -r web_service/backend/requirements.txt (line 46))
2026-01-26T01:31:14.1659594Z   Using cached python_dateutil-2.8.2-py2.py3-none-any.whl.metadata (8.2 kB)
2026-01-26T01:31:14.1965852Z Collecting pytz==2023.3.post1 (from -r web_service/backend/requirements.txt (line 47))
2026-01-26T01:31:14.1978983Z   Using cached pytz-2023.3.post1-py2.py3-none-any.whl.metadata (22 kB)
2026-01-26T01:31:14.2093904Z Collecting tzdata==2023.3 (from -r web_service/backend/requirements.txt (line 48))
2026-01-26T01:31:14.2107087Z   Using cached tzdata-2023.3-py2.py3-none-any.whl.metadata (1.4 kB)
2026-01-26T01:31:14.2208875Z Collecting six==1.16.0 (from -r web_service/backend/requirements.txt (line 49))
2026-01-26T01:31:14.2222533Z   Using cached six-1.16.0-py2.py3-none-any.whl.metadata (1.8 kB)
2026-01-26T01:31:14.2361980Z Collecting beautifulsoup4==4.12.2 (from -r web_service/backend/requirements.txt (line 52))
2026-01-26T01:31:14.2374774Z   Using cached beautifulsoup4-4.12.2-py3-none-any.whl.metadata (3.6 kB)
2026-01-26T01:31:14.2507156Z Collecting soupsieve==2.5 (from -r web_service/backend/requirements.txt (line 53))
2026-01-26T01:31:14.2519608Z   Using cached soupsieve-2.5-py3-none-any.whl.metadata (4.7 kB)
2026-01-26T01:31:14.3609636Z Collecting selectolax==0.3.20 (from -r web_service/backend/requirements.txt (line 54))
2026-01-26T01:31:14.3623506Z   Using cached selectolax-0.3.20-cp311-cp311-manylinux_2_17_x86_64.manylinux2014_x86_64.whl.metadata (5.6 kB)
2026-01-26T01:31:14.4485465Z Collecting scrapling>=0.3.7 (from scrapling[fetchers]>=0.3.7->-r web_service/backend/requirements.txt (line 55))
2026-01-26T01:31:14.4529340Z   Downloading scrapling-0.3.14-py3-none-any.whl.metadata (23 kB)
2026-01-26T01:31:14.4796569Z Collecting camoufox>=0.1.7 (from -r web_service/backend/requirements.txt (line 56))
2026-01-26T01:31:14.4840213Z   Downloading camoufox-0.4.11-py3-none-any.whl.metadata (3.3 kB)
2026-01-26T01:31:14.5011671Z Collecting click>=8.3.0 (from -r web_service/backend/requirements.txt (line 59))
2026-01-26T01:31:14.5044331Z   Downloading click-8.3.1-py3-none-any.whl.metadata (2.6 kB)
2026-01-26T01:31:14.5184038Z Collecting python-dotenv==1.0.0 (from -r web_service/backend/requirements.txt (line 60))
2026-01-26T01:31:14.5196902Z   Using cached python_dotenv-1.0.0-py3-none-any.whl.metadata (21 kB)
2026-01-26T01:31:14.5534463Z Collecting pyyaml==6.0.1 (from -r web_service/backend/requirements.txt (line 61))
2026-01-26T01:31:14.5547556Z   Using cached PyYAML-6.0.1-cp311-cp311-manylinux_2_17_x86_64.manylinux2014_x86_64.whl.metadata (2.1 kB)
2026-01-26T01:31:14.7708712Z Collecting cryptography==41.0.7 (from -r web_service/backend/requirements.txt (line 64))
2026-01-26T01:31:14.7724426Z   Using cached cryptography-41.0.7-cp37-abi3-manylinux_2_28_x86_64.whl.metadata (5.2 kB)
2026-01-26T01:31:14.8661796Z Collecting cffi==1.16.0 (from -r web_service/backend/requirements.txt (line 65))
2026-01-26T01:31:14.8675715Z   Using cached cffi-1.16.0-cp311-cp311-manylinux_2_17_x86_64.manylinux2014_x86_64.whl.metadata (1.5 kB)
2026-01-26T01:31:14.8766032Z Collecting pycparser==2.21 (from -r web_service/backend/requirements.txt (line 66))
2026-01-26T01:31:14.8779107Z   Using cached pycparser-2.21-py2.py3-none-any.whl.metadata (1.1 kB)
2026-01-26T01:31:14.8862669Z Collecting secretstorage==3.5.0 (from -r web_service/backend/requirements.txt (line 67))
2026-01-26T01:31:14.8875024Z   Using cached secretstorage-3.5.0-py3-none-any.whl.metadata (4.0 kB)
2026-01-26T01:31:14.9148389Z Collecting keyring==24.3.0 (from -r web_service/backend/requirements.txt (line 68))
2026-01-26T01:31:14.9161146Z   Using cached keyring-24.3.0-py3-none-any.whl.metadata (20 kB)
2026-01-26T01:31:14.9269579Z Collecting jeepney==0.9.0 (from -r web_service/backend/requirements.txt (line 69))
2026-01-26T01:31:14.9282377Z   Using cached jeepney-0.9.0-py3-none-any.whl.metadata (1.2 kB)
2026-01-26T01:31:14.9509246Z Collecting redis==5.0.1 (from -r web_service/backend/requirements.txt (line 72))
2026-01-26T01:31:14.9521748Z   Using cached redis-5.0.1-py3-none-any.whl.metadata (8.9 kB)
2026-01-26T01:31:14.9729052Z Collecting limits==3.7.0 (from -r web_service/backend/requirements.txt (line 73))
2026-01-26T01:31:14.9741831Z   Using cached limits-3.7.0-py3-none-any.whl.metadata (7.3 kB)
2026-01-26T01:31:14.9877995Z Collecting slowapi==0.1.9 (from -r web_service/backend/requirements.txt (line 74))
2026-01-26T01:31:14.9890694Z   Using cached slowapi-0.1.9-py3-none-any.whl.metadata (3.0 kB)
2026-01-26T01:31:15.0014503Z Collecting tenacity==8.2.3 (from -r web_service/backend/requirements.txt (line 75))
2026-01-26T01:31:15.0027116Z   Using cached tenacity-8.2.3-py3-none-any.whl.metadata (1.0 kB)
2026-01-26T01:31:15.0182686Z Collecting pywebview==5.4 (from -r web_service/backend/requirements.txt (line 78))
2026-01-26T01:31:15.0195310Z   Using cached pywebview-5.4-py3-none-any.whl.metadata (4.5 kB)
2026-01-26T01:31:15.0364375Z Collecting bottle==0.13.4 (from -r web_service/backend/requirements.txt (line 79))
2026-01-26T01:31:15.0377073Z   Using cached bottle-0.13.4-py2.py3-none-any.whl.metadata (1.6 kB)
2026-01-26T01:31:15.0452748Z Collecting proxy-tools==0.1.0 (from -r web_service/backend/requirements.txt (line 80))
2026-01-26T01:31:15.0453890Z   Using cached proxy_tools-0.1.0-py3-none-any.whl
2026-01-26T01:31:15.1181311Z Collecting psutil==5.9.6 (from -r web_service/backend/requirements.txt (line 84))
2026-01-26T01:31:15.1195712Z   Using cached psutil-5.9.6-cp36-abi3-manylinux_2_12_x86_64.manylinux2010_x86_64.manylinux_2_17_x86_64.manylinux2014_x86_64.whl.metadata (21 kB)
2026-01-26T01:31:15.1352080Z Collecting structlog==23.2.0 (from -r web_service/backend/requirements.txt (line 87))
2026-01-26T01:31:15.1364740Z   Using cached structlog-23.2.0-py3-none-any.whl.metadata (7.6 kB)
2026-01-26T01:31:15.1837727Z Collecting black==23.12.0 (from -r web_service/backend/requirements.txt (line 90))
2026-01-26T01:31:15.1851352Z   Using cached black-23.12.0-cp311-cp311-manylinux_2_17_x86_64.manylinux2014_x86_64.whl.metadata (68 kB)
2026-01-26T01:31:15.2286293Z Collecting pyinstaller==6.1.0 (from -r web_service/backend/requirements.txt (line 91))
2026-01-26T01:31:15.2299428Z   Using cached pyinstaller-6.1.0-py3-none-manylinux2014_x86_64.whl.metadata (8.2 kB)
2026-01-26T01:31:15.2480819Z Collecting pyinstaller-hooks-contrib==2023.11 (from -r web_service/backend/requirements.txt (line 92))
2026-01-26T01:31:15.2494126Z   Using cached pyinstaller_hooks_contrib-2023.11-py2.py3-none-any.whl.metadata (15 kB)
2026-01-26T01:31:15.2599053Z Collecting altgraph==0.17.3 (from -r web_service/backend/requirements.txt (line 93))
2026-01-26T01:31:15.2612367Z   Using cached altgraph-0.17.3-py2.py3-none-any.whl.metadata (7.4 kB)
2026-01-26T01:31:15.2780129Z Collecting wheel==0.41.2 (from -r web_service/backend/requirements.txt (line 94))
2026-01-26T01:31:15.2793122Z   Using cached wheel-0.41.2-py3-none-any.whl.metadata (2.2 kB)
2026-01-26T01:31:15.2904268Z Collecting build==1.0.3 (from -r web_service/backend/requirements.txt (line 95))
2026-01-26T01:31:15.2917013Z   Using cached build-1.0.3-py3-none-any.whl.metadata (4.2 kB)
2026-01-26T01:31:15.3184339Z Collecting pip-tools==7.3.0 (from -r web_service/backend/requirements.txt (line 96))
2026-01-26T01:31:15.3196988Z   Using cached pip_tools-7.3.0-py3-none-any.whl.metadata (23 kB)
2026-01-26T01:31:15.3504391Z Collecting pytest==7.4.3 (from -r web_service/backend/requirements.txt (line 99))
2026-01-26T01:31:15.3517484Z   Using cached pytest-7.4.3-py3-none-any.whl.metadata (7.9 kB)
2026-01-26T01:31:15.3707628Z Collecting pytest-asyncio==0.21.1 (from -r web_service/backend/requirements.txt (line 100))
2026-01-26T01:31:15.3721185Z   Using cached pytest_asyncio-0.21.1-py3-none-any.whl.metadata (4.0 kB)
2026-01-26T01:31:15.3803844Z Collecting iniconfig==2.0.0 (from -r web_service/backend/requirements.txt (line 101))
2026-01-26T01:31:15.3817274Z   Using cached iniconfig-2.0.0-py3-none-any.whl.metadata (2.6 kB)
2026-01-26T01:31:15.3911628Z Collecting pluggy==1.3.0 (from -r web_service/backend/requirements.txt (line 102))
2026-01-26T01:31:15.3925179Z   Using cached pluggy-1.3.0-py3-none-any.whl.metadata (4.3 kB)
2026-01-26T01:31:15.4059392Z Collecting packaging==23.2 (from -r web_service/backend/requirements.txt (line 103))
2026-01-26T01:31:15.4073394Z   Using cached packaging-23.2-py3-none-any.whl.metadata (3.2 kB)
2026-01-26T01:31:15.4240418Z Collecting typing-extensions==4.10.0 (from -r web_service/backend/requirements.txt (line 106))
2026-01-26T01:31:15.4287640Z   Downloading typing_extensions-4.10.0-py3-none-any.whl.metadata (3.0 kB)
2026-01-26T01:31:15.4384703Z Collecting typing-inspect==0.9.0 (from -r web_service/backend/requirements.txt (line 107))
2026-01-26T01:31:15.4398549Z   Using cached typing_inspect-0.9.0-py3-none-any.whl.metadata (1.5 kB)
2026-01-26T01:31:15.4473074Z Collecting annotated-types==0.6.0 (from -r web_service/backend/requirements.txt (line 108))
2026-01-26T01:31:15.4486345Z   Using cached annotated_types-0.6.0-py3-none-any.whl.metadata (12 kB)
2026-01-26T01:31:15.4613807Z Collecting mypy-extensions==1.0.0 (from -r web_service/backend/requirements.txt (line 111))
2026-01-26T01:31:15.4627977Z   Using cached mypy_extensions-1.0.0-py3-none-any.whl.metadata (1.1 kB)
2026-01-26T01:31:15.4734949Z Collecting pathspec==0.11.2 (from -r web_service/backend/requirements.txt (line 112))
2026-01-26T01:31:15.4748319Z   Using cached pathspec-0.11.2-py3-none-any.whl.metadata (19 kB)
2026-01-26T01:31:15.5592970Z Collecting platformdirs==4.2.0 (from -r web_service/backend/requirements.txt (line 113))
2026-01-26T01:31:15.5679393Z   Downloading platformdirs-4.2.0-py3-none-any.whl.metadata (11 kB)
2026-01-26T01:31:15.5846486Z Collecting more-itertools==10.1.0 (from -r web_service/backend/requirements.txt (line 114))
2026-01-26T01:31:15.5859996Z   Using cached more_itertools-10.1.0-py3-none-any.whl.metadata (33 kB)
2026-01-26T01:31:15.5951225Z Collecting jaraco.classes==3.3.1 (from -r web_service/backend/requirements.txt (line 115))
2026-01-26T01:31:15.5964731Z   Using cached jaraco.classes-3.3.1-py3-none-any.whl.metadata (2.7 kB)
2026-01-26T01:31:15.6066004Z Collecting jaraco.context==5.3.0 (from -r web_service/backend/requirements.txt (line 116))
2026-01-26T01:31:15.6079422Z   Using cached jaraco.context-5.3.0-py3-none-any.whl.metadata (4.0 kB)
2026-01-26T01:31:15.6208174Z Collecting jaraco.functools==4.0.0 (from -r web_service/backend/requirements.txt (line 117))
2026-01-26T01:31:15.6221874Z   Using cached jaraco.functools-4.0.0-py3-none-any.whl.metadata (3.1 kB)
2026-01-26T01:31:15.6323406Z Collecting deprecated==1.2.14 (from -r web_service/backend/requirements.txt (line 118))
2026-01-26T01:31:15.6337126Z   Using cached Deprecated-1.2.14-py2.py3-none-any.whl.metadata (5.4 kB)
2026-01-26T01:31:15.6411953Z Collecting sniffio==1.3.0 (from -r web_service/backend/requirements.txt (line 119))
2026-01-26T01:31:15.6425582Z   Using cached sniffio-1.3.0-py3-none-any.whl.metadata (3.6 kB)
2026-01-26T01:31:15.7785265Z Collecting wrapt==1.16.0 (from -r web_service/backend/requirements.txt (line 120))
2026-01-26T01:31:15.7799996Z   Using cached wrapt-1.16.0-cp311-cp311-manylinux_2_5_x86_64.manylinux1_x86_64.manylinux_2_17_x86_64.manylinux2014_x86_64.whl.metadata (6.6 kB)
2026-01-26T01:31:15.8476865Z Collecting watchfiles==0.20.0 (from -r web_service/backend/requirements.txt (line 121))
2026-01-26T01:31:15.8491496Z   Using cached watchfiles-0.20.0-cp37-abi3-manylinux_2_17_x86_64.manylinux2014_x86_64.whl.metadata (4.9 kB)
2026-01-26T01:31:15.8650758Z Collecting pygments==2.17.2 (from -r web_service/backend/requirements.txt (line 122))
2026-01-26T01:31:15.8664417Z   Using cached pygments-2.17.2-py3-none-any.whl.metadata (2.6 kB)
2026-01-26T01:31:16.1257640Z Collecting importlib-metadata>=4.11.4 (from keyring==24.3.0->-r web_service/backend/requirements.txt (line 68))
2026-01-26T01:31:16.1271605Z   Using cached importlib_metadata-8.7.1-py3-none-any.whl.metadata (4.7 kB)
2026-01-26T01:31:16.1604433Z Collecting importlib-resources>=1.3 (from limits==3.7.0->-r web_service/backend/requirements.txt (line 73))
2026-01-26T01:31:16.1617285Z   Using cached importlib_resources-6.5.2-py3-none-any.whl.metadata (3.9 kB)
2026-01-26T01:31:16.7629193Z Collecting aiohttp>=3.7.4 (from black==23.12.0->-r web_service/backend/requirements.txt (line 90))
2026-01-26T01:31:16.7644573Z   Using cached aiohttp-3.13.3-cp311-cp311-manylinux2014_x86_64.manylinux_2_17_x86_64.manylinux_2_28_x86_64.whl.metadata (8.1 kB)
2026-01-26T01:31:16.7703674Z Requirement already satisfied: setuptools>=42.0.0 in /opt/hostedtoolcache/Python/3.11.14/x64/lib/python3.11/site-packages (from pyinstaller==6.1.0->-r web_service/backend/requirements.txt (line 91)) (80.10.2)
2026-01-26T01:31:16.7962692Z Collecting pyproject_hooks (from build==1.0.3->-r web_service/backend/requirements.txt (line 95))
2026-01-26T01:31:16.7975920Z   Using cached pyproject_hooks-1.2.0-py3-none-any.whl.metadata (1.3 kB)
2026-01-26T01:31:16.8016433Z Requirement already satisfied: pip>=22.2 in /opt/hostedtoolcache/Python/3.11.14/x64/lib/python3.11/site-packages (from pip-tools==7.3.0->-r web_service/backend/requirements.txt (line 96)) (25.3)
2026-01-26T01:31:16.8507282Z Collecting backports.tarfile (from jaraco.context==5.3.0->-r web_service/backend/requirements.txt (line 116))
2026-01-26T01:31:16.8521459Z   Using cached backports.tarfile-1.2.0-py3-none-any.whl.metadata (2.0 kB)
2026-01-26T01:31:16.9215900Z Collecting uvloop!=0.15.0,!=0.15.1,>=0.14.0 (from uvicorn[standard]==0.24.0->-r web_service/backend/requirements.txt (line 12))
2026-01-26T01:31:16.9229898Z   Using cached uvloop-0.22.1-cp311-cp311-manylinux2014_x86_64.manylinux_2_17_x86_64.manylinux_2_28_x86_64.whl.metadata (4.9 kB)
2026-01-26T01:31:17.1069530Z Collecting lxml>=6.0.2 (from scrapling>=0.3.7->scrapling[fetchers]>=0.3.7->-r web_service/backend/requirements.txt (line 55))
2026-01-26T01:31:17.1111543Z   Downloading lxml-6.0.2-cp311-cp311-manylinux_2_26_x86_64.manylinux_2_28_x86_64.whl.metadata (3.6 kB)
2026-01-26T01:31:17.1239610Z Collecting cssselect>=1.3.0 (from scrapling>=0.3.7->scrapling[fetchers]>=0.3.7->-r web_service/backend/requirements.txt (line 55))
2026-01-26T01:31:17.1299970Z   Downloading cssselect-1.3.0-py3-none-any.whl.metadata (2.6 kB)
2026-01-26T01:31:17.3637251Z Collecting orjson>=3.11.5 (from scrapling>=0.3.7->scrapling[fetchers]>=0.3.7->-r web_service/backend/requirements.txt (line 55))
2026-01-26T01:31:17.3653307Z   Using cached orjson-3.11.5-cp311-cp311-manylinux_2_17_x86_64.manylinux2014_x86_64.whl.metadata (41 kB)
2026-01-26T01:31:17.3828098Z Collecting tldextract>=5.3.1 (from scrapling>=0.3.7->scrapling[fetchers]>=0.3.7->-r web_service/backend/requirements.txt (line 55))
2026-01-26T01:31:17.3876915Z   Downloading tldextract-5.3.1-py3-none-any.whl.metadata (7.3 kB)
2026-01-26T01:31:17.4028372Z Collecting browserforge<2.0.0,>=1.2.1 (from camoufox>=0.1.7->-r web_service/backend/requirements.txt (line 56))
2026-01-26T01:31:17.4071234Z   Downloading browserforge-1.2.3-py3-none-any.whl.metadata (28 kB)
2026-01-26T01:31:17.4195383Z Collecting language-tags (from camoufox>=0.1.7->-r web_service/backend/requirements.txt (line 56))
2026-01-26T01:31:17.4237117Z   Downloading language_tags-1.2.0-py3-none-any.whl.metadata (2.1 kB)
2026-01-26T01:31:17.4646539Z Collecting playwright (from camoufox>=0.1.7->-r web_service/backend/requirements.txt (line 56))
2026-01-26T01:31:17.4687097Z   Downloading playwright-1.57.0-py3-none-manylinux1_x86_64.whl.metadata (3.5 kB)
2026-01-26T01:31:17.4792885Z Collecting pysocks (from camoufox>=0.1.7->-r web_service/backend/requirements.txt (line 56))
2026-01-26T01:31:17.4825468Z   Downloading PySocks-1.7.1-py3-none-any.whl.metadata (13 kB)
2026-01-26T01:31:17.5547093Z Collecting screeninfo (from camoufox>=0.1.7->-r web_service/backend/requirements.txt (line 56))
2026-01-26T01:31:17.5588196Z   Downloading screeninfo-0.8.1-py3-none-any.whl.metadata (2.9 kB)
2026-01-26T01:31:17.5917583Z Collecting tqdm (from camoufox>=0.1.7->-r web_service/backend/requirements.txt (line 56))
2026-01-26T01:31:17.5950460Z   Downloading tqdm-4.67.1-py3-none-any.whl.metadata (57 kB)
2026-01-26T01:31:17.6167665Z Collecting ua_parser (from camoufox>=0.1.7->-r web_service/backend/requirements.txt (line 56))
2026-01-26T01:31:17.6208247Z   Downloading ua_parser-1.0.1-py3-none-any.whl.metadata (5.6 kB)
2026-01-26T01:31:17.6430785Z Collecting aiohappyeyeballs>=2.5.0 (from aiohttp>=3.7.4->black==23.12.0->-r web_service/backend/requirements.txt (line 90))
2026-01-26T01:31:17.6444574Z   Using cached aiohappyeyeballs-2.6.1-py3-none-any.whl.metadata (5.9 kB)
2026-01-26T01:31:17.6528751Z Collecting aiosignal>=1.4.0 (from aiohttp>=3.7.4->black==23.12.0->-r web_service/backend/requirements.txt (line 90))
2026-01-26T01:31:17.6542162Z   Using cached aiosignal-1.4.0-py3-none-any.whl.metadata (3.7 kB)
2026-01-26T01:31:17.6664394Z Collecting attrs>=17.3.0 (from aiohttp>=3.7.4->black==23.12.0->-r web_service/backend/requirements.txt (line 90))
2026-01-26T01:31:17.6677622Z   Using cached attrs-25.4.0-py3-none-any.whl.metadata (10 kB)
2026-01-26T01:31:17.7319959Z Collecting frozenlist>=1.1.1 (from aiohttp>=3.7.4->black==23.12.0->-r web_service/backend/requirements.txt (line 90))
2026-01-26T01:31:17.7338281Z   Using cached frozenlist-1.8.0-cp311-cp311-manylinux1_x86_64.manylinux_2_28_x86_64.manylinux_2_5_x86_64.whl.metadata (20 kB)
2026-01-26T01:31:18.1885274Z Collecting multidict<7.0,>=4.5 (from aiohttp>=3.7.4->black==23.12.0->-r web_service/backend/requirements.txt (line 90))
2026-01-26T01:31:18.1900253Z   Using cached multidict-6.7.0-cp311-cp311-manylinux2014_x86_64.manylinux_2_17_x86_64.manylinux_2_28_x86_64.whl.metadata (5.3 kB)
2026-01-26T01:31:18.2406104Z Collecting propcache>=0.2.0 (from aiohttp>=3.7.4->black==23.12.0->-r web_service/backend/requirements.txt (line 90))
2026-01-26T01:31:18.2419864Z   Using cached propcache-0.4.1-cp311-cp311-manylinux2014_x86_64.manylinux_2_17_x86_64.manylinux_2_28_x86_64.whl.metadata (13 kB)
2026-01-26T01:31:18.4735747Z Collecting yarl<2.0,>=1.17.0 (from aiohttp>=3.7.4->black==23.12.0->-r web_service/backend/requirements.txt (line 90))
2026-01-26T01:31:18.4750309Z   Using cached yarl-1.22.0-cp311-cp311-manylinux2014_x86_64.manylinux_2_17_x86_64.manylinux_2_28_x86_64.whl.metadata (75 kB)
2026-01-26T01:31:18.5296739Z Collecting zipp>=3.20 (from importlib-metadata>=4.11.4->keyring==24.3.0->-r web_service/backend/requirements.txt (line 68))
2026-01-26T01:31:18.5310266Z   Using cached zipp-3.23.0-py3-none-any.whl.metadata (3.6 kB)
2026-01-26T01:31:18.5893005Z Collecting curl_cffi>=0.14.0 (from scrapling[fetchers]>=0.3.7->-r web_service/backend/requirements.txt (line 55))
2026-01-26T01:31:18.5938342Z   Downloading curl_cffi-0.14.0-cp39-abi3-manylinux_2_26_x86_64.manylinux_2_28_x86_64.whl.metadata (15 kB)
2026-01-26T01:31:18.6042724Z Collecting playwright (from camoufox>=0.1.7->-r web_service/backend/requirements.txt (line 56))
2026-01-26T01:31:18.6092665Z   Downloading playwright-1.56.0-py3-none-manylinux1_x86_64.whl.metadata (3.5 kB)
2026-01-26T01:31:18.6272830Z Collecting patchright==1.56.0 (from scrapling[fetchers]>=0.3.7->-r web_service/backend/requirements.txt (line 55))
2026-01-26T01:31:18.6324123Z   Downloading patchright-1.56.0-py3-none-manylinux1_x86_64.whl.metadata (12 kB)
2026-01-26T01:31:18.6877608Z Collecting msgspec>=0.20.0 (from scrapling[fetchers]>=0.3.7->-r web_service/backend/requirements.txt (line 55))
2026-01-26T01:31:18.6936113Z   Downloading msgspec-0.20.0-cp311-cp311-manylinux2014_x86_64.manylinux_2_17_x86_64.manylinux_2_28_x86_64.whl.metadata (5.5 kB)
2026-01-26T01:31:18.7150509Z Collecting pyee<14,>=13 (from patchright==1.56.0->scrapling[fetchers]>=0.3.7->-r web_service/backend/requirements.txt (line 55))
2026-01-26T01:31:18.7188225Z   Downloading pyee-13.0.0-py3-none-any.whl.metadata (2.9 kB)
2026-01-26T01:31:18.7622784Z Collecting requests-file>=1.4 (from tldextract>=5.3.1->scrapling>=0.3.7->scrapling[fetchers]>=0.3.7->-r web_service/backend/requirements.txt (line 55))
2026-01-26T01:31:18.7654438Z   Downloading requests_file-3.0.1-py2.py3-none-any.whl.metadata (1.7 kB)
2026-01-26T01:31:18.7856981Z Collecting filelock>=3.0.8 (from tldextract>=5.3.1->scrapling>=0.3.7->scrapling[fetchers]>=0.3.7->-r web_service/backend/requirements.txt (line 55))
2026-01-26T01:31:18.7869661Z   Using cached filelock-3.20.3-py3-none-any.whl.metadata (2.1 kB)
2026-01-26T01:31:18.8294789Z Collecting ua-parser-builtins (from ua_parser->camoufox>=0.1.7->-r web_service/backend/requirements.txt (line 56))
2026-01-26T01:31:18.8336045Z   Downloading ua_parser_builtins-202601-py3-none-any.whl.metadata (1.6 kB)
2026-01-26T01:31:18.8429503Z Using cached fastapi-0.104.1-py3-none-any.whl (92 kB)
2026-01-26T01:31:18.8443220Z Using cached starlette-0.27.0-py3-none-any.whl (66 kB)
2026-01-26T01:31:18.8456649Z Using cached pydantic-2.5.0-py3-none-any.whl (407 kB)
2026-01-26T01:31:18.8472547Z Using cached anyio-3.7.1-py3-none-any.whl (80 kB)
2026-01-26T01:31:18.8485637Z Using cached uvicorn-0.24.0-py3-none-any.whl (59 kB)
2026-01-26T01:31:18.8499112Z Using cached pydantic_core-2.14.1-cp311-cp311-manylinux_2_17_x86_64.manylinux2014_x86_64.whl (2.1 MB)
2026-01-26T01:31:18.8526331Z Using cached pydantic_settings-2.1.0-py3-none-any.whl (11 kB)
2026-01-26T01:31:18.8540372Z Using cached h11-0.14.0-py3-none-any.whl (58 kB)
2026-01-26T01:31:18.8553972Z Using cached h2-4.1.0-py3-none-any.whl (57 kB)
2026-01-26T01:31:18.8567351Z Using cached hpack-4.0.0-py3-none-any.whl (32 kB)
2026-01-26T01:31:18.8580541Z Using cached hyperframe-6.1.0-py3-none-any.whl (13 kB)
2026-01-26T01:31:18.8593981Z Using cached httpcore-1.0.2-py3-none-any.whl (76 kB)
2026-01-26T01:31:18.8607957Z Using cached httptools-0.6.1-cp311-cp311-manylinux_2_5_x86_64.manylinux1_x86_64.manylinux_2_17_x86_64.manylinux2014_x86_64.whl (318 kB)
2026-01-26T01:31:18.8622843Z Using cached httpx-0.25.2-py3-none-any.whl (74 kB)
2026-01-26T01:31:18.8637273Z Using cached websockets-12.0-cp311-cp311-manylinux_2_5_x86_64.manylinux1_x86_64.manylinux_2_17_x86_64.manylinux2014_x86_64.whl (130 kB)
2026-01-26T01:31:18.8650804Z Using cached wsproto-1.2.0-py3-none-any.whl (24 kB)
2026-01-26T01:31:18.8664410Z Using cached requests-2.31.0-py3-none-any.whl (62 kB)
2026-01-26T01:31:18.8677763Z Using cached urllib3-2.1.0-py3-none-any.whl (104 kB)
2026-01-26T01:31:18.8691874Z Using cached charset_normalizer-3.3.2-cp311-cp311-manylinux_2_17_x86_64.manylinux2014_x86_64.whl (140 kB)
2026-01-26T01:31:18.8705587Z Using cached idna-3.6-py3-none-any.whl (61 kB)
2026-01-26T01:31:18.8719595Z Using cached SQLAlchemy-2.0.23-cp311-cp311-manylinux_2_17_x86_64.manylinux2014_x86_64.whl (3.2 MB)
2026-01-26T01:31:18.8755142Z Using cached aiosqlite-0.19.0-py3-none-any.whl (15 kB)
2026-01-26T01:31:18.8768569Z Using cached psycopg2_binary-2.9.9-cp311-cp311-manylinux_2_17_x86_64.manylinux2014_x86_64.whl (3.0 MB)
2026-01-26T01:31:18.8855222Z Downloading numpy-1.25.0-cp311-cp311-manylinux_2_17_x86_64.manylinux2014_x86_64.whl (17.6 MB)
2026-01-26T01:31:19.0653072Z    ━━━━━━━━━━━━━━━━━━━━━━━━━━━━━━━━━━━━━━━━ 17.6/17.6 MB 101.0 MB/s  0:00:00
2026-01-26T01:31:19.0666700Z Using cached pandas-2.0.3-cp311-cp311-manylinux_2_17_x86_64.manylinux2014_x86_64.whl (12.2 MB)
2026-01-26T01:31:19.0766830Z Using cached python_dateutil-2.8.2-py2.py3-none-any.whl (247 kB)
2026-01-26T01:31:19.0781486Z Using cached pytz-2023.3.post1-py2.py3-none-any.whl (502 kB)
2026-01-26T01:31:19.0797872Z Using cached tzdata-2023.3-py2.py3-none-any.whl (341 kB)
2026-01-26T01:31:19.0813220Z Using cached six-1.16.0-py2.py3-none-any.whl (11 kB)
2026-01-26T01:31:19.0826191Z Using cached beautifulsoup4-4.12.2-py3-none-any.whl (142 kB)
2026-01-26T01:31:19.0840200Z Using cached soupsieve-2.5-py3-none-any.whl (36 kB)
2026-01-26T01:31:19.0853321Z Using cached selectolax-0.3.20-cp311-cp311-manylinux_2_17_x86_64.manylinux2014_x86_64.whl (6.7 MB)
2026-01-26T01:31:19.0913162Z Using cached python_dotenv-1.0.0-py3-none-any.whl (19 kB)
2026-01-26T01:31:19.0926157Z Using cached PyYAML-6.0.1-cp311-cp311-manylinux_2_17_x86_64.manylinux2014_x86_64.whl (757 kB)
2026-01-26T01:31:19.0944216Z Using cached cryptography-41.0.7-cp37-abi3-manylinux_2_28_x86_64.whl (4.4 MB)
2026-01-26T01:31:19.1008809Z Using cached cffi-1.16.0-cp311-cp311-manylinux_2_17_x86_64.manylinux2014_x86_64.whl (464 kB)
2026-01-26T01:31:19.1009704Z Using cached pycparser-2.21-py2.py3-none-any.whl (118 kB)
2026-01-26T01:31:19.1018707Z Using cached secretstorage-3.5.0-py3-none-any.whl (15 kB)
2026-01-26T01:31:19.1031888Z Using cached keyring-24.3.0-py3-none-any.whl (38 kB)
2026-01-26T01:31:19.1045317Z Using cached jeepney-0.9.0-py3-none-any.whl (49 kB)
2026-01-26T01:31:19.1058482Z Using cached redis-5.0.1-py3-none-any.whl (250 kB)
2026-01-26T01:31:19.1073056Z Using cached limits-3.7.0-py3-none-any.whl (43 kB)
2026-01-26T01:31:19.1086335Z Using cached packaging-23.2-py3-none-any.whl (53 kB)
2026-01-26T01:31:19.1099801Z Using cached slowapi-0.1.9-py3-none-any.whl (14 kB)
2026-01-26T01:31:19.1113121Z Using cached tenacity-8.2.3-py3-none-any.whl (24 kB)
2026-01-26T01:31:19.1126266Z Using cached pywebview-5.4-py3-none-any.whl (475 kB)
2026-01-26T01:31:19.1142644Z Using cached bottle-0.13.4-py2.py3-none-any.whl (103 kB)
2026-01-26T01:31:19.1157144Z Using cached psutil-5.9.6-cp36-abi3-manylinux_2_12_x86_64.manylinux2010_x86_64.manylinux_2_17_x86_64.manylinux2014_x86_64.whl (283 kB)
2026-01-26T01:31:19.1172183Z Using cached structlog-23.2.0-py3-none-any.whl (62 kB)
2026-01-26T01:31:19.1185925Z Using cached black-23.12.0-cp311-cp311-manylinux_2_17_x86_64.manylinux2014_x86_64.whl (1.7 MB)
2026-01-26T01:31:19.1211738Z Using cached pyinstaller-6.1.0-py3-none-manylinux2014_x86_64.whl (658 kB)
2026-01-26T01:31:19.1229854Z Using cached pyinstaller_hooks_contrib-2023.11-py2.py3-none-any.whl (294 kB)
2026-01-26T01:31:19.1245251Z Using cached altgraph-0.17.3-py2.py3-none-any.whl (21 kB)
2026-01-26T01:31:19.1258480Z Using cached wheel-0.41.2-py3-none-any.whl (64 kB)
2026-01-26T01:31:19.1271730Z Using cached build-1.0.3-py3-none-any.whl (18 kB)
2026-01-26T01:31:19.1284974Z Using cached pip_tools-7.3.0-py3-none-any.whl (57 kB)
2026-01-26T01:31:19.1298376Z Using cached pytest-7.4.3-py3-none-any.whl (325 kB)
2026-01-26T01:31:19.1314380Z Using cached pluggy-1.3.0-py3-none-any.whl (18 kB)
2026-01-26T01:31:19.1327665Z Using cached pytest_asyncio-0.21.1-py3-none-any.whl (13 kB)
2026-01-26T01:31:19.1341111Z Using cached iniconfig-2.0.0-py3-none-any.whl (5.9 kB)
2026-01-26T01:31:19.1387115Z Downloading typing_extensions-4.10.0-py3-none-any.whl (33 kB)
2026-01-26T01:31:19.1422423Z Using cached typing_inspect-0.9.0-py3-none-any.whl (8.8 kB)
2026-01-26T01:31:19.1435615Z Using cached annotated_types-0.6.0-py3-none-any.whl (12 kB)
2026-01-26T01:31:19.1448857Z Using cached mypy_extensions-1.0.0-py3-none-any.whl (4.7 kB)
2026-01-26T01:31:19.1462157Z Using cached pathspec-0.11.2-py3-none-any.whl (29 kB)
2026-01-26T01:31:19.1505314Z Downloading platformdirs-4.2.0-py3-none-any.whl (17 kB)
2026-01-26T01:31:19.1537575Z Using cached more_itertools-10.1.0-py3-none-any.whl (55 kB)
2026-01-26T01:31:19.1551148Z Using cached jaraco.classes-3.3.1-py3-none-any.whl (6.8 kB)
2026-01-26T01:31:19.1564349Z Using cached jaraco.context-5.3.0-py3-none-any.whl (6.5 kB)
2026-01-26T01:31:19.1577487Z Using cached jaraco.functools-4.0.0-py3-none-any.whl (9.8 kB)
2026-01-26T01:31:19.1590569Z Using cached Deprecated-1.2.14-py2.py3-none-any.whl (9.6 kB)
2026-01-26T01:31:19.1604564Z Using cached wrapt-1.16.0-cp311-cp311-manylinux_2_5_x86_64.manylinux1_x86_64.manylinux_2_17_x86_64.manylinux2014_x86_64.whl (80 kB)
2026-01-26T01:31:19.1617970Z Using cached sniffio-1.3.0-py3-none-any.whl (10 kB)
2026-01-26T01:31:19.1631844Z Using cached watchfiles-0.20.0-cp37-abi3-manylinux_2_17_x86_64.manylinux2014_x86_64.whl (1.3 MB)
2026-01-26T01:31:19.1654036Z Using cached pygments-2.17.2-py3-none-any.whl (1.2 MB)
2026-01-26T01:31:19.1696216Z Downloading certifi-2026.1.4-py3-none-any.whl (152 kB)
2026-01-26T01:31:19.1756416Z Downloading greenlet-3.3.1-cp311-cp311-manylinux_2_24_x86_64.manylinux_2_28_x86_64.whl (590 kB)
2026-01-26T01:31:19.1831830Z    ━━━━━━━━━━━━━━━━━━━━━━━━━━━━━━━━━━━━━━━━ 590.3/590.3 kB 86.9 MB/s  0:00:00
2026-01-26T01:31:19.1901800Z Downloading scrapling-0.3.14-py3-none-any.whl (104 kB)
2026-01-26T01:31:19.1970751Z Downloading camoufox-0.4.11-py3-none-any.whl (71 kB)
2026-01-26T01:31:19.2037366Z Downloading browserforge-1.2.3-py3-none-any.whl (39 kB)
2026-01-26T01:31:19.2093786Z Downloading click-8.3.1-py3-none-any.whl (108 kB)
2026-01-26T01:31:19.2130073Z Using cached aiohttp-3.13.3-cp311-cp311-manylinux2014_x86_64.manylinux_2_17_x86_64.manylinux_2_28_x86_64.whl (1.7 MB)
2026-01-26T01:31:19.2156032Z Using cached multidict-6.7.0-cp311-cp311-manylinux2014_x86_64.manylinux_2_17_x86_64.manylinux_2_28_x86_64.whl (246 kB)
2026-01-26T01:31:19.2171150Z Using cached yarl-1.22.0-cp311-cp311-manylinux2014_x86_64.manylinux_2_17_x86_64.manylinux_2_28_x86_64.whl (365 kB)
2026-01-26T01:31:19.2186750Z Using cached aiohappyeyeballs-2.6.1-py3-none-any.whl (15 kB)
2026-01-26T01:31:19.2200010Z Using cached aiosignal-1.4.0-py3-none-any.whl (7.5 kB)
2026-01-26T01:31:19.2213420Z Using cached attrs-25.4.0-py3-none-any.whl (67 kB)
2026-01-26T01:31:19.2266648Z Downloading cssselect-1.3.0-py3-none-any.whl (18 kB)
2026-01-26T01:31:19.2299536Z Using cached frozenlist-1.8.0-cp311-cp311-manylinux1_x86_64.manylinux_2_28_x86_64.manylinux_2_5_x86_64.whl (231 kB)
2026-01-26T01:31:19.2314209Z Using cached importlib_metadata-8.7.1-py3-none-any.whl (27 kB)
2026-01-26T01:31:19.2327536Z Using cached importlib_resources-6.5.2-py3-none-any.whl (37 kB)
2026-01-26T01:31:19.2374644Z Downloading lxml-6.0.2-cp311-cp311-manylinux_2_26_x86_64.manylinux_2_28_x86_64.whl (5.2 MB)
2026-01-26T01:31:19.2856894Z    ━━━━━━━━━━━━━━━━━━━━━━━━━━━━━━━━━━━━━━━━ 5.2/5.2 MB 108.2 MB/s  0:00:00
2026-01-26T01:31:19.2931636Z Downloading orjson-3.11.5-cp311-cp311-manylinux_2_17_x86_64.manylinux2014_x86_64.whl (138 kB)
2026-01-26T01:31:19.2972221Z Using cached propcache-0.4.1-cp311-cp311-manylinux2014_x86_64.manylinux_2_17_x86_64.manylinux_2_28_x86_64.whl (210 kB)
2026-01-26T01:31:19.3057399Z Downloading patchright-1.56.0-py3-none-manylinux1_x86_64.whl (46.2 MB)
2026-01-26T01:31:19.6859060Z    ━━━━━━━━━━━━━━━━━━━━━━━━━━━━━━━━━━━━━━━━ 46.2/46.2 MB 123.8 MB/s  0:00:00
2026-01-26T01:31:19.6905656Z Downloading playwright-1.56.0-py3-none-manylinux1_x86_64.whl (46.3 MB)
2026-01-26T01:31:19.9505707Z    ━━━━━━━━━━━━━━━━━━━━━━━━━━━━━━━━━━━━━━━━ 46.3/46.3 MB 178.8 MB/s  0:00:00
2026-01-26T01:31:19.9549714Z Downloading pyee-13.0.0-py3-none-any.whl (15 kB)
2026-01-26T01:31:19.9620768Z Downloading curl_cffi-0.14.0-cp39-abi3-manylinux_2_26_x86_64.manylinux_2_28_x86_64.whl (8.7 MB)
2026-01-26T01:31:20.0124563Z    ━━━━━━━━━━━━━━━━━━━━━━━━━━━━━━━━━━━━━━━━ 8.7/8.7 MB 176.1 MB/s  0:00:00
2026-01-26T01:31:20.0176466Z Downloading msgspec-0.20.0-cp311-cp311-manylinux2014_x86_64.manylinux_2_17_x86_64.manylinux_2_28_x86_64.whl (219 kB)
2026-01-26T01:31:20.0237485Z Downloading tldextract-5.3.1-py3-none-any.whl (105 kB)
2026-01-26T01:31:20.0272940Z Using cached filelock-3.20.3-py3-none-any.whl (16 kB)
2026-01-26T01:31:20.0308214Z Downloading requests_file-3.0.1-py2.py3-none-any.whl (4.5 kB)
2026-01-26T01:31:20.0340295Z Using cached uvloop-0.22.1-cp311-cp311-manylinux2014_x86_64.manylinux_2_17_x86_64.manylinux_2_28_x86_64.whl (3.8 MB)
2026-01-26T01:31:20.0379777Z Using cached zipp-3.23.0-py3-none-any.whl (10 kB)
2026-01-26T01:31:20.0392889Z Using cached backports.tarfile-1.2.0-py3-none-any.whl (30 kB)
2026-01-26T01:31:20.0439611Z Downloading language_tags-1.2.0-py3-none-any.whl (213 kB)
2026-01-26T01:31:20.0480806Z Using cached pyproject_hooks-1.2.0-py3-none-any.whl (10 kB)
2026-01-26T01:31:20.0519764Z Downloading PySocks-1.7.1-py3-none-any.whl (16 kB)
2026-01-26T01:31:20.0582869Z Downloading screeninfo-0.8.1-py3-none-any.whl (12 kB)
2026-01-26T01:31:20.0638326Z Downloading tqdm-4.67.1-py3-none-any.whl (78 kB)
2026-01-26T01:31:20.0704525Z Downloading ua_parser-1.0.1-py3-none-any.whl (31 kB)
2026-01-26T01:31:20.0775204Z Downloading ua_parser_builtins-202601-py3-none-any.whl (89 kB)
2026-01-26T01:31:20.4583606Z Installing collected packages: selectolax, pytz, proxy-tools, language-tags, bottle, altgraph, zipp, wrapt, wheel, websockets, uvloop, urllib3, ua-parser-builtins, tzdata, typing-extensions, tqdm, tenacity, structlog, soupsieve, sniffio, six, screeninfo, redis, pyyaml, python-dotenv, pysocks, pyproject_hooks, pyinstaller-hooks-contrib, pygments, pycparser, psycopg2-binary, psutil, propcache, pluggy, platformdirs, pathspec, packaging, orjson, numpy, mypy-extensions, multidict, msgspec, more-itertools, lxml, jeepney, iniconfig, importlib-resources, idna, hyperframe, httptools, hpack, h11, greenlet, frozenlist, filelock, cssselect, click, charset-normalizer, certifi, backports.tarfile, attrs, annotated-types, aiosqlite, aiohappyeyeballs, yarl, wsproto, uvicorn, ua_parser, typing-inspect, sqlalchemy, requests, pywebview, python-dateutil, pytest, pyinstaller, pyee, pydantic-core, jaraco.functools, jaraco.context, jaraco.classes, importlib-metadata, httpcore, h2, deprecated, cffi, build, browserforge, beautifulsoup4, anyio, aiosignal, watchfiles, starlette, requests-file, pytest-asyncio, pydantic, playwright, pip-tools, patchright, pandas, limits, httpx, curl_cffi, cryptography, aiohttp, tldextract, slowapi, secretstorage, pydantic-settings, fastapi, camoufox, black, scrapling, keyring
2026-01-26T01:31:20.7656871Z   Attempting uninstall: wheel
2026-01-26T01:31:20.7673507Z     Found existing installation: wheel 0.46.3
2026-01-26T01:31:20.7700536Z     Uninstalling wheel-0.46.3:
2026-01-26T01:31:20.7711996Z       Successfully uninstalled wheel-0.46.3
2026-01-26T01:31:22.6215237Z   Attempting uninstall: packaging
2026-01-26T01:31:22.6233473Z     Found existing installation: packaging 26.0
2026-01-26T01:31:22.6260324Z     Uninstalling packaging-26.0:
2026-01-26T01:31:22.6269031Z       Successfully uninstalled packaging-26.0
2026-01-26T01:31:33.4983848Z
2026-01-26T01:31:33.5039814Z Successfully installed aiohappyeyeballs-2.6.1 aiohttp-3.13.3 aiosignal-1.4.0 aiosqlite-0.19.0 altgraph-0.17.3 annotated-types-0.6.0 anyio-3.7.1 attrs-25.4.0 backports.tarfile-1.2.0 beautifulsoup4-4.12.2 black-23.12.0 bottle-0.13.4 browserforge-1.2.3 build-1.0.3 camoufox-0.4.11 certifi-2026.1.4 cffi-1.16.0 charset-normalizer-3.3.2 click-8.3.1 cryptography-41.0.7 cssselect-1.3.0 curl_cffi-0.14.0 deprecated-1.2.14 fastapi-0.104.1 filelock-3.20.3 frozenlist-1.8.0 greenlet-3.3.1 h11-0.14.0 h2-4.1.0 hpack-4.0.0 httpcore-1.0.2 httptools-0.6.1 httpx-0.25.2 hyperframe-6.1.0 idna-3.6 importlib-metadata-8.7.1 importlib-resources-6.5.2 iniconfig-2.0.0 jaraco.classes-3.3.1 jaraco.context-5.3.0 jaraco.functools-4.0.0 jeepney-0.9.0 keyring-24.3.0 language-tags-1.2.0 limits-3.7.0 lxml-6.0.2 more-itertools-10.1.0 msgspec-0.20.0 multidict-6.7.0 mypy-extensions-1.0.0 numpy-1.25.0 orjson-3.11.5 packaging-23.2 pandas-2.0.3 patchright-1.56.0 pathspec-0.11.2 pip-tools-7.3.0 platformdirs-4.2.0 playwright-1.56.0 pluggy-1.3.0 propcache-0.4.1 proxy-tools-0.1.0 psutil-5.9.6 psycopg2-binary-2.9.9 pycparser-2.21 pydantic-2.5.0 pydantic-core-2.14.1 pydantic-settings-2.1.0 pyee-13.0.0 pygments-2.17.2 pyinstaller-6.1.0 pyinstaller-hooks-contrib-2023.11 pyproject_hooks-1.2.0 pysocks-1.7.1 pytest-7.4.3 pytest-asyncio-0.21.1 python-dateutil-2.8.2 python-dotenv-1.0.0 pytz-2023.3.post1 pywebview-5.4 pyyaml-6.0.1 redis-5.0.1 requests-2.31.0 requests-file-3.0.1 scrapling-0.3.14 screeninfo-0.8.1 secretstorage-3.5.0 selectolax-0.3.20 six-1.16.0 slowapi-0.1.9 sniffio-1.3.0 soupsieve-2.5 sqlalchemy-2.0.23 starlette-0.27.0 structlog-23.2.0 tenacity-8.2.3 tldextract-5.3.1 tqdm-4.67.1 typing-extensions-4.10.0 typing-inspect-0.9.0 tzdata-2023.3 ua-parser-builtins-202601 ua_parser-1.0.1 urllib3-2.1.0 uvicorn-0.24.0 uvloop-0.22.1 watchfiles-0.20.0 websockets-12.0 wheel-0.41.2 wrapt-1.16.0 wsproto-1.2.0 yarl-1.22.0 zipp-3.23.0
2026-01-26T01:31:34.4212065Z ##[group]Run # Install Camoufox browser (for StealthyFetcher)
2026-01-26T01:31:34.4212529Z [36;1m# Install Camoufox browser (for StealthyFetcher)[0m
2026-01-26T01:31:34.4212861Z [36;1mecho "Installing Camoufox..."[0m
2026-01-26T01:31:34.4213290Z [36;1mpython -m camoufox fetch || echo "⚠️ Camoufox install failed, will try Playwright"[0m
2026-01-26T01:31:34.4213722Z [36;1m[0m
2026-01-26T01:31:34.4213953Z [36;1m# Install Playwright with all system dependencies[0m
2026-01-26T01:31:34.4214351Z [36;1mecho "Installing Playwright browsers with dependencies..."[0m
2026-01-26T01:31:34.4214734Z [36;1mplaywright install --with-deps chromium[0m
2026-01-26T01:31:34.4246797Z shell: /usr/bin/bash -e {0}
2026-01-26T01:31:34.4247027Z env:
2026-01-26T01:31:34.4247206Z   PYTHON_VERSION: 3.11
2026-01-26T01:31:34.4247416Z   REPORT_RETENTION_DAYS: 14
2026-01-26T01:31:34.4247628Z   MAX_RETRIES: 3
2026-01-26T01:31:34.4247812Z   REQUEST_TIMEOUT: 30
2026-01-26T01:31:34.4248110Z   pythonLocation: /opt/hostedtoolcache/Python/3.11.14/x64
2026-01-26T01:31:34.4248534Z   PKG_CONFIG_PATH: /opt/hostedtoolcache/Python/3.11.14/x64/lib/pkgconfig
2026-01-26T01:31:34.4248967Z   Python_ROOT_DIR: /opt/hostedtoolcache/Python/3.11.14/x64
2026-01-26T01:31:34.4249340Z   Python2_ROOT_DIR: /opt/hostedtoolcache/Python/3.11.14/x64
2026-01-26T01:31:34.4249698Z   Python3_ROOT_DIR: /opt/hostedtoolcache/Python/3.11.14/x64
2026-01-26T01:31:34.4250057Z   LD_LIBRARY_PATH: /opt/hostedtoolcache/Python/3.11.14/x64/lib
2026-01-26T01:31:34.4250364Z ##[endgroup]
2026-01-26T01:31:34.4301301Z Installing Camoufox...
2026-01-26T01:31:34.7137157Z Downloading model definition files...
2026-01-26T01:31:35.0233163Z browser-helper-file.json      OK!
2026-01-26T01:31:35.0233657Z header-network.zip            OK!
2026-01-26T01:31:35.0236301Z headers-order.json            OK!
2026-01-26T01:31:35.0236788Z input-network.zip             OK!
2026-01-26T01:31:35.0237211Z fingerprint-network.zip       OK!
2026-01-26T01:31:35.6412972Z Fetching Camoufox binaries v135.0.1-beta.24...
2026-01-26T01:31:35.6416945Z Downloading package: https://github.com/daijro/camoufox/releases/download/v135.0.1-beta.24/camoufox-135.0.1-beta.24-lin.x86_64.zip
2026-01-26T01:31:35.9005092Z
2026-01-26T01:31:36.0006651Z   0%|          | 0.00/713M [00:00<?, ?iB/s]
2026-01-26T01:31:36.1009114Z   2%|▏         | 14.9M/713M [00:00<00:04, 149MiB/s]
2026-01-26T01:31:36.4111640Z   4%|▍         | 31.5M/713M [00:00<00:04, 159MiB/s]
2026-01-26T01:31:36.7390105Z   7%|▋         | 47.4M/713M [00:00<00:08, 81.0MiB/s]
2026-01-26T01:31:36.8390815Z   8%|▊         | 58.3M/713M [00:00<00:11, 56.2MiB/s]
2026-01-26T01:31:36.9394458Z  10%|▉         | 68.9M/713M [00:00<00:09, 65.3MiB/s]
2026-01-26T01:31:37.0394574Z  11%|█▏        | 80.9M/713M [00:01<00:08, 76.7MiB/s]
2026-01-26T01:31:37.1636065Z  13%|█▎        | 93.2M/713M [00:01<00:07, 87.4MiB/s]
2026-01-26T01:31:37.2636684Z  15%|█▍        | 104M/713M [00:01<00:06, 87.1MiB/s]
2026-01-26T01:31:37.3654930Z  16%|█▌        | 115M/713M [00:01<00:06, 94.3MiB/s]
2026-01-26T01:31:37.7307963Z  18%|█▊        | 127M/713M [00:01<00:05, 100MiB/s]
2026-01-26T01:31:37.8308608Z  19%|█▉        | 138M/713M [00:01<00:09, 59.6MiB/s]
2026-01-26T01:31:37.9819468Z  22%|██▏       | 156M/713M [00:01<00:06, 82.0MiB/s]
2026-01-26T01:31:38.0849394Z  24%|██▎       | 168M/713M [00:02<00:06, 80.1MiB/s]
2026-01-26T01:31:38.2368377Z  25%|██▌       | 178M/713M [00:02<00:06, 84.8MiB/s]
2026-01-26T01:31:38.3377993Z  26%|██▋       | 188M/713M [00:02<00:06, 79.3MiB/s]
2026-01-26T01:31:38.4446737Z  28%|██▊       | 201M/713M [00:02<00:05, 90.2MiB/s]
2026-01-26T01:31:38.5637696Z  30%|██▉       | 211M/713M [00:02<00:05, 91.6MiB/s]
2026-01-26T01:31:38.6729393Z  31%|███       | 222M/713M [00:02<00:05, 89.4MiB/s]
2026-01-26T01:31:38.7728268Z  34%|███▍      | 241M/713M [00:02<00:04, 114MiB/s]
2026-01-26T01:31:38.9406352Z  36%|███▌      | 253M/713M [00:02<00:03, 117MiB/s]
2026-01-26T01:31:39.0407114Z  37%|███▋      | 266M/713M [00:03<00:04, 99.4MiB/s]
2026-01-26T01:31:39.1406635Z  39%|███▉      | 276M/713M [00:03<00:04, 102MiB/s]
2026-01-26T01:31:39.3054300Z  41%|████      | 293M/713M [00:03<00:03, 118MiB/s]
2026-01-26T01:31:39.4054315Z  43%|████▎     | 305M/713M [00:03<00:04, 101MiB/s]
2026-01-26T01:31:39.5061448Z  45%|████▌     | 321M/713M [00:03<00:03, 116MiB/s]
2026-01-26T01:31:39.6089969Z  47%|████▋     | 333M/713M [00:03<00:03, 118MiB/s]
2026-01-26T01:31:39.7696291Z  48%|████▊     | 346M/713M [00:03<00:03, 118MiB/s]
2026-01-26T01:31:39.9854290Z  50%|█████     | 358M/713M [00:03<00:03, 102MiB/s]
2026-01-26T01:31:40.0952585Z  52%|█████▏    | 369M/713M [00:04<00:04, 80.3MiB/s]
2026-01-26T01:31:40.1973126Z  53%|█████▎    | 378M/713M [00:04<00:04, 81.0MiB/s]
2026-01-26T01:31:40.3495427Z  55%|█████▍    | 390M/713M [00:04<00:03, 89.0MiB/s]
2026-01-26T01:31:40.4679550Z  56%|█████▌    | 399M/713M [00:04<00:03, 80.4MiB/s]
2026-01-26T01:31:40.6117800Z  57%|█████▋    | 408M/713M [00:04<00:03, 78.4MiB/s]
2026-01-26T01:31:40.8457943Z  58%|█████▊    | 416M/713M [00:04<00:04, 71.7MiB/s]
2026-01-26T01:31:40.9461985Z  59%|█████▉    | 424M/713M [00:04<00:05, 54.8MiB/s]
2026-01-26T01:31:41.1439425Z  61%|██████▏   | 438M/713M [00:05<00:03, 72.1MiB/s]
2026-01-26T01:31:41.2567772Z  63%|██████▎   | 446M/713M [00:05<00:04, 61.4MiB/s]
2026-01-26T01:31:41.4201191Z  64%|██████▎   | 453M/713M [00:05<00:04, 62.0MiB/s]
2026-01-26T01:31:41.5254873Z  65%|██████▍   | 460M/713M [00:05<00:04, 55.8MiB/s]
2026-01-26T01:31:41.6254266Z  66%|██████▌   | 472M/713M [00:05<00:03, 68.2MiB/s]
2026-01-26T01:31:41.7787635Z  68%|██████▊   | 485M/713M [00:05<00:02, 84.2MiB/s]
2026-01-26T01:31:41.8787103Z  70%|██████▉   | 497M/713M [00:05<00:02, 81.1MiB/s]
2026-01-26T01:31:41.9805198Z  71%|███████▏  | 510M/713M [00:05<00:02, 91.8MiB/s]
2026-01-26T01:31:42.1272884Z  73%|███████▎  | 519M/713M [00:06<00:02, 93.4MiB/s]
2026-01-26T01:31:42.2273009Z  74%|███████▍  | 529M/713M [00:06<00:02, 84.4MiB/s]
2026-01-26T01:31:42.3272680Z  76%|███████▌  | 543M/713M [00:06<00:01, 97.8MiB/s]
2026-01-26T01:31:42.4307231Z  79%|███████▊  | 560M/713M [00:06<00:01, 116MiB/s]
2026-01-26T01:31:42.5546051Z  81%|████████  | 577M/713M [00:06<00:01, 130MiB/s]
2026-01-26T01:31:42.7217168Z  83%|████████▎ | 590M/713M [00:06<00:00, 123MiB/s]
2026-01-26T01:31:42.8293725Z  85%|████████▍ | 603M/713M [00:06<00:01, 105MiB/s]
2026-01-26T01:31:42.9294447Z  86%|████████▌ | 614M/713M [00:06<00:00, 105MiB/s]
2026-01-26T01:31:43.1025754Z  88%|████████▊ | 629M/713M [00:07<00:00, 117MiB/s]
2026-01-26T01:31:43.2956754Z  90%|█████████ | 641M/713M [00:07<00:00, 98.7MiB/s]
2026-01-26T01:31:43.4018754Z  92%|█████████▏| 652M/713M [00:07<00:00, 82.0MiB/s]
2026-01-26T01:31:43.5321475Z  93%|█████████▎| 662M/713M [00:07<00:00, 85.3MiB/s]
2026-01-26T01:31:43.6321538Z  94%|█████████▍| 672M/713M [00:07<00:00, 81.3MiB/s]
2026-01-26T01:31:43.7321540Z  96%|█████████▋| 687M/713M [00:07<00:00, 99.0MiB/s]
2026-01-26T01:31:43.7534621Z 100%|█████████▉| 709M/713M [00:07<00:00, 130MiB/s]
2026-01-26T01:31:43.7535183Z 100%|██████████| 713M/713M [00:07<00:00, 90.8MiB/s]
2026-01-26T01:31:43.7557245Z Extracting Camoufox: /home/runner/.cache/camoufox
2026-01-26T01:31:43.7604878Z
2026-01-26T01:31:43.9147093Z   0%|          | 0/717 [00:00<?, ?it/s]
2026-01-26T01:31:44.0210279Z   2%|▏         | 16/717 [00:00<00:06, 103.87it/s]
2026-01-26T01:31:44.1262328Z  10%|█         | 75/717 [00:00<00:01, 327.81it/s]
2026-01-26T01:31:44.3827041Z  17%|█▋        | 122/717 [00:00<00:01, 376.86it/s]
2026-01-26T01:31:44.9753600Z  26%|██▌       | 188/717 [00:00<00:01, 306.43it/s]
2026-01-26T01:31:46.2932200Z  31%|███       | 223/717 [00:01<00:03, 143.01it/s]
2026-01-26T01:31:46.4752530Z  35%|███▍      | 248/717 [00:02<00:07, 59.01it/s]
2026-01-26T01:31:46.5770350Z  37%|███▋      | 265/717 [00:02<00:07, 63.06it/s]
2026-01-26T01:31:46.6921289Z  42%|████▏     | 300/717 [00:02<00:04, 87.22it/s]
2026-01-26T01:31:46.7923227Z  47%|████▋     | 338/717 [00:02<00:03, 116.87it/s]
2026-01-26T01:31:47.8777708Z  68%|██████▊   | 489/717 [00:03<00:00, 300.07it/s]
2026-01-26T01:31:48.3483398Z  77%|███████▋  | 553/717 [00:04<00:01, 138.29it/s]
2026-01-26T01:31:49.1793911Z  84%|████████▎ | 599/717 [00:04<00:00, 126.39it/s]
2026-01-26T01:31:49.4037490Z  88%|████████▊ | 634/717 [00:05<00:00, 90.53it/s]
2026-01-26T01:31:49.6646053Z  92%|█████████▏| 660/717 [00:05<00:00, 94.10it/s]
2026-01-26T01:31:49.7653683Z  95%|█████████▌| 682/717 [00:05<00:00, 92.25it/s]
2026-01-26T01:31:50.6719244Z  99%|█████████▉| 709/717 [00:06<00:00, 108.90it/s]
2026-01-26T01:31:50.6719917Z 100%|██████████| 717/717 [00:06<00:00, 103.74it/s]
2026-01-26T01:31:50.8085026Z
2026-01-26T01:31:50.8085515Z Camoufox successfully installed.
2026-01-26T01:31:50.9198125Z
2026-01-26T01:31:50.9566803Z Downloading addon (UBO):   0%
2026-01-26T01:31:50.9567185Z Downloading addon (UBO): 100%
2026-01-26T01:31:50.9594383Z
2026-01-26T01:31:51.0597618Z Extracting addon (UBO):   0%
2026-01-26T01:31:51.0700543Z Extracting addon (UBO):  85%
2026-01-26T01:31:51.0701271Z Extracting addon (UBO): 100%
2026-01-26T01:31:51.1551865Z Installing Playwright browsers with dependencies...
2026-01-26T01:31:51.4543710Z Installing dependencies...
2026-01-26T01:31:51.4635737Z Switching to root user to install dependencies...
2026-01-26T01:31:51.5240825Z Get:1 file:/etc/apt/apt-mirrors.txt Mirrorlist [144 B]
2026-01-26T01:31:51.5519813Z Hit:2 http://azure.archive.ubuntu.com/ubuntu noble InRelease
2026-01-26T01:31:51.5534744Z Hit:3 http://azure.archive.ubuntu.com/ubuntu noble-updates InRelease
2026-01-26T01:31:51.5540605Z Hit:4 http://azure.archive.ubuntu.com/ubuntu noble-backports InRelease
2026-01-26T01:31:51.5545623Z Hit:5 http://azure.archive.ubuntu.com/ubuntu noble-security InRelease
2026-01-26T01:31:51.6293300Z Hit:6 https://packages.microsoft.com/repos/azure-cli noble InRelease
2026-01-26T01:31:51.6308640Z Hit:7 https://packages.microsoft.com/ubuntu/24.04/prod noble InRelease
2026-01-26T01:31:52.7515850Z Reading package lists...
2026-01-26T01:31:52.7770201Z Reading package lists...
2026-01-26T01:31:52.9635429Z Building dependency tree...
2026-01-26T01:31:52.9642769Z Reading state information...
2026-01-26T01:31:53.1696455Z libasound2t64 is already the newest version (1.2.11-1ubuntu0.1).
2026-01-26T01:31:53.1697274Z libasound2t64 set to manually installed.
2026-01-26T01:31:53.1698058Z libatk-bridge2.0-0t64 is already the newest version (2.52.0-1build1).
2026-01-26T01:31:53.1699485Z libatk-bridge2.0-0t64 set to manually installed.
2026-01-26T01:31:53.1700197Z libatk1.0-0t64 is already the newest version (2.52.0-1build1).
2026-01-26T01:31:53.1701317Z libatk1.0-0t64 set to manually installed.
2026-01-26T01:31:53.1702005Z libatspi2.0-0t64 is already the newest version (2.52.0-1build1).
2026-01-26T01:31:53.1702875Z libatspi2.0-0t64 set to manually installed.
2026-01-26T01:31:53.1703679Z libcairo2 is already the newest version (1.18.0-3build1).
2026-01-26T01:31:53.1704195Z libcairo2 set to manually installed.
2026-01-26T01:31:53.1704727Z libcups2t64 is already the newest version (2.4.7-1.2ubuntu7.9).
2026-01-26T01:31:53.1705285Z libcups2t64 set to manually installed.
2026-01-26T01:31:53.1706099Z libdbus-1-3 is already the newest version (1.14.10-4ubuntu4.1).
2026-01-26T01:31:53.1706771Z libdbus-1-3 set to manually installed.
2026-01-26T01:31:53.1707168Z libdrm2 is already the newest version (2.4.122-1~ubuntu0.24.04.2).
2026-01-26T01:31:53.1707580Z libdrm2 set to manually installed.
2026-01-26T01:31:53.1707945Z libgbm1 is already the newest version (25.0.7-0ubuntu0.24.04.2).
2026-01-26T01:31:53.1708334Z libgbm1 set to manually installed.
2026-01-26T01:31:53.1708677Z libnspr4 is already the newest version (2:4.35-1.1build1).
2026-01-26T01:31:53.1709050Z libnspr4 set to manually installed.
2026-01-26T01:31:53.1709392Z libnss3 is already the newest version (2:3.98-1build1).
2026-01-26T01:31:53.1709744Z libnss3 set to manually installed.
2026-01-26T01:31:53.1710122Z libpango-1.0-0 is already the newest version (1.52.1+ds-1build1).
2026-01-26T01:31:53.1710540Z libpango-1.0-0 set to manually installed.
2026-01-26T01:31:53.1711135Z libx11-6 is already the newest version (2:1.8.7-1build1).
2026-01-26T01:31:53.1711553Z libx11-6 set to manually installed.
2026-01-26T01:31:53.1712244Z libxcb1 is already the newest version (1.15-1ubuntu2).
2026-01-26T01:31:53.1712798Z libxcb1 set to manually installed.
2026-01-26T01:31:53.1713336Z libxcomposite1 is already the newest version (1:0.4.5-1build3).
2026-01-26T01:31:53.1713990Z libxcomposite1 set to manually installed.
2026-01-26T01:31:53.1714633Z libxdamage1 is already the newest version (1:1.1.6-1build1).
2026-01-26T01:31:53.1715288Z libxdamage1 set to manually installed.
2026-01-26T01:31:53.1715934Z libxext6 is already the newest version (2:1.3.4-1build2).
2026-01-26T01:31:53.1716526Z libxext6 set to manually installed.
2026-01-26T01:31:53.1716873Z libxfixes3 is already the newest version (1:6.0.0-2build1).
2026-01-26T01:31:53.1717193Z libxfixes3 set to manually installed.
2026-01-26T01:31:53.1717513Z libxkbcommon0 is already the newest version (1.6.0-1build1).
2026-01-26T01:31:53.1717843Z libxkbcommon0 set to manually installed.
2026-01-26T01:31:53.1718152Z libxrandr2 is already the newest version (2:1.5.2-2build1).
2026-01-26T01:31:53.1718472Z libxrandr2 set to manually installed.
2026-01-26T01:31:53.1718778Z xvfb is already the newest version (2:21.1.12-1ubuntu1.5).
2026-01-26T01:31:53.1719196Z fonts-noto-color-emoji is already the newest version (2.047-0ubuntu0.24.04.1).
2026-01-26T01:31:53.1719673Z libfontconfig1 is already the newest version (2.15.0-1.1ubuntu2).
2026-01-26T01:31:53.1720027Z libfontconfig1 set to manually installed.
2026-01-26T01:31:53.1720371Z libfreetype6 is already the newest version (2.13.2+dfsg-1build3).
2026-01-26T01:31:53.1720705Z libfreetype6 set to manually installed.
2026-01-26T01:31:53.1721194Z fonts-liberation is already the newest version (1:2.1.5-3).
2026-01-26T01:31:53.1721537Z fonts-liberation set to manually installed.
2026-01-26T01:31:53.1721848Z The following additional packages will be installed:
2026-01-26T01:31:53.1722298Z   gir1.2-glib-2.0 libglib2.0-bin libglib2.0-data xfonts-encodings xfonts-utils
2026-01-26T01:31:53.1722690Z Suggested packages:
2026-01-26T01:31:53.1722903Z   low-memory-monitor
2026-01-26T01:31:53.1723101Z Recommended packages:
2026-01-26T01:31:53.1723333Z   fonts-ipafont-mincho fonts-tlwg-loma
2026-01-26T01:31:53.1953669Z The following NEW packages will be installed:
2026-01-26T01:31:53.1954612Z   fonts-freefont-ttf fonts-ipafont-gothic fonts-tlwg-loma-otf fonts-unifont
2026-01-26T01:31:53.1961742Z   fonts-wqy-zenhei xfonts-cyrillic xfonts-encodings xfonts-scalable
2026-01-26T01:31:53.1962831Z   xfonts-utils
2026-01-26T01:31:53.1966957Z The following packages will be upgraded:
2026-01-26T01:31:53.1973585Z   gir1.2-glib-2.0 libglib2.0-0t64 libglib2.0-bin libglib2.0-data
2026-01-26T01:31:53.2149282Z 4 upgraded, 9 newly installed, 0 to remove and 63 not upgraded.
2026-01-26T01:31:53.2149910Z Need to get 23.0 MB of archives.
2026-01-26T01:31:53.2150523Z After this operation, 79.6 MB of additional disk space will be used.
2026-01-26T01:31:53.2151384Z Get:1 file:/etc/apt/apt-mirrors.txt Mirrorlist [144 B]
2026-01-26T01:31:53.2952760Z Get:2 http://azure.archive.ubuntu.com/ubuntu noble/universe amd64 fonts-ipafont-gothic all 00303-21ubuntu1 [3513 kB]
2026-01-26T01:31:53.4282729Z Get:3 http://azure.archive.ubuntu.com/ubuntu noble-updates/main amd64 libglib2.0-data all 2.80.0-6ubuntu3.7 [49.4 kB]
2026-01-26T01:31:53.4931396Z Get:4 http://azure.archive.ubuntu.com/ubuntu noble-updates/main amd64 libglib2.0-bin amd64 2.80.0-6ubuntu3.7 [97.9 kB]
2026-01-26T01:31:53.5583452Z Get:5 http://azure.archive.ubuntu.com/ubuntu noble-updates/main amd64 gir1.2-glib-2.0 amd64 2.80.0-6ubuntu3.7 [183 kB]
2026-01-26T01:31:53.6251389Z Get:6 http://azure.archive.ubuntu.com/ubuntu noble-updates/main amd64 libglib2.0-0t64 amd64 2.80.0-6ubuntu3.7 [1545 kB]
2026-01-26T01:31:53.7128500Z Get:7 http://azure.archive.ubuntu.com/ubuntu noble/main amd64 fonts-freefont-ttf all 20211204+svn4273-2 [5641 kB]
2026-01-26T01:31:53.9156253Z Get:8 http://azure.archive.ubuntu.com/ubuntu noble/universe amd64 fonts-tlwg-loma-otf all 1:0.7.3-1 [107 kB]
2026-01-26T01:31:53.9808989Z Get:9 http://azure.archive.ubuntu.com/ubuntu noble/universe amd64 fonts-unifont all 1:15.1.01-1build1 [2993 kB]
2026-01-26T01:31:54.1054076Z Get:10 http://azure.archive.ubuntu.com/ubuntu noble/universe amd64 fonts-wqy-zenhei all 0.9.45-8 [7472 kB]
2026-01-26T01:31:54.3220659Z Get:11 http://azure.archive.ubuntu.com/ubuntu noble/main amd64 xfonts-encodings all 1:1.0.5-0ubuntu2 [578 kB]
2026-01-26T01:31:54.4006344Z Get:12 http://azure.archive.ubuntu.com/ubuntu noble/main amd64 xfonts-utils amd64 1:7.7+6build3 [94.4 kB]
2026-01-26T01:31:54.4664735Z Get:13 http://azure.archive.ubuntu.com/ubuntu noble/universe amd64 xfonts-cyrillic all 1:1.0.5+nmu1 [384 kB]
2026-01-26T01:31:54.5382543Z Get:14 http://azure.archive.ubuntu.com/ubuntu noble/main amd64 xfonts-scalable all 1:1.0.3-1.3 [304 kB]
2026-01-26T01:31:54.8097755Z Fetched 23.0 MB in 1s (17.2 MB/s)
2026-01-26T01:31:54.8377999Z Selecting previously unselected package fonts-ipafont-gothic.
2026-01-26T01:31:54.8654025Z (Reading database ...
2026-01-26T01:31:54.8654480Z (Reading database ... 5%
2026-01-26T01:31:54.8654830Z (Reading database ... 10%
2026-01-26T01:31:54.8655056Z (Reading database ... 15%
2026-01-26T01:31:54.8655269Z (Reading database ... 20%
2026-01-26T01:31:54.8655471Z (Reading database ... 25%
2026-01-26T01:31:54.8655694Z (Reading database ... 30%
2026-01-26T01:31:54.8655905Z (Reading database ... 35%
2026-01-26T01:31:54.8656108Z (Reading database ... 40%
2026-01-26T01:31:54.8656313Z (Reading database ... 45%
2026-01-26T01:31:54.8656559Z (Reading database ... 50%
2026-01-26T01:31:54.8737614Z (Reading database ... 55%
2026-01-26T01:31:54.9810418Z (Reading database ... 60%
2026-01-26T01:31:55.0592454Z (Reading database ... 65%
2026-01-26T01:31:55.1291578Z (Reading database ... 70%
2026-01-26T01:31:55.2337261Z (Reading database ... 75%
2026-01-26T01:31:55.3858352Z (Reading database ... 80%
2026-01-26T01:31:56.1800353Z (Reading database ... 85%
2026-01-26T01:31:56.3704308Z (Reading database ... 90%
2026-01-26T01:31:56.5375321Z (Reading database ... 95%
2026-01-26T01:31:56.5375689Z (Reading database ... 100%
2026-01-26T01:31:56.5376124Z (Reading database ... 217173 files and directories currently installed.)
2026-01-26T01:31:56.5423122Z Preparing to unpack .../00-fonts-ipafont-gothic_00303-21ubuntu1_all.deb ...
2026-01-26T01:31:56.5517338Z Unpacking fonts-ipafont-gothic (00303-21ubuntu1) ...
2026-01-26T01:31:56.7908168Z Preparing to unpack .../01-libglib2.0-data_2.80.0-6ubuntu3.7_all.deb ...
2026-01-26T01:31:56.7931663Z Unpacking libglib2.0-data (2.80.0-6ubuntu3.7) over (2.80.0-6ubuntu3.4) ...
2026-01-26T01:31:56.8330553Z Preparing to unpack .../02-libglib2.0-bin_2.80.0-6ubuntu3.7_amd64.deb ...
2026-01-26T01:31:56.8352966Z Unpacking libglib2.0-bin (2.80.0-6ubuntu3.7) over (2.80.0-6ubuntu3.4) ...
2026-01-26T01:31:56.8847116Z Preparing to unpack .../03-gir1.2-glib-2.0_2.80.0-6ubuntu3.7_amd64.deb ...
2026-01-26T01:31:56.8869056Z Unpacking gir1.2-glib-2.0:amd64 (2.80.0-6ubuntu3.7) over (2.80.0-6ubuntu3.4) ...
2026-01-26T01:31:56.9269682Z Preparing to unpack .../04-libglib2.0-0t64_2.80.0-6ubuntu3.7_amd64.deb ...
2026-01-26T01:31:56.9336026Z Unpacking libglib2.0-0t64:amd64 (2.80.0-6ubuntu3.7) over (2.80.0-6ubuntu3.4) ...
2026-01-26T01:31:56.9751842Z Selecting previously unselected package fonts-freefont-ttf.
2026-01-26T01:31:56.9889439Z Preparing to unpack .../05-fonts-freefont-ttf_20211204+svn4273-2_all.deb ...
2026-01-26T01:31:56.9898305Z Unpacking fonts-freefont-ttf (20211204+svn4273-2) ...
2026-01-26T01:31:57.0722629Z Selecting previously unselected package fonts-tlwg-loma-otf.
2026-01-26T01:31:57.0858929Z Preparing to unpack .../06-fonts-tlwg-loma-otf_1%3a0.7.3-1_all.deb ...
2026-01-26T01:31:57.0867238Z Unpacking fonts-tlwg-loma-otf (1:0.7.3-1) ...
2026-01-26T01:31:57.1074414Z Selecting previously unselected package fonts-unifont.
2026-01-26T01:31:57.1210071Z Preparing to unpack .../07-fonts-unifont_1%3a15.1.01-1build1_all.deb ...
2026-01-26T01:31:57.1217737Z Unpacking fonts-unifont (1:15.1.01-1build1) ...
2026-01-26T01:31:57.2383134Z Selecting previously unselected package fonts-wqy-zenhei.
2026-01-26T01:31:57.2518563Z Preparing to unpack .../08-fonts-wqy-zenhei_0.9.45-8_all.deb ...
2026-01-26T01:31:57.2615788Z Unpacking fonts-wqy-zenhei (0.9.45-8) ...
2026-01-26T01:31:57.7176245Z Selecting previously unselected package xfonts-encodings.
2026-01-26T01:31:57.7310603Z Preparing to unpack .../09-xfonts-encodings_1%3a1.0.5-0ubuntu2_all.deb ...
2026-01-26T01:31:57.7318782Z Unpacking xfonts-encodings (1:1.0.5-0ubuntu2) ...
2026-01-26T01:31:57.7605385Z Selecting previously unselected package xfonts-utils.
2026-01-26T01:31:57.7741216Z Preparing to unpack .../10-xfonts-utils_1%3a7.7+6build3_amd64.deb ...
2026-01-26T01:31:57.7749013Z Unpacking xfonts-utils (1:7.7+6build3) ...
2026-01-26T01:31:57.8085407Z Selecting previously unselected package xfonts-cyrillic.
2026-01-26T01:31:57.8219989Z Preparing to unpack .../11-xfonts-cyrillic_1%3a1.0.5+nmu1_all.deb ...
2026-01-26T01:31:57.8227848Z Unpacking xfonts-cyrillic (1:1.0.5+nmu1) ...
2026-01-26T01:31:57.8574571Z Selecting previously unselected package xfonts-scalable.
2026-01-26T01:31:57.8707600Z Preparing to unpack .../12-xfonts-scalable_1%3a1.0.3-1.3_all.deb ...
2026-01-26T01:31:57.8715922Z Unpacking xfonts-scalable (1:1.0.3-1.3) ...
2026-01-26T01:31:57.9125602Z Setting up fonts-wqy-zenhei (0.9.45-8) ...
2026-01-26T01:31:57.9243632Z Setting up fonts-freefont-ttf (20211204+svn4273-2) ...
2026-01-26T01:31:57.9262610Z Setting up libglib2.0-0t64:amd64 (2.80.0-6ubuntu3.7) ...
2026-01-26T01:31:57.9366608Z Setting up libglib2.0-data (2.80.0-6ubuntu3.7) ...
2026-01-26T01:31:57.9385706Z Setting up fonts-tlwg-loma-otf (1:0.7.3-1) ...
2026-01-26T01:31:57.9405132Z Setting up xfonts-encodings (1:1.0.5-0ubuntu2) ...
2026-01-26T01:31:57.9424980Z Setting up gir1.2-glib-2.0:amd64 (2.80.0-6ubuntu3.7) ...
2026-01-26T01:31:57.9447399Z Setting up fonts-ipafont-gothic (00303-21ubuntu1) ...
2026-01-26T01:31:57.9511709Z update-alternatives: using /usr/share/fonts/opentype/ipafont-gothic/ipag.ttf to provide /usr/share/fonts/truetype/fonts-japanese-gothic.ttf (fonts-japanese-gothic.ttf) in auto mode
2026-01-26T01:31:57.9529395Z Setting up fonts-unifont (1:15.1.01-1build1) ...
2026-01-26T01:31:57.9550252Z Setting up libglib2.0-bin (2.80.0-6ubuntu3.7) ...
2026-01-26T01:31:57.9569347Z Setting up xfonts-utils (1:7.7+6build3) ...
2026-01-26T01:31:57.9611162Z Setting up xfonts-cyrillic (1:1.0.5+nmu1) ...
2026-01-26T01:31:57.9893830Z Setting up xfonts-scalable (1:1.0.3-1.3) ...
2026-01-26T01:31:58.0157026Z Processing triggers for libc-bin (2.39-0ubuntu8.6) ...
2026-01-26T01:31:58.0467241Z Processing triggers for man-db (2.12.0-4build2) ...
2026-01-26T01:31:58.0492439Z Not building database; man-db/auto-update is not 'true'.
2026-01-26T01:31:58.0504849Z Processing triggers for fontconfig (2.15.0-1.1ubuntu2) ...
2026-01-26T01:31:58.6826814Z
2026-01-26T01:31:58.6827500Z Running kernel seems to be up-to-date.
2026-01-26T01:31:58.6827910Z
2026-01-26T01:31:58.6828054Z Restarting services...
2026-01-26T01:31:58.7260192Z  systemctl restart packagekit.service php8.3-fpm.service polkit.service udisks2.service
2026-01-26T01:31:58.8501925Z
2026-01-26T01:31:58.8503141Z Service restarts being deferred:
2026-01-26T01:31:58.8503923Z  systemctl restart ModemManager.service
2026-01-26T01:31:58.8504540Z  systemctl restart networkd-dispatcher.service
2026-01-26T01:31:58.8504943Z
2026-01-26T01:31:58.8505050Z No containers need to be restarted.
2026-01-26T01:31:58.8505236Z
2026-01-26T01:31:58.8505350Z No user sessions are running outdated binaries.
2026-01-26T01:31:58.8505555Z
2026-01-26T01:31:58.8505740Z No VM guests are running outdated hypervisor (qemu) binaries on this host.
2026-01-26T01:31:59.7398112Z Downloading Chromium 141.0.7390.37 (playwright build v1194) from https://cdn.playwright.dev/dbazure/download/playwright/builds/chromium/1194/chromium-linux.zip
2026-01-26T01:31:59.8708895Z |                                                                                |   0% of 173.9 MiB
2026-01-26T01:31:59.9844380Z |■■■■■■■■                                                                        |  10% of 173.9 MiB
2026-01-26T01:32:00.0598224Z |■■■■■■■■■■■■■■■■                                                                |  20% of 173.9 MiB
2026-01-26T01:32:00.1587710Z |■■■■■■■■■■■■■■■■■■■■■■■■                                                        |  30% of 173.9 MiB
2026-01-26T01:32:00.2785722Z |■■■■■■■■■■■■■■■■■■■■■■■■■■■■■■■■                                                |  40% of 173.9 MiB
2026-01-26T01:32:00.3786772Z |■■■■■■■■■■■■■■■■■■■■■■■■■■■■■■■■■■■■■■■■                                        |  50% of 173.9 MiB
2026-01-26T01:32:00.5134816Z |■■■■■■■■■■■■■■■■■■■■■■■■■■■■■■■■■■■■■■■■■■■■■■■■                                |  60% of 173.9 MiB
2026-01-26T01:32:00.6012848Z |■■■■■■■■■■■■■■■■■■■■■■■■■■■■■■■■■■■■■■■■■■■■■■■■■■■■■■■■                        |  70% of 173.9 MiB
2026-01-26T01:32:00.6924336Z |■■■■■■■■■■■■■■■■■■■■■■■■■■■■■■■■■■■■■■■■■■■■■■■■■■■■■■■■■■■■■■■■                |  80% of 173.9 MiB
2026-01-26T01:32:00.7718485Z |■■■■■■■■■■■■■■■■■■■■■■■■■■■■■■■■■■■■■■■■■■■■■■■■■■■■■■■■■■■■■■■■■■■■■■■■        |  90% of 173.9 MiB
2026-01-26T01:32:00.8604853Z |■■■■■■■■■■■■■■■■■■■■■■■■■■■■■■■■■■■■■■■■■■■■■■■■■■■■■■■■■■■■■■■■■■■■■■■■■■■■■■■■| 100% of 173.9 MiB
2026-01-26T01:32:04.0773172Z Chromium 141.0.7390.37 (playwright build v1194) downloaded to /home/runner/.cache/ms-playwright/chromium-1194
2026-01-26T01:32:04.0776459Z Downloading FFMPEG playwright build v1011 from https://cdn.playwright.dev/dbazure/download/playwright/builds/ffmpeg/1011/ffmpeg-linux.zip
2026-01-26T01:32:04.2151316Z |                                                                                |   0% of 2.3 MiB
2026-01-26T01:32:04.2186754Z |■■■■■■■■                                                                        |  10% of 2.3 MiB
2026-01-26T01:32:04.2207235Z |■■■■■■■■■■■■■■■■                                                                |  20% of 2.3 MiB
2026-01-26T01:32:04.2229383Z |■■■■■■■■■■■■■■■■■■■■■■■■                                                        |  30% of 2.3 MiB
2026-01-26T01:32:04.2242866Z |■■■■■■■■■■■■■■■■■■■■■■■■■■■■■■■■                                                |  40% of 2.3 MiB
2026-01-26T01:32:04.2257618Z |■■■■■■■■■■■■■■■■■■■■■■■■■■■■■■■■■■■■■■■■                                        |  50% of 2.3 MiB
2026-01-26T01:32:04.2289741Z |■■■■■■■■■■■■■■■■■■■■■■■■■■■■■■■■■■■■■■■■■■■■■■■■                                |  60% of 2.3 MiB
2026-01-26T01:32:04.2326411Z |■■■■■■■■■■■■■■■■■■■■■■■■■■■■■■■■■■■■■■■■■■■■■■■■■■■■■■■■                        |  70% of 2.3 MiB
2026-01-26T01:32:04.2371077Z |■■■■■■■■■■■■■■■■■■■■■■■■■■■■■■■■■■■■■■■■■■■■■■■■■■■■■■■■■■■■■■■■                |  80% of 2.3 MiB
2026-01-26T01:32:04.2402603Z |■■■■■■■■■■■■■■■■■■■■■■■■■■■■■■■■■■■■■■■■■■■■■■■■■■■■■■■■■■■■■■■■■■■■■■■■        |  90% of 2.3 MiB
2026-01-26T01:32:04.2451235Z |■■■■■■■■■■■■■■■■■■■■■■■■■■■■■■■■■■■■■■■■■■■■■■■■■■■■■■■■■■■■■■■■■■■■■■■■■■■■■■■■| 100% of 2.3 MiB
2026-01-26T01:32:04.2983816Z FFMPEG playwright build v1011 downloaded to /home/runner/.cache/ms-playwright/ffmpeg-1011
2026-01-26T01:32:04.2986832Z Downloading Chromium Headless Shell 141.0.7390.37 (playwright build v1194) from https://cdn.playwright.dev/dbazure/download/playwright/builds/chromium/1194/chromium-headless-shell-linux.zip
2026-01-26T01:32:04.4370473Z |                                                                                |   0% of 104.3 MiB
2026-01-26T01:32:04.5263509Z |■■■■■■■■                                                                        |  10% of 104.3 MiB
2026-01-26T01:32:04.5831829Z |■■■■■■■■■■■■■■■■                                                                |  20% of 104.3 MiB
2026-01-26T01:32:04.6265165Z |■■■■■■■■■■■■■■■■■■■■■■■■                                                        |  30% of 104.3 MiB
2026-01-26T01:32:04.6738649Z |■■■■■■■■■■■■■■■■■■■■■■■■■■■■■■■■                                                |  40% of 104.3 MiB
2026-01-26T01:32:04.7117193Z |■■■■■■■■■■■■■■■■■■■■■■■■■■■■■■■■■■■■■■■■                                        |  50% of 104.3 MiB
2026-01-26T01:32:04.7509657Z |■■■■■■■■■■■■■■■■■■■■■■■■■■■■■■■■■■■■■■■■■■■■■■■■                                |  60% of 104.3 MiB
2026-01-26T01:32:04.7913166Z |■■■■■■■■■■■■■■■■■■■■■■■■■■■■■■■■■■■■■■■■■■■■■■■■■■■■■■■■                        |  70% of 104.3 MiB
2026-01-26T01:32:04.8263152Z |■■■■■■■■■■■■■■■■■■■■■■■■■■■■■■■■■■■■■■■■■■■■■■■■■■■■■■■■■■■■■■■■                |  80% of 104.3 MiB
2026-01-26T01:32:04.8637576Z |■■■■■■■■■■■■■■■■■■■■■■■■■■■■■■■■■■■■■■■■■■■■■■■■■■■■■■■■■■■■■■■■■■■■■■■■        |  90% of 104.3 MiB
2026-01-26T01:32:04.8993595Z |■■■■■■■■■■■■■■■■■■■■■■■■■■■■■■■■■■■■■■■■■■■■■■■■■■■■■■■■■■■■■■■■■■■■■■■■■■■■■■■■| 100% of 104.3 MiB
2026-01-26T01:32:06.6008606Z Chromium Headless Shell 141.0.7390.37 (playwright build v1194) downloaded to /home/runner/.cache/ms-playwright/chromium_headless_shell-1194
2026-01-26T01:32:06.6900411Z ##[group]Run # Start Xvfb in background
2026-01-26T01:32:06.6901112Z [36;1m# Start Xvfb in background[0m
2026-01-26T01:32:06.6901754Z [36;1msudo Xvfb :99 -screen 0 1920x1080x24 -ac +extension GLX +render -noreset &[0m
2026-01-26T01:32:06.6902431Z [36;1mecho "DISPLAY=:99" >> $GITHUB_ENV[0m
2026-01-26T01:32:06.6902853Z [36;1msleep 3[0m
2026-01-26T01:32:06.6903174Z [36;1m# Verify display is running[0m
2026-01-26T01:32:06.6903659Z [36;1mif xdpyinfo -display :99 >/dev/null 2>&1; then[0m
2026-01-26T01:32:06.6904237Z [36;1m  echo "✅ Virtual display :99 is running"[0m
2026-01-26T01:32:06.6904689Z [36;1melse[0m
2026-01-26T01:32:06.6905190Z [36;1m  echo "⚠️ Virtual display may not be fully ready, continuing anyway..."[0m
2026-01-26T01:32:06.6905821Z [36;1mfi[0m
2026-01-26T01:32:06.6948389Z shell: /usr/bin/bash -e {0}
2026-01-26T01:32:06.6948748Z env:
2026-01-26T01:32:06.6949022Z   PYTHON_VERSION: 3.11
2026-01-26T01:32:06.6949373Z   REPORT_RETENTION_DAYS: 14
2026-01-26T01:32:06.6949755Z   MAX_RETRIES: 3
2026-01-26T01:32:06.6950049Z   REQUEST_TIMEOUT: 30
2026-01-26T01:32:06.6950485Z   pythonLocation: /opt/hostedtoolcache/Python/3.11.14/x64
2026-01-26T01:32:06.6951354Z   PKG_CONFIG_PATH: /opt/hostedtoolcache/Python/3.11.14/x64/lib/pkgconfig
2026-01-26T01:32:06.6952053Z   Python_ROOT_DIR: /opt/hostedtoolcache/Python/3.11.14/x64
2026-01-26T01:32:06.6952666Z   Python2_ROOT_DIR: /opt/hostedtoolcache/Python/3.11.14/x64
2026-01-26T01:32:06.6953289Z   Python3_ROOT_DIR: /opt/hostedtoolcache/Python/3.11.14/x64
2026-01-26T01:32:06.6953936Z   LD_LIBRARY_PATH: /opt/hostedtoolcache/Python/3.11.14/x64/lib
2026-01-26T01:32:06.6954449Z ##[endgroup]
2026-01-26T01:32:06.8710386Z The XKEYBOARD keymap compiler (xkbcomp) reports:
2026-01-26T01:32:06.8711314Z > Warning:          Could not resolve keysym XF86CameraAccessEnable
2026-01-26T01:32:06.8712032Z > Warning:          Could not resolve keysym XF86CameraAccessDisable
2026-01-26T01:32:06.8712743Z > Warning:          Could not resolve keysym XF86CameraAccessToggle
2026-01-26T01:32:06.8713393Z > Warning:          Could not resolve keysym XF86NextElement
2026-01-26T01:32:06.8714017Z > Warning:          Could not resolve keysym XF86PreviousElement
2026-01-26T01:32:06.8714683Z > Warning:          Could not resolve keysym XF86AutopilotEngageToggle
2026-01-26T01:32:06.8715355Z > Warning:          Could not resolve keysym XF86MarkWaypoint
2026-01-26T01:32:06.8716081Z > Warning:          Could not resolve keysym XF86Sos
2026-01-26T01:32:06.8716633Z > Warning:          Could not resolve keysym XF86NavChart
2026-01-26T01:32:06.8717224Z > Warning:          Could not resolve keysym XF86FishingChart
2026-01-26T01:32:06.8718094Z > Warning:          Could not resolve keysym XF86SingleRangeRadar
2026-01-26T01:32:06.8718734Z > Warning:          Could not resolve keysym XF86DualRangeRadar
2026-01-26T01:32:06.8719342Z > Warning:          Could not resolve keysym XF86RadarOverlay
2026-01-26T01:32:06.8719969Z > Warning:          Could not resolve keysym XF86TraditionalSonar
2026-01-26T01:32:06.8720588Z > Warning:          Could not resolve keysym XF86ClearvuSonar
2026-01-26T01:32:06.8721331Z > Warning:          Could not resolve keysym XF86SidevuSonar
2026-01-26T01:32:06.8721906Z > Warning:          Could not resolve keysym XF86NavInfo
2026-01-26T01:32:06.8722462Z Errors from xkbcomp are not fatal to the X server
2026-01-26T01:32:09.7047594Z ⚠️ Virtual display may not be fully ready, continuing anyway...
2026-01-26T01:32:14.7075545Z ##[group]Run python - <<'PYTHON_SCRIPT'
2026-01-26T01:32:14.7076266Z [36;1mpython - <<'PYTHON_SCRIPT'[0m
2026-01-26T01:32:14.7087897Z [36;1mimport asyncio[0m
2026-01-26T01:32:14.7088163Z [36;1mimport sys[0m
2026-01-26T01:32:14.7088376Z [36;1mimport traceback[0m
2026-01-26T01:32:14.7088581Z [36;1m[0m
2026-01-26T01:32:14.7088777Z [36;1masync def test_stealthy_browser():[0m
2026-01-26T01:32:14.7089151Z [36;1m    """Test Scrapling's StealthyFetcher with Camoufox."""[0m
2026-01-26T01:32:14.7089473Z [36;1m    print("=" * 60)[0m
2026-01-26T01:32:14.7089770Z [36;1m    print("Testing Scrapling StealthyFetcher (Camoufox)")[0m
2026-01-26T01:32:14.7090083Z [36;1m    print("=" * 60)[0m
2026-01-26T01:32:14.7090409Z [36;1m    session = None  # Ensure session is defined for the finally block[0m
2026-01-26T01:32:14.7090741Z [36;1m    try:[0m
2026-01-26T01:32:14.7091124Z [36;1m        from scrapling.fetchers import AsyncStealthySession[0m
2026-01-26T01:32:14.7091526Z [36;1m        print("✓ Imported AsyncStealthySession")[0m
2026-01-26T01:32:14.7091815Z [36;1m[0m
2026-01-26T01:32:14.7092000Z [36;1m        # Create session instance[0m
2026-01-26T01:32:14.7092274Z [36;1m        session = AsyncStealthySession()[0m
2026-01-26T01:32:14.7092609Z [36;1m        print("✓ Created AsyncStealthySession instance")[0m
2026-01-26T01:32:14.7092924Z [36;1m[0m
2026-01-26T01:32:14.7093104Z [36;1m        # Fetch a test page[0m
2026-01-26T01:32:14.7093389Z [36;1m        url = 'https://httpbin.org/headers'[0m
2026-01-26T01:32:14.7093692Z [36;1m        print(f"→ Fetching {url} ...")[0m
2026-01-26T01:32:14.7093986Z [36;1m        response = await session.fetch(url)[0m
2026-01-26T01:32:14.7094236Z [36;1m[0m
2026-01-26T01:32:14.7094426Z [36;1m        print("✓ Response received")[0m
2026-01-26T01:32:14.7094727Z [36;1m        print(f"  - Status: {response.status}")[0m
2026-01-26T01:32:14.7095087Z [36;1m        print(f"  - Content length: {len(response.text)} chars")[0m
2026-01-26T01:32:14.7095401Z [36;1m[0m
2026-01-26T01:32:14.7095745Z [36;1m        # It's possible to get a 200 but an empty response text if the page is loading dynamically[0m
2026-01-26T01:32:14.7096255Z [36;1m        # or if there's an issue with the headless browser context.[0m
2026-01-26T01:32:14.7096665Z [36;1m        # A successful status code is a strong indicator of success.[0m
2026-01-26T01:32:14.7097017Z [36;1m        if response.status == 200:[0m
2026-01-26T01:32:14.7097371Z [36;1m            print("\n✅ StealthyFetcher verification PASSED!")[0m
2026-01-26T01:32:14.7097705Z [36;1m            return True[0m
2026-01-26T01:32:14.7097928Z [36;1m        else:[0m
2026-01-26T01:32:14.7098229Z [36;1m            print(f"\n❌ Unexpected response status: {response.status}")[0m
2026-01-26T01:32:14.7098621Z [36;1m            print("Response text:", response.text)[0m
2026-01-26T01:32:14.7098926Z [36;1m            return False[0m
2026-01-26T01:32:14.7099139Z [36;1m[0m
2026-01-26T01:32:14.7099317Z [36;1m    except ImportError:[0m
2026-01-26T01:32:14.7099717Z [36;1m        print("\n❌ Failed to import StealthySession. Is scrapling[fetchers] installed?")[0m
2026-01-26T01:32:14.7100166Z [36;1m        traceback.print_exc()[0m
2026-01-26T01:32:14.7100413Z [36;1m        return False[0m
2026-01-26T01:32:14.7100643Z [36;1m    except Exception as e:[0m
2026-01-26T01:32:14.7101127Z [36;1m        print(f"\n❌ StealthyFetcher failed: {e}")[0m
2026-01-26T01:32:14.7101529Z [36;1m        traceback.print_exc()[0m
2026-01-26T01:32:14.7101774Z [36;1m        return False[0m
2026-01-26T01:32:14.7101983Z [36;1m    finally:[0m
2026-01-26T01:32:14.7102183Z [36;1m        if session:[0m
2026-01-26T01:32:14.7102413Z [36;1m            await session.close()[0m
2026-01-26T01:32:14.7102692Z [36;1m            print("✓ StealthySession closed.")[0m
2026-01-26T01:32:14.7102950Z [36;1m[0m
2026-01-26T01:32:14.7103115Z [36;1masync def main():[0m
2026-01-26T01:32:14.7103576Z [36;1m    stealthy_ok = await test_stealthy_browser()[0m
2026-01-26T01:32:14.7103858Z [36;1m[0m
2026-01-26T01:32:14.7104139Z [36;1m    print("\n" + "=" * 60)[0m
2026-01-26T01:32:14.7104391Z [36;1m    print("VERIFICATION SUMMARY")[0m
2026-01-26T01:32:14.7104642Z [36;1m    print("=" * 60)[0m
2026-01-26T01:32:14.7104997Z [36;1m    print(f"  StealthyFetcher (Camoufox):  {'✅ PASS' if stealthy_ok else '❌ FAIL'}")[0m
2026-01-26T01:32:14.7105387Z [36;1m[0m
2026-01-26T01:32:14.7105556Z [36;1m    if stealthy_ok:[0m
2026-01-26T01:32:14.7105819Z [36;1m        print("\n🎉 Browser backend is working!")[0m
2026-01-26T01:32:14.7106103Z [36;1m        return 0[0m
2026-01-26T01:32:14.7106302Z [36;1m    else:[0m
2026-01-26T01:32:14.7106519Z [36;1m        print("\n💥 Browser backend failed!")[0m
2026-01-26T01:32:14.7106787Z [36;1m        return 1[0m
2026-01-26T01:32:14.7106979Z [36;1m[0m
2026-01-26T01:32:14.7107157Z [36;1msys.exit(asyncio.run(main()))[0m
2026-01-26T01:32:14.7107398Z [36;1mPYTHON_SCRIPT[0m
2026-01-26T01:32:14.7138633Z shell: /usr/bin/bash -e {0}
2026-01-26T01:32:14.7138857Z env:
2026-01-26T01:32:14.7139044Z   PYTHON_VERSION: 3.11
2026-01-26T01:32:14.7139259Z   REPORT_RETENTION_DAYS: 14
2026-01-26T01:32:14.7139464Z   MAX_RETRIES: 3
2026-01-26T01:32:14.7139645Z   REQUEST_TIMEOUT: 30
2026-01-26T01:32:14.7139907Z   pythonLocation: /opt/hostedtoolcache/Python/3.11.14/x64
2026-01-26T01:32:14.7140324Z   PKG_CONFIG_PATH: /opt/hostedtoolcache/Python/3.11.14/x64/lib/pkgconfig
2026-01-26T01:32:14.7140732Z   Python_ROOT_DIR: /opt/hostedtoolcache/Python/3.11.14/x64
2026-01-26T01:32:14.7141384Z   Python2_ROOT_DIR: /opt/hostedtoolcache/Python/3.11.14/x64
2026-01-26T01:32:14.7141749Z   Python3_ROOT_DIR: /opt/hostedtoolcache/Python/3.11.14/x64
2026-01-26T01:32:14.7142110Z   LD_LIBRARY_PATH: /opt/hostedtoolcache/Python/3.11.14/x64/lib
2026-01-26T01:32:14.7142413Z   DISPLAY: :99
2026-01-26T01:32:14.7142591Z ##[endgroup]
2026-01-26T01:32:15.1215657Z Traceback (most recent call last):
2026-01-26T01:32:15.1221658Z   File "<stdin>", line 22, in test_stealthy_browser
2026-01-26T01:32:15.1222495Z   File "/opt/hostedtoolcache/Python/3.11.14/x64/lib/python3.11/site-packages/scrapling/engines/_browsers/_stealth.py", line 414, in fetch
2026-01-26T01:32:15.1223423Z     page_info = await self._get_page(params.timeout, params.extra_headers, params.disable_resources)
2026-01-26T01:32:15.1223994Z                 ^^^^^^^^^^^^^^^^^^^^^^^^^^^^^^^^^^^^^^^^^^^^^^^^^^^^^^^^^^^^^^^^^^^^^^^^^^^^^^^^^^^^
2026-01-26T01:32:15.1224779Z   File "/opt/hostedtoolcache/Python/3.11.14/x64/lib/python3.11/site-packages/scrapling/engines/_browsers/_base.py", line 191, in _get_page
2026-01-26T01:32:15.1225464Z     page = await self.context.new_page()
2026-01-26T01:32:15.1225747Z                  ^^^^^^^^^^^^^^^^^^^^^
2026-01-26T01:32:15.1226100Z AttributeError: 'NoneType' object has no attribute 'new_page'
2026-01-26T01:32:15.1226492Z ============================================================
2026-01-26T01:32:15.1226822Z Testing Scrapling StealthyFetcher (Camoufox)
2026-01-26T01:32:15.1227145Z ============================================================
2026-01-26T01:32:15.1227889Z ✓ Imported AsyncStealthySession
2026-01-26T01:32:15.1228211Z ✓ Created AsyncStealthySession instance
2026-01-26T01:32:15.1228587Z → Fetching https://httpbin.org/headers ...
2026-01-26T01:32:15.1228803Z
2026-01-26T01:32:15.1229085Z ❌ StealthyFetcher failed: 'NoneType' object has no attribute 'new_page'
2026-01-26T01:32:15.1229511Z ✓ StealthySession closed.
2026-01-26T01:32:15.1229653Z
2026-01-26T01:32:15.1229750Z ============================================================
2026-01-26T01:32:15.1230013Z VERIFICATION SUMMARY
2026-01-26T01:32:15.1230222Z ============================================================
2026-01-26T01:32:15.1230526Z   StealthyFetcher (Camoufox):  ❌ FAIL
2026-01-26T01:32:15.1230699Z
2026-01-26T01:32:15.1230819Z 💥 Browser backend failed!
2026-01-26T01:32:15.1782849Z ##[error]Process completed with exit code 1.
2026-01-26T01:32:15.1889699Z ##[group]Run actions/upload-artifact@v4
2026-01-26T01:32:15.1889982Z with:
2026-01-26T01:32:15.1890161Z   name: race-reports-81-1
2026-01-26T01:32:15.1891334Z   path: race-report.html
qualified_races.json
raw_race_data.json
reporter_output.log
atr_debug.html
sl_debug.html
brisnet_debug.html
equibase_debug.html
oddschecker_debug.html
racingpost_debug.html
timeform_debug.html
twinspires_debug.html

2026-01-26T01:32:15.1892263Z   retention-days: 14
2026-01-26T01:32:15.1892473Z   if-no-files-found: warn
2026-01-26T01:32:15.1892677Z   compression-level: 9
2026-01-26T01:32:15.1892875Z   overwrite: false
2026-01-26T01:32:15.1893073Z   include-hidden-files: false
2026-01-26T01:32:15.1893281Z env:
2026-01-26T01:32:15.1893444Z   PYTHON_VERSION: 3.11
2026-01-26T01:32:15.1893648Z   REPORT_RETENTION_DAYS: 14
2026-01-26T01:32:15.1893854Z   MAX_RETRIES: 3
2026-01-26T01:32:15.1894029Z   REQUEST_TIMEOUT: 30
2026-01-26T01:32:15.1894289Z   pythonLocation: /opt/hostedtoolcache/Python/3.11.14/x64
2026-01-26T01:32:15.1894738Z   PKG_CONFIG_PATH: /opt/hostedtoolcache/Python/3.11.14/x64/lib/pkgconfig
2026-01-26T01:32:15.1895149Z   Python_ROOT_DIR: /opt/hostedtoolcache/Python/3.11.14/x64
2026-01-26T01:32:15.1895518Z   Python2_ROOT_DIR: /opt/hostedtoolcache/Python/3.11.14/x64
2026-01-26T01:32:15.1895881Z   Python3_ROOT_DIR: /opt/hostedtoolcache/Python/3.11.14/x64
2026-01-26T01:32:15.1896239Z   LD_LIBRARY_PATH: /opt/hostedtoolcache/Python/3.11.14/x64/lib
2026-01-26T01:32:15.1896541Z   DISPLAY: :99
2026-01-26T01:32:15.1896720Z ##[endgroup]
2026-01-26T01:32:15.4128261Z Multiple search paths detected. Calculating the least common ancestor of all paths
2026-01-26T01:32:15.4140001Z The least common ancestor is /home/runner/work/fortuna/fortuna. This will be the root directory of the artifact
2026-01-26T01:32:15.4154815Z ##[warning]No files were found with the provided path: race-report.html
qualified_races.json
raw_race_data.json
reporter_output.log
atr_debug.html
sl_debug.html
brisnet_debug.html
equibase_debug.html
oddschecker_debug.html
racingpost_debug.html
timeform_debug.html
twinspires_debug.html. No artifacts will be uploaded.
2026-01-26T01:32:15.4226156Z ##[group]Run {
2026-01-26T01:32:15.4226391Z [36;1m{[0m
2026-01-26T01:32:15.4226611Z [36;1m  echo "## 🐴 Fortuna Race Report Summary"[0m
2026-01-26T01:32:15.4226889Z [36;1m  echo ""[0m
2026-01-26T01:32:15.4227109Z [36;1m  echo "**Run:** #81 | **Status:** unknown"[0m
2026-01-26T01:32:15.4227408Z [36;1m  echo "**Analyzer:** tiny_field_trifecta"[0m
2026-01-26T01:32:15.4227668Z [36;1m  echo ""[0m
2026-01-26T01:32:15.4227846Z [36;1m[0m
2026-01-26T01:32:15.4228047Z [36;1m  if [ -f "github_summary.md" ]; then[0m
2026-01-26T01:32:15.4228318Z [36;1m    cat github_summary.md[0m
2026-01-26T01:32:15.4228539Z [36;1m  else[0m
2026-01-26T01:32:15.4228763Z [36;1m    echo "### ⚠️ Detailed summary not available"[0m
2026-01-26T01:32:15.4229048Z [36;1m    echo ""[0m
2026-01-26T01:32:15.4229291Z [36;1m    echo "Check the artifacts for the full report."[0m
2026-01-26T01:32:15.4229579Z [36;1m  fi[0m
2026-01-26T01:32:15.4229754Z [36;1m[0m
2026-01-26T01:32:15.4229952Z [36;1m  echo ""[0m
2026-01-26T01:32:15.4230321Z [36;1m  echo "---"[0m
2026-01-26T01:32:15.4230608Z [36;1m  echo "*Generated at $(date -u '+%Y-%m-%d %H:%M:%S UTC')*"[0m
2026-01-26T01:32:15.4231202Z [36;1m} >> $GITHUB_STEP_SUMMARY[0m
2026-01-26T01:32:15.4263023Z shell: /usr/bin/bash -e {0}
2026-01-26T01:32:15.4263257Z env:
2026-01-26T01:32:15.4263430Z   PYTHON_VERSION: 3.11
2026-01-26T01:32:15.4263641Z   REPORT_RETENTION_DAYS: 14
2026-01-26T01:32:15.4263852Z   MAX_RETRIES: 3
2026-01-26T01:32:15.4264037Z   REQUEST_TIMEOUT: 30
2026-01-26T01:32:15.4264295Z   pythonLocation: /opt/hostedtoolcache/Python/3.11.14/x64
2026-01-26T01:32:15.4264725Z   PKG_CONFIG_PATH: /opt/hostedtoolcache/Python/3.11.14/x64/lib/pkgconfig
2026-01-26T01:32:15.4265135Z   Python_ROOT_DIR: /opt/hostedtoolcache/Python/3.11.14/x64
2026-01-26T01:32:15.4265494Z   Python2_ROOT_DIR: /opt/hostedtoolcache/Python/3.11.14/x64
2026-01-26T01:32:15.4265854Z   Python3_ROOT_DIR: /opt/hostedtoolcache/Python/3.11.14/x64
2026-01-26T01:32:15.4266228Z   LD_LIBRARY_PATH: /opt/hostedtoolcache/Python/3.11.14/x64/lib
2026-01-26T01:32:15.4266543Z   DISPLAY: :99
2026-01-26T01:32:15.4266714Z ##[endgroup]
2026-01-26T01:32:15.4362868Z ##[group]Run pip install beautifulsoup4
2026-01-26T01:32:15.4363196Z [36;1mpip install beautifulsoup4[0m
2026-01-26T01:32:15.4391176Z shell: /usr/bin/bash -e {0}
2026-01-26T01:32:15.4391410Z env:
2026-01-26T01:32:15.4391581Z   PYTHON_VERSION: 3.11
2026-01-26T01:32:15.4391799Z   REPORT_RETENTION_DAYS: 14
2026-01-26T01:32:15.4392010Z   MAX_RETRIES: 3
2026-01-26T01:32:15.4392185Z   REQUEST_TIMEOUT: 30
2026-01-26T01:32:15.4392453Z   pythonLocation: /opt/hostedtoolcache/Python/3.11.14/x64
2026-01-26T01:32:15.4392890Z   PKG_CONFIG_PATH: /opt/hostedtoolcache/Python/3.11.14/x64/lib/pkgconfig
2026-01-26T01:32:15.4393296Z   Python_ROOT_DIR: /opt/hostedtoolcache/Python/3.11.14/x64
2026-01-26T01:32:15.4393679Z   Python2_ROOT_DIR: /opt/hostedtoolcache/Python/3.11.14/x64
2026-01-26T01:32:15.4394044Z   Python3_ROOT_DIR: /opt/hostedtoolcache/Python/3.11.14/x64
2026-01-26T01:32:15.4394431Z   LD_LIBRARY_PATH: /opt/hostedtoolcache/Python/3.11.14/x64/lib
2026-01-26T01:32:15.4394731Z   DISPLAY: :99
2026-01-26T01:32:15.4394934Z ##[endgroup]
2026-01-26T01:32:15.7708978Z Requirement already satisfied: beautifulsoup4 in /opt/hostedtoolcache/Python/3.11.14/x64/lib/python3.11/site-packages (4.12.2)
2026-01-26T01:32:15.7718518Z Requirement already satisfied: soupsieve>1.2 in /opt/hostedtoolcache/Python/3.11.14/x64/lib/python3.11/site-packages (from beautifulsoup4) (2.5)
2026-01-26T01:32:15.9353208Z ##[group]Run mkdir -p debug-analysis
2026-01-26T01:32:15.9353549Z [36;1mmkdir -p debug-analysis[0m
2026-01-26T01:32:15.9354275Z [36;1mfor html_file in sl_debug.html atr_debug.html brisnet_debug.html equibase_debug.html oddschecker_debug.html racingpost_debug.html timeform_debug.html twinspires_debug.html; do[0m
2026-01-26T01:32:15.9355002Z [36;1m  if [ -f "$html_file" ]; then[0m
2026-01-26T01:32:15.9355281Z [36;1m    base_name="${html_file%.html}"[0m
2026-01-26T01:32:15.9355768Z [36;1m    python scripts/debug_html_parser.py "$html_file" "debug-analysis/${base_name}_analysis.json" || true[0m
2026-01-26T01:32:15.9356249Z [36;1m  fi[0m
2026-01-26T01:32:15.9356415Z [36;1mdone[0m
2026-01-26T01:32:15.9388164Z shell: /usr/bin/bash -e {0}
2026-01-26T01:32:15.9388393Z env:
2026-01-26T01:32:15.9388568Z   PYTHON_VERSION: 3.11
2026-01-26T01:32:15.9388780Z   REPORT_RETENTION_DAYS: 14
2026-01-26T01:32:15.9388986Z   MAX_RETRIES: 3
2026-01-26T01:32:15.9389167Z   REQUEST_TIMEOUT: 30
2026-01-26T01:32:15.9389461Z   pythonLocation: /opt/hostedtoolcache/Python/3.11.14/x64
2026-01-26T01:32:15.9389887Z   PKG_CONFIG_PATH: /opt/hostedtoolcache/Python/3.11.14/x64/lib/pkgconfig
2026-01-26T01:32:15.9390299Z   Python_ROOT_DIR: /opt/hostedtoolcache/Python/3.11.14/x64
2026-01-26T01:32:15.9390681Z   Python2_ROOT_DIR: /opt/hostedtoolcache/Python/3.11.14/x64
2026-01-26T01:32:15.9391241Z   Python3_ROOT_DIR: /opt/hostedtoolcache/Python/3.11.14/x64
2026-01-26T01:32:15.9391615Z   LD_LIBRARY_PATH: /opt/hostedtoolcache/Python/3.11.14/x64/lib
2026-01-26T01:32:15.9392095Z   DISPLAY: :99
2026-01-26T01:32:15.9392275Z ##[endgroup]
2026-01-26T01:32:15.9495209Z ##[group]Run actions/upload-artifact@v4
2026-01-26T01:32:15.9495481Z with:
2026-01-26T01:32:15.9495654Z   name: debug-analysis-81
2026-01-26T01:32:15.9495873Z   path: debug-analysis/
2026-01-26T01:32:15.9496078Z   retention-days: 14
2026-01-26T01:32:15.9496273Z   if-no-files-found: warn
2026-01-26T01:32:15.9496480Z   compression-level: 6
2026-01-26T01:32:15.9496670Z   overwrite: false
2026-01-26T01:32:15.9496860Z   include-hidden-files: false
2026-01-26T01:32:15.9497071Z env:
2026-01-26T01:32:15.9497235Z   PYTHON_VERSION: 3.11
2026-01-26T01:32:15.9497427Z   REPORT_RETENTION_DAYS: 14
2026-01-26T01:32:15.9497634Z   MAX_RETRIES: 3
2026-01-26T01:32:15.9497812Z   REQUEST_TIMEOUT: 30
2026-01-26T01:32:15.9498072Z   pythonLocation: /opt/hostedtoolcache/Python/3.11.14/x64
2026-01-26T01:32:15.9498472Z   PKG_CONFIG_PATH: /opt/hostedtoolcache/Python/3.11.14/x64/lib/pkgconfig
2026-01-26T01:32:15.9498884Z   Python_ROOT_DIR: /opt/hostedtoolcache/Python/3.11.14/x64
2026-01-26T01:32:15.9499258Z   Python2_ROOT_DIR: /opt/hostedtoolcache/Python/3.11.14/x64
2026-01-26T01:32:15.9499617Z   Python3_ROOT_DIR: /opt/hostedtoolcache/Python/3.11.14/x64
2026-01-26T01:32:15.9499978Z   LD_LIBRARY_PATH: /opt/hostedtoolcache/Python/3.11.14/x64/lib
2026-01-26T01:32:15.9500277Z   DISPLAY: :99
2026-01-26T01:32:15.9500448Z ##[endgroup]
2026-01-26T01:32:16.1625901Z ##[warning]No files were found with the provided path: debug-analysis/. No artifacts will be uploaded.
2026-01-26T01:32:16.1712013Z ##[group]Run echo "::warning::Report generation failed. Check logs for details."
2026-01-26T01:32:16.1712599Z [36;1mecho "::warning::Report generation failed. Check logs for details."[0m
2026-01-26T01:32:16.1712996Z [36;1mif ls *.json 1> /dev/null 2>&1; then[0m
2026-01-26T01:32:16.1713347Z [36;1m  tar -czf debug-data.tar.gz *.json *.log 2>/dev/null || true[0m
2026-01-26T01:32:16.1713679Z [36;1mfi[0m
2026-01-26T01:32:16.1745256Z shell: /usr/bin/bash -e {0}
2026-01-26T01:32:16.1745504Z env:
2026-01-26T01:32:16.1745683Z   PYTHON_VERSION: 3.11
2026-01-26T01:32:16.1745927Z   REPORT_RETENTION_DAYS: 14
2026-01-26T01:32:16.1746143Z   MAX_RETRIES: 3
2026-01-26T01:32:16.1746331Z   REQUEST_TIMEOUT: 30
2026-01-26T01:32:16.1746597Z   pythonLocation: /opt/hostedtoolcache/Python/3.11.14/x64
2026-01-26T01:32:16.1747018Z   PKG_CONFIG_PATH: /opt/hostedtoolcache/Python/3.11.14/x64/lib/pkgconfig
2026-01-26T01:32:16.1747453Z   Python_ROOT_DIR: /opt/hostedtoolcache/Python/3.11.14/x64
2026-01-26T01:32:16.1747862Z   Python2_ROOT_DIR: /opt/hostedtoolcache/Python/3.11.14/x64
2026-01-26T01:32:16.1748253Z   Python3_ROOT_DIR: /opt/hostedtoolcache/Python/3.11.14/x64
2026-01-26T01:32:16.1748629Z   LD_LIBRARY_PATH: /opt/hostedtoolcache/Python/3.11.14/x64/lib
2026-01-26T01:32:16.1748939Z   DISPLAY: :99
2026-01-26T01:32:16.1749123Z ##[endgroup]
2026-01-26T01:32:16.1813531Z ##[warning]Report generation failed. Check logs for details.
2026-01-26T01:32:16.1909844Z ##[group]Run actions/upload-artifact@v4
2026-01-26T01:32:16.1910118Z with:
2026-01-26T01:32:16.1910304Z   name: browser-debug-logs-81
2026-01-26T01:32:16.1910585Z   path: ~/.cache/ms-playwright
~/.cache/camoufox

2026-01-26T01:32:16.1910873Z   retention-days: 14
2026-01-26T01:32:16.1911379Z   if-no-files-found: warn
2026-01-26T01:32:16.1911600Z   compression-level: 6
2026-01-26T01:32:16.1911796Z   overwrite: false
2026-01-26T01:32:16.1911987Z   include-hidden-files: false
2026-01-26T01:32:16.1912200Z env:
2026-01-26T01:32:16.1912362Z   PYTHON_VERSION: 3.11
2026-01-26T01:32:16.1912557Z   REPORT_RETENTION_DAYS: 14
2026-01-26T01:32:16.1912767Z   MAX_RETRIES: 3
2026-01-26T01:32:16.1912944Z   REQUEST_TIMEOUT: 30
2026-01-26T01:32:16.1913198Z   pythonLocation: /opt/hostedtoolcache/Python/3.11.14/x64
2026-01-26T01:32:16.1913603Z   PKG_CONFIG_PATH: /opt/hostedtoolcache/Python/3.11.14/x64/lib/pkgconfig
2026-01-26T01:32:16.1914007Z   Python_ROOT_DIR: /opt/hostedtoolcache/Python/3.11.14/x64
2026-01-26T01:32:16.1914387Z   Python2_ROOT_DIR: /opt/hostedtoolcache/Python/3.11.14/x64
2026-01-26T01:32:16.1914928Z   Python3_ROOT_DIR: /opt/hostedtoolcache/Python/3.11.14/x64
2026-01-26T01:32:16.1915284Z   LD_LIBRARY_PATH: /opt/hostedtoolcache/Python/3.11.14/x64/lib
2026-01-26T01:32:16.1915584Z   DISPLAY: :99
2026-01-26T01:32:16.1915761Z ##[endgroup]
2026-01-26T01:32:16.7100874Z Multiple search paths detected. Calculating the least common ancestor of all paths
2026-01-26T01:32:16.7103409Z The least common ancestor is /home/runner/.cache. This will be the root directory of the artifact
2026-01-26T01:32:16.7104235Z With the provided path, there will be 1833 files uploaded
2026-01-26T01:32:16.7109592Z Artifact name is valid!
2026-01-26T01:32:16.7110685Z Root directory input is valid!
2026-01-26T01:32:17.0144157Z Beginning upload of artifact content to blob storage
2026-01-26T01:32:18.7970513Z Uploaded bytes 8388608
2026-01-26T01:32:19.1158420Z Uploaded bytes 16777216
2026-01-26T01:32:19.3855759Z Uploaded bytes 25165824
2026-01-26T01:32:19.8677556Z Uploaded bytes 33554432
2026-01-26T01:32:20.4228719Z Uploaded bytes 41943040
2026-01-26T01:32:20.9702503Z Uploaded bytes 50331648
2026-01-26T01:32:21.6844632Z Uploaded bytes 58720256
2026-01-26T01:32:22.2271353Z Uploaded bytes 67108864
2026-01-26T01:32:22.9127511Z Uploaded bytes 75497472
2026-01-26T01:32:23.4735905Z Uploaded bytes 83886080
2026-01-26T01:32:24.0118735Z Uploaded bytes 92274688
2026-01-26T01:32:24.5172594Z Uploaded bytes 100663296
2026-01-26T01:32:25.1052877Z Uploaded bytes 109051904
2026-01-26T01:32:26.4927836Z Uploaded bytes 117440512
2026-01-26T01:32:27.5411071Z Uploaded bytes 125829120
2026-01-26T01:32:28.4443793Z Uploaded bytes 134217728
2026-01-26T01:32:29.2199607Z Uploaded bytes 142606336
2026-01-26T01:32:29.7788420Z Uploaded bytes 150994944
2026-01-26T01:32:30.9069215Z Uploaded bytes 159383552
2026-01-26T01:32:31.8119592Z Uploaded bytes 167772160
2026-01-26T01:32:32.6356782Z Uploaded bytes 176160768
2026-01-26T01:32:33.2988272Z Uploaded bytes 184549376
2026-01-26T01:32:33.3999753Z Uploaded bytes 192937984
2026-01-26T01:32:33.9394799Z Uploaded bytes 201326592
2026-01-26T01:32:34.4636280Z Uploaded bytes 209715200
2026-01-26T01:32:35.0167658Z Uploaded bytes 218103808
2026-01-26T01:32:35.5495742Z Uploaded bytes 226492416
2026-01-26T01:32:36.1470405Z Uploaded bytes 234881024
2026-01-26T01:32:36.7634461Z Uploaded bytes 243269632
2026-01-26T01:32:37.2501600Z Uploaded bytes 251658240
2026-01-26T01:32:37.8587434Z Uploaded bytes 260046848
2026-01-26T01:32:38.6545724Z Uploaded bytes 268435456
2026-01-26T01:32:39.8114691Z Uploaded bytes 276824064
2026-01-26T01:32:40.7150227Z Uploaded bytes 285212672
2026-01-26T01:32:41.2420224Z Uploaded bytes 293601280
2026-01-26T01:32:42.4564213Z Uploaded bytes 301989888
2026-01-26T01:32:43.1783902Z Uploaded bytes 310378496
2026-01-26T01:32:43.6919185Z Uploaded bytes 318767104
2026-01-26T01:32:44.2576806Z Uploaded bytes 327155712
2026-01-26T01:32:44.4013719Z Uploaded bytes 335544320
2026-01-26T01:32:44.8022036Z Uploaded bytes 343932928
2026-01-26T01:32:45.0521242Z Uploaded bytes 352321536
2026-01-26T01:32:45.2297029Z Uploaded bytes 360710144
2026-01-26T01:32:45.5586026Z Uploaded bytes 369098752
2026-01-26T01:32:45.8161454Z Uploaded bytes 377487360
2026-01-26T01:32:46.0468184Z Uploaded bytes 385875968
2026-01-26T01:32:46.3263444Z Uploaded bytes 394264576
2026-01-26T01:32:46.6511498Z Uploaded bytes 402653184
2026-01-26T01:32:47.0816250Z Uploaded bytes 411041792
2026-01-26T01:32:47.5687897Z Uploaded bytes 419430400
2026-01-26T01:32:48.1530001Z Uploaded bytes 427819008
2026-01-26T01:32:48.6551484Z Uploaded bytes 436207616
2026-01-26T01:32:48.7842120Z Uploaded bytes 444596224
2026-01-26T01:32:49.1792255Z Uploaded bytes 452984832
2026-01-26T01:32:49.7069195Z Uploaded bytes 461373440
2026-01-26T01:32:50.1907698Z Uploaded bytes 469762048
2026-01-26T01:32:50.3196053Z Uploaded bytes 478150656
2026-01-26T01:32:50.6208400Z Uploaded bytes 486539264
2026-01-26T01:32:50.8983626Z Uploaded bytes 494927872
2026-01-26T01:32:51.2872737Z Uploaded bytes 503316480
2026-01-26T01:32:51.6447797Z Uploaded bytes 511705088
2026-01-26T01:32:52.0454733Z Uploaded bytes 520093696
2026-01-26T01:32:52.5138405Z Uploaded bytes 528482304
2026-01-26T01:32:53.0623496Z Uploaded bytes 536870912
2026-01-26T01:32:53.5331230Z Uploaded bytes 545259520
2026-01-26T01:32:54.0514111Z Uploaded bytes 553648128
2026-01-26T01:32:54.7084585Z Uploaded bytes 562036736
2026-01-26T01:32:55.1558165Z Uploaded bytes 570425344
2026-01-26T01:32:55.6534260Z Uploaded bytes 578813952
2026-01-26T01:32:56.1523118Z Uploaded bytes 587202560
2026-01-26T01:32:56.6619629Z Uploaded bytes 595591168
2026-01-26T01:32:57.1861822Z Uploaded bytes 603979776
2026-01-26T01:32:57.7335186Z Uploaded bytes 612368384
2026-01-26T01:32:58.1617084Z Uploaded bytes 620756992
2026-01-26T01:32:58.6654886Z Uploaded bytes 629145600
2026-01-26T01:32:59.2771961Z Uploaded bytes 637534208
2026-01-26T01:32:59.8448886Z Uploaded bytes 645922816
2026-01-26T01:33:00.2600640Z Uploaded bytes 654311424
2026-01-26T01:33:00.6672261Z Uploaded bytes 662700032
2026-01-26T01:33:01.1145646Z Uploaded bytes 671088640
2026-01-26T01:33:01.5349318Z Uploaded bytes 679477248
2026-01-26T01:33:02.0659461Z Uploaded bytes 687865856
2026-01-26T01:33:02.3936169Z Uploaded bytes 696254464
2026-01-26T01:33:02.8438047Z Uploaded bytes 704643072
2026-01-26T01:33:03.4230062Z Uploaded bytes 713031680
2026-01-26T01:33:03.5599295Z Uploaded bytes 721420288
2026-01-26T01:33:03.8271971Z Uploaded bytes 729808896
2026-01-26T01:33:04.1731971Z Uploaded bytes 738197504
2026-01-26T01:33:04.4203623Z Uploaded bytes 746586112
2026-01-26T01:33:04.7440188Z Uploaded bytes 754974720
2026-01-26T01:33:05.1888506Z Uploaded bytes 763363328
2026-01-26T01:33:05.4796701Z Uploaded bytes 771751936
2026-01-26T01:33:06.0128898Z Uploaded bytes 780140544
2026-01-26T01:33:06.4174456Z Uploaded bytes 788529152
2026-01-26T01:33:06.8803979Z Uploaded bytes 796917760
2026-01-26T01:33:07.3895241Z Uploaded bytes 805306368
2026-01-26T01:33:07.8306246Z Uploaded bytes 813694976
2026-01-26T01:33:08.2961957Z Uploaded bytes 822083584
2026-01-26T01:33:08.7073577Z Uploaded bytes 830472192
2026-01-26T01:33:09.1978403Z Uploaded bytes 838860800
2026-01-26T01:33:09.6116877Z Uploaded bytes 847249408
2026-01-26T01:33:10.1854000Z Uploaded bytes 855638016
2026-01-26T01:33:10.6713985Z Uploaded bytes 864026624
2026-01-26T01:33:11.1655342Z Uploaded bytes 872415232
2026-01-26T01:33:11.4649873Z Uploaded bytes 880803840
2026-01-26T01:33:12.0046019Z Uploaded bytes 889192448
2026-01-26T01:33:12.3616547Z Uploaded bytes 897581056
2026-01-26T01:33:12.8068490Z Uploaded bytes 905969664
2026-01-26T01:33:13.2497942Z Uploaded bytes 914358272
2026-01-26T01:33:13.6841574Z Uploaded bytes 922746880
2026-01-26T01:33:14.0879306Z Uploaded bytes 931135488
2026-01-26T01:33:14.5765162Z Uploaded bytes 939524096
2026-01-26T01:33:15.1410631Z Uploaded bytes 947912704
2026-01-26T01:33:15.6306675Z Uploaded bytes 956301312
2026-01-26T01:33:16.1653860Z Uploaded bytes 964689920
2026-01-26T01:33:16.7746633Z Uploaded bytes 973078528
2026-01-26T01:33:17.4065558Z Uploaded bytes 981467136
2026-01-26T01:33:17.9942562Z Uploaded bytes 989855744
2026-01-26T01:33:18.6014633Z Uploaded bytes 998244352
2026-01-26T01:33:19.1954163Z Uploaded bytes 1006632960
2026-01-26T01:33:19.7434283Z Uploaded bytes 1015021568
2026-01-26T01:33:20.4322485Z Uploaded bytes 1023410176
2026-01-26T01:33:21.1524258Z Uploaded bytes 1031798784
2026-01-26T01:33:21.7504142Z Uploaded bytes 1038114087
2026-01-26T01:33:21.8331641Z Finished uploading artifact content to blob storage!
2026-01-26T01:33:21.8334036Z SHA256 digest of uploaded artifact zip is 4a15d17f0aa2444f2c26c7f26daaa85f3b8b086a7a9b61e77204d37c95f75ba1
2026-01-26T01:33:21.8336926Z Finalizing artifact upload
2026-01-26T01:33:22.1415981Z Artifact browser-debug-logs-81.zip successfully finalized. Artifact ID 5251667217
2026-01-26T01:33:22.1417074Z Artifact browser-debug-logs-81 has been successfully uploaded! Final size is 1038114087 bytes. Artifact ID is 5251667217
2026-01-26T01:33:22.1423660Z Artifact download URL: https://github.com/masonj0/fortuna/actions/runs/21343319267/artifacts/5251667217
2026-01-26T01:33:22.1603791Z Post job cleanup.
2026-01-26T01:33:22.2537038Z [command]/usr/bin/git version
2026-01-26T01:33:22.2578520Z git version 2.52.0
2026-01-26T01:33:22.2622848Z Temporarily overriding HOME='/home/runner/work/_temp/dd63fac6-df93-412a-b47f-7084e0c89846' before making global git config changes
2026-01-26T01:33:22.2624412Z Adding repository directory to the temporary git global config as a safe directory
2026-01-26T01:33:22.2640824Z [command]/usr/bin/git config --global --add safe.directory /home/runner/work/fortuna/fortuna
2026-01-26T01:33:22.2673267Z [command]/usr/bin/git config --local --name-only --get-regexp core\.sshCommand
2026-01-26T01:33:22.2707771Z [command]/usr/bin/git submodule foreach --recursive sh -c "git config --local --name-only --get-regexp 'core\.sshCommand' && git config --local --unset-all 'core.sshCommand' || :"
2026-01-26T01:33:22.2968927Z [command]/usr/bin/git config --local --name-only --get-regexp http\.https\:\/\/github\.com\/\.extraheader
2026-01-26T01:33:22.2992556Z http.https://github.com/.extraheader
2026-01-26T01:33:22.3006171Z [command]/usr/bin/git config --local --unset-all http.https://github.com/.extraheader
2026-01-26T01:33:22.3040586Z [command]/usr/bin/git submodule foreach --recursive sh -c "git config --local --name-only --get-regexp 'http\.https\:\/\/github\.com\/\.extraheader' && git config --local --unset-all 'http.https://github.com/.extraheader' || :"
2026-01-26T01:33:22.3287524Z [command]/usr/bin/git config --local --name-only --get-regexp ^includeIf\.gitdir:
2026-01-26T01:33:22.3319740Z [command]/usr/bin/git submodule foreach --recursive git config --local --show-origin --name-only --get-regexp remote.origin.url
2026-01-26T01:33:22.3664220Z Evaluate and set job outputs
2026-01-26T01:33:22.3670671Z Cleaning up orphan processes
