2026-01-26T01:11:37.1389123Z Current runner version: '2.331.0'
2026-01-26T01:11:37.1411990Z ##[group]Runner Image Provisioner
2026-01-26T01:11:37.1412838Z Hosted Compute Agent
2026-01-26T01:11:37.1413577Z Version: 20260115.477
2026-01-26T01:11:37.1414189Z Commit: 4b342d620503cbe250a3154040964899ea7c9b00
2026-01-26T01:11:37.1414898Z Build Date: 2026-01-15T22:32:41Z
2026-01-26T01:11:37.1415505Z Worker ID: {b840434f-6d6b-4049-a82b-d0183c57ac35}
2026-01-26T01:11:37.1416235Z Azure Region: eastus2
2026-01-26T01:11:37.1416751Z ##[endgroup]
2026-01-26T01:11:37.1418144Z ##[group]Operating System
2026-01-26T01:11:37.1418745Z Ubuntu
2026-01-26T01:11:37.1419161Z 24.04.3
2026-01-26T01:11:37.1419595Z LTS
2026-01-26T01:11:37.1420053Z ##[endgroup]
2026-01-26T01:11:37.1420603Z ##[group]Runner Image
2026-01-26T01:11:37.1421098Z Image: ubuntu-24.04
2026-01-26T01:11:37.1421627Z Version: 20260119.4.1
2026-01-26T01:11:37.1422768Z Included Software: https://github.com/actions/runner-images/blob/ubuntu24/20260119.4/images/ubuntu/Ubuntu2404-Readme.md
2026-01-26T01:11:37.1424622Z Image Release: https://github.com/actions/runner-images/releases/tag/ubuntu24%2F20260119.4
2026-01-26T01:11:37.1425475Z ##[endgroup]
2026-01-26T01:11:37.1426586Z ##[group]GITHUB_TOKEN Permissions
2026-01-26T01:11:37.1428673Z Actions: write
2026-01-26T01:11:37.1429202Z Contents: read
2026-01-26T01:11:37.1429777Z Metadata: read
2026-01-26T01:11:37.1430263Z ##[endgroup]
2026-01-26T01:11:37.1432098Z Secret source: Actions
2026-01-26T01:11:37.1432865Z Prepare workflow directory
2026-01-26T01:11:37.1797660Z Prepare all required actions
2026-01-26T01:11:37.1833519Z Getting action download info
2026-01-26T01:11:37.4895299Z Download action repository 'actions/checkout@v4' (SHA:34e114876b0b11c390a56381ad16ebd13914f8d5)
2026-01-26T01:11:37.6175641Z Download action repository 'actions/setup-python@v5' (SHA:a26af69be951a213d495a4c3e4e4022e16d87065)
2026-01-26T01:11:37.7030124Z Download action repository 'actions/cache@v4' (SHA:0057852bfaa89a56745cba8c7296529d2fc39830)
2026-01-26T01:11:37.8008792Z Download action repository 'actions/upload-artifact@v4' (SHA:ea165f8d65b6e75b540449e92b4886f43607fa02)
2026-01-26T01:11:38.0376993Z Complete job name: generate-unified-report
2026-01-26T01:11:38.1126063Z ##[group]Run actions/checkout@v4
2026-01-26T01:11:38.1126931Z with:
2026-01-26T01:11:38.1127322Z   fetch-depth: 1
2026-01-26T01:11:38.1127750Z   repository: masonj0/fortuna
2026-01-26T01:11:38.1128508Z   token: ***
2026-01-26T01:11:38.1128948Z   ssh-strict: true
2026-01-26T01:11:38.1129419Z   ssh-user: git
2026-01-26T01:11:38.1129831Z   persist-credentials: true
2026-01-26T01:11:38.1130319Z   clean: true
2026-01-26T01:11:38.1130730Z   sparse-checkout-cone-mode: true
2026-01-26T01:11:38.1131255Z   fetch-tags: false
2026-01-26T01:11:38.1131669Z   show-progress: true
2026-01-26T01:11:38.1132177Z   lfs: false
2026-01-26T01:11:38.1132556Z   submodules: false
2026-01-26T01:11:38.1133136Z   set-safe-directory: true
2026-01-26T01:11:38.1134144Z env:
2026-01-26T01:11:38.1134550Z   PYTHON_VERSION: 3.11
2026-01-26T01:11:38.1135045Z   REPORT_RETENTION_DAYS: 14
2026-01-26T01:11:38.1135511Z   MAX_RETRIES: 3
2026-01-26T01:11:38.1135913Z   REQUEST_TIMEOUT: 30
2026-01-26T01:11:38.1136392Z ##[endgroup]
2026-01-26T01:11:38.2251604Z Syncing repository: masonj0/fortuna
2026-01-26T01:11:38.2253896Z ##[group]Getting Git version info
2026-01-26T01:11:38.2255213Z Working directory is '/home/runner/work/fortuna/fortuna'
2026-01-26T01:11:38.2257217Z [command]/usr/bin/git version
2026-01-26T01:11:38.2335473Z git version 2.52.0
2026-01-26T01:11:38.2361932Z ##[endgroup]
2026-01-26T01:11:38.2377909Z Temporarily overriding HOME='/home/runner/work/_temp/1ec133d7-465c-40eb-ab54-9acc7acaaeff' before making global git config changes
2026-01-26T01:11:38.2380918Z Adding repository directory to the temporary git global config as a safe directory
2026-01-26T01:11:38.2392858Z [command]/usr/bin/git config --global --add safe.directory /home/runner/work/fortuna/fortuna
2026-01-26T01:11:38.2434912Z Deleting the contents of '/home/runner/work/fortuna/fortuna'
2026-01-26T01:11:38.2438945Z ##[group]Initializing the repository
2026-01-26T01:11:38.2444074Z [command]/usr/bin/git init /home/runner/work/fortuna/fortuna
2026-01-26T01:11:38.2568681Z hint: Using 'master' as the name for the initial branch. This default branch name
2026-01-26T01:11:38.2569814Z hint: will change to "main" in Git 3.0. To configure the initial branch name
2026-01-26T01:11:38.2570857Z hint: to use in all of your new repositories, which will suppress this warning,
2026-01-26T01:11:38.2571648Z hint: call:
2026-01-26T01:11:38.2572003Z hint:
2026-01-26T01:11:38.2572469Z hint: 	git config --global init.defaultBranch <name>
2026-01-26T01:11:38.2573518Z hint:
2026-01-26T01:11:38.2574108Z hint: Names commonly chosen instead of 'master' are 'main', 'trunk' and
2026-01-26T01:11:38.2575138Z hint: 'development'. The just-created branch can be renamed via this command:
2026-01-26T01:11:38.2575909Z hint:
2026-01-26T01:11:38.2576285Z hint: 	git branch -m <name>
2026-01-26T01:11:38.2576822Z hint:
2026-01-26T01:11:38.2577476Z hint: Disable this message with "git config set advice.defaultBranchName false"
2026-01-26T01:11:38.2595628Z Initialized empty Git repository in /home/runner/work/fortuna/fortuna/.git/
2026-01-26T01:11:38.2606291Z [command]/usr/bin/git remote add origin https://github.com/masonj0/fortuna
2026-01-26T01:11:38.2640644Z ##[endgroup]
2026-01-26T01:11:38.2642022Z ##[group]Disabling automatic garbage collection
2026-01-26T01:11:38.2645522Z [command]/usr/bin/git config --local gc.auto 0
2026-01-26T01:11:38.2674864Z ##[endgroup]
2026-01-26T01:11:38.2676196Z ##[group]Setting up auth
2026-01-26T01:11:38.2682490Z [command]/usr/bin/git config --local --name-only --get-regexp core\.sshCommand
2026-01-26T01:11:38.2714589Z [command]/usr/bin/git submodule foreach --recursive sh -c "git config --local --name-only --get-regexp 'core\.sshCommand' && git config --local --unset-all 'core.sshCommand' || :"
2026-01-26T01:11:38.3074128Z [command]/usr/bin/git config --local --name-only --get-regexp http\.https\:\/\/github\.com\/\.extraheader
2026-01-26T01:11:38.3105652Z [command]/usr/bin/git submodule foreach --recursive sh -c "git config --local --name-only --get-regexp 'http\.https\:\/\/github\.com\/\.extraheader' && git config --local --unset-all 'http.https://github.com/.extraheader' || :"
2026-01-26T01:11:38.3320335Z [command]/usr/bin/git config --local --name-only --get-regexp ^includeIf\.gitdir:
2026-01-26T01:11:38.3351115Z [command]/usr/bin/git submodule foreach --recursive git config --local --show-origin --name-only --get-regexp remote.origin.url
2026-01-26T01:11:38.3579277Z [command]/usr/bin/git config --local http.https://github.com/.extraheader AUTHORIZATION: basic ***
2026-01-26T01:11:38.3611874Z ##[endgroup]
2026-01-26T01:11:38.3613535Z ##[group]Fetching the repository
2026-01-26T01:11:38.3622323Z [command]/usr/bin/git -c protocol.version=2 fetch --no-tags --prune --no-recurse-submodules --depth=1 origin +81b7664217df1554cef410bc4249f284f4a78013:refs/remotes/origin/main
2026-01-26T01:11:38.6609020Z From https://github.com/masonj0/fortuna
2026-01-26T01:11:38.6611129Z  * [new ref]         81b7664217df1554cef410bc4249f284f4a78013 -> origin/main
2026-01-26T01:11:38.6640514Z ##[endgroup]
2026-01-26T01:11:38.6641668Z ##[group]Determining the checkout info
2026-01-26T01:11:38.6643293Z ##[endgroup]
2026-01-26T01:11:38.6647820Z [command]/usr/bin/git sparse-checkout disable
2026-01-26T01:11:38.6689348Z [command]/usr/bin/git config --local --unset-all extensions.worktreeConfig
2026-01-26T01:11:38.6714900Z ##[group]Checking out the ref
2026-01-26T01:11:38.6718628Z [command]/usr/bin/git checkout --progress --force -B main refs/remotes/origin/main
2026-01-26T01:11:38.7140342Z Switched to a new branch 'main'
2026-01-26T01:11:38.7142500Z branch 'main' set up to track 'origin/main'.
2026-01-26T01:11:38.7151799Z ##[endgroup]
2026-01-26T01:11:38.7185236Z [command]/usr/bin/git log -1 --format=%H
2026-01-26T01:11:38.7206928Z 81b7664217df1554cef410bc4249f284f4a78013
2026-01-26T01:11:38.7534754Z ##[group]Run actions/setup-python@v5
2026-01-26T01:11:38.7536175Z with:
2026-01-26T01:11:38.7536992Z   python-version: 3.11
2026-01-26T01:11:38.7537919Z   cache: pip
2026-01-26T01:11:38.7539077Z   cache-dependency-path: web_service/backend/requirements.txt
2026-01-26T01:11:38.7540553Z   check-latest: false
2026-01-26T01:11:38.7541736Z   token: ***
2026-01-26T01:11:38.7542583Z   update-environment: true
2026-01-26T01:11:38.7543744Z   allow-prereleases: false
2026-01-26T01:11:38.7544751Z   freethreaded: false
2026-01-26T01:11:38.7545635Z env:
2026-01-26T01:11:38.7546419Z   PYTHON_VERSION: 3.11
2026-01-26T01:11:38.7547359Z   REPORT_RETENTION_DAYS: 14
2026-01-26T01:11:38.7548336Z   MAX_RETRIES: 3
2026-01-26T01:11:38.7549177Z   REQUEST_TIMEOUT: 30
2026-01-26T01:11:38.7550069Z ##[endgroup]
2026-01-26T01:11:38.9325760Z ##[group]Installed versions
2026-01-26T01:11:38.9436438Z Successfully set up CPython (3.11.14)
2026-01-26T01:11:38.9440175Z ##[endgroup]
2026-01-26T01:11:38.9751295Z [command]/opt/hostedtoolcache/Python/3.11.14/x64/bin/pip cache dir
2026-01-26T01:11:39.3018692Z /home/runner/.cache/pip
2026-01-26T01:11:39.4037304Z Cache hit for: setup-python-Linux-x64-24.04-Ubuntu-python-3.11.14-pip-fb1c507ae73c310dfebf1049b66f154ad9fd242c3563aa5c6196253517673bdb
2026-01-26T01:11:40.4623420Z Received 222298112 of 474921379 (46.8%), 211.8 MBs/sec
2026-01-26T01:11:41.4635983Z Received 457179136 of 474921379 (96.3%), 217.8 MBs/sec
2026-01-26T01:11:41.5570436Z Received 474921379 of 474921379 (100.0%), 216.2 MBs/sec
2026-01-26T01:11:41.5573617Z Cache Size: ~453 MB (474921379 B)
2026-01-26T01:11:41.5616445Z [command]/usr/bin/tar -xf /home/runner/work/_temp/9de5ceca-fd26-4ec7-b0a9-1e3c98950f65/cache.tzst -P -C /home/runner/work/fortuna/fortuna --use-compress-program unzstd
2026-01-26T01:11:42.3099209Z Cache restored successfully
2026-01-26T01:11:42.3989554Z Cache restored from key: setup-python-Linux-x64-24.04-Ubuntu-python-3.11.14-pip-9b33d885a72e4a79c39d67e0d38fd2891ce0392a75a496cd6973c98dee5ac231
2026-01-26T01:11:42.4177657Z ##[group]Run sudo apt-get update
2026-01-26T01:11:42.4178042Z [36;1msudo apt-get update[0m
2026-01-26T01:11:42.4178406Z [36;1msudo apt-get install -y --no-install-recommends xvfb xauth[0m
2026-01-26T01:11:42.4218297Z shell: /usr/bin/bash -e {0}
2026-01-26T01:11:42.4218556Z env:
2026-01-26T01:11:42.4218742Z   PYTHON_VERSION: 3.11
2026-01-26T01:11:42.4218970Z   REPORT_RETENTION_DAYS: 14
2026-01-26T01:11:42.4219188Z   MAX_RETRIES: 3
2026-01-26T01:11:42.4219371Z   REQUEST_TIMEOUT: 30
2026-01-26T01:11:42.4219636Z   pythonLocation: /opt/hostedtoolcache/Python/3.11.14/x64
2026-01-26T01:11:42.4220063Z   PKG_CONFIG_PATH: /opt/hostedtoolcache/Python/3.11.14/x64/lib/pkgconfig
2026-01-26T01:11:42.4220478Z   Python_ROOT_DIR: /opt/hostedtoolcache/Python/3.11.14/x64
2026-01-26T01:11:42.4220840Z   Python2_ROOT_DIR: /opt/hostedtoolcache/Python/3.11.14/x64
2026-01-26T01:11:42.4221191Z   Python3_ROOT_DIR: /opt/hostedtoolcache/Python/3.11.14/x64
2026-01-26T01:11:42.4221611Z   LD_LIBRARY_PATH: /opt/hostedtoolcache/Python/3.11.14/x64/lib
2026-01-26T01:11:42.4221917Z ##[endgroup]
2026-01-26T01:11:42.4973530Z Get:1 file:/etc/apt/apt-mirrors.txt Mirrorlist [144 B]
2026-01-26T01:11:42.5275286Z Hit:2 http://azure.archive.ubuntu.com/ubuntu noble InRelease
2026-01-26T01:11:42.5276995Z Hit:6 https://packages.microsoft.com/repos/azure-cli noble InRelease
2026-01-26T01:11:42.5287878Z Get:7 https://packages.microsoft.com/ubuntu/24.04/prod noble InRelease [3600 B]
2026-01-26T01:11:42.5298777Z Get:3 http://azure.archive.ubuntu.com/ubuntu noble-updates InRelease [126 kB]
2026-01-26T01:11:42.5325356Z Get:4 http://azure.archive.ubuntu.com/ubuntu noble-backports InRelease [126 kB]
2026-01-26T01:11:42.5358524Z Get:5 http://azure.archive.ubuntu.com/ubuntu noble-security InRelease [126 kB]
2026-01-26T01:11:42.6961103Z Get:8 https://packages.microsoft.com/ubuntu/24.04/prod noble/main amd64 Packages [85.3 kB]
2026-01-26T01:11:42.7122891Z Get:9 https://packages.microsoft.com/ubuntu/24.04/prod noble/main armhf Packages [12.3 kB]
2026-01-26T01:11:42.7167908Z Get:10 https://packages.microsoft.com/ubuntu/24.04/prod noble/main arm64 Packages [66.2 kB]
2026-01-26T01:11:42.7204412Z Get:11 https://packages.microsoft.com/ubuntu/24.04/prod noble/main all Packages [650 B]
2026-01-26T01:11:42.7426192Z Get:12 http://azure.archive.ubuntu.com/ubuntu noble-updates/main amd64 Packages [1699 kB]
2026-01-26T01:11:42.7551391Z Get:13 http://azure.archive.ubuntu.com/ubuntu noble-updates/main Translation-en [314 kB]
2026-01-26T01:11:42.7573891Z Get:14 http://azure.archive.ubuntu.com/ubuntu noble-updates/main amd64 Components [175 kB]
2026-01-26T01:11:42.7592464Z Get:15 http://azure.archive.ubuntu.com/ubuntu noble-updates/main amd64 c-n-f Metadata [16.0 kB]
2026-01-26T01:11:42.7602521Z Get:16 http://azure.archive.ubuntu.com/ubuntu noble-updates/universe amd64 Packages [1519 kB]
2026-01-26T01:11:42.7699170Z Get:17 http://azure.archive.ubuntu.com/ubuntu noble-updates/universe Translation-en [310 kB]
2026-01-26T01:11:42.7725066Z Get:18 http://azure.archive.ubuntu.com/ubuntu noble-updates/universe amd64 Components [386 kB]
2026-01-26T01:11:42.7778138Z Get:19 http://azure.archive.ubuntu.com/ubuntu noble-updates/universe amd64 c-n-f Metadata [31.6 kB]
2026-01-26T01:11:42.7788446Z Get:20 http://azure.archive.ubuntu.com/ubuntu noble-updates/restricted amd64 Packages [2498 kB]
2026-01-26T01:11:42.7914272Z Get:21 http://azure.archive.ubuntu.com/ubuntu noble-updates/restricted Translation-en [573 kB]
2026-01-26T01:11:42.8439879Z Get:22 http://azure.archive.ubuntu.com/ubuntu noble-updates/restricted amd64 Components [212 B]
2026-01-26T01:11:42.8447449Z Get:23 http://azure.archive.ubuntu.com/ubuntu noble-updates/restricted amd64 c-n-f Metadata [512 B]
2026-01-26T01:11:42.8455468Z Get:24 http://azure.archive.ubuntu.com/ubuntu noble-updates/multiverse amd64 Packages [42.9 kB]
2026-01-26T01:11:42.8465326Z Get:25 http://azure.archive.ubuntu.com/ubuntu noble-updates/multiverse Translation-en [8340 B]
2026-01-26T01:11:42.8471826Z Get:26 http://azure.archive.ubuntu.com/ubuntu noble-updates/multiverse amd64 Components [940 B]
2026-01-26T01:11:42.8479166Z Get:27 http://azure.archive.ubuntu.com/ubuntu noble-updates/multiverse amd64 c-n-f Metadata [652 B]
2026-01-26T01:11:42.8489403Z Get:28 http://azure.archive.ubuntu.com/ubuntu noble-backports/main amd64 Components [7300 B]
2026-01-26T01:11:42.8530878Z Get:29 http://azure.archive.ubuntu.com/ubuntu noble-backports/universe amd64 Components [10.5 kB]
2026-01-26T01:11:42.8533489Z Get:30 http://azure.archive.ubuntu.com/ubuntu noble-backports/restricted amd64 Components [216 B]
2026-01-26T01:11:42.8534626Z Get:31 http://azure.archive.ubuntu.com/ubuntu noble-backports/multiverse amd64 Components [212 B]
2026-01-26T01:11:42.8548535Z Get:32 http://azure.archive.ubuntu.com/ubuntu noble-security/main amd64 Packages [1409 kB]
2026-01-26T01:11:42.8623527Z Get:33 http://azure.archive.ubuntu.com/ubuntu noble-security/main Translation-en [229 kB]
2026-01-26T01:11:42.8641212Z Get:34 http://azure.archive.ubuntu.com/ubuntu noble-security/main amd64 Components [21.5 kB]
2026-01-26T01:11:42.8650190Z Get:35 http://azure.archive.ubuntu.com/ubuntu noble-security/main amd64 c-n-f Metadata [9800 B]
2026-01-26T01:11:42.9117014Z Get:36 http://azure.archive.ubuntu.com/ubuntu noble-security/universe amd64 Packages [924 kB]
2026-01-26T01:11:42.9175293Z Get:37 http://azure.archive.ubuntu.com/ubuntu noble-security/universe Translation-en [209 kB]
2026-01-26T01:11:42.9193911Z Get:38 http://azure.archive.ubuntu.com/ubuntu noble-security/universe amd64 Components [74.2 kB]
2026-01-26T01:11:42.9205895Z Get:39 http://azure.archive.ubuntu.com/ubuntu noble-security/universe amd64 c-n-f Metadata [19.7 kB]
2026-01-26T01:11:42.9213814Z Get:40 http://azure.archive.ubuntu.com/ubuntu noble-security/restricted amd64 Components [212 B]
2026-01-26T01:11:42.9221535Z Get:41 http://azure.archive.ubuntu.com/ubuntu noble-security/multiverse amd64 Packages [28.0 kB]
2026-01-26T01:11:42.9230541Z Get:42 http://azure.archive.ubuntu.com/ubuntu noble-security/multiverse Translation-en [6472 B]
2026-01-26T01:11:42.9237269Z Get:43 http://azure.archive.ubuntu.com/ubuntu noble-security/multiverse amd64 Components [212 B]
2026-01-26T01:11:51.2592343Z Fetched 11.1 MB in 1s (8192 kB/s)
2026-01-26T01:11:52.0014330Z Reading package lists...
2026-01-26T01:11:52.0337156Z Reading package lists...
2026-01-26T01:11:52.2078061Z Building dependency tree...
2026-01-26T01:11:52.2085340Z Reading state information...
2026-01-26T01:11:52.3943123Z xvfb is already the newest version (2:21.1.12-1ubuntu1.5).
2026-01-26T01:11:52.3943630Z xauth is already the newest version (1:1.1.2-1build1).
2026-01-26T01:11:52.3943996Z xauth set to manually installed.
2026-01-26T01:11:52.3944378Z 0 upgraded, 0 newly installed, 0 to remove and 67 not upgraded.
2026-01-26T01:11:52.3991258Z ##[group]Run python -m pip install --upgrade pip wheel setuptools
2026-01-26T01:11:52.3991744Z [36;1mpython -m pip install --upgrade pip wheel setuptools[0m
2026-01-26T01:11:52.3992133Z [36;1mpip install -r web_service/backend/requirements.txt[0m
2026-01-26T01:11:52.4024021Z shell: /usr/bin/bash -e {0}
2026-01-26T01:11:52.4024250Z env:
2026-01-26T01:11:52.4024422Z   PYTHON_VERSION: 3.11
2026-01-26T01:11:52.4024633Z   REPORT_RETENTION_DAYS: 14
2026-01-26T01:11:52.4024859Z   MAX_RETRIES: 3
2026-01-26T01:11:52.4025039Z   REQUEST_TIMEOUT: 30
2026-01-26T01:11:52.4025309Z   pythonLocation: /opt/hostedtoolcache/Python/3.11.14/x64
2026-01-26T01:11:52.4025717Z   PKG_CONFIG_PATH: /opt/hostedtoolcache/Python/3.11.14/x64/lib/pkgconfig
2026-01-26T01:11:52.4026124Z   Python_ROOT_DIR: /opt/hostedtoolcache/Python/3.11.14/x64
2026-01-26T01:11:52.4026476Z   Python2_ROOT_DIR: /opt/hostedtoolcache/Python/3.11.14/x64
2026-01-26T01:11:52.4026863Z   Python3_ROOT_DIR: /opt/hostedtoolcache/Python/3.11.14/x64
2026-01-26T01:11:52.4027222Z   LD_LIBRARY_PATH: /opt/hostedtoolcache/Python/3.11.14/x64/lib
2026-01-26T01:11:52.4027506Z ##[endgroup]
2026-01-26T01:11:52.9770737Z Requirement already satisfied: pip in /opt/hostedtoolcache/Python/3.11.14/x64/lib/python3.11/site-packages (25.3)
2026-01-26T01:11:53.1237741Z Collecting wheel
2026-01-26T01:11:53.1974621Z   Downloading wheel-0.46.3-py3-none-any.whl.metadata (2.4 kB)
2026-01-26T01:11:53.2015945Z Requirement already satisfied: setuptools in /opt/hostedtoolcache/Python/3.11.14/x64/lib/python3.11/site-packages (79.0.1)
2026-01-26T01:11:53.3534303Z Collecting setuptools
2026-01-26T01:11:53.3612654Z   Downloading setuptools-80.10.2-py3-none-any.whl.metadata (6.6 kB)
2026-01-26T01:11:53.3966979Z Collecting packaging>=24.0 (from wheel)
2026-01-26T01:11:53.4044428Z   Downloading packaging-26.0-py3-none-any.whl.metadata (3.3 kB)
2026-01-26T01:11:53.4166575Z Downloading wheel-0.46.3-py3-none-any.whl (30 kB)
2026-01-26T01:11:53.4326681Z Downloading setuptools-80.10.2-py3-none-any.whl (1.1 MB)
2026-01-26T01:11:53.4596129Z    ━━━━━━━━━━━━━━━━━━━━━━━━━━━━━━━━━━━━━━━━ 1.1/1.1 MB 59.4 MB/s  0:00:00
2026-01-26T01:11:53.4673606Z Downloading packaging-26.0-py3-none-any.whl (74 kB)
2026-01-26T01:11:53.4863278Z Installing collected packages: setuptools, packaging, wheel
2026-01-26T01:11:53.4867342Z   Attempting uninstall: setuptools
2026-01-26T01:11:53.4881518Z     Found existing installation: setuptools 79.0.1
2026-01-26T01:11:53.6411459Z     Uninstalling setuptools-79.0.1:
2026-01-26T01:11:53.6777774Z       Successfully uninstalled setuptools-79.0.1
2026-01-26T01:11:54.3465491Z
2026-01-26T01:11:54.3474602Z Successfully installed packaging-26.0 setuptools-80.10.2 wheel-0.46.3
2026-01-26T01:11:54.8566424Z Collecting fastapi==0.104.1 (from -r web_service/backend/requirements.txt (line 11))
2026-01-26T01:11:54.8580905Z   Using cached fastapi-0.104.1-py3-none-any.whl.metadata (24 kB)
2026-01-26T01:11:54.8879081Z Collecting uvicorn==0.24.0 (from uvicorn[standard]==0.24.0->-r web_service/backend/requirements.txt (line 12))
2026-01-26T01:11:54.8892750Z   Using cached uvicorn-0.24.0-py3-none-any.whl.metadata (6.4 kB)
2026-01-26T01:11:54.9180963Z Collecting starlette==0.27.0 (from -r web_service/backend/requirements.txt (line 13))
2026-01-26T01:11:54.9194678Z   Using cached starlette-0.27.0-py3-none-any.whl.metadata (5.8 kB)
2026-01-26T01:11:55.0333551Z Collecting pydantic==2.5.0 (from -r web_service/backend/requirements.txt (line 14))
2026-01-26T01:11:55.0348250Z   Using cached pydantic-2.5.0-py3-none-any.whl.metadata (174 kB)
2026-01-26T01:11:55.6780538Z Collecting pydantic-core==2.14.1 (from -r web_service/backend/requirements.txt (line 15))
2026-01-26T01:11:55.6796205Z   Using cached pydantic_core-2.14.1-cp311-cp311-manylinux_2_17_x86_64.manylinux2014_x86_64.whl.metadata (6.5 kB)
2026-01-26T01:11:55.6963493Z Collecting pydantic-settings==2.1.0 (from -r web_service/backend/requirements.txt (line 16))
2026-01-26T01:11:55.6977696Z   Using cached pydantic_settings-2.1.0-py3-none-any.whl.metadata (2.9 kB)
2026-01-26T01:11:55.7181509Z Collecting anyio==3.7.1 (from -r web_service/backend/requirements.txt (line 19))
2026-01-26T01:11:55.7195050Z   Using cached anyio-3.7.1-py3-none-any.whl.metadata (4.7 kB)
2026-01-26T01:11:55.7346918Z Collecting h11==0.14.0 (from -r web_service/backend/requirements.txt (line 20))
2026-01-26T01:11:55.7360043Z   Using cached h11-0.14.0-py3-none-any.whl.metadata (8.2 kB)
2026-01-26T01:11:55.7522193Z Collecting h2==4.1.0 (from -r web_service/backend/requirements.txt (line 21))
2026-01-26T01:11:55.7535142Z   Using cached h2-4.1.0-py3-none-any.whl.metadata (3.6 kB)
2026-01-26T01:11:55.7667126Z Collecting hpack==4.0.0 (from -r web_service/backend/requirements.txt (line 22))
2026-01-26T01:11:55.7679939Z   Using cached hpack-4.0.0-py3-none-any.whl.metadata (2.5 kB)
2026-01-26T01:11:55.8087889Z Collecting httpcore==1.0.2 (from -r web_service/backend/requirements.txt (line 23))
2026-01-26T01:11:55.8101395Z   Using cached httpcore-1.0.2-py3-none-any.whl.metadata (20 kB)
2026-01-26T01:11:55.8425089Z Collecting httptools==0.6.1 (from -r web_service/backend/requirements.txt (line 24))
2026-01-26T01:11:55.8438667Z   Using cached httptools-0.6.1-cp311-cp311-manylinux_2_5_x86_64.manylinux1_x86_64.manylinux_2_17_x86_64.manylinux2014_x86_64.whl.metadata (3.6 kB)
2026-01-26T01:11:55.8635916Z Collecting httpx==0.25.2 (from -r web_service/backend/requirements.txt (line 25))
2026-01-26T01:11:55.8648912Z   Using cached httpx-0.25.2-py3-none-any.whl.metadata (6.9 kB)
2026-01-26T01:11:55.8789593Z Collecting hyperframe==6.1.0 (from -r web_service/backend/requirements.txt (line 26))
2026-01-26T01:11:55.8802674Z   Using cached hyperframe-6.1.0-py3-none-any.whl.metadata (4.3 kB)
2026-01-26T01:11:55.9665237Z Collecting websockets==12.0 (from -r web_service/backend/requirements.txt (line 27))
2026-01-26T01:11:55.9678941Z   Using cached websockets-12.0-cp311-cp311-manylinux_2_5_x86_64.manylinux1_x86_64.manylinux_2_17_x86_64.manylinux2014_x86_64.whl.metadata (6.6 kB)
2026-01-26T01:11:55.9809741Z Collecting wsproto==1.2.0 (from -r web_service/backend/requirements.txt (line 28))
2026-01-26T01:11:55.9822447Z   Using cached wsproto-1.2.0-py3-none-any.whl.metadata (5.6 kB)
2026-01-26T01:11:56.0079249Z Collecting requests==2.31.0 (from -r web_service/backend/requirements.txt (line 31))
2026-01-26T01:11:56.0091990Z   Using cached requests-2.31.0-py3-none-any.whl.metadata (4.6 kB)
2026-01-26T01:11:56.0406932Z Collecting urllib3==2.1.0 (from -r web_service/backend/requirements.txt (line 32))
2026-01-26T01:11:56.0419514Z   Using cached urllib3-2.1.0-py3-none-any.whl.metadata (6.4 kB)
2026-01-26T01:11:56.0625356Z Collecting certifi>=2024.2.2 (from -r web_service/backend/requirements.txt (line 33))
2026-01-26T01:11:56.1389195Z   Downloading certifi-2026.1.4-py3-none-any.whl.metadata (2.5 kB)
2026-01-26T01:11:56.2190860Z Collecting charset-normalizer==3.3.2 (from -r web_service/backend/requirements.txt (line 34))
2026-01-26T01:11:56.2204606Z   Using cached charset_normalizer-3.3.2-cp311-cp311-manylinux_2_17_x86_64.manylinux2014_x86_64.whl.metadata (33 kB)
2026-01-26T01:11:56.2363237Z Collecting idna==3.6 (from -r web_service/backend/requirements.txt (line 35))
2026-01-26T01:11:56.2376235Z   Using cached idna-3.6-py3-none-any.whl.metadata (9.9 kB)
2026-01-26T01:11:56.5632224Z Collecting sqlalchemy==2.0.23 (from -r web_service/backend/requirements.txt (line 38))
2026-01-26T01:11:56.5648782Z   Using cached SQLAlchemy-2.0.23-cp311-cp311-manylinux_2_17_x86_64.manylinux2014_x86_64.whl.metadata (9.6 kB)
2026-01-26T01:11:56.7044086Z Collecting greenlet>=3.1.1 (from -r web_service/backend/requirements.txt (line 39))
2026-01-26T01:11:56.7125842Z   Downloading greenlet-3.3.1-cp311-cp311-manylinux_2_24_x86_64.manylinux_2_28_x86_64.whl.metadata (3.7 kB)
2026-01-26T01:11:56.7277043Z Collecting aiosqlite==0.19.0 (from -r web_service/backend/requirements.txt (line 40))
2026-01-26T01:11:56.7290463Z   Using cached aiosqlite-0.19.0-py3-none-any.whl.metadata (4.3 kB)
2026-01-26T01:11:56.7913820Z Collecting psycopg2-binary==2.9.9 (from -r web_service/backend/requirements.txt (line 41))
2026-01-26T01:11:56.7927726Z   Using cached psycopg2_binary-2.9.9-cp311-cp311-manylinux_2_17_x86_64.manylinux2014_x86_64.whl.metadata (4.4 kB)
2026-01-26T01:11:57.2046312Z Collecting numpy==1.25.0 (from -r web_service/backend/requirements.txt (line 44))
2026-01-26T01:11:57.2172638Z   Downloading numpy-1.25.0-cp311-cp311-manylinux_2_17_x86_64.manylinux2014_x86_64.whl.metadata (5.6 kB)
2026-01-26T01:11:57.3421939Z Collecting pandas==2.0.3 (from -r web_service/backend/requirements.txt (line 45))
2026-01-26T01:11:57.3436076Z   Using cached pandas-2.0.3-cp311-cp311-manylinux_2_17_x86_64.manylinux2014_x86_64.whl.metadata (18 kB)
2026-01-26T01:11:57.3736099Z Collecting python-dateutil==2.8.2 (from -r web_service/backend/requirements.txt (line 46))
2026-01-26T01:11:57.3749222Z   Using cached python_dateutil-2.8.2-py2.py3-none-any.whl.metadata (8.2 kB)
2026-01-26T01:11:57.4114018Z Collecting pytz==2023.3.post1 (from -r web_service/backend/requirements.txt (line 47))
2026-01-26T01:11:57.4127498Z   Using cached pytz-2023.3.post1-py2.py3-none-any.whl.metadata (22 kB)
2026-01-26T01:11:57.4305750Z Collecting tzdata==2023.3 (from -r web_service/backend/requirements.txt (line 48))
2026-01-26T01:11:57.4318858Z   Using cached tzdata-2023.3-py2.py3-none-any.whl.metadata (1.4 kB)
2026-01-26T01:11:57.4457834Z Collecting six==1.16.0 (from -r web_service/backend/requirements.txt (line 49))
2026-01-26T01:11:57.4471330Z   Using cached six-1.16.0-py2.py3-none-any.whl.metadata (1.8 kB)
2026-01-26T01:11:57.4655934Z Collecting beautifulsoup4==4.12.2 (from -r web_service/backend/requirements.txt (line 52))
2026-01-26T01:11:57.4668842Z   Using cached beautifulsoup4-4.12.2-py3-none-any.whl.metadata (3.6 kB)
2026-01-26T01:11:57.4855025Z Collecting soupsieve==2.5 (from -r web_service/backend/requirements.txt (line 53))
2026-01-26T01:11:57.4867973Z   Using cached soupsieve-2.5-py3-none-any.whl.metadata (4.7 kB)
2026-01-26T01:11:57.6030117Z Collecting selectolax==0.3.20 (from -r web_service/backend/requirements.txt (line 54))
2026-01-26T01:11:57.6045255Z   Using cached selectolax-0.3.20-cp311-cp311-manylinux_2_17_x86_64.manylinux2014_x86_64.whl.metadata (5.6 kB)
2026-01-26T01:11:57.6258820Z Collecting scrapling>=0.3.7 (from scrapling[fetchers]>=0.3.7->-r web_service/backend/requirements.txt (line 55))
2026-01-26T01:11:57.6401923Z   Downloading scrapling-0.3.14-py3-none-any.whl.metadata (23 kB)
2026-01-26T01:11:57.6750190Z Collecting camoufox>=0.1.7 (from -r web_service/backend/requirements.txt (line 56))
2026-01-26T01:11:57.6903848Z   Downloading camoufox-0.4.11-py3-none-any.whl.metadata (3.3 kB)
2026-01-26T01:11:57.7112649Z Collecting click>=8.3.0 (from -r web_service/backend/requirements.txt (line 59))
2026-01-26T01:11:57.7185867Z   Downloading click-8.3.1-py3-none-any.whl.metadata (2.6 kB)
2026-01-26T01:11:57.7396498Z Collecting python-dotenv==1.0.0 (from -r web_service/backend/requirements.txt (line 60))
2026-01-26T01:11:57.7410205Z   Using cached python_dotenv-1.0.0-py3-none-any.whl.metadata (21 kB)
2026-01-26T01:11:57.7882059Z Collecting pyyaml==6.0.1 (from -r web_service/backend/requirements.txt (line 61))
2026-01-26T01:11:57.7896050Z   Using cached PyYAML-6.0.1-cp311-cp311-manylinux_2_17_x86_64.manylinux2014_x86_64.whl.metadata (2.1 kB)
2026-01-26T01:11:58.0113363Z Collecting cryptography==41.0.7 (from -r web_service/backend/requirements.txt (line 64))
2026-01-26T01:11:58.0128912Z   Using cached cryptography-41.0.7-cp37-abi3-manylinux_2_28_x86_64.whl.metadata (5.2 kB)
2026-01-26T01:11:58.1208433Z Collecting cffi==1.16.0 (from -r web_service/backend/requirements.txt (line 65))
2026-01-26T01:11:58.1224131Z   Using cached cffi-1.16.0-cp311-cp311-manylinux_2_17_x86_64.manylinux2014_x86_64.whl.metadata (1.5 kB)
2026-01-26T01:11:58.1513662Z Collecting pycparser==2.21 (from -r web_service/backend/requirements.txt (line 66))
2026-01-26T01:11:58.1527549Z   Using cached pycparser-2.21-py2.py3-none-any.whl.metadata (1.1 kB)
2026-01-26T01:11:58.1690532Z Collecting secretstorage==3.5.0 (from -r web_service/backend/requirements.txt (line 67))
2026-01-26T01:11:58.1703776Z   Using cached secretstorage-3.5.0-py3-none-any.whl.metadata (4.0 kB)
2026-01-26T01:11:58.2170402Z Collecting keyring==24.3.0 (from -r web_service/backend/requirements.txt (line 68))
2026-01-26T01:11:58.2184150Z   Using cached keyring-24.3.0-py3-none-any.whl.metadata (20 kB)
2026-01-26T01:11:58.2475806Z Collecting jeepney==0.9.0 (from -r web_service/backend/requirements.txt (line 69))
2026-01-26T01:11:58.2488680Z   Using cached jeepney-0.9.0-py3-none-any.whl.metadata (1.2 kB)
2026-01-26T01:11:58.2831438Z Collecting redis==5.0.1 (from -r web_service/backend/requirements.txt (line 72))
2026-01-26T01:11:58.2844277Z   Using cached redis-5.0.1-py3-none-any.whl.metadata (8.9 kB)
2026-01-26T01:11:58.3097562Z Collecting limits==3.7.0 (from -r web_service/backend/requirements.txt (line 73))
2026-01-26T01:11:58.3110495Z   Using cached limits-3.7.0-py3-none-any.whl.metadata (7.3 kB)
2026-01-26T01:11:58.3273464Z Collecting slowapi==0.1.9 (from -r web_service/backend/requirements.txt (line 74))
2026-01-26T01:11:58.3286532Z   Using cached slowapi-0.1.9-py3-none-any.whl.metadata (3.0 kB)
2026-01-26T01:11:58.3454144Z Collecting tenacity==8.2.3 (from -r web_service/backend/requirements.txt (line 75))
2026-01-26T01:11:58.3467124Z   Using cached tenacity-8.2.3-py3-none-any.whl.metadata (1.0 kB)
2026-01-26T01:11:58.3734585Z Collecting pywebview==5.4 (from -r web_service/backend/requirements.txt (line 78))
2026-01-26T01:11:58.3747226Z   Using cached pywebview-5.4-py3-none-any.whl.metadata (4.5 kB)
2026-01-26T01:11:58.3947406Z Collecting bottle==0.13.4 (from -r web_service/backend/requirements.txt (line 79))
2026-01-26T01:11:58.3960801Z   Using cached bottle-0.13.4-py2.py3-none-any.whl.metadata (1.6 kB)
2026-01-26T01:11:58.4086848Z Collecting proxy-tools==0.1.0 (from -r web_service/backend/requirements.txt (line 80))
2026-01-26T01:11:58.4088491Z   Using cached proxy_tools-0.1.0-py3-none-any.whl
2026-01-26T01:11:58.4811799Z Collecting psutil==5.9.6 (from -r web_service/backend/requirements.txt (line 84))
2026-01-26T01:11:58.4825910Z   Using cached psutil-5.9.6-cp36-abi3-manylinux_2_12_x86_64.manylinux2010_x86_64.manylinux_2_17_x86_64.manylinux2014_x86_64.whl.metadata (21 kB)
2026-01-26T01:11:58.5001875Z Collecting structlog==23.2.0 (from -r web_service/backend/requirements.txt (line 87))
2026-01-26T01:11:58.5015538Z   Using cached structlog-23.2.0-py3-none-any.whl.metadata (7.6 kB)
2026-01-26T01:11:58.5554199Z Collecting black==23.12.0 (from -r web_service/backend/requirements.txt (line 90))
2026-01-26T01:11:58.5568214Z   Using cached black-23.12.0-cp311-cp311-manylinux_2_17_x86_64.manylinux2014_x86_64.whl.metadata (68 kB)
2026-01-26T01:11:58.6042817Z Collecting pyinstaller==6.1.0 (from -r web_service/backend/requirements.txt (line 91))
2026-01-26T01:11:58.6057158Z   Using cached pyinstaller-6.1.0-py3-none-manylinux2014_x86_64.whl.metadata (8.2 kB)
2026-01-26T01:11:58.6265076Z Collecting pyinstaller-hooks-contrib==2023.11 (from -r web_service/backend/requirements.txt (line 92))
2026-01-26T01:11:58.6278948Z   Using cached pyinstaller_hooks_contrib-2023.11-py2.py3-none-any.whl.metadata (15 kB)
2026-01-26T01:11:58.6418072Z Collecting altgraph==0.17.3 (from -r web_service/backend/requirements.txt (line 93))
2026-01-26T01:11:58.6431529Z   Using cached altgraph-0.17.3-py2.py3-none-any.whl.metadata (7.4 kB)
2026-01-26T01:11:58.6644787Z Collecting wheel==0.41.2 (from -r web_service/backend/requirements.txt (line 94))
2026-01-26T01:11:58.6658165Z   Using cached wheel-0.41.2-py3-none-any.whl.metadata (2.2 kB)
2026-01-26T01:11:58.6996953Z Collecting build==1.0.3 (from -r web_service/backend/requirements.txt (line 95))
2026-01-26T01:11:58.7010420Z   Using cached build-1.0.3-py3-none-any.whl.metadata (4.2 kB)
2026-01-26T01:11:58.7310501Z Collecting pip-tools==7.3.0 (from -r web_service/backend/requirements.txt (line 96))
2026-01-26T01:11:58.7323785Z   Using cached pip_tools-7.3.0-py3-none-any.whl.metadata (23 kB)
2026-01-26T01:11:58.7668009Z Collecting pytest==7.4.3 (from -r web_service/backend/requirements.txt (line 99))
2026-01-26T01:11:58.7681334Z   Using cached pytest-7.4.3-py3-none-any.whl.metadata (7.9 kB)
2026-01-26T01:11:58.7906779Z Collecting pytest-asyncio==0.21.1 (from -r web_service/backend/requirements.txt (line 100))
2026-01-26T01:11:58.7920188Z   Using cached pytest_asyncio-0.21.1-py3-none-any.whl.metadata (4.0 kB)
2026-01-26T01:11:58.8053203Z Collecting iniconfig==2.0.0 (from -r web_service/backend/requirements.txt (line 101))
2026-01-26T01:11:58.8066561Z   Using cached iniconfig-2.0.0-py3-none-any.whl.metadata (2.6 kB)
2026-01-26T01:11:58.8201289Z Collecting pluggy==1.3.0 (from -r web_service/backend/requirements.txt (line 102))
2026-01-26T01:11:58.8214622Z   Using cached pluggy-1.3.0-py3-none-any.whl.metadata (4.3 kB)
2026-01-26T01:11:58.8387401Z Collecting packaging==23.2 (from -r web_service/backend/requirements.txt (line 103))
2026-01-26T01:11:58.8400948Z   Using cached packaging-23.2-py3-none-any.whl.metadata (3.2 kB)
2026-01-26T01:11:58.8580949Z Collecting typing-extensions==4.10.0 (from -r web_service/backend/requirements.txt (line 106))
2026-01-26T01:11:58.8813272Z   Downloading typing_extensions-4.10.0-py3-none-any.whl.metadata (3.0 kB)
2026-01-26T01:11:58.8958659Z Collecting typing-inspect==0.9.0 (from -r web_service/backend/requirements.txt (line 107))
2026-01-26T01:11:58.8971763Z   Using cached typing_inspect-0.9.0-py3-none-any.whl.metadata (1.5 kB)
2026-01-26T01:11:58.9168222Z Collecting annotated-types==0.6.0 (from -r web_service/backend/requirements.txt (line 108))
2026-01-26T01:11:58.9180783Z   Using cached annotated_types-0.6.0-py3-none-any.whl.metadata (12 kB)
2026-01-26T01:11:58.9326730Z Collecting mypy-extensions==1.0.0 (from -r web_service/backend/requirements.txt (line 111))
2026-01-26T01:11:58.9340505Z   Using cached mypy_extensions-1.0.0-py3-none-any.whl.metadata (1.1 kB)
2026-01-26T01:11:58.9516796Z Collecting pathspec==0.11.2 (from -r web_service/backend/requirements.txt (line 112))
2026-01-26T01:11:58.9529623Z   Using cached pathspec-0.11.2-py3-none-any.whl.metadata (19 kB)
2026-01-26T01:11:59.0383565Z Collecting platformdirs==4.2.0 (from -r web_service/backend/requirements.txt (line 113))
2026-01-26T01:11:59.0625129Z   Downloading platformdirs-4.2.0-py3-none-any.whl.metadata (11 kB)
2026-01-26T01:11:59.0884288Z Collecting more-itertools==10.1.0 (from -r web_service/backend/requirements.txt (line 114))
2026-01-26T01:11:59.0897199Z   Using cached more_itertools-10.1.0-py3-none-any.whl.metadata (33 kB)
2026-01-26T01:11:59.1091962Z Collecting jaraco.classes==3.3.1 (from -r web_service/backend/requirements.txt (line 115))
2026-01-26T01:11:59.1104821Z   Using cached jaraco.classes-3.3.1-py3-none-any.whl.metadata (2.7 kB)
2026-01-26T01:11:59.1290948Z Collecting jaraco.context==5.3.0 (from -r web_service/backend/requirements.txt (line 116))
2026-01-26T01:11:59.1304133Z   Using cached jaraco.context-5.3.0-py3-none-any.whl.metadata (4.0 kB)
2026-01-26T01:11:59.1484268Z Collecting jaraco.functools==4.0.0 (from -r web_service/backend/requirements.txt (line 117))
2026-01-26T01:11:59.1497165Z   Using cached jaraco.functools-4.0.0-py3-none-any.whl.metadata (3.1 kB)
2026-01-26T01:11:59.1642375Z Collecting deprecated==1.2.14 (from -r web_service/backend/requirements.txt (line 118))
2026-01-26T01:11:59.1655779Z   Using cached Deprecated-1.2.14-py2.py3-none-any.whl.metadata (5.4 kB)
2026-01-26T01:11:59.1774405Z Collecting sniffio==1.3.0 (from -r web_service/backend/requirements.txt (line 119))
2026-01-26T01:11:59.1787312Z   Using cached sniffio-1.3.0-py3-none-any.whl.metadata (3.6 kB)
2026-01-26T01:11:59.3380323Z Collecting wrapt==1.16.0 (from -r web_service/backend/requirements.txt (line 120))
2026-01-26T01:11:59.3395653Z   Using cached wrapt-1.16.0-cp311-cp311-manylinux_2_5_x86_64.manylinux1_x86_64.manylinux_2_17_x86_64.manylinux2014_x86_64.whl.metadata (6.6 kB)
2026-01-26T01:11:59.4097635Z Collecting watchfiles==0.20.0 (from -r web_service/backend/requirements.txt (line 121))
2026-01-26T01:11:59.4112079Z   Using cached watchfiles-0.20.0-cp37-abi3-manylinux_2_17_x86_64.manylinux2014_x86_64.whl.metadata (4.9 kB)
2026-01-26T01:11:59.4315407Z Collecting pygments==2.17.2 (from -r web_service/backend/requirements.txt (line 122))
2026-01-26T01:11:59.4328803Z   Using cached pygments-2.17.2-py3-none-any.whl.metadata (2.6 kB)
2026-01-26T01:11:59.6425127Z Collecting importlib-metadata>=4.11.4 (from keyring==24.3.0->-r web_service/backend/requirements.txt (line 68))
2026-01-26T01:11:59.6438898Z   Using cached importlib_metadata-8.7.1-py3-none-any.whl.metadata (4.7 kB)
2026-01-26T01:11:59.6837952Z Collecting importlib-resources>=1.3 (from limits==3.7.0->-r web_service/backend/requirements.txt (line 73))
2026-01-26T01:11:59.6851501Z   Using cached importlib_resources-6.5.2-py3-none-any.whl.metadata (3.9 kB)
2026-01-26T01:12:00.2713378Z Collecting aiohttp>=3.7.4 (from black==23.12.0->-r web_service/backend/requirements.txt (line 90))
2026-01-26T01:12:00.2729690Z   Using cached aiohttp-3.13.3-cp311-cp311-manylinux2014_x86_64.manylinux_2_17_x86_64.manylinux_2_28_x86_64.whl.metadata (8.1 kB)
2026-01-26T01:12:00.2788541Z Requirement already satisfied: setuptools>=42.0.0 in /opt/hostedtoolcache/Python/3.11.14/x64/lib/python3.11/site-packages (from pyinstaller==6.1.0->-r web_service/backend/requirements.txt (line 91)) (80.10.2)
2026-01-26T01:12:00.3055033Z Collecting pyproject_hooks (from build==1.0.3->-r web_service/backend/requirements.txt (line 95))
2026-01-26T01:12:00.3069330Z   Using cached pyproject_hooks-1.2.0-py3-none-any.whl.metadata (1.3 kB)
2026-01-26T01:12:00.3110692Z Requirement already satisfied: pip>=22.2 in /opt/hostedtoolcache/Python/3.11.14/x64/lib/python3.11/site-packages (from pip-tools==7.3.0->-r web_service/backend/requirements.txt (line 96)) (25.3)
2026-01-26T01:12:00.3620323Z Collecting backports.tarfile (from jaraco.context==5.3.0->-r web_service/backend/requirements.txt (line 116))
2026-01-26T01:12:00.3634041Z   Using cached backports.tarfile-1.2.0-py3-none-any.whl.metadata (2.0 kB)
2026-01-26T01:12:00.4335780Z Collecting uvloop!=0.15.0,!=0.15.1,>=0.14.0 (from uvicorn[standard]==0.24.0->-r web_service/backend/requirements.txt (line 12))
2026-01-26T01:12:00.4349857Z   Using cached uvloop-0.22.1-cp311-cp311-manylinux2014_x86_64.manylinux_2_17_x86_64.manylinux_2_28_x86_64.whl.metadata (4.9 kB)
2026-01-26T01:12:00.6398559Z Collecting lxml>=6.0.2 (from scrapling>=0.3.7->scrapling[fetchers]>=0.3.7->-r web_service/backend/requirements.txt (line 55))
2026-01-26T01:12:00.6505806Z   Downloading lxml-6.0.2-cp311-cp311-manylinux_2_26_x86_64.manylinux_2_28_x86_64.whl.metadata (3.6 kB)
2026-01-26T01:12:00.6677534Z Collecting cssselect>=1.3.0 (from scrapling>=0.3.7->scrapling[fetchers]>=0.3.7->-r web_service/backend/requirements.txt (line 55))
2026-01-26T01:12:00.6773921Z   Downloading cssselect-1.3.0-py3-none-any.whl.metadata (2.6 kB)
2026-01-26T01:12:00.9197147Z Collecting orjson>=3.11.5 (from scrapling>=0.3.7->scrapling[fetchers]>=0.3.7->-r web_service/backend/requirements.txt (line 55))
2026-01-26T01:12:00.9212860Z   Using cached orjson-3.11.5-cp311-cp311-manylinux_2_17_x86_64.manylinux2014_x86_64.whl.metadata (41 kB)
2026-01-26T01:12:00.9413828Z Collecting tldextract>=5.3.1 (from scrapling>=0.3.7->scrapling[fetchers]>=0.3.7->-r web_service/backend/requirements.txt (line 55))
2026-01-26T01:12:00.9579596Z   Downloading tldextract-5.3.1-py3-none-any.whl.metadata (7.3 kB)
2026-01-26T01:12:00.9783653Z Collecting browserforge<2.0.0,>=1.2.1 (from camoufox>=0.1.7->-r web_service/backend/requirements.txt (line 56))
2026-01-26T01:12:00.9926835Z   Downloading browserforge-1.2.3-py3-none-any.whl.metadata (28 kB)
2026-01-26T01:12:01.0111413Z Collecting language-tags (from camoufox>=0.1.7->-r web_service/backend/requirements.txt (line 56))
2026-01-26T01:12:01.0244414Z   Downloading language_tags-1.2.0-py3-none-any.whl.metadata (2.1 kB)
2026-01-26T01:12:01.0671279Z Collecting playwright (from camoufox>=0.1.7->-r web_service/backend/requirements.txt (line 56))
2026-01-26T01:12:01.0746920Z   Downloading playwright-1.57.0-py3-none-manylinux1_x86_64.whl.metadata (3.5 kB)
2026-01-26T01:12:01.0976740Z Collecting pysocks (from camoufox>=0.1.7->-r web_service/backend/requirements.txt (line 56))
2026-01-26T01:12:01.1055081Z   Downloading PySocks-1.7.1-py3-none-any.whl.metadata (13 kB)
2026-01-26T01:12:01.1258013Z Collecting screeninfo (from camoufox>=0.1.7->-r web_service/backend/requirements.txt (line 56))
2026-01-26T01:12:01.1341842Z   Downloading screeninfo-0.8.1-py3-none-any.whl.metadata (2.9 kB)
2026-01-26T01:12:01.1729051Z Collecting tqdm (from camoufox>=0.1.7->-r web_service/backend/requirements.txt (line 56))
2026-01-26T01:12:01.1856433Z   Downloading tqdm-4.67.1-py3-none-any.whl.metadata (57 kB)
2026-01-26T01:12:01.2110662Z Collecting ua_parser (from camoufox>=0.1.7->-r web_service/backend/requirements.txt (line 56))
2026-01-26T01:12:01.2182505Z   Downloading ua_parser-1.0.1-py3-none-any.whl.metadata (5.6 kB)
2026-01-26T01:12:01.2444722Z Collecting aiohappyeyeballs>=2.5.0 (from aiohttp>=3.7.4->black==23.12.0->-r web_service/backend/requirements.txt (line 90))
2026-01-26T01:12:01.2457219Z   Using cached aiohappyeyeballs-2.6.1-py3-none-any.whl.metadata (5.9 kB)
2026-01-26T01:12:01.2571420Z Collecting aiosignal>=1.4.0 (from aiohttp>=3.7.4->black==23.12.0->-r web_service/backend/requirements.txt (line 90))
2026-01-26T01:12:01.2584140Z   Using cached aiosignal-1.4.0-py3-none-any.whl.metadata (3.7 kB)
2026-01-26T01:12:01.2748140Z Collecting attrs>=17.3.0 (from aiohttp>=3.7.4->black==23.12.0->-r web_service/backend/requirements.txt (line 90))
2026-01-26T01:12:01.2760938Z   Using cached attrs-25.4.0-py3-none-any.whl.metadata (10 kB)
2026-01-26T01:12:01.3431626Z Collecting frozenlist>=1.1.1 (from aiohttp>=3.7.4->black==23.12.0->-r web_service/backend/requirements.txt (line 90))
2026-01-26T01:12:01.3448875Z   Using cached frozenlist-1.8.0-cp311-cp311-manylinux1_x86_64.manylinux_2_28_x86_64.manylinux_2_5_x86_64.whl.metadata (20 kB)
2026-01-26T01:12:01.6684490Z Collecting multidict<7.0,>=4.5 (from aiohttp>=3.7.4->black==23.12.0->-r web_service/backend/requirements.txt (line 90))
2026-01-26T01:12:01.6699876Z   Using cached multidict-6.7.0-cp311-cp311-manylinux2014_x86_64.manylinux_2_17_x86_64.manylinux_2_28_x86_64.whl.metadata (5.3 kB)
2026-01-26T01:12:01.7237954Z Collecting propcache>=0.2.0 (from aiohttp>=3.7.4->black==23.12.0->-r web_service/backend/requirements.txt (line 90))
2026-01-26T01:12:01.7251632Z   Using cached propcache-0.4.1-cp311-cp311-manylinux2014_x86_64.manylinux_2_17_x86_64.manylinux_2_28_x86_64.whl.metadata (13 kB)
2026-01-26T01:12:01.9662426Z Collecting yarl<2.0,>=1.17.0 (from aiohttp>=3.7.4->black==23.12.0->-r web_service/backend/requirements.txt (line 90))
2026-01-26T01:12:01.9677892Z   Using cached yarl-1.22.0-cp311-cp311-manylinux2014_x86_64.manylinux_2_17_x86_64.manylinux_2_28_x86_64.whl.metadata (75 kB)
2026-01-26T01:12:02.0327451Z Collecting zipp>=3.20 (from importlib-metadata>=4.11.4->keyring==24.3.0->-r web_service/backend/requirements.txt (line 68))
2026-01-26T01:12:02.0340524Z   Using cached zipp-3.23.0-py3-none-any.whl.metadata (3.6 kB)
2026-01-26T01:12:02.1006270Z Collecting curl_cffi>=0.14.0 (from scrapling[fetchers]>=0.3.7->-r web_service/backend/requirements.txt (line 55))
2026-01-26T01:12:02.1080484Z   Downloading curl_cffi-0.14.0-cp39-abi3-manylinux_2_26_x86_64.manylinux_2_28_x86_64.whl.metadata (15 kB)
2026-01-26T01:12:02.1187898Z Collecting playwright (from camoufox>=0.1.7->-r web_service/backend/requirements.txt (line 56))
2026-01-26T01:12:02.1409769Z   Downloading playwright-1.56.0-py3-none-manylinux1_x86_64.whl.metadata (3.5 kB)
2026-01-26T01:12:02.1619965Z Collecting patchright==1.56.0 (from scrapling[fetchers]>=0.3.7->-r web_service/backend/requirements.txt (line 55))
2026-01-26T01:12:02.1711305Z   Downloading patchright-1.56.0-py3-none-manylinux1_x86_64.whl.metadata (12 kB)
2026-01-26T01:12:02.2355788Z Collecting msgspec>=0.20.0 (from scrapling[fetchers]>=0.3.7->-r web_service/backend/requirements.txt (line 55))
2026-01-26T01:12:02.2447553Z   Downloading msgspec-0.20.0-cp311-cp311-manylinux2014_x86_64.manylinux_2_17_x86_64.manylinux_2_28_x86_64.whl.metadata (5.5 kB)
2026-01-26T01:12:02.2710582Z Collecting pyee<14,>=13 (from patchright==1.56.0->scrapling[fetchers]>=0.3.7->-r web_service/backend/requirements.txt (line 55))
2026-01-26T01:12:02.2779619Z   Downloading pyee-13.0.0-py3-none-any.whl.metadata (2.9 kB)
2026-01-26T01:12:02.3252857Z Collecting requests-file>=1.4 (from tldextract>=5.3.1->scrapling>=0.3.7->scrapling[fetchers]>=0.3.7->-r web_service/backend/requirements.txt (line 55))
2026-01-26T01:12:02.3369345Z   Downloading requests_file-3.0.1-py2.py3-none-any.whl.metadata (1.7 kB)
2026-01-26T01:12:02.3631998Z Collecting filelock>=3.0.8 (from tldextract>=5.3.1->scrapling>=0.3.7->scrapling[fetchers]>=0.3.7->-r web_service/backend/requirements.txt (line 55))
2026-01-26T01:12:02.3644678Z   Using cached filelock-3.20.3-py3-none-any.whl.metadata (2.1 kB)
2026-01-26T01:12:02.4143091Z Collecting ua-parser-builtins (from ua_parser->camoufox>=0.1.7->-r web_service/backend/requirements.txt (line 56))
2026-01-26T01:12:02.4213935Z   Downloading ua_parser_builtins-202601-py3-none-any.whl.metadata (1.6 kB)
2026-01-26T01:12:02.4307544Z Using cached fastapi-0.104.1-py3-none-any.whl (92 kB)
2026-01-26T01:12:02.4320855Z Using cached starlette-0.27.0-py3-none-any.whl (66 kB)
2026-01-26T01:12:02.4334199Z Using cached pydantic-2.5.0-py3-none-any.whl (407 kB)
2026-01-26T01:12:02.4349866Z Using cached anyio-3.7.1-py3-none-any.whl (80 kB)
2026-01-26T01:12:02.4362702Z Using cached uvicorn-0.24.0-py3-none-any.whl (59 kB)
2026-01-26T01:12:02.4376302Z Using cached pydantic_core-2.14.1-cp311-cp311-manylinux_2_17_x86_64.manylinux2014_x86_64.whl (2.1 MB)
2026-01-26T01:12:02.4403856Z Using cached pydantic_settings-2.1.0-py3-none-any.whl (11 kB)
2026-01-26T01:12:02.4416198Z Using cached h11-0.14.0-py3-none-any.whl (58 kB)
2026-01-26T01:12:02.4428996Z Using cached h2-4.1.0-py3-none-any.whl (57 kB)
2026-01-26T01:12:02.4441789Z Using cached hpack-4.0.0-py3-none-any.whl (32 kB)
2026-01-26T01:12:02.4454497Z Using cached hyperframe-6.1.0-py3-none-any.whl (13 kB)
2026-01-26T01:12:02.4467123Z Using cached httpcore-1.0.2-py3-none-any.whl (76 kB)
2026-01-26T01:12:02.4480748Z Using cached httptools-0.6.1-cp311-cp311-manylinux_2_5_x86_64.manylinux1_x86_64.manylinux_2_17_x86_64.manylinux2014_x86_64.whl (318 kB)
2026-01-26T01:12:02.4494976Z Using cached httpx-0.25.2-py3-none-any.whl (74 kB)
2026-01-26T01:12:02.4508857Z Using cached websockets-12.0-cp311-cp311-manylinux_2_5_x86_64.manylinux1_x86_64.manylinux_2_17_x86_64.manylinux2014_x86_64.whl (130 kB)
2026-01-26T01:12:02.4521454Z Using cached wsproto-1.2.0-py3-none-any.whl (24 kB)
2026-01-26T01:12:02.4534229Z Using cached requests-2.31.0-py3-none-any.whl (62 kB)
2026-01-26T01:12:02.4546898Z Using cached urllib3-2.1.0-py3-none-any.whl (104 kB)
2026-01-26T01:12:02.4560314Z Using cached charset_normalizer-3.3.2-cp311-cp311-manylinux_2_17_x86_64.manylinux2014_x86_64.whl (140 kB)
2026-01-26T01:12:02.4573244Z Using cached idna-3.6-py3-none-any.whl (61 kB)
2026-01-26T01:12:02.4586888Z Using cached SQLAlchemy-2.0.23-cp311-cp311-manylinux_2_17_x86_64.manylinux2014_x86_64.whl (3.2 MB)
2026-01-26T01:12:02.4621421Z Using cached aiosqlite-0.19.0-py3-none-any.whl (15 kB)
2026-01-26T01:12:02.4634308Z Using cached psycopg2_binary-2.9.9-cp311-cp311-manylinux_2_17_x86_64.manylinux2014_x86_64.whl (3.0 MB)
2026-01-26T01:12:02.5140215Z Downloading numpy-1.25.0-cp311-cp311-manylinux_2_17_x86_64.manylinux2014_x86_64.whl (17.6 MB)
2026-01-26T01:12:02.9302878Z    ━━━━━━━━━━━━━━━━━━━━━━━━━━━━━━━━━━━━━━━━ 17.6/17.6 MB 44.1 MB/s  0:00:00
2026-01-26T01:12:02.9316863Z Using cached pandas-2.0.3-cp311-cp311-manylinux_2_17_x86_64.manylinux2014_x86_64.whl (12.2 MB)
2026-01-26T01:12:02.9417944Z Using cached python_dateutil-2.8.2-py2.py3-none-any.whl (247 kB)
2026-01-26T01:12:02.9432225Z Using cached pytz-2023.3.post1-py2.py3-none-any.whl (502 kB)
2026-01-26T01:12:02.9449163Z Using cached tzdata-2023.3-py2.py3-none-any.whl (341 kB)
2026-01-26T01:12:02.9464352Z Using cached six-1.16.0-py2.py3-none-any.whl (11 kB)
2026-01-26T01:12:02.9477054Z Using cached beautifulsoup4-4.12.2-py3-none-any.whl (142 kB)
2026-01-26T01:12:02.9490665Z Using cached soupsieve-2.5-py3-none-any.whl (36 kB)
2026-01-26T01:12:02.9503903Z Using cached selectolax-0.3.20-cp311-cp311-manylinux_2_17_x86_64.manylinux2014_x86_64.whl (6.7 MB)
2026-01-26T01:12:02.9562820Z Using cached python_dotenv-1.0.0-py3-none-any.whl (19 kB)
2026-01-26T01:12:02.9576139Z Using cached PyYAML-6.0.1-cp311-cp311-manylinux_2_17_x86_64.manylinux2014_x86_64.whl (757 kB)
2026-01-26T01:12:02.9593971Z Using cached cryptography-41.0.7-cp37-abi3-manylinux_2_28_x86_64.whl (4.4 MB)
2026-01-26T01:12:02.9638940Z Using cached cffi-1.16.0-cp311-cp311-manylinux_2_17_x86_64.manylinux2014_x86_64.whl (464 kB)
2026-01-26T01:12:02.9654999Z Using cached pycparser-2.21-py2.py3-none-any.whl (118 kB)
2026-01-26T01:12:02.9668486Z Using cached secretstorage-3.5.0-py3-none-any.whl (15 kB)
2026-01-26T01:12:02.9681305Z Using cached keyring-24.3.0-py3-none-any.whl (38 kB)
2026-01-26T01:12:02.9694553Z Using cached jeepney-0.9.0-py3-none-any.whl (49 kB)
2026-01-26T01:12:02.9707314Z Using cached redis-5.0.1-py3-none-any.whl (250 kB)
2026-01-26T01:12:02.9722281Z Using cached limits-3.7.0-py3-none-any.whl (43 kB)
2026-01-26T01:12:02.9741855Z Using cached packaging-23.2-py3-none-any.whl (53 kB)
2026-01-26T01:12:02.9748462Z Using cached slowapi-0.1.9-py3-none-any.whl (14 kB)
2026-01-26T01:12:02.9761023Z Using cached tenacity-8.2.3-py3-none-any.whl (24 kB)
2026-01-26T01:12:02.9774131Z Using cached pywebview-5.4-py3-none-any.whl (475 kB)
2026-01-26T01:12:02.9790216Z Using cached bottle-0.13.4-py2.py3-none-any.whl (103 kB)
2026-01-26T01:12:02.9804269Z Using cached psutil-5.9.6-cp36-abi3-manylinux_2_12_x86_64.manylinux2010_x86_64.manylinux_2_17_x86_64.manylinux2014_x86_64.whl (283 kB)
2026-01-26T01:12:02.9818673Z Using cached structlog-23.2.0-py3-none-any.whl (62 kB)
2026-01-26T01:12:02.9831931Z Using cached black-23.12.0-cp311-cp311-manylinux_2_17_x86_64.manylinux2014_x86_64.whl (1.7 MB)
2026-01-26T01:12:02.9859717Z Using cached pyinstaller-6.1.0-py3-none-manylinux2014_x86_64.whl (658 kB)
2026-01-26T01:12:02.9877511Z Using cached pyinstaller_hooks_contrib-2023.11-py2.py3-none-any.whl (294 kB)
2026-01-26T01:12:02.9892197Z Using cached altgraph-0.17.3-py2.py3-none-any.whl (21 kB)
2026-01-26T01:12:02.9905308Z Using cached wheel-0.41.2-py3-none-any.whl (64 kB)
2026-01-26T01:12:02.9918335Z Using cached build-1.0.3-py3-none-any.whl (18 kB)
2026-01-26T01:12:02.9930960Z Using cached pip_tools-7.3.0-py3-none-any.whl (57 kB)
2026-01-26T01:12:02.9944194Z Using cached pytest-7.4.3-py3-none-any.whl (325 kB)
2026-01-26T01:12:02.9959011Z Using cached pluggy-1.3.0-py3-none-any.whl (18 kB)
2026-01-26T01:12:02.9971991Z Using cached pytest_asyncio-0.21.1-py3-none-any.whl (13 kB)
2026-01-26T01:12:02.9985306Z Using cached iniconfig-2.0.0-py3-none-any.whl (5.9 kB)
2026-01-26T01:12:03.0126771Z Downloading typing_extensions-4.10.0-py3-none-any.whl (33 kB)
2026-01-26T01:12:03.0160901Z Using cached typing_inspect-0.9.0-py3-none-any.whl (8.8 kB)
2026-01-26T01:12:03.0174018Z Using cached annotated_types-0.6.0-py3-none-any.whl (12 kB)
2026-01-26T01:12:03.0186878Z Using cached mypy_extensions-1.0.0-py3-none-any.whl (4.7 kB)
2026-01-26T01:12:03.0199540Z Using cached pathspec-0.11.2-py3-none-any.whl (29 kB)
2026-01-26T01:12:03.0494376Z Downloading platformdirs-4.2.0-py3-none-any.whl (17 kB)
2026-01-26T01:12:03.0529566Z Using cached more_itertools-10.1.0-py3-none-any.whl (55 kB)
2026-01-26T01:12:03.0543305Z Using cached jaraco.classes-3.3.1-py3-none-any.whl (6.8 kB)
2026-01-26T01:12:03.0556432Z Using cached jaraco.context-5.3.0-py3-none-any.whl (6.5 kB)
2026-01-26T01:12:03.0569155Z Using cached jaraco.functools-4.0.0-py3-none-any.whl (9.8 kB)
2026-01-26T01:12:03.0581969Z Using cached Deprecated-1.2.14-py2.py3-none-any.whl (9.6 kB)
2026-01-26T01:12:03.0595978Z Using cached wrapt-1.16.0-cp311-cp311-manylinux_2_5_x86_64.manylinux1_x86_64.manylinux_2_17_x86_64.manylinux2014_x86_64.whl (80 kB)
2026-01-26T01:12:03.0609135Z Using cached sniffio-1.3.0-py3-none-any.whl (10 kB)
2026-01-26T01:12:03.0622265Z Using cached watchfiles-0.20.0-cp37-abi3-manylinux_2_17_x86_64.manylinux2014_x86_64.whl (1.3 MB)
2026-01-26T01:12:03.0644735Z Using cached pygments-2.17.2-py3-none-any.whl (1.2 MB)
2026-01-26T01:12:03.0740925Z Downloading certifi-2026.1.4-py3-none-any.whl (152 kB)
2026-01-26T01:12:03.0846216Z Downloading greenlet-3.3.1-cp311-cp311-manylinux_2_24_x86_64.manylinux_2_28_x86_64.whl (590 kB)
2026-01-26T01:12:03.0910675Z    ━━━━━━━━━━━━━━━━━━━━━━━━━━━━━━━━━━━━━━━━ 590.3/590.3 kB 79.5 MB/s  0:00:00
2026-01-26T01:12:03.1005229Z Downloading scrapling-0.3.14-py3-none-any.whl (104 kB)
2026-01-26T01:12:03.1159162Z Downloading camoufox-0.4.11-py3-none-any.whl (71 kB)
2026-01-26T01:12:03.1521639Z Downloading browserforge-1.2.3-py3-none-any.whl (39 kB)
2026-01-26T01:12:03.1634777Z Downloading click-8.3.1-py3-none-any.whl (108 kB)
2026-01-26T01:12:03.1671763Z Using cached aiohttp-3.13.3-cp311-cp311-manylinux2014_x86_64.manylinux_2_17_x86_64.manylinux_2_28_x86_64.whl (1.7 MB)
2026-01-26T01:12:03.1697791Z Using cached multidict-6.7.0-cp311-cp311-manylinux2014_x86_64.manylinux_2_17_x86_64.manylinux_2_28_x86_64.whl (246 kB)
2026-01-26T01:12:03.1712346Z Using cached yarl-1.22.0-cp311-cp311-manylinux2014_x86_64.manylinux_2_17_x86_64.manylinux_2_28_x86_64.whl (365 kB)
2026-01-26T01:12:03.1727833Z Using cached aiohappyeyeballs-2.6.1-py3-none-any.whl (15 kB)
2026-01-26T01:12:03.1740719Z Using cached aiosignal-1.4.0-py3-none-any.whl (7.5 kB)
2026-01-26T01:12:03.1753780Z Using cached attrs-25.4.0-py3-none-any.whl (67 kB)
2026-01-26T01:12:03.1845265Z Downloading cssselect-1.3.0-py3-none-any.whl (18 kB)
2026-01-26T01:12:03.1879261Z Using cached frozenlist-1.8.0-cp311-cp311-manylinux1_x86_64.manylinux_2_28_x86_64.manylinux_2_5_x86_64.whl (231 kB)
2026-01-26T01:12:03.1893838Z Using cached importlib_metadata-8.7.1-py3-none-any.whl (27 kB)
2026-01-26T01:12:03.1907015Z Using cached importlib_resources-6.5.2-py3-none-any.whl (37 kB)
2026-01-26T01:12:03.2034026Z Downloading lxml-6.0.2-cp311-cp311-manylinux_2_26_x86_64.manylinux_2_28_x86_64.whl (5.2 MB)
2026-01-26T01:12:03.2467767Z    ━━━━━━━━━━━━━━━━━━━━━━━━━━━━━━━━━━━━━━━━ 5.2/5.2 MB 121.8 MB/s  0:00:00
2026-01-26T01:12:03.2543392Z Downloading orjson-3.11.5-cp311-cp311-manylinux_2_17_x86_64.manylinux2014_x86_64.whl (138 kB)
2026-01-26T01:12:03.2579688Z Using cached propcache-0.4.1-cp311-cp311-manylinux2014_x86_64.manylinux_2_17_x86_64.manylinux_2_28_x86_64.whl (210 kB)
2026-01-26T01:12:03.2773756Z Downloading patchright-1.56.0-py3-none-manylinux1_x86_64.whl (46.2 MB)
2026-01-26T01:12:04.0619670Z    ━━━━━━━━━━━━━━━━━━━━━━━━━━━━━━━━━━━━━━━━ 46.2/46.2 MB 58.8 MB/s  0:00:00
2026-01-26T01:12:04.0811354Z Downloading playwright-1.56.0-py3-none-manylinux1_x86_64.whl (46.3 MB)
2026-01-26T01:12:04.8453959Z    ━━━━━━━━━━━━━━━━━━━━━━━━━━━━━━━━━━━━━━━━ 46.3/46.3 MB 60.4 MB/s  0:00:00
2026-01-26T01:12:04.8548127Z Downloading pyee-13.0.0-py3-none-any.whl (15 kB)
2026-01-26T01:12:04.8712844Z Downloading curl_cffi-0.14.0-cp39-abi3-manylinux_2_26_x86_64.manylinux_2_28_x86_64.whl (8.7 MB)
2026-01-26T01:12:05.0393983Z    ━━━━━━━━━━━━━━━━━━━━━━━━━━━━━━━━━━━━━━━━ 8.7/8.7 MB 50.6 MB/s  0:00:00
2026-01-26T01:12:05.0566873Z Downloading msgspec-0.20.0-cp311-cp311-manylinux2014_x86_64.manylinux_2_17_x86_64.manylinux_2_28_x86_64.whl (219 kB)
2026-01-26T01:12:05.0668876Z Downloading tldextract-5.3.1-py3-none-any.whl (105 kB)
2026-01-26T01:12:05.0704565Z Using cached filelock-3.20.3-py3-none-any.whl (16 kB)
2026-01-26T01:12:05.0777225Z Downloading requests_file-3.0.1-py2.py3-none-any.whl (4.5 kB)
2026-01-26T01:12:05.0808832Z Using cached uvloop-0.22.1-cp311-cp311-manylinux2014_x86_64.manylinux_2_17_x86_64.manylinux_2_28_x86_64.whl (3.8 MB)
2026-01-26T01:12:05.0848183Z Using cached zipp-3.23.0-py3-none-any.whl (10 kB)
2026-01-26T01:12:05.0860931Z Using cached backports.tarfile-1.2.0-py3-none-any.whl (30 kB)
2026-01-26T01:12:05.0983932Z Downloading language_tags-1.2.0-py3-none-any.whl (213 kB)
2026-01-26T01:12:05.1026366Z Using cached pyproject_hooks-1.2.0-py3-none-any.whl (10 kB)
2026-01-26T01:12:05.1108706Z Downloading PySocks-1.7.1-py3-none-any.whl (16 kB)
2026-01-26T01:12:05.1234008Z Downloading screeninfo-0.8.1-py3-none-any.whl (12 kB)
2026-01-26T01:12:05.1325263Z Downloading tqdm-4.67.1-py3-none-any.whl (78 kB)
2026-01-26T01:12:05.1449899Z Downloading ua_parser-1.0.1-py3-none-any.whl (31 kB)
2026-01-26T01:12:05.1555843Z Downloading ua_parser_builtins-202601-py3-none-any.whl (89 kB)
2026-01-26T01:12:05.5394632Z Installing collected packages: selectolax, pytz, proxy-tools, language-tags, bottle, altgraph, zipp, wrapt, wheel, websockets, uvloop, urllib3, ua-parser-builtins, tzdata, typing-extensions, tqdm, tenacity, structlog, soupsieve, sniffio, six, screeninfo, redis, pyyaml, python-dotenv, pysocks, pyproject_hooks, pyinstaller-hooks-contrib, pygments, pycparser, psycopg2-binary, psutil, propcache, pluggy, platformdirs, pathspec, packaging, orjson, numpy, mypy-extensions, multidict, msgspec, more-itertools, lxml, jeepney, iniconfig, importlib-resources, idna, hyperframe, httptools, hpack, h11, greenlet, frozenlist, filelock, cssselect, click, charset-normalizer, certifi, backports.tarfile, attrs, annotated-types, aiosqlite, aiohappyeyeballs, yarl, wsproto, uvicorn, ua_parser, typing-inspect, sqlalchemy, requests, pywebview, python-dateutil, pytest, pyinstaller, pyee, pydantic-core, jaraco.functools, jaraco.context, jaraco.classes, importlib-metadata, httpcore, h2, deprecated, cffi, build, browserforge, beautifulsoup4, anyio, aiosignal, watchfiles, starlette, requests-file, pytest-asyncio, pydantic, playwright, pip-tools, patchright, pandas, limits, httpx, curl_cffi, cryptography, aiohttp, tldextract, slowapi, secretstorage, pydantic-settings, fastapi, camoufox, black, scrapling, keyring
2026-01-26T01:12:05.8516842Z   Attempting uninstall: wheel
2026-01-26T01:12:05.8533559Z     Found existing installation: wheel 0.46.3
2026-01-26T01:12:05.8561460Z     Uninstalling wheel-0.46.3:
2026-01-26T01:12:05.8573080Z       Successfully uninstalled wheel-0.46.3
2026-01-26T01:12:07.7163425Z   Attempting uninstall: packaging
2026-01-26T01:12:07.7181299Z     Found existing installation: packaging 26.0
2026-01-26T01:12:07.7208763Z     Uninstalling packaging-26.0:
2026-01-26T01:12:07.7217440Z       Successfully uninstalled packaging-26.0
2026-01-26T01:12:18.6366648Z
2026-01-26T01:12:18.6424363Z Successfully installed aiohappyeyeballs-2.6.1 aiohttp-3.13.3 aiosignal-1.4.0 aiosqlite-0.19.0 altgraph-0.17.3 annotated-types-0.6.0 anyio-3.7.1 attrs-25.4.0 backports.tarfile-1.2.0 beautifulsoup4-4.12.2 black-23.12.0 bottle-0.13.4 browserforge-1.2.3 build-1.0.3 camoufox-0.4.11 certifi-2026.1.4 cffi-1.16.0 charset-normalizer-3.3.2 click-8.3.1 cryptography-41.0.7 cssselect-1.3.0 curl_cffi-0.14.0 deprecated-1.2.14 fastapi-0.104.1 filelock-3.20.3 frozenlist-1.8.0 greenlet-3.3.1 h11-0.14.0 h2-4.1.0 hpack-4.0.0 httpcore-1.0.2 httptools-0.6.1 httpx-0.25.2 hyperframe-6.1.0 idna-3.6 importlib-metadata-8.7.1 importlib-resources-6.5.2 iniconfig-2.0.0 jaraco.classes-3.3.1 jaraco.context-5.3.0 jaraco.functools-4.0.0 jeepney-0.9.0 keyring-24.3.0 language-tags-1.2.0 limits-3.7.0 lxml-6.0.2 more-itertools-10.1.0 msgspec-0.20.0 multidict-6.7.0 mypy-extensions-1.0.0 numpy-1.25.0 orjson-3.11.5 packaging-23.2 pandas-2.0.3 patchright-1.56.0 pathspec-0.11.2 pip-tools-7.3.0 platformdirs-4.2.0 playwright-1.56.0 pluggy-1.3.0 propcache-0.4.1 proxy-tools-0.1.0 psutil-5.9.6 psycopg2-binary-2.9.9 pycparser-2.21 pydantic-2.5.0 pydantic-core-2.14.1 pydantic-settings-2.1.0 pyee-13.0.0 pygments-2.17.2 pyinstaller-6.1.0 pyinstaller-hooks-contrib-2023.11 pyproject_hooks-1.2.0 pysocks-1.7.1 pytest-7.4.3 pytest-asyncio-0.21.1 python-dateutil-2.8.2 python-dotenv-1.0.0 pytz-2023.3.post1 pywebview-5.4 pyyaml-6.0.1 redis-5.0.1 requests-2.31.0 requests-file-3.0.1 scrapling-0.3.14 screeninfo-0.8.1 secretstorage-3.5.0 selectolax-0.3.20 six-1.16.0 slowapi-0.1.9 sniffio-1.3.0 soupsieve-2.5 sqlalchemy-2.0.23 starlette-0.27.0 structlog-23.2.0 tenacity-8.2.3 tldextract-5.3.1 tqdm-4.67.1 typing-extensions-4.10.0 typing-inspect-0.9.0 tzdata-2023.3 ua-parser-builtins-202601 ua_parser-1.0.1 urllib3-2.1.0 uvicorn-0.24.0 uvloop-0.22.1 watchfiles-0.20.0 websockets-12.0 wheel-0.41.2 wrapt-1.16.0 wsproto-1.2.0 yarl-1.22.0 zipp-3.23.0
2026-01-26T01:12:19.5469240Z ##[group]Run # Install Camoufox browser (for StealthyFetcher)
2026-01-26T01:12:19.5469738Z [36;1m# Install Camoufox browser (for StealthyFetcher)[0m
2026-01-26T01:12:19.5470069Z [36;1mecho "Installing Camoufox..."[0m
2026-01-26T01:12:19.5470489Z [36;1mpython -m camoufox fetch || echo "⚠️ Camoufox install failed, will try Playwright"[0m
2026-01-26T01:12:19.5470917Z [36;1m[0m
2026-01-26T01:12:19.5471149Z [36;1m# Install Playwright with all system dependencies[0m
2026-01-26T01:12:19.5471555Z [36;1mecho "Installing Playwright browsers with dependencies..."[0m
2026-01-26T01:12:19.5471936Z [36;1mplaywright install --with-deps chromium[0m
2026-01-26T01:12:19.5503679Z shell: /usr/bin/bash -e {0}
2026-01-26T01:12:19.5503902Z env:
2026-01-26T01:12:19.5504072Z   PYTHON_VERSION: 3.11
2026-01-26T01:12:19.5504277Z   REPORT_RETENTION_DAYS: 14
2026-01-26T01:12:19.5504478Z   MAX_RETRIES: 3
2026-01-26T01:12:19.5504652Z   REQUEST_TIMEOUT: 30
2026-01-26T01:12:19.5504946Z   pythonLocation: /opt/hostedtoolcache/Python/3.11.14/x64
2026-01-26T01:12:19.5505362Z   PKG_CONFIG_PATH: /opt/hostedtoolcache/Python/3.11.14/x64/lib/pkgconfig
2026-01-26T01:12:19.5505756Z   Python_ROOT_DIR: /opt/hostedtoolcache/Python/3.11.14/x64
2026-01-26T01:12:19.5506106Z   Python2_ROOT_DIR: /opt/hostedtoolcache/Python/3.11.14/x64
2026-01-26T01:12:19.5506452Z   Python3_ROOT_DIR: /opt/hostedtoolcache/Python/3.11.14/x64
2026-01-26T01:12:19.5506813Z   LD_LIBRARY_PATH: /opt/hostedtoolcache/Python/3.11.14/x64/lib
2026-01-26T01:12:19.5507122Z ##[endgroup]
2026-01-26T01:12:19.5557881Z Installing Camoufox...
2026-01-26T01:12:19.8352005Z Downloading model definition files...
2026-01-26T01:12:20.1396236Z header-network.zip            OK!
2026-01-26T01:12:20.1396713Z headers-order.json            OK!
2026-01-26T01:12:20.1397148Z browser-helper-file.json      OK!
2026-01-26T01:12:20.1397599Z input-network.zip             OK!
2026-01-26T01:12:20.1398041Z fingerprint-network.zip       OK!
2026-01-26T01:12:20.4386331Z Fetching Camoufox binaries v135.0.1-beta.24...
2026-01-26T01:12:20.4389812Z Downloading package: https://github.com/daijro/camoufox/releases/download/v135.0.1-beta.24/camoufox-135.0.1-beta.24-lin.x86_64.zip
2026-01-26T01:12:20.6128816Z
2026-01-26T01:12:20.7130035Z   0%|          | 0.00/713M [00:00<?, ?iB/s]
2026-01-26T01:12:20.8129954Z   1%|          | 4.06M/713M [00:00<00:17, 40.5MiB/s]
2026-01-26T01:12:20.9130859Z   2%|▏         | 14.3M/713M [00:00<00:09, 77.0MiB/s]
2026-01-26T01:12:21.0132057Z   5%|▍         | 32.8M/713M [00:00<00:05, 126MiB/s]
2026-01-26T01:12:21.2617790Z   8%|▊         | 53.6M/713M [00:00<00:04, 159MiB/s]
2026-01-26T01:12:21.3705641Z  10%|▉         | 69.5M/713M [00:00<00:06, 103MiB/s]
2026-01-26T01:12:21.4706446Z  11%|█▏        | 82.0M/713M [00:00<00:05, 106MiB/s]
2026-01-26T01:12:21.5707746Z  14%|█▎        | 97.9M/713M [00:00<00:05, 120MiB/s]
2026-01-26T01:12:22.9155887Z  16%|█▌        | 112M/713M [00:00<00:04, 127MiB/s]
2026-01-26T01:12:23.0192296Z  18%|█▊        | 126M/713M [00:02<00:20, 29.0MiB/s]
2026-01-26T01:12:23.1378055Z  20%|██        | 143M/713M [00:02<00:13, 40.7MiB/s]
2026-01-26T01:12:23.2378880Z  22%|██▏       | 155M/713M [00:02<00:11, 47.9MiB/s]
2026-01-26T01:12:23.7181864Z  25%|██▌       | 180M/713M [00:02<00:07, 73.9MiB/s]
2026-01-26T01:12:23.8291637Z  28%|██▊       | 196M/713M [00:03<00:09, 54.5MiB/s]
2026-01-26T01:12:23.9291555Z  29%|██▉       | 208M/713M [00:03<00:08, 61.5MiB/s]
2026-01-26T01:12:24.0291228Z  32%|███▏      | 229M/713M [00:03<00:05, 82.9MiB/s]
2026-01-26T01:12:24.1291083Z  36%|███▌      | 254M/713M [00:03<00:04, 112MiB/s]
2026-01-26T01:12:24.2291636Z  38%|███▊      | 274M/713M [00:03<00:03, 130MiB/s]
2026-01-26T01:12:24.4002187Z  43%|████▎     | 305M/713M [00:03<00:02, 170MiB/s]
2026-01-26T01:12:24.5009630Z  46%|████▌     | 327M/713M [00:03<00:02, 156MiB/s]
2026-01-26T01:12:24.7388123Z  49%|████▉     | 352M/713M [00:03<00:02, 177MiB/s]
2026-01-26T01:12:24.8389496Z  52%|█████▏    | 374M/713M [00:04<00:02, 139MiB/s]
2026-01-26T01:12:24.9390760Z  56%|█████▌    | 399M/713M [00:04<00:01, 162MiB/s]
2026-01-26T01:12:25.0618304Z  59%|█████▉    | 423M/713M [00:04<00:01, 180MiB/s]
2026-01-26T01:12:25.1618588Z  62%|██████▏   | 444M/713M [00:04<00:01, 177MiB/s]
2026-01-26T01:12:25.3024127Z  66%|██████▌   | 469M/713M [00:04<00:01, 196MiB/s]
2026-01-26T01:12:25.4024602Z  69%|██████▉   | 490M/713M [00:04<00:01, 182MiB/s]
2026-01-26T01:12:25.5278694Z  72%|███████▏  | 511M/713M [00:04<00:01, 187MiB/s]
2026-01-26T01:12:25.6279966Z  74%|███████▍  | 530M/713M [00:04<00:01, 178MiB/s]
2026-01-26T01:12:25.7725881Z  77%|███████▋  | 552M/713M [00:05<00:00, 187MiB/s]
2026-01-26T01:12:25.8725592Z  80%|████████  | 571M/713M [00:05<00:00, 168MiB/s]
2026-01-26T01:12:25.9778226Z  83%|████████▎ | 589M/713M [00:05<00:00, 171MiB/s]
2026-01-26T01:12:26.0825808Z  85%|████████▌ | 607M/713M [00:05<00:00, 170MiB/s]
2026-01-26T01:12:26.1825781Z  88%|████████▊ | 624M/713M [00:05<00:00, 169MiB/s]
2026-01-26T01:12:26.2828628Z  91%|█████████ | 648M/713M [00:05<00:00, 189MiB/s]
2026-01-26T01:12:26.3829094Z  94%|█████████▍| 673M/713M [00:05<00:00, 207MiB/s]
2026-01-26T01:12:26.5118090Z  98%|█████████▊| 695M/713M [00:05<00:00, 211MiB/s]
2026-01-26T01:12:26.5118840Z 100%|██████████| 713M/713M [00:05<00:00, 121MiB/s]
2026-01-26T01:12:26.5141211Z Extracting Camoufox: /home/runner/.cache/camoufox
2026-01-26T01:12:26.5193081Z
2026-01-26T01:12:26.6742168Z   0%|          | 0/717 [00:00<?, ?it/s]
2026-01-26T01:12:26.7812592Z   2%|▏         | 16/717 [00:00<00:06, 103.40it/s]
2026-01-26T01:12:26.8867778Z  10%|█         | 75/717 [00:00<00:01, 326.10it/s]
2026-01-26T01:12:27.1437810Z  17%|█▋        | 122/717 [00:00<00:01, 375.19it/s]
2026-01-26T01:12:27.7371894Z  26%|██▌       | 188/717 [00:00<00:01, 305.48it/s]
2026-01-26T01:12:29.0766155Z  31%|███       | 223/717 [00:01<00:03, 142.74it/s]
2026-01-26T01:12:29.2552654Z  35%|███▍      | 248/717 [00:02<00:08, 58.32it/s]
2026-01-26T01:12:29.3554833Z  37%|███▋      | 265/717 [00:02<00:07, 62.55it/s]
2026-01-26T01:12:29.4562259Z  42%|████▏     | 299/717 [00:02<00:04, 85.86it/s]
2026-01-26T01:12:29.5564074Z  47%|████▋     | 337/717 [00:02<00:03, 117.29it/s]
2026-01-26T01:12:30.0960342Z  65%|██████▌   | 469/717 [00:03<00:00, 276.83it/s]
2026-01-26T01:12:31.0415587Z  74%|███████▎  | 528/717 [00:03<00:00, 192.14it/s]
2026-01-26T01:12:31.1647280Z  80%|███████▉  | 573/717 [00:04<00:01, 111.39it/s]
2026-01-26T01:12:32.1298520Z  85%|████████▍ | 606/717 [00:04<00:00, 126.13it/s]
2026-01-26T01:12:32.2372692Z  89%|████████▉ | 637/717 [00:05<00:01, 77.89it/s]
2026-01-26T01:12:32.4836237Z  93%|█████████▎| 666/717 [00:05<00:00, 92.38it/s]
2026-01-26T01:12:33.3439738Z  96%|█████████▌| 690/717 [00:05<00:00, 93.38it/s]
2026-01-26T01:12:33.4951591Z  99%|█████████▉| 712/717 [00:06<00:00, 59.67it/s]
2026-01-26T01:12:33.4952112Z 100%|██████████| 717/717 [00:06<00:00, 102.79it/s]
2026-01-26T01:12:33.6327732Z
2026-01-26T01:12:33.6328179Z Camoufox successfully installed.
2026-01-26T01:12:34.2659436Z
2026-01-26T01:12:34.3661236Z Downloading addon (UBO):   0%
2026-01-26T01:12:34.4316954Z Downloading addon (UBO):  43%
2026-01-26T01:12:34.4317543Z Downloading addon (UBO): 100%
2026-01-26T01:12:34.4349112Z
2026-01-26T01:12:34.5352003Z Extracting addon (UBO):   0%
2026-01-26T01:12:34.5482235Z Extracting addon (UBO):  82%
2026-01-26T01:12:34.5482775Z Extracting addon (UBO): 100%
2026-01-26T01:12:34.6187784Z Installing Playwright browsers with dependencies...
2026-01-26T01:12:34.9173914Z Installing dependencies...
2026-01-26T01:12:34.9270830Z Switching to root user to install dependencies...
2026-01-26T01:12:34.9907237Z Get:1 file:/etc/apt/apt-mirrors.txt Mirrorlist [144 B]
2026-01-26T01:12:35.0206410Z Hit:2 http://azure.archive.ubuntu.com/ubuntu noble InRelease
2026-01-26T01:12:35.0223995Z Hit:3 http://azure.archive.ubuntu.com/ubuntu noble-updates InRelease
2026-01-26T01:12:35.0228654Z Hit:4 http://azure.archive.ubuntu.com/ubuntu noble-backports InRelease
2026-01-26T01:12:35.0236585Z Hit:6 https://packages.microsoft.com/repos/azure-cli noble InRelease
2026-01-26T01:12:35.0238742Z Hit:5 http://azure.archive.ubuntu.com/ubuntu noble-security InRelease
2026-01-26T01:12:35.0257460Z Hit:7 https://packages.microsoft.com/ubuntu/24.04/prod noble InRelease
2026-01-26T01:12:36.2780581Z Reading package lists...
2026-01-26T01:12:36.3037720Z Reading package lists...
2026-01-26T01:12:36.5022387Z Building dependency tree...
2026-01-26T01:12:36.5030191Z Reading state information...
2026-01-26T01:12:36.6762795Z libasound2t64 is already the newest version (1.2.11-1ubuntu0.1).
2026-01-26T01:12:36.6763733Z libasound2t64 set to manually installed.
2026-01-26T01:12:36.6764403Z libatk-bridge2.0-0t64 is already the newest version (2.52.0-1build1).
2026-01-26T01:12:36.6765100Z libatk-bridge2.0-0t64 set to manually installed.
2026-01-26T01:12:36.6765749Z libatk1.0-0t64 is already the newest version (2.52.0-1build1).
2026-01-26T01:12:36.6766323Z libatk1.0-0t64 set to manually installed.
2026-01-26T01:12:36.6766924Z libatspi2.0-0t64 is already the newest version (2.52.0-1build1).
2026-01-26T01:12:36.6767654Z libatspi2.0-0t64 set to manually installed.
2026-01-26T01:12:36.6768210Z libcairo2 is already the newest version (1.18.0-3build1).
2026-01-26T01:12:36.6768734Z libcairo2 set to manually installed.
2026-01-26T01:12:36.6769264Z libcups2t64 is already the newest version (2.4.7-1.2ubuntu7.9).
2026-01-26T01:12:36.6769831Z libcups2t64 set to manually installed.
2026-01-26T01:12:36.6770370Z libdbus-1-3 is already the newest version (1.14.10-4ubuntu4.1).
2026-01-26T01:12:36.6770914Z libdbus-1-3 set to manually installed.
2026-01-26T01:12:36.6771466Z libdrm2 is already the newest version (2.4.122-1~ubuntu0.24.04.2).
2026-01-26T01:12:36.6772012Z libdrm2 set to manually installed.
2026-01-26T01:12:36.6772538Z libgbm1 is already the newest version (25.0.7-0ubuntu0.24.04.2).
2026-01-26T01:12:36.6773308Z libgbm1 set to manually installed.
2026-01-26T01:12:36.6773823Z libnspr4 is already the newest version (2:4.35-1.1build1).
2026-01-26T01:12:36.6774456Z libnspr4 set to manually installed.
2026-01-26T01:12:36.6774994Z libnss3 is already the newest version (2:3.98-1build1).
2026-01-26T01:12:36.6775500Z libnss3 set to manually installed.
2026-01-26T01:12:36.6776120Z libpango-1.0-0 is already the newest version (1.52.1+ds-1build1).
2026-01-26T01:12:36.6776716Z libpango-1.0-0 set to manually installed.
2026-01-26T01:12:36.6777245Z libx11-6 is already the newest version (2:1.8.7-1build1).
2026-01-26T01:12:36.6777740Z libx11-6 set to manually installed.
2026-01-26T01:12:36.6778766Z libxcb1 is already the newest version (1.15-1ubuntu2).
2026-01-26T01:12:36.6779230Z libxcb1 set to manually installed.
2026-01-26T01:12:36.6779808Z libxcomposite1 is already the newest version (1:0.4.5-1build3).
2026-01-26T01:12:36.6780374Z libxcomposite1 set to manually installed.
2026-01-26T01:12:36.6780921Z libxdamage1 is already the newest version (1:1.1.6-1build1).
2026-01-26T01:12:36.6781451Z libxdamage1 set to manually installed.
2026-01-26T01:12:36.6781954Z libxext6 is already the newest version (2:1.3.4-1build2).
2026-01-26T01:12:36.6782480Z libxext6 set to manually installed.
2026-01-26T01:12:36.6783220Z libxfixes3 is already the newest version (1:6.0.0-2build1).
2026-01-26T01:12:36.6783778Z libxfixes3 set to manually installed.
2026-01-26T01:12:36.6784352Z libxkbcommon0 is already the newest version (1.6.0-1build1).
2026-01-26T01:12:36.6784945Z libxkbcommon0 set to manually installed.
2026-01-26T01:12:36.6785540Z libxrandr2 is already the newest version (2:1.5.2-2build1).
2026-01-26T01:12:36.6786096Z libxrandr2 set to manually installed.
2026-01-26T01:12:36.6786603Z xvfb is already the newest version (2:21.1.12-1ubuntu1.5).
2026-01-26T01:12:36.6787348Z fonts-noto-color-emoji is already the newest version (2.047-0ubuntu0.24.04.1).
2026-01-26T01:12:36.6788141Z libfontconfig1 is already the newest version (2.15.0-1.1ubuntu2).
2026-01-26T01:12:36.6788725Z libfontconfig1 set to manually installed.
2026-01-26T01:12:36.6789299Z libfreetype6 is already the newest version (2.13.2+dfsg-1build3).
2026-01-26T01:12:36.6789884Z libfreetype6 set to manually installed.
2026-01-26T01:12:36.6790652Z fonts-liberation is already the newest version (1:2.1.5-3).
2026-01-26T01:12:36.6791257Z fonts-liberation set to manually installed.
2026-01-26T01:12:36.6791794Z The following additional packages will be installed:
2026-01-26T01:12:36.6792516Z   gir1.2-glib-2.0 libglib2.0-bin libglib2.0-data xfonts-encodings xfonts-utils
2026-01-26T01:12:36.6793320Z Suggested packages:
2026-01-26T01:12:36.6793664Z   low-memory-monitor
2026-01-26T01:12:36.6794006Z Recommended packages:
2026-01-26T01:12:36.6794368Z   fonts-ipafont-mincho fonts-tlwg-loma
2026-01-26T01:12:36.7023878Z The following NEW packages will be installed:
2026-01-26T01:12:36.7024704Z   fonts-freefont-ttf fonts-ipafont-gothic fonts-tlwg-loma-otf fonts-unifont
2026-01-26T01:12:36.7033973Z   fonts-wqy-zenhei xfonts-cyrillic xfonts-encodings xfonts-scalable
2026-01-26T01:12:36.7034542Z   xfonts-utils
2026-01-26T01:12:36.7039412Z The following packages will be upgraded:
2026-01-26T01:12:36.7047286Z   gir1.2-glib-2.0 libglib2.0-0t64 libglib2.0-bin libglib2.0-data
2026-01-26T01:12:36.7217213Z 4 upgraded, 9 newly installed, 0 to remove and 63 not upgraded.
2026-01-26T01:12:36.7217876Z Need to get 23.0 MB of archives.
2026-01-26T01:12:36.7218458Z After this operation, 79.6 MB of additional disk space will be used.
2026-01-26T01:12:36.7219128Z Get:1 file:/etc/apt/apt-mirrors.txt Mirrorlist [144 B]
2026-01-26T01:12:36.8246902Z Get:2 http://azure.archive.ubuntu.com/ubuntu noble/universe amd64 fonts-ipafont-gothic all 00303-21ubuntu1 [3513 kB]
2026-01-26T01:12:36.8587535Z Get:3 http://azure.archive.ubuntu.com/ubuntu noble-updates/main amd64 libglib2.0-data all 2.80.0-6ubuntu3.7 [49.4 kB]
2026-01-26T01:12:36.8620900Z Get:4 http://azure.archive.ubuntu.com/ubuntu noble-updates/main amd64 libglib2.0-bin amd64 2.80.0-6ubuntu3.7 [97.9 kB]
2026-01-26T01:12:36.8648624Z Get:5 http://azure.archive.ubuntu.com/ubuntu noble-updates/main amd64 gir1.2-glib-2.0 amd64 2.80.0-6ubuntu3.7 [183 kB]
2026-01-26T01:12:36.8684750Z Get:6 http://azure.archive.ubuntu.com/ubuntu noble-updates/main amd64 libglib2.0-0t64 amd64 2.80.0-6ubuntu3.7 [1545 kB]
2026-01-26T01:12:36.8856453Z Get:7 http://azure.archive.ubuntu.com/ubuntu noble/main amd64 fonts-freefont-ttf all 20211204+svn4273-2 [5641 kB]
2026-01-26T01:12:36.9396747Z Get:8 http://azure.archive.ubuntu.com/ubuntu noble/universe amd64 fonts-tlwg-loma-otf all 1:0.7.3-1 [107 kB]
2026-01-26T01:12:36.9425056Z Get:9 http://azure.archive.ubuntu.com/ubuntu noble/universe amd64 fonts-unifont all 1:15.1.01-1build1 [2993 kB]
2026-01-26T01:12:36.9731812Z Get:10 http://azure.archive.ubuntu.com/ubuntu noble/universe amd64 fonts-wqy-zenhei all 0.9.45-8 [7472 kB]
2026-01-26T01:12:37.0436759Z Get:11 http://azure.archive.ubuntu.com/ubuntu noble/main amd64 xfonts-encodings all 1:1.0.5-0ubuntu2 [578 kB]
2026-01-26T01:12:37.0508903Z Get:12 http://azure.archive.ubuntu.com/ubuntu noble/main amd64 xfonts-utils amd64 1:7.7+6build3 [94.4 kB]
2026-01-26T01:12:37.0538314Z Get:13 http://azure.archive.ubuntu.com/ubuntu noble/universe amd64 xfonts-cyrillic all 1:1.0.5+nmu1 [384 kB]
2026-01-26T01:12:37.0659123Z Get:14 http://azure.archive.ubuntu.com/ubuntu noble/main amd64 xfonts-scalable all 1:1.0.3-1.3 [304 kB]
2026-01-26T01:12:37.3441277Z Fetched 23.0 MB in 0s (64.2 MB/s)
2026-01-26T01:12:37.3741849Z Selecting previously unselected package fonts-ipafont-gothic.
2026-01-26T01:12:37.4071161Z (Reading database ...
2026-01-26T01:12:37.4071630Z (Reading database ... 5%
2026-01-26T01:12:37.4072041Z (Reading database ... 10%
2026-01-26T01:12:37.4072440Z (Reading database ... 15%
2026-01-26T01:12:37.4072782Z (Reading database ... 20%
2026-01-26T01:12:37.4073311Z (Reading database ... 25%
2026-01-26T01:12:37.4073605Z (Reading database ... 30%
2026-01-26T01:12:37.4073810Z (Reading database ... 35%
2026-01-26T01:12:37.4074204Z (Reading database ... 40%
2026-01-26T01:12:37.4074559Z (Reading database ... 45%
2026-01-26T01:12:37.4074905Z (Reading database ... 50%
2026-01-26T01:12:37.4184325Z (Reading database ... 55%
2026-01-26T01:12:37.5554967Z (Reading database ... 60%
2026-01-26T01:12:37.6437267Z (Reading database ... 65%
2026-01-26T01:12:37.7273129Z (Reading database ... 70%
2026-01-26T01:12:37.8136448Z (Reading database ... 75%
2026-01-26T01:12:38.0225077Z (Reading database ... 80%
2026-01-26T01:12:38.2577396Z (Reading database ... 85%
2026-01-26T01:12:38.4506598Z (Reading database ... 90%
2026-01-26T01:12:38.6135688Z (Reading database ... 95%
2026-01-26T01:12:38.6136223Z (Reading database ... 100%
2026-01-26T01:12:38.6136642Z (Reading database ... 217173 files and directories currently installed.)
2026-01-26T01:12:38.6179782Z Preparing to unpack .../00-fonts-ipafont-gothic_00303-21ubuntu1_all.deb ...
2026-01-26T01:12:38.6268539Z Unpacking fonts-ipafont-gothic (00303-21ubuntu1) ...
2026-01-26T01:12:38.8680792Z Preparing to unpack .../01-libglib2.0-data_2.80.0-6ubuntu3.7_all.deb ...
2026-01-26T01:12:38.8702641Z Unpacking libglib2.0-data (2.80.0-6ubuntu3.7) over (2.80.0-6ubuntu3.4) ...
2026-01-26T01:12:38.9049054Z Preparing to unpack .../02-libglib2.0-bin_2.80.0-6ubuntu3.7_amd64.deb ...
2026-01-26T01:12:38.9072037Z Unpacking libglib2.0-bin (2.80.0-6ubuntu3.7) over (2.80.0-6ubuntu3.4) ...
2026-01-26T01:12:38.9608787Z Preparing to unpack .../03-gir1.2-glib-2.0_2.80.0-6ubuntu3.7_amd64.deb ...
2026-01-26T01:12:38.9629575Z Unpacking gir1.2-glib-2.0:amd64 (2.80.0-6ubuntu3.7) over (2.80.0-6ubuntu3.4) ...
2026-01-26T01:12:39.0030084Z Preparing to unpack .../04-libglib2.0-0t64_2.80.0-6ubuntu3.7_amd64.deb ...
2026-01-26T01:12:39.0098739Z Unpacking libglib2.0-0t64:amd64 (2.80.0-6ubuntu3.7) over (2.80.0-6ubuntu3.4) ...
2026-01-26T01:12:39.0534016Z Selecting previously unselected package fonts-freefont-ttf.
2026-01-26T01:12:39.0673903Z Preparing to unpack .../05-fonts-freefont-ttf_20211204+svn4273-2_all.deb ...
2026-01-26T01:12:39.0682194Z Unpacking fonts-freefont-ttf (20211204+svn4273-2) ...
2026-01-26T01:12:39.1516726Z Selecting previously unselected package fonts-tlwg-loma-otf.
2026-01-26T01:12:39.1656607Z Preparing to unpack .../06-fonts-tlwg-loma-otf_1%3a0.7.3-1_all.deb ...
2026-01-26T01:12:39.1664162Z Unpacking fonts-tlwg-loma-otf (1:0.7.3-1) ...
2026-01-26T01:12:39.1876064Z Selecting previously unselected package fonts-unifont.
2026-01-26T01:12:39.2011026Z Preparing to unpack .../07-fonts-unifont_1%3a15.1.01-1build1_all.deb ...
2026-01-26T01:12:39.2018516Z Unpacking fonts-unifont (1:15.1.01-1build1) ...
2026-01-26T01:12:39.3202500Z Selecting previously unselected package fonts-wqy-zenhei.
2026-01-26T01:12:39.3337795Z Preparing to unpack .../08-fonts-wqy-zenhei_0.9.45-8_all.deb ...
2026-01-26T01:12:39.3438337Z Unpacking fonts-wqy-zenhei (0.9.45-8) ...
2026-01-26T01:12:39.8043551Z Selecting previously unselected package xfonts-encodings.
2026-01-26T01:12:39.8177607Z Preparing to unpack .../09-xfonts-encodings_1%3a1.0.5-0ubuntu2_all.deb ...
2026-01-26T01:12:39.8187188Z Unpacking xfonts-encodings (1:1.0.5-0ubuntu2) ...
2026-01-26T01:12:39.8478322Z Selecting previously unselected package xfonts-utils.
2026-01-26T01:12:39.8612065Z Preparing to unpack .../10-xfonts-utils_1%3a7.7+6build3_amd64.deb ...
2026-01-26T01:12:39.8620314Z Unpacking xfonts-utils (1:7.7+6build3) ...
2026-01-26T01:12:39.9036583Z Selecting previously unselected package xfonts-cyrillic.
2026-01-26T01:12:39.9169659Z Preparing to unpack .../11-xfonts-cyrillic_1%3a1.0.5+nmu1_all.deb ...
2026-01-26T01:12:39.9178844Z Unpacking xfonts-cyrillic (1:1.0.5+nmu1) ...
2026-01-26T01:12:39.9534434Z Selecting previously unselected package xfonts-scalable.
2026-01-26T01:12:39.9667778Z Preparing to unpack .../12-xfonts-scalable_1%3a1.0.3-1.3_all.deb ...
2026-01-26T01:12:39.9675850Z Unpacking xfonts-scalable (1:1.0.3-1.3) ...
2026-01-26T01:12:40.0100372Z Setting up fonts-wqy-zenhei (0.9.45-8) ...
2026-01-26T01:12:40.0226454Z Setting up fonts-freefont-ttf (20211204+svn4273-2) ...
2026-01-26T01:12:40.0248827Z Setting up libglib2.0-0t64:amd64 (2.80.0-6ubuntu3.7) ...
2026-01-26T01:12:40.0371242Z Setting up libglib2.0-data (2.80.0-6ubuntu3.7) ...
2026-01-26T01:12:40.0395271Z Setting up fonts-tlwg-loma-otf (1:0.7.3-1) ...
2026-01-26T01:12:40.0416209Z Setting up xfonts-encodings (1:1.0.5-0ubuntu2) ...
2026-01-26T01:12:40.0440410Z Setting up gir1.2-glib-2.0:amd64 (2.80.0-6ubuntu3.7) ...
2026-01-26T01:12:40.0461836Z Setting up fonts-ipafont-gothic (00303-21ubuntu1) ...
2026-01-26T01:12:40.0527426Z update-alternatives: using /usr/share/fonts/opentype/ipafont-gothic/ipag.ttf to provide /usr/share/fonts/truetype/fonts-japanese-gothic.ttf (fonts-japanese-gothic.ttf) in auto mode
2026-01-26T01:12:40.0552215Z Setting up fonts-unifont (1:15.1.01-1build1) ...
2026-01-26T01:12:40.0575739Z Setting up libglib2.0-bin (2.80.0-6ubuntu3.7) ...
2026-01-26T01:12:40.0598741Z Setting up xfonts-utils (1:7.7+6build3) ...
2026-01-26T01:12:40.0642139Z Setting up xfonts-cyrillic (1:1.0.5+nmu1) ...
2026-01-26T01:12:40.0937328Z Setting up xfonts-scalable (1:1.0.3-1.3) ...
2026-01-26T01:12:40.1218168Z Processing triggers for libc-bin (2.39-0ubuntu8.6) ...
2026-01-26T01:12:40.1578213Z Processing triggers for man-db (2.12.0-4build2) ...
2026-01-26T01:12:40.1609670Z Not building database; man-db/auto-update is not 'true'.
2026-01-26T01:12:40.1624874Z Processing triggers for fontconfig (2.15.0-1.1ubuntu2) ...
2026-01-26T01:12:40.8510994Z
2026-01-26T01:12:40.8511541Z Running kernel seems to be up-to-date.
2026-01-26T01:12:40.8511926Z
2026-01-26T01:12:40.8512081Z Restarting services...
2026-01-26T01:12:40.8980366Z  systemctl restart packagekit.service php8.3-fpm.service polkit.service udisks2.service
2026-01-26T01:12:41.0221422Z
2026-01-26T01:12:41.0224710Z Service restarts being deferred:
2026-01-26T01:12:41.0225642Z  systemctl restart ModemManager.service
2026-01-26T01:12:41.0226193Z  systemctl restart networkd-dispatcher.service
2026-01-26T01:12:41.0226550Z
2026-01-26T01:12:41.0226710Z No containers need to be restarted.
2026-01-26T01:12:41.0226987Z
2026-01-26T01:12:41.0227170Z No user sessions are running outdated binaries.
2026-01-26T01:12:41.0227504Z
2026-01-26T01:12:41.0227811Z No VM guests are running outdated hypervisor (qemu) binaries on this host.
2026-01-26T01:12:41.9821876Z Downloading Chromium 141.0.7390.37 (playwright build v1194) from https://cdn.playwright.dev/dbazure/download/playwright/builds/chromium/1194/chromium-linux.zip
2026-01-26T01:12:42.2072147Z |                                                                                |   0% of 173.9 MiB
2026-01-26T01:12:42.6926728Z |■■■■■■■■                                                                        |  10% of 173.9 MiB
2026-01-26T01:12:42.8418819Z |■■■■■■■■■■■■■■■■                                                                |  20% of 173.9 MiB
2026-01-26T01:12:43.0731175Z |■■■■■■■■■■■■■■■■■■■■■■■■                                                        |  30% of 173.9 MiB
2026-01-26T01:12:43.2489079Z |■■■■■■■■■■■■■■■■■■■■■■■■■■■■■■■■                                                |  40% of 173.9 MiB
2026-01-26T01:12:43.4242220Z |■■■■■■■■■■■■■■■■■■■■■■■■■■■■■■■■■■■■■■■■                                        |  50% of 173.9 MiB
2026-01-26T01:12:43.6340806Z |■■■■■■■■■■■■■■■■■■■■■■■■■■■■■■■■■■■■■■■■■■■■■■■■                                |  60% of 173.9 MiB
2026-01-26T01:12:43.9628338Z |■■■■■■■■■■■■■■■■■■■■■■■■■■■■■■■■■■■■■■■■■■■■■■■■■■■■■■■■                        |  70% of 173.9 MiB
2026-01-26T01:12:44.3086291Z |■■■■■■■■■■■■■■■■■■■■■■■■■■■■■■■■■■■■■■■■■■■■■■■■■■■■■■■■■■■■■■■■                |  80% of 173.9 MiB
2026-01-26T01:12:44.4670632Z |■■■■■■■■■■■■■■■■■■■■■■■■■■■■■■■■■■■■■■■■■■■■■■■■■■■■■■■■■■■■■■■■■■■■■■■■        |  90% of 173.9 MiB
2026-01-26T01:12:44.7336512Z |■■■■■■■■■■■■■■■■■■■■■■■■■■■■■■■■■■■■■■■■■■■■■■■■■■■■■■■■■■■■■■■■■■■■■■■■■■■■■■■■| 100% of 173.9 MiB
2026-01-26T01:12:48.1687779Z Chromium 141.0.7390.37 (playwright build v1194) downloaded to /home/runner/.cache/ms-playwright/chromium-1194
2026-01-26T01:12:48.1691614Z Downloading FFMPEG playwright build v1011 from https://cdn.playwright.dev/dbazure/download/playwright/builds/ffmpeg/1011/ffmpeg-linux.zip
2026-01-26T01:12:48.5093971Z |                                                                                |   0% of 2.3 MiB
2026-01-26T01:12:48.6806988Z |■■■■■■■■                                                                        |  10% of 2.3 MiB
2026-01-26T01:12:48.7444674Z |■■■■■■■■■■■■■■■■                                                                |  20% of 2.3 MiB
2026-01-26T01:12:48.7916751Z |■■■■■■■■■■■■■■■■■■■■■■■■                                                        |  30% of 2.3 MiB
2026-01-26T01:12:48.8115392Z |■■■■■■■■■■■■■■■■■■■■■■■■■■■■■■■■                                                |  40% of 2.3 MiB
2026-01-26T01:12:48.8247321Z |■■■■■■■■■■■■■■■■■■■■■■■■■■■■■■■■■■■■■■■■                                        |  50% of 2.3 MiB
2026-01-26T01:12:48.8596319Z |■■■■■■■■■■■■■■■■■■■■■■■■■■■■■■■■■■■■■■■■■■■■■■■■                                |  60% of 2.3 MiB
2026-01-26T01:12:48.8707305Z |■■■■■■■■■■■■■■■■■■■■■■■■■■■■■■■■■■■■■■■■■■■■■■■■■■■■■■■■                        |  70% of 2.3 MiB
2026-01-26T01:12:48.8797048Z |■■■■■■■■■■■■■■■■■■■■■■■■■■■■■■■■■■■■■■■■■■■■■■■■■■■■■■■■■■■■■■■■                |  80% of 2.3 MiB
2026-01-26T01:12:48.8875607Z |■■■■■■■■■■■■■■■■■■■■■■■■■■■■■■■■■■■■■■■■■■■■■■■■■■■■■■■■■■■■■■■■■■■■■■■■        |  90% of 2.3 MiB
2026-01-26T01:12:48.8947683Z |■■■■■■■■■■■■■■■■■■■■■■■■■■■■■■■■■■■■■■■■■■■■■■■■■■■■■■■■■■■■■■■■■■■■■■■■■■■■■■■■| 100% of 2.3 MiB
2026-01-26T01:12:48.9502214Z FFMPEG playwright build v1011 downloaded to /home/runner/.cache/ms-playwright/ffmpeg-1011
2026-01-26T01:12:48.9506512Z Downloading Chromium Headless Shell 141.0.7390.37 (playwright build v1194) from https://cdn.playwright.dev/dbazure/download/playwright/builds/chromium/1194/chromium-headless-shell-linux.zip
2026-01-26T01:12:49.2829695Z |                                                                                |   0% of 104.3 MiB
2026-01-26T01:12:49.8589969Z |■■■■■■■■                                                                        |  10% of 104.3 MiB
2026-01-26T01:12:50.0150098Z |■■■■■■■■■■■■■■■■                                                                |  20% of 104.3 MiB
2026-01-26T01:12:50.2047197Z |■■■■■■■■■■■■■■■■■■■■■■■■                                                        |  30% of 104.3 MiB
2026-01-26T01:12:50.3620343Z |■■■■■■■■■■■■■■■■■■■■■■■■■■■■■■■■                                                |  40% of 104.3 MiB
2026-01-26T01:12:50.5479466Z |■■■■■■■■■■■■■■■■■■■■■■■■■■■■■■■■■■■■■■■■                                        |  50% of 104.3 MiB
2026-01-26T01:12:50.7497383Z |■■■■■■■■■■■■■■■■■■■■■■■■■■■■■■■■■■■■■■■■■■■■■■■■                                |  60% of 104.3 MiB
2026-01-26T01:12:51.0189417Z |■■■■■■■■■■■■■■■■■■■■■■■■■■■■■■■■■■■■■■■■■■■■■■■■■■■■■■■■                        |  70% of 104.3 MiB
2026-01-26T01:12:51.1795782Z |■■■■■■■■■■■■■■■■■■■■■■■■■■■■■■■■■■■■■■■■■■■■■■■■■■■■■■■■■■■■■■■■                |  80% of 104.3 MiB
2026-01-26T01:12:51.3292808Z |■■■■■■■■■■■■■■■■■■■■■■■■■■■■■■■■■■■■■■■■■■■■■■■■■■■■■■■■■■■■■■■■■■■■■■■■        |  90% of 104.3 MiB
2026-01-26T01:12:51.5418198Z |■■■■■■■■■■■■■■■■■■■■■■■■■■■■■■■■■■■■■■■■■■■■■■■■■■■■■■■■■■■■■■■■■■■■■■■■■■■■■■■■| 100% of 104.3 MiB
2026-01-26T01:12:53.3352337Z Chromium Headless Shell 141.0.7390.37 (playwright build v1194) downloaded to /home/runner/.cache/ms-playwright/chromium_headless_shell-1194
2026-01-26T01:12:53.4349351Z ##[group]Run # Start Xvfb in background
2026-01-26T01:12:53.4349691Z [36;1m# Start Xvfb in background[0m
2026-01-26T01:12:53.4350065Z [36;1msudo Xvfb :99 -screen 0 1920x1080x24 -ac +extension GLX +render -noreset &[0m
2026-01-26T01:12:53.4350482Z [36;1mecho "DISPLAY=:99" >> $GITHUB_ENV[0m
2026-01-26T01:12:53.4350736Z [36;1msleep 3[0m
2026-01-26T01:12:53.4350930Z [36;1m# Verify display is running[0m
2026-01-26T01:12:53.4351213Z [36;1mif xdpyinfo -display :99 >/dev/null 2>&1; then[0m
2026-01-26T01:12:53.4351535Z [36;1m  echo "✅ Virtual display :99 is running"[0m
2026-01-26T01:12:53.4351796Z [36;1melse[0m
2026-01-26T01:12:53.4352145Z [36;1m  echo "⚠️ Virtual display may not be fully ready, continuing anyway..."[0m
2026-01-26T01:12:53.4352508Z [36;1mfi[0m
2026-01-26T01:12:53.4384310Z shell: /usr/bin/bash -e {0}
2026-01-26T01:12:53.4384530Z env:
2026-01-26T01:12:53.4384708Z   PYTHON_VERSION: 3.11
2026-01-26T01:12:53.4384920Z   REPORT_RETENTION_DAYS: 14
2026-01-26T01:12:53.4385151Z   MAX_RETRIES: 3
2026-01-26T01:12:53.4385325Z   REQUEST_TIMEOUT: 30
2026-01-26T01:12:53.4385589Z   pythonLocation: /opt/hostedtoolcache/Python/3.11.14/x64
2026-01-26T01:12:53.4386000Z   PKG_CONFIG_PATH: /opt/hostedtoolcache/Python/3.11.14/x64/lib/pkgconfig
2026-01-26T01:12:53.4386602Z   Python_ROOT_DIR: /opt/hostedtoolcache/Python/3.11.14/x64
2026-01-26T01:12:53.4386954Z   Python2_ROOT_DIR: /opt/hostedtoolcache/Python/3.11.14/x64
2026-01-26T01:12:53.4387332Z   Python3_ROOT_DIR: /opt/hostedtoolcache/Python/3.11.14/x64
2026-01-26T01:12:53.4387695Z   LD_LIBRARY_PATH: /opt/hostedtoolcache/Python/3.11.14/x64/lib
2026-01-26T01:12:53.4387980Z ##[endgroup]
2026-01-26T01:12:53.7770396Z The XKEYBOARD keymap compiler (xkbcomp) reports:
2026-01-26T01:12:53.7771110Z > Warning:          Could not resolve keysym XF86CameraAccessEnable
2026-01-26T01:12:53.7771843Z > Warning:          Could not resolve keysym XF86CameraAccessDisable
2026-01-26T01:12:53.7772611Z > Warning:          Could not resolve keysym XF86CameraAccessToggle
2026-01-26T01:12:53.7773487Z > Warning:          Could not resolve keysym XF86NextElement
2026-01-26T01:12:53.7774182Z > Warning:          Could not resolve keysym XF86PreviousElement
2026-01-26T01:12:53.7774913Z > Warning:          Could not resolve keysym XF86AutopilotEngageToggle
2026-01-26T01:12:53.7775653Z > Warning:          Could not resolve keysym XF86MarkWaypoint
2026-01-26T01:12:53.7776243Z > Warning:          Could not resolve keysym XF86Sos
2026-01-26T01:12:53.7776858Z > Warning:          Could not resolve keysym XF86NavChart
2026-01-26T01:12:53.7777519Z > Warning:          Could not resolve keysym XF86FishingChart
2026-01-26T01:12:53.7778195Z > Warning:          Could not resolve keysym XF86SingleRangeRadar
2026-01-26T01:12:53.7778899Z > Warning:          Could not resolve keysym XF86DualRangeRadar
2026-01-26T01:12:53.7779500Z > Warning:          Could not resolve keysym XF86RadarOverlay
2026-01-26T01:12:53.7780099Z > Warning:          Could not resolve keysym XF86TraditionalSonar
2026-01-26T01:12:53.7780697Z > Warning:          Could not resolve keysym XF86ClearvuSonar
2026-01-26T01:12:53.7781270Z > Warning:          Could not resolve keysym XF86SidevuSonar
2026-01-26T01:12:53.7781814Z > Warning:          Could not resolve keysym XF86NavInfo
2026-01-26T01:12:53.7785547Z Errors from xkbcomp are not fatal to the X server
2026-01-26T01:12:56.4471673Z ⚠️ Virtual display may not be fully ready, continuing anyway...
2026-01-26T01:13:01.4507084Z ##[group]Run python - <<'PYTHON_SCRIPT'
2026-01-26T01:13:01.4507443Z [36;1mpython - <<'PYTHON_SCRIPT'[0m
2026-01-26T01:13:01.4507687Z [36;1mimport asyncio[0m
2026-01-26T01:13:01.4507884Z [36;1mimport sys[0m
2026-01-26T01:13:01.4508073Z [36;1mimport traceback[0m
2026-01-26T01:13:01.4508269Z [36;1m[0m
2026-01-26T01:13:01.4508453Z [36;1masync def test_stealthy_browser():[0m
2026-01-26T01:13:01.4508793Z [36;1m    """Test Scrapling's StealthyFetcher with Camoufox."""[0m
2026-01-26T01:13:01.4509115Z [36;1m    print("=" * 60)[0m
2026-01-26T01:13:01.4509401Z [36;1m    print("Testing Scrapling StealthyFetcher (Camoufox)")[0m
2026-01-26T01:13:01.4509710Z [36;1m    print("=" * 60)[0m
2026-01-26T01:13:01.4510015Z [36;1m    session = None  # Ensure session is defined for the finally block[0m
2026-01-26T01:13:01.4510364Z [36;1m    try:[0m
2026-01-26T01:13:01.4510603Z [36;1m        from scrapling.fetchers import StealthySession[0m
2026-01-26T01:13:01.4510965Z [36;1m        print("✓ Imported StealthySession")[0m
2026-01-26T01:13:01.4511220Z [36;1m[0m
2026-01-26T01:13:01.4511401Z [36;1m        # Create session instance[0m
2026-01-26T01:13:01.4511670Z [36;1m        session = StealthySession()[0m
2026-01-26T01:13:01.4511972Z [36;1m        print("✓ Created StealthySession instance")[0m
2026-01-26T01:13:01.4512239Z [36;1m[0m
2026-01-26T01:13:01.4512407Z [36;1m        # Fetch a test page[0m
2026-01-26T01:13:01.4512679Z [36;1m        url = 'https://httpbin.org/headers'[0m
2026-01-26T01:13:01.4513119Z [36;1m        print(f"→ Fetching {url} ...")[0m
2026-01-26T01:13:01.4513522Z [36;1m        response = await session.async_fetch(url)[0m
2026-01-26T01:13:01.4513976Z [36;1m[0m
2026-01-26T01:13:01.4514221Z [36;1m        print("✓ Response received")[0m
2026-01-26T01:13:01.4514727Z [36;1m        print(f"  - Status: {response.status}")[0m
2026-01-26T01:13:01.4515420Z [36;1m        print(f"  - Content length: {len(response.text)} chars")[0m
2026-01-26T01:13:01.4515787Z [36;1m[0m
2026-01-26T01:13:01.4516302Z [36;1m        # It's possible to get a 200 but an empty response text if the page is loading dynamically[0m
2026-01-26T01:13:01.4516878Z [36;1m        # or if there's an issue with the headless browser context.[0m
2026-01-26T01:13:01.4527814Z [36;1m        # A successful status code is a strong indicator of success.[0m
2026-01-26T01:13:01.4528294Z [36;1m        if response.status == 200:[0m
2026-01-26T01:13:01.4528670Z [36;1m            print("\n✅ StealthyFetcher verification PASSED!")[0m
2026-01-26T01:13:01.4529006Z [36;1m            return True[0m
2026-01-26T01:13:01.4529229Z [36;1m        else:[0m
2026-01-26T01:13:01.4529532Z [36;1m            print(f"\n❌ Unexpected response status: {response.status}")[0m
2026-01-26T01:13:01.4529923Z [36;1m            print("Response text:", response.text)[0m
2026-01-26T01:13:01.4530220Z [36;1m            return False[0m
2026-01-26T01:13:01.4530434Z [36;1m[0m
2026-01-26T01:13:01.4530615Z [36;1m    except ImportError:[0m
2026-01-26T01:13:01.4530996Z [36;1m        print("\n❌ Failed to import StealthySession. Is scrapling[fetchers] installed?")[0m
2026-01-26T01:13:01.4531414Z [36;1m        traceback.print_exc()[0m
2026-01-26T01:13:01.4531656Z [36;1m        return False[0m
2026-01-26T01:13:01.4531870Z [36;1m    except Exception as e:[0m
2026-01-26T01:13:01.4532158Z [36;1m        print(f"\n❌ StealthyFetcher failed: {e}")[0m
2026-01-26T01:13:01.4532458Z [36;1m        traceback.print_exc()[0m
2026-01-26T01:13:01.4532691Z [36;1m        return False[0m
2026-01-26T01:13:01.4532887Z [36;1m    finally:[0m
2026-01-26T01:13:01.4533336Z [36;1m        if session:[0m
2026-01-26T01:13:01.4533567Z [36;1m            await session.close()[0m
2026-01-26T01:13:01.4533855Z [36;1m            print("✓ StealthySession closed.")[0m
2026-01-26T01:13:01.4534130Z [36;1m[0m
2026-01-26T01:13:01.4534294Z [36;1masync def main():[0m
2026-01-26T01:13:01.4534757Z [36;1m    stealthy_ok = await test_stealthy_browser()[0m
2026-01-26T01:13:01.4535037Z [36;1m[0m
2026-01-26T01:13:01.4535200Z [36;1m    print("\n" + "=" * 60)[0m
2026-01-26T01:13:01.4535441Z [36;1m    print("VERIFICATION SUMMARY")[0m
2026-01-26T01:13:01.4535686Z [36;1m    print("=" * 60)[0m
2026-01-26T01:13:01.4536054Z [36;1m    print(f"  StealthyFetcher (Camoufox):  {'✅ PASS' if stealthy_ok else '❌ FAIL'}")[0m
2026-01-26T01:13:01.4536444Z [36;1m[0m
2026-01-26T01:13:01.4536601Z [36;1m    if stealthy_ok:[0m
2026-01-26T01:13:01.4536857Z [36;1m        print("\n🎉 Browser backend is working!")[0m
2026-01-26T01:13:01.4537130Z [36;1m        return 0[0m
2026-01-26T01:13:01.4537316Z [36;1m    else:[0m
2026-01-26T01:13:01.4537606Z [36;1m        print("\n💥 Browser backend failed!")[0m
2026-01-26T01:13:01.4537886Z [36;1m        return 1[0m
2026-01-26T01:13:01.4538072Z [36;1m[0m
2026-01-26T01:13:01.4538245Z [36;1msys.exit(asyncio.run(main()))[0m
2026-01-26T01:13:01.4538480Z [36;1mPYTHON_SCRIPT[0m
2026-01-26T01:13:01.4569894Z shell: /usr/bin/bash -e {0}
2026-01-26T01:13:01.4570131Z env:
2026-01-26T01:13:01.4570300Z   PYTHON_VERSION: 3.11
2026-01-26T01:13:01.4570506Z   REPORT_RETENTION_DAYS: 14
2026-01-26T01:13:01.4570716Z   MAX_RETRIES: 3
2026-01-26T01:13:01.4570895Z   REQUEST_TIMEOUT: 30
2026-01-26T01:13:01.4571159Z   pythonLocation: /opt/hostedtoolcache/Python/3.11.14/x64
2026-01-26T01:13:01.4571566Z   PKG_CONFIG_PATH: /opt/hostedtoolcache/Python/3.11.14/x64/lib/pkgconfig
2026-01-26T01:13:01.4571964Z   Python_ROOT_DIR: /opt/hostedtoolcache/Python/3.11.14/x64
2026-01-26T01:13:01.4572316Z   Python2_ROOT_DIR: /opt/hostedtoolcache/Python/3.11.14/x64
2026-01-26T01:13:01.4572679Z   Python3_ROOT_DIR: /opt/hostedtoolcache/Python/3.11.14/x64
2026-01-26T01:13:01.4573316Z   LD_LIBRARY_PATH: /opt/hostedtoolcache/Python/3.11.14/x64/lib
2026-01-26T01:13:01.4573644Z   DISPLAY: :99
2026-01-26T01:13:01.4573987Z ##[endgroup]
2026-01-26T01:13:01.7415075Z Traceback (most recent call last):
2026-01-26T01:13:01.7422879Z   File "<stdin>", line 22, in test_stealthy_browser
2026-01-26T01:13:01.7423656Z AttributeError: 'StealthySession' object has no attribute 'async_fetch'
2026-01-26T01:13:01.7424105Z Traceback (most recent call last):
2026-01-26T01:13:01.7424455Z   File "<stdin>", line 67, in <module>
2026-01-26T01:13:01.7425027Z   File "/opt/hostedtoolcache/Python/3.11.14/x64/lib/python3.11/asyncio/runners.py", line 190, in run
2026-01-26T01:13:01.7425598Z ============================================================
2026-01-26T01:13:01.7425955Z Testing Scrapling StealthyFetcher (Camoufox)
2026-01-26T01:13:01.7426310Z ============================================================
2026-01-26T01:13:01.7426823Z ✓ Imported StealthySession
2026-01-26T01:13:01.7427138Z ✓ Created StealthySession instance
2026-01-26T01:13:01.7427503Z → Fetching https://httpbin.org/headers ...
2026-01-26T01:13:01.7427728Z
2026-01-26T01:13:01.7428083Z ❌ StealthyFetcher failed: 'StealthySession' object has no attribute 'async_fetch'
2026-01-26T01:13:01.7615007Z     return runner.run(main)
2026-01-26T01:13:01.7615500Z            ^^^^^^^^^^^^^^^^
2026-01-26T01:13:01.7616425Z   File "/opt/hostedtoolcache/Python/3.11.14/x64/lib/python3.11/asyncio/runners.py", line 118, in run
2026-01-26T01:13:01.7617436Z     return self._loop.run_until_complete(task)
2026-01-26T01:13:01.7617880Z            ^^^^^^^^^^^^^^^^^^^^^^^^^^^^^^^^^^^
2026-01-26T01:13:01.7618511Z   File "/opt/hostedtoolcache/Python/3.11.14/x64/lib/python3.11/asyncio/base_events.py", line 654, in run_until_complete
2026-01-26T01:13:01.7624254Z     return future.result()
2026-01-26T01:13:01.7624650Z            ^^^^^^^^^^^^^^^
2026-01-26T01:13:01.7625068Z   File "<stdin>", line 53, in main
2026-01-26T01:13:01.7625503Z   File "<stdin>", line 49, in test_stealthy_browser
2026-01-26T01:13:01.7625933Z TypeError: object NoneType can't be used in 'await' expression
2026-01-26T01:13:01.8036531Z ##[error]Process completed with exit code 1.
2026-01-26T01:13:01.8140145Z ##[group]Run actions/upload-artifact@v4
2026-01-26T01:13:01.8140435Z with:
2026-01-26T01:13:01.8140621Z   name: race-reports-80-1
2026-01-26T01:13:01.8141509Z   path: race-report.html
qualified_races.json
raw_race_data.json
reporter_output.log
atr_debug.html
sl_debug.html
brisnet_debug.html
equibase_debug.html
oddschecker_debug.html
racingpost_debug.html
timeform_debug.html
twinspires_debug.html

2026-01-26T01:13:01.8142430Z   retention-days: 14
2026-01-26T01:13:01.8142632Z   if-no-files-found: warn
2026-01-26T01:13:01.8142845Z   compression-level: 9
2026-01-26T01:13:01.8143454Z   overwrite: false
2026-01-26T01:13:01.8143789Z   include-hidden-files: false
2026-01-26T01:13:01.8144123Z env:
2026-01-26T01:13:01.8144377Z   PYTHON_VERSION: 3.11
2026-01-26T01:13:01.8144686Z   REPORT_RETENTION_DAYS: 14
2026-01-26T01:13:01.8145009Z   MAX_RETRIES: 3
2026-01-26T01:13:01.8145268Z   REQUEST_TIMEOUT: 30
2026-01-26T01:13:01.8145703Z   pythonLocation: /opt/hostedtoolcache/Python/3.11.14/x64
2026-01-26T01:13:01.8146438Z   PKG_CONFIG_PATH: /opt/hostedtoolcache/Python/3.11.14/x64/lib/pkgconfig
2026-01-26T01:13:01.8147079Z   Python_ROOT_DIR: /opt/hostedtoolcache/Python/3.11.14/x64
2026-01-26T01:13:01.8147633Z   Python2_ROOT_DIR: /opt/hostedtoolcache/Python/3.11.14/x64
2026-01-26T01:13:01.8148268Z   Python3_ROOT_DIR: /opt/hostedtoolcache/Python/3.11.14/x64
2026-01-26T01:13:01.8148880Z   LD_LIBRARY_PATH: /opt/hostedtoolcache/Python/3.11.14/x64/lib
2026-01-26T01:13:01.8149346Z   DISPLAY: :99
2026-01-26T01:13:01.8149661Z ##[endgroup]
2026-01-26T01:13:02.0337698Z Multiple search paths detected. Calculating the least common ancestor of all paths
2026-01-26T01:13:02.0348615Z The least common ancestor is /home/runner/work/fortuna/fortuna. This will be the root directory of the artifact
2026-01-26T01:13:02.0365647Z ##[warning]No files were found with the provided path: race-report.html
qualified_races.json
raw_race_data.json
reporter_output.log
atr_debug.html
sl_debug.html
brisnet_debug.html
equibase_debug.html
oddschecker_debug.html
racingpost_debug.html
timeform_debug.html
twinspires_debug.html. No artifacts will be uploaded.
2026-01-26T01:13:02.0439279Z ##[group]Run {
2026-01-26T01:13:02.0439509Z [36;1m{[0m
2026-01-26T01:13:02.0439729Z [36;1m  echo "## 🐴 Fortuna Race Report Summary"[0m
2026-01-26T01:13:02.0440004Z [36;1m  echo ""[0m
2026-01-26T01:13:02.0440217Z [36;1m  echo "**Run:** #80 | **Status:** unknown"[0m
2026-01-26T01:13:02.0440510Z [36;1m  echo "**Analyzer:** tiny_field_trifecta"[0m
2026-01-26T01:13:02.0440771Z [36;1m  echo ""[0m
2026-01-26T01:13:02.0440944Z [36;1m[0m
2026-01-26T01:13:02.0441138Z [36;1m  if [ -f "github_summary.md" ]; then[0m
2026-01-26T01:13:02.0441406Z [36;1m    cat github_summary.md[0m
2026-01-26T01:13:02.0441623Z [36;1m  else[0m
2026-01-26T01:13:02.0441848Z [36;1m    echo "### ⚠️ Detailed summary not available"[0m
2026-01-26T01:13:02.0442127Z [36;1m    echo ""[0m
2026-01-26T01:13:02.0442422Z [36;1m    echo "Check the artifacts for the full report."[0m
2026-01-26T01:13:02.0442718Z [36;1m  fi[0m
2026-01-26T01:13:02.0442881Z [36;1m[0m
2026-01-26T01:13:02.0443437Z [36;1m  echo ""[0m
2026-01-26T01:13:02.0443630Z [36;1m  echo "---"[0m
2026-01-26T01:13:02.0444055Z [36;1m  echo "*Generated at $(date -u '+%Y-%m-%d %H:%M:%S UTC')*"[0m
2026-01-26T01:13:02.0444385Z [36;1m} >> $GITHUB_STEP_SUMMARY[0m
2026-01-26T01:13:02.0476175Z shell: /usr/bin/bash -e {0}
2026-01-26T01:13:02.0476395Z env:
2026-01-26T01:13:02.0476560Z   PYTHON_VERSION: 3.11
2026-01-26T01:13:02.0476766Z   REPORT_RETENTION_DAYS: 14
2026-01-26T01:13:02.0476965Z   MAX_RETRIES: 3
2026-01-26T01:13:02.0477145Z   REQUEST_TIMEOUT: 30
2026-01-26T01:13:02.0477412Z   pythonLocation: /opt/hostedtoolcache/Python/3.11.14/x64
2026-01-26T01:13:02.0477830Z   PKG_CONFIG_PATH: /opt/hostedtoolcache/Python/3.11.14/x64/lib/pkgconfig
2026-01-26T01:13:02.0478239Z   Python_ROOT_DIR: /opt/hostedtoolcache/Python/3.11.14/x64
2026-01-26T01:13:02.0478598Z   Python2_ROOT_DIR: /opt/hostedtoolcache/Python/3.11.14/x64
2026-01-26T01:13:02.0478965Z   Python3_ROOT_DIR: /opt/hostedtoolcache/Python/3.11.14/x64
2026-01-26T01:13:02.0479327Z   LD_LIBRARY_PATH: /opt/hostedtoolcache/Python/3.11.14/x64/lib
2026-01-26T01:13:02.0479642Z   DISPLAY: :99
2026-01-26T01:13:02.0479817Z ##[endgroup]
2026-01-26T01:13:02.0580655Z ##[group]Run pip install beautifulsoup4
2026-01-26T01:13:02.0580974Z [36;1mpip install beautifulsoup4[0m
2026-01-26T01:13:02.0610962Z shell: /usr/bin/bash -e {0}
2026-01-26T01:13:02.0611189Z env:
2026-01-26T01:13:02.0611358Z   PYTHON_VERSION: 3.11
2026-01-26T01:13:02.0611574Z   REPORT_RETENTION_DAYS: 14
2026-01-26T01:13:02.0611781Z   MAX_RETRIES: 3
2026-01-26T01:13:02.0611954Z   REQUEST_TIMEOUT: 30
2026-01-26T01:13:02.0612211Z   pythonLocation: /opt/hostedtoolcache/Python/3.11.14/x64
2026-01-26T01:13:02.0612619Z   PKG_CONFIG_PATH: /opt/hostedtoolcache/Python/3.11.14/x64/lib/pkgconfig
2026-01-26T01:13:02.0613191Z   Python_ROOT_DIR: /opt/hostedtoolcache/Python/3.11.14/x64
2026-01-26T01:13:02.0613601Z   Python2_ROOT_DIR: /opt/hostedtoolcache/Python/3.11.14/x64
2026-01-26T01:13:02.0613979Z   Python3_ROOT_DIR: /opt/hostedtoolcache/Python/3.11.14/x64
2026-01-26T01:13:02.0614345Z   LD_LIBRARY_PATH: /opt/hostedtoolcache/Python/3.11.14/x64/lib
2026-01-26T01:13:02.0614643Z   DISPLAY: :99
2026-01-26T01:13:02.0614842Z ##[endgroup]
2026-01-26T01:13:02.4057399Z Requirement already satisfied: beautifulsoup4 in /opt/hostedtoolcache/Python/3.11.14/x64/lib/python3.11/site-packages (4.12.2)
2026-01-26T01:13:02.4073836Z Requirement already satisfied: soupsieve>1.2 in /opt/hostedtoolcache/Python/3.11.14/x64/lib/python3.11/site-packages (from beautifulsoup4) (2.5)
2026-01-26T01:13:02.5710277Z ##[group]Run mkdir -p debug-analysis
2026-01-26T01:13:02.5710610Z [36;1mmkdir -p debug-analysis[0m
2026-01-26T01:13:02.5711324Z [36;1mfor html_file in sl_debug.html atr_debug.html brisnet_debug.html equibase_debug.html oddschecker_debug.html racingpost_debug.html timeform_debug.html twinspires_debug.html; do[0m
2026-01-26T01:13:02.5712251Z [36;1m  if [ -f "$html_file" ]; then[0m
2026-01-26T01:13:02.5712526Z [36;1m    base_name="${html_file%.html}"[0m
2026-01-26T01:13:02.5713258Z [36;1m    python scripts/debug_html_parser.py "$html_file" "debug-analysis/${base_name}_analysis.json" || true[0m
2026-01-26T01:13:02.5713736Z [36;1m  fi[0m
2026-01-26T01:13:02.5713904Z [36;1mdone[0m
2026-01-26T01:13:02.5745273Z shell: /usr/bin/bash -e {0}
2026-01-26T01:13:02.5745502Z env:
2026-01-26T01:13:02.5745676Z   PYTHON_VERSION: 3.11
2026-01-26T01:13:02.5745893Z   REPORT_RETENTION_DAYS: 14
2026-01-26T01:13:02.5746099Z   MAX_RETRIES: 3
2026-01-26T01:13:02.5746275Z   REQUEST_TIMEOUT: 30
2026-01-26T01:13:02.5746563Z   pythonLocation: /opt/hostedtoolcache/Python/3.11.14/x64
2026-01-26T01:13:02.5746975Z   PKG_CONFIG_PATH: /opt/hostedtoolcache/Python/3.11.14/x64/lib/pkgconfig
2026-01-26T01:13:02.5747376Z   Python_ROOT_DIR: /opt/hostedtoolcache/Python/3.11.14/x64
2026-01-26T01:13:02.5747754Z   Python2_ROOT_DIR: /opt/hostedtoolcache/Python/3.11.14/x64
2026-01-26T01:13:02.5748123Z   Python3_ROOT_DIR: /opt/hostedtoolcache/Python/3.11.14/x64
2026-01-26T01:13:02.5748490Z   LD_LIBRARY_PATH: /opt/hostedtoolcache/Python/3.11.14/x64/lib
2026-01-26T01:13:02.5748786Z   DISPLAY: :99
2026-01-26T01:13:02.5748951Z ##[endgroup]
2026-01-26T01:13:02.5851008Z ##[group]Run actions/upload-artifact@v4
2026-01-26T01:13:02.5851286Z with:
2026-01-26T01:13:02.5851461Z   name: debug-analysis-80
2026-01-26T01:13:02.5851681Z   path: debug-analysis/
2026-01-26T01:13:02.5851887Z   retention-days: 14
2026-01-26T01:13:02.5852076Z   if-no-files-found: warn
2026-01-26T01:13:02.5852282Z   compression-level: 6
2026-01-26T01:13:02.5852474Z   overwrite: false
2026-01-26T01:13:02.5852661Z   include-hidden-files: false
2026-01-26T01:13:02.5852869Z env:
2026-01-26T01:13:02.5853277Z   PYTHON_VERSION: 3.11
2026-01-26T01:13:02.5853482Z   REPORT_RETENTION_DAYS: 14
2026-01-26T01:13:02.5853694Z   MAX_RETRIES: 3
2026-01-26T01:13:02.5853869Z   REQUEST_TIMEOUT: 30
2026-01-26T01:13:02.5854126Z   pythonLocation: /opt/hostedtoolcache/Python/3.11.14/x64
2026-01-26T01:13:02.5854544Z   PKG_CONFIG_PATH: /opt/hostedtoolcache/Python/3.11.14/x64/lib/pkgconfig
2026-01-26T01:13:02.5854946Z   Python_ROOT_DIR: /opt/hostedtoolcache/Python/3.11.14/x64
2026-01-26T01:13:02.5855318Z   Python2_ROOT_DIR: /opt/hostedtoolcache/Python/3.11.14/x64
2026-01-26T01:13:02.5855680Z   Python3_ROOT_DIR: /opt/hostedtoolcache/Python/3.11.14/x64
2026-01-26T01:13:02.5856044Z   LD_LIBRARY_PATH: /opt/hostedtoolcache/Python/3.11.14/x64/lib
2026-01-26T01:13:02.5856343Z   DISPLAY: :99
2026-01-26T01:13:02.5856511Z ##[endgroup]
2026-01-26T01:13:02.7985107Z ##[warning]No files were found with the provided path: debug-analysis/. No artifacts will be uploaded.
2026-01-26T01:13:02.8086743Z ##[group]Run echo "::warning::Report generation failed. Check logs for details."
2026-01-26T01:13:02.8087719Z [36;1mecho "::warning::Report generation failed. Check logs for details."[0m
2026-01-26T01:13:02.8088404Z [36;1mif ls *.json 1> /dev/null 2>&1; then[0m
2026-01-26T01:13:02.8089035Z [36;1m  tar -czf debug-data.tar.gz *.json *.log 2>/dev/null || true[0m
2026-01-26T01:13:02.8089596Z [36;1mfi[0m
2026-01-26T01:13:02.8135557Z shell: /usr/bin/bash -e {0}
2026-01-26T01:13:02.8135943Z env:
2026-01-26T01:13:02.8136241Z   PYTHON_VERSION: 3.11
2026-01-26T01:13:02.8136609Z   REPORT_RETENTION_DAYS: 14
2026-01-26T01:13:02.8136979Z   MAX_RETRIES: 3
2026-01-26T01:13:02.8137294Z   REQUEST_TIMEOUT: 30
2026-01-26T01:13:02.8137762Z   pythonLocation: /opt/hostedtoolcache/Python/3.11.14/x64
2026-01-26T01:13:02.8138481Z   PKG_CONFIG_PATH: /opt/hostedtoolcache/Python/3.11.14/x64/lib/pkgconfig
2026-01-26T01:13:02.8139186Z   Python_ROOT_DIR: /opt/hostedtoolcache/Python/3.11.14/x64
2026-01-26T01:13:02.8139871Z   Python2_ROOT_DIR: /opt/hostedtoolcache/Python/3.11.14/x64
2026-01-26T01:13:02.8140512Z   Python3_ROOT_DIR: /opt/hostedtoolcache/Python/3.11.14/x64
2026-01-26T01:13:02.8141168Z   LD_LIBRARY_PATH: /opt/hostedtoolcache/Python/3.11.14/x64/lib
2026-01-26T01:13:02.8141710Z   DISPLAY: :99
2026-01-26T01:13:02.8142315Z ##[endgroup]
2026-01-26T01:13:02.8202859Z ##[warning]Report generation failed. Check logs for details.
2026-01-26T01:13:02.8316207Z ##[group]Run actions/upload-artifact@v4
2026-01-26T01:13:02.8316488Z with:
2026-01-26T01:13:02.8316667Z   name: browser-debug-logs-80
2026-01-26T01:13:02.8316945Z   path: ~/.cache/ms-playwright
~/.cache/camoufox

2026-01-26T01:13:02.8317229Z   retention-days: 14
2026-01-26T01:13:02.8317422Z   if-no-files-found: warn
2026-01-26T01:13:02.8317628Z   compression-level: 6
2026-01-26T01:13:02.8317828Z   overwrite: false
2026-01-26T01:13:02.8318012Z   include-hidden-files: false
2026-01-26T01:13:02.8318219Z env:
2026-01-26T01:13:02.8318378Z   PYTHON_VERSION: 3.11
2026-01-26T01:13:02.8318576Z   REPORT_RETENTION_DAYS: 14
2026-01-26T01:13:02.8318783Z   MAX_RETRIES: 3
2026-01-26T01:13:02.8318960Z   REQUEST_TIMEOUT: 30
2026-01-26T01:13:02.8319209Z   pythonLocation: /opt/hostedtoolcache/Python/3.11.14/x64
2026-01-26T01:13:02.8319611Z   PKG_CONFIG_PATH: /opt/hostedtoolcache/Python/3.11.14/x64/lib/pkgconfig
2026-01-26T01:13:02.8320014Z   Python_ROOT_DIR: /opt/hostedtoolcache/Python/3.11.14/x64
2026-01-26T01:13:02.8320395Z   Python2_ROOT_DIR: /opt/hostedtoolcache/Python/3.11.14/x64
2026-01-26T01:13:02.8320761Z   Python3_ROOT_DIR: /opt/hostedtoolcache/Python/3.11.14/x64
2026-01-26T01:13:02.8321126Z   LD_LIBRARY_PATH: /opt/hostedtoolcache/Python/3.11.14/x64/lib
2026-01-26T01:13:02.8321425Z   DISPLAY: :99
2026-01-26T01:13:02.8321591Z ##[endgroup]
2026-01-26T01:13:03.3785940Z Multiple search paths detected. Calculating the least common ancestor of all paths
2026-01-26T01:13:03.3786808Z The least common ancestor is /home/runner/.cache. This will be the root directory of the artifact
2026-01-26T01:13:03.3787299Z With the provided path, there will be 1833 files uploaded
2026-01-26T01:13:03.3787734Z Artifact name is valid!
2026-01-26T01:13:03.3788037Z Root directory input is valid!
2026-01-26T01:13:03.4813788Z Beginning upload of artifact content to blob storage
2026-01-26T01:13:04.5528344Z Uploaded bytes 8388608
2026-01-26T01:13:05.0531042Z Uploaded bytes 16777216
2026-01-26T01:13:05.5929167Z Uploaded bytes 25165824
2026-01-26T01:13:06.2091758Z Uploaded bytes 33554432
2026-01-26T01:13:06.7738435Z Uploaded bytes 41943040
2026-01-26T01:13:07.4445673Z Uploaded bytes 50331648
2026-01-26T01:13:08.0489250Z Uploaded bytes 58720256
2026-01-26T01:13:08.6139041Z Uploaded bytes 67108864
2026-01-26T01:13:09.2018283Z Uploaded bytes 75497472
2026-01-26T01:13:09.7259987Z Uploaded bytes 83886080
2026-01-26T01:13:10.2964241Z Uploaded bytes 92274688
2026-01-26T01:13:10.8756575Z Uploaded bytes 100663296
2026-01-26T01:13:11.4280461Z Uploaded bytes 109051904
2026-01-26T01:13:12.6767518Z Uploaded bytes 117440512
2026-01-26T01:13:13.6986082Z Uploaded bytes 125829120
2026-01-26T01:13:14.7500365Z Uploaded bytes 134217728
2026-01-26T01:13:15.5121394Z Uploaded bytes 142606336
2026-01-26T01:13:16.1078094Z Uploaded bytes 150994944
2026-01-26T01:13:17.1057328Z Uploaded bytes 159383552
2026-01-26T01:13:18.0825666Z Uploaded bytes 167772160
2026-01-26T01:13:18.9243492Z Uploaded bytes 176160768
2026-01-26T01:13:19.3198681Z Uploaded bytes 184549376
2026-01-26T01:13:19.7875016Z Uploaded bytes 192937984
2026-01-26T01:13:20.3784205Z Uploaded bytes 201326592
2026-01-26T01:13:20.8939885Z Uploaded bytes 209715200
2026-01-26T01:13:21.4338411Z Uploaded bytes 218103808
2026-01-26T01:13:22.0082253Z Uploaded bytes 226492416
2026-01-26T01:13:22.6368860Z Uploaded bytes 234881024
2026-01-26T01:13:23.2277911Z Uploaded bytes 243269632
2026-01-26T01:13:23.7283157Z Uploaded bytes 251658240
2026-01-26T01:13:24.3052273Z Uploaded bytes 260046848
2026-01-26T01:13:25.0719462Z Uploaded bytes 268435456
2026-01-26T01:13:26.2956067Z Uploaded bytes 276824064
2026-01-26T01:13:27.2233988Z Uploaded bytes 285212672
2026-01-26T01:13:27.8657562Z Uploaded bytes 293601280
2026-01-26T01:13:28.8717505Z Uploaded bytes 301989888
2026-01-26T01:13:29.7619400Z Uploaded bytes 310378496
2026-01-26T01:13:30.1891185Z Uploaded bytes 318767104
2026-01-26T01:13:30.5813124Z Uploaded bytes 327155712
2026-01-26T01:13:30.9117104Z Uploaded bytes 335544320
2026-01-26T01:13:31.4405602Z Uploaded bytes 343932928
2026-01-26T01:13:31.6480187Z Uploaded bytes 352321536
2026-01-26T01:13:31.9386939Z Uploaded bytes 360710144
2026-01-26T01:13:32.1944964Z Uploaded bytes 369098752
2026-01-26T01:13:32.4182715Z Uploaded bytes 377487360
2026-01-26T01:13:32.7062900Z Uploaded bytes 385875968
2026-01-26T01:13:32.9967785Z Uploaded bytes 394264576
2026-01-26T01:13:33.3933390Z Uploaded bytes 402653184
2026-01-26T01:13:33.8166913Z Uploaded bytes 411041792
2026-01-26T01:13:34.3577365Z Uploaded bytes 419430400
2026-01-26T01:13:34.8247408Z Uploaded bytes 427819008
2026-01-26T01:13:35.2044495Z Uploaded bytes 436207616
2026-01-26T01:13:35.5459928Z Uploaded bytes 444596224
2026-01-26T01:13:36.0256400Z Uploaded bytes 452984832
2026-01-26T01:13:36.5493791Z Uploaded bytes 461373440
2026-01-26T01:13:36.8861953Z Uploaded bytes 469762048
2026-01-26T01:13:37.2450198Z Uploaded bytes 478150656
2026-01-26T01:13:37.6679339Z Uploaded bytes 486539264
2026-01-26T01:13:38.0280318Z Uploaded bytes 494927872
2026-01-26T01:13:38.3787866Z Uploaded bytes 503316480
2026-01-26T01:13:38.7300675Z Uploaded bytes 511705088
2026-01-26T01:13:39.1465590Z Uploaded bytes 520093696
2026-01-26T01:13:39.6935974Z Uploaded bytes 528482304
2026-01-26T01:13:40.2140975Z Uploaded bytes 536870912
2026-01-26T01:13:40.7080706Z Uploaded bytes 545259520
2026-01-26T01:13:41.2468229Z Uploaded bytes 553648128
2026-01-26T01:13:41.8058695Z Uploaded bytes 562036736
2026-01-26T01:13:42.3096150Z Uploaded bytes 570425344
2026-01-26T01:13:42.8203677Z Uploaded bytes 578813952
2026-01-26T01:13:43.3936849Z Uploaded bytes 587202560
2026-01-26T01:13:43.9100001Z Uploaded bytes 595591168
2026-01-26T01:13:44.4525801Z Uploaded bytes 603979776
2026-01-26T01:13:44.9223879Z Uploaded bytes 612368384
2026-01-26T01:13:45.4143419Z Uploaded bytes 620756992
2026-01-26T01:13:45.9306872Z Uploaded bytes 629145600
2026-01-26T01:13:46.5263605Z Uploaded bytes 637534208
2026-01-26T01:13:47.0548993Z Uploaded bytes 645922816
2026-01-26T01:13:47.5560966Z Uploaded bytes 654311424
2026-01-26T01:13:47.9955544Z Uploaded bytes 662700032
2026-01-26T01:13:48.3953568Z Uploaded bytes 671088640
2026-01-26T01:13:48.8881038Z Uploaded bytes 679477248
2026-01-26T01:13:49.3063340Z Uploaded bytes 687865856
2026-01-26T01:13:49.7510530Z Uploaded bytes 696254464
2026-01-26T01:13:50.1546382Z Uploaded bytes 704643072
2026-01-26T01:13:50.4718177Z Uploaded bytes 713031680
2026-01-26T01:13:50.8176132Z Uploaded bytes 721420288
2026-01-26T01:13:51.1669888Z Uploaded bytes 729808896
2026-01-26T01:13:51.5769728Z Uploaded bytes 738197504
2026-01-26T01:13:51.8431248Z Uploaded bytes 746586112
2026-01-26T01:13:52.1609107Z Uploaded bytes 754974720
2026-01-26T01:13:52.5555406Z Uploaded bytes 763363328
2026-01-26T01:13:52.9639915Z Uploaded bytes 771751936
2026-01-26T01:13:53.5001389Z Uploaded bytes 780140544
2026-01-26T01:13:53.9674269Z Uploaded bytes 788529152
2026-01-26T01:13:54.3510525Z Uploaded bytes 796917760
2026-01-26T01:13:54.8429293Z Uploaded bytes 805306368
2026-01-26T01:13:55.2740381Z Uploaded bytes 813694976
2026-01-26T01:13:55.7566788Z Uploaded bytes 822083584
2026-01-26T01:13:56.2187407Z Uploaded bytes 830472192
2026-01-26T01:13:56.6846913Z Uploaded bytes 838860800
2026-01-26T01:13:57.1662395Z Uploaded bytes 847249408
2026-01-26T01:13:57.6969861Z Uploaded bytes 855638016
2026-01-26T01:13:58.1854328Z Uploaded bytes 864026624
2026-01-26T01:13:58.6134572Z Uploaded bytes 872415232
2026-01-26T01:13:59.1066399Z Uploaded bytes 880803840
2026-01-26T01:13:59.5449661Z Uploaded bytes 889192448
2026-01-26T01:14:00.0035866Z Uploaded bytes 897581056
2026-01-26T01:14:00.4880739Z Uploaded bytes 905969664
2026-01-26T01:14:00.9530310Z Uploaded bytes 914358272
2026-01-26T01:14:01.3901384Z Uploaded bytes 922746880
2026-01-26T01:14:01.8226951Z Uploaded bytes 931135488
2026-01-26T01:14:02.3587286Z Uploaded bytes 939524096
2026-01-26T01:14:02.8396292Z Uploaded bytes 947912704
2026-01-26T01:14:03.4248237Z Uploaded bytes 956301312
2026-01-26T01:14:04.0017879Z Uploaded bytes 964689920
2026-01-26T01:14:04.5979222Z Uploaded bytes 973078528
2026-01-26T01:14:05.2052249Z Uploaded bytes 981467136
2026-01-26T01:14:05.8380627Z Uploaded bytes 989855744
2026-01-26T01:14:06.4636138Z Uploaded bytes 998244352
2026-01-26T01:14:07.1540168Z Uploaded bytes 1006632960
2026-01-26T01:14:07.7313159Z Uploaded bytes 1015021568
2026-01-26T01:14:08.4433364Z Uploaded bytes 1023410176
2026-01-26T01:14:09.1861054Z Uploaded bytes 1031798784
2026-01-26T01:14:09.8181632Z Uploaded bytes 1038114087
2026-01-26T01:14:09.8406894Z Finished uploading artifact content to blob storage!
2026-01-26T01:14:09.8410508Z SHA256 digest of uploaded artifact zip is a99bcfae6436970b140fda5597641fce8a7c8954737b86befe42556529cdfcb9
2026-01-26T01:14:09.8412152Z Finalizing artifact upload
2026-01-26T01:14:09.9612193Z Artifact browser-debug-logs-80.zip successfully finalized. Artifact ID 5251579895
2026-01-26T01:14:09.9613832Z Artifact browser-debug-logs-80 has been successfully uploaded! Final size is 1038114087 bytes. Artifact ID is 5251579895
2026-01-26T01:14:09.9620881Z Artifact download URL: https://github.com/masonj0/fortuna/actions/runs/21343006585/artifacts/5251579895
2026-01-26T01:14:09.9843804Z Post job cleanup.
2026-01-26T01:14:10.0780333Z [command]/usr/bin/git version
2026-01-26T01:14:10.0815793Z git version 2.52.0
2026-01-26T01:14:10.0859582Z Temporarily overriding HOME='/home/runner/work/_temp/4b52f051-3de8-4b3b-861c-8345b1ae2a48' before making global git config changes
2026-01-26T01:14:10.0860865Z Adding repository directory to the temporary git global config as a safe directory
2026-01-26T01:14:10.0867120Z [command]/usr/bin/git config --global --add safe.directory /home/runner/work/fortuna/fortuna
2026-01-26T01:14:10.0903778Z [command]/usr/bin/git config --local --name-only --get-regexp core\.sshCommand
2026-01-26T01:14:10.0936880Z [command]/usr/bin/git submodule foreach --recursive sh -c "git config --local --name-only --get-regexp 'core\.sshCommand' && git config --local --unset-all 'core.sshCommand' || :"
2026-01-26T01:14:10.1172720Z [command]/usr/bin/git config --local --name-only --get-regexp http\.https\:\/\/github\.com\/\.extraheader
2026-01-26T01:14:10.1192871Z http.https://github.com/.extraheader
2026-01-26T01:14:10.1205532Z [command]/usr/bin/git config --local --unset-all http.https://github.com/.extraheader
2026-01-26T01:14:10.1235785Z [command]/usr/bin/git submodule foreach --recursive sh -c "git config --local --name-only --get-regexp 'http\.https\:\/\/github\.com\/\.extraheader' && git config --local --unset-all 'http.https://github.com/.extraheader' || :"
2026-01-26T01:14:10.1458263Z [command]/usr/bin/git config --local --name-only --get-regexp ^includeIf\.gitdir:
2026-01-26T01:14:10.1490584Z [command]/usr/bin/git submodule foreach --recursive git config --local --show-origin --name-only --get-regexp remote.origin.url
2026-01-26T01:14:10.1838644Z Evaluate and set job outputs
2026-01-26T01:14:10.1846078Z Cleaning up orphan processes
