2026-01-25T23:48:36.2403624Z Current runner version: '2.331.0'
2026-01-25T23:48:36.2428476Z ##[group]Runner Image Provisioner
2026-01-25T23:48:36.2429261Z Hosted Compute Agent
2026-01-25T23:48:36.2429807Z Version: 20260115.477
2026-01-25T23:48:36.2430473Z Commit: 4b342d620503cbe250a3154040964899ea7c9b00
2026-01-25T23:48:36.2431191Z Build Date: 2026-01-15T22:32:41Z
2026-01-25T23:48:36.2431803Z Worker ID: {d4419b90-a0ce-44f8-8625-8489cb1d04cf}
2026-01-25T23:48:36.2432543Z Azure Region: westus
2026-01-25T23:48:36.2433078Z ##[endgroup]
2026-01-25T23:48:36.2434407Z ##[group]Operating System
2026-01-25T23:48:36.2435110Z Ubuntu
2026-01-25T23:48:36.2435577Z 24.04.3
2026-01-25T23:48:36.2436024Z LTS
2026-01-25T23:48:36.2436473Z ##[endgroup]
2026-01-25T23:48:36.2436987Z ##[group]Runner Image
2026-01-25T23:48:36.2437721Z Image: ubuntu-24.04
2026-01-25T23:48:36.2438246Z Version: 20260119.4.1
2026-01-25T23:48:36.2439461Z Included Software: https://github.com/actions/runner-images/blob/ubuntu24/20260119.4/images/ubuntu/Ubuntu2404-Readme.md
2026-01-25T23:48:36.2440978Z Image Release: https://github.com/actions/runner-images/releases/tag/ubuntu24%2F20260119.4
2026-01-25T23:48:36.2441838Z ##[endgroup]
2026-01-25T23:48:36.2442896Z ##[group]GITHUB_TOKEN Permissions
2026-01-25T23:48:36.2444785Z Actions: write
2026-01-25T23:48:36.2445331Z Contents: read
2026-01-25T23:48:36.2445778Z Metadata: read
2026-01-25T23:48:36.2446368Z ##[endgroup]
2026-01-25T23:48:36.2448859Z Secret source: Actions
2026-01-25T23:48:36.2449577Z Prepare workflow directory
2026-01-25T23:48:36.2903491Z Prepare all required actions
2026-01-25T23:48:36.2941322Z Getting action download info
2026-01-25T23:48:36.7421271Z Download action repository 'actions/checkout@v4' (SHA:34e114876b0b11c390a56381ad16ebd13914f8d5)
2026-01-25T23:48:36.8620112Z Download action repository 'actions/setup-python@v5' (SHA:a26af69be951a213d495a4c3e4e4022e16d87065)
2026-01-25T23:48:36.9442223Z Download action repository 'actions/cache@v4' (SHA:0057852bfaa89a56745cba8c7296529d2fc39830)
2026-01-25T23:48:37.0439882Z Download action repository 'actions/upload-artifact@v4' (SHA:ea165f8d65b6e75b540449e92b4886f43607fa02)
2026-01-25T23:48:37.3137674Z Complete job name: generate-unified-report
2026-01-25T23:48:37.4063319Z ##[group]Run actions/checkout@v4
2026-01-25T23:48:37.4064648Z with:
2026-01-25T23:48:37.4065363Z   fetch-depth: 1
2026-01-25T23:48:37.4066172Z   repository: masonj0/fortuna
2026-01-25T23:48:37.4067582Z   token: ***
2026-01-25T23:48:37.4068324Z   ssh-strict: true
2026-01-25T23:48:37.4069081Z   ssh-user: git
2026-01-25T23:48:37.4069861Z   persist-credentials: true
2026-01-25T23:48:37.4070742Z   clean: true
2026-01-25T23:48:37.4071550Z   sparse-checkout-cone-mode: true
2026-01-25T23:48:37.4072523Z   fetch-tags: false
2026-01-25T23:48:37.4073308Z   show-progress: true
2026-01-25T23:48:37.4074104Z   lfs: false
2026-01-25T23:48:37.4074817Z   submodules: false
2026-01-25T23:48:37.4075625Z   set-safe-directory: true
2026-01-25T23:48:37.4076727Z env:
2026-01-25T23:48:37.4077567Z   PYTHON_VERSION: 3.11
2026-01-25T23:48:37.4078444Z   REPORT_RETENTION_DAYS: 14
2026-01-25T23:48:37.4079316Z   MAX_RETRIES: 3
2026-01-25T23:48:37.4080082Z   REQUEST_TIMEOUT: 30
2026-01-25T23:48:37.4080924Z ##[endgroup]
2026-01-25T23:48:37.5194988Z Syncing repository: masonj0/fortuna
2026-01-25T23:48:37.5197760Z ##[group]Getting Git version info
2026-01-25T23:48:37.5199026Z Working directory is '/home/runner/work/fortuna/fortuna'
2026-01-25T23:48:37.5200839Z [command]/usr/bin/git version
2026-01-25T23:48:37.5344545Z git version 2.52.0
2026-01-25T23:48:37.5371951Z ##[endgroup]
2026-01-25T23:48:37.5395412Z Temporarily overriding HOME='/home/runner/work/_temp/c91930f8-ff84-40e9-9ff8-20d8bc3e6a11' before making global git config changes
2026-01-25T23:48:37.5398375Z Adding repository directory to the temporary git global config as a safe directory
2026-01-25T23:48:37.5400987Z [command]/usr/bin/git config --global --add safe.directory /home/runner/work/fortuna/fortuna
2026-01-25T23:48:37.5455993Z Deleting the contents of '/home/runner/work/fortuna/fortuna'
2026-01-25T23:48:37.5460158Z ##[group]Initializing the repository
2026-01-25T23:48:37.5464153Z [command]/usr/bin/git init /home/runner/work/fortuna/fortuna
2026-01-25T23:48:37.5635044Z hint: Using 'master' as the name for the initial branch. This default branch name
2026-01-25T23:48:37.5637087Z hint: will change to "main" in Git 3.0. To configure the initial branch name
2026-01-25T23:48:37.5639670Z hint: to use in all of your new repositories, which will suppress this warning,
2026-01-25T23:48:37.5641060Z hint: call:
2026-01-25T23:48:37.5641735Z hint:
2026-01-25T23:48:37.5642644Z hint: 	git config --global init.defaultBranch <name>
2026-01-25T23:48:37.5643759Z hint:
2026-01-25T23:48:37.5645017Z hint: Names commonly chosen instead of 'master' are 'main', 'trunk' and
2026-01-25T23:48:37.5646832Z hint: 'development'. The just-created branch can be renamed via this command:
2026-01-25T23:48:37.5648531Z hint:
2026-01-25T23:48:37.5649259Z hint: 	git branch -m <name>
2026-01-25T23:48:37.5650087Z hint:
2026-01-25T23:48:37.5651590Z hint: Disable this message with "git config set advice.defaultBranchName false"
2026-01-25T23:48:37.5653549Z Initialized empty Git repository in /home/runner/work/fortuna/fortuna/.git/
2026-01-25T23:48:37.5656608Z [command]/usr/bin/git remote add origin https://github.com/masonj0/fortuna
2026-01-25T23:48:37.5693146Z ##[endgroup]
2026-01-25T23:48:37.5695454Z ##[group]Disabling automatic garbage collection
2026-01-25T23:48:37.5697895Z [command]/usr/bin/git config --local gc.auto 0
2026-01-25T23:48:37.5729100Z ##[endgroup]
2026-01-25T23:48:37.5731326Z ##[group]Setting up auth
2026-01-25T23:48:37.5737147Z [command]/usr/bin/git config --local --name-only --get-regexp core\.sshCommand
2026-01-25T23:48:37.5770914Z [command]/usr/bin/git submodule foreach --recursive sh -c "git config --local --name-only --get-regexp 'core\.sshCommand' && git config --local --unset-all 'core.sshCommand' || :"
2026-01-25T23:48:37.6158286Z [command]/usr/bin/git config --local --name-only --get-regexp http\.https\:\/\/github\.com\/\.extraheader
2026-01-25T23:48:37.6189284Z [command]/usr/bin/git submodule foreach --recursive sh -c "git config --local --name-only --get-regexp 'http\.https\:\/\/github\.com\/\.extraheader' && git config --local --unset-all 'http.https://github.com/.extraheader' || :"
2026-01-25T23:48:37.6411155Z [command]/usr/bin/git config --local --name-only --get-regexp ^includeIf\.gitdir:
2026-01-25T23:48:37.6444547Z [command]/usr/bin/git submodule foreach --recursive git config --local --show-origin --name-only --get-regexp remote.origin.url
2026-01-25T23:48:37.6672999Z [command]/usr/bin/git config --local http.https://github.com/.extraheader AUTHORIZATION: basic ***
2026-01-25T23:48:37.6706574Z ##[endgroup]
2026-01-25T23:48:37.6708324Z ##[group]Fetching the repository
2026-01-25T23:48:37.6717901Z [command]/usr/bin/git -c protocol.version=2 fetch --no-tags --prune --no-recurse-submodules --depth=1 origin +69243d39986493bd1414d24ddd36f9278f654bd0:refs/remotes/origin/main
2026-01-25T23:48:38.2343543Z From https://github.com/masonj0/fortuna
2026-01-25T23:48:38.2344206Z  * [new ref]         69243d39986493bd1414d24ddd36f9278f654bd0 -> origin/main
2026-01-25T23:48:38.2376753Z ##[endgroup]
2026-01-25T23:48:38.2377866Z ##[group]Determining the checkout info
2026-01-25T23:48:38.2379363Z ##[endgroup]
2026-01-25T23:48:38.2384909Z [command]/usr/bin/git sparse-checkout disable
2026-01-25T23:48:38.2428227Z [command]/usr/bin/git config --local --unset-all extensions.worktreeConfig
2026-01-25T23:48:38.2454057Z ##[group]Checking out the ref
2026-01-25T23:48:38.2458481Z [command]/usr/bin/git checkout --progress --force -B main refs/remotes/origin/main
2026-01-25T23:48:38.2879496Z Switched to a new branch 'main'
2026-01-25T23:48:38.2880658Z branch 'main' set up to track 'origin/main'.
2026-01-25T23:48:38.2889558Z ##[endgroup]
2026-01-25T23:48:38.2928256Z [command]/usr/bin/git log -1 --format=%H
2026-01-25T23:48:38.2952269Z 69243d39986493bd1414d24ddd36f9278f654bd0
2026-01-25T23:48:38.3261922Z ##[group]Run actions/setup-python@v5
2026-01-25T23:48:38.3262556Z with:
2026-01-25T23:48:38.3262787Z   python-version: 3.11
2026-01-25T23:48:38.3263048Z   cache: pip
2026-01-25T23:48:38.3263370Z   cache-dependency-path: web_service/backend/requirements.txt
2026-01-25T23:48:38.3263757Z   check-latest: false
2026-01-25T23:48:38.3264144Z   token: ***
2026-01-25T23:48:38.3264378Z   update-environment: true
2026-01-25T23:48:38.3264657Z   allow-prereleases: false
2026-01-25T23:48:38.3264913Z   freethreaded: false
2026-01-25T23:48:38.3265148Z env:
2026-01-25T23:48:38.3265352Z   PYTHON_VERSION: 3.11
2026-01-25T23:48:38.3265607Z   REPORT_RETENTION_DAYS: 14
2026-01-25T23:48:38.3265857Z   MAX_RETRIES: 3
2026-01-25T23:48:38.3266087Z   REQUEST_TIMEOUT: 30
2026-01-25T23:48:38.3266318Z ##[endgroup]
2026-01-25T23:48:38.4991217Z ##[group]Installed versions
2026-01-25T23:48:38.5108882Z Successfully set up CPython (3.11.14)
2026-01-25T23:48:38.5116091Z ##[endgroup]
2026-01-25T23:48:38.5439825Z [command]/opt/hostedtoolcache/Python/3.11.14/x64/bin/pip cache dir
2026-01-25T23:48:38.9188405Z /home/runner/.cache/pip
2026-01-25T23:48:39.2009460Z Cache hit for: setup-python-Linux-x64-24.04-Ubuntu-python-3.11.14-pip-441c17a2eae76b2d059373205ef4c80a0a75402b42646fe4a3bf390ea88943f2
2026-01-25T23:48:40.5028927Z Received 0 of 474921379 (0.0%), 0.0 MBs/sec
2026-01-25T23:48:41.5070088Z Received 125829120 of 474921379 (26.5%), 60.0 MBs/sec
2026-01-25T23:48:42.5046389Z Received 251658240 of 474921379 (53.0%), 79.9 MBs/sec
2026-01-25T23:48:43.5048913Z Received 331350016 of 474921379 (69.8%), 79.0 MBs/sec
2026-01-25T23:48:44.5065199Z Received 440401920 of 474921379 (92.7%), 83.9 MBs/sec
2026-01-25T23:48:44.7341089Z Received 474921379 of 474921379 (100.0%), 86.6 MBs/sec
2026-01-25T23:48:44.7343302Z Cache Size: ~453 MB (474921379 B)
2026-01-25T23:48:44.7381186Z [command]/usr/bin/tar -xf /home/runner/work/_temp/d3d5d12a-c670-40c6-bfa5-0878983c6c74/cache.tzst -P -C /home/runner/work/fortuna/fortuna --use-compress-program unzstd
2026-01-25T23:48:45.4653996Z Cache restored successfully
2026-01-25T23:48:45.5562792Z Cache restored from key: setup-python-Linux-x64-24.04-Ubuntu-python-3.11.14-pip-9b33d885a72e4a79c39d67e0d38fd2891ce0392a75a496cd6973c98dee5ac231
2026-01-25T23:48:45.5740894Z ##[group]Run sudo apt-get update
2026-01-25T23:48:45.5741269Z [36;1msudo apt-get update[0m
2026-01-25T23:48:45.5741631Z [36;1msudo apt-get install -y --no-install-recommends xvfb xauth[0m
2026-01-25T23:48:45.5781623Z shell: /usr/bin/bash -e {0}
2026-01-25T23:48:45.5781916Z env:
2026-01-25T23:48:45.5782099Z   PYTHON_VERSION: 3.11
2026-01-25T23:48:45.5782325Z   REPORT_RETENTION_DAYS: 14
2026-01-25T23:48:45.5782546Z   MAX_RETRIES: 3
2026-01-25T23:48:45.5782738Z   REQUEST_TIMEOUT: 30
2026-01-25T23:48:45.5783023Z   pythonLocation: /opt/hostedtoolcache/Python/3.11.14/x64
2026-01-25T23:48:45.5783463Z   PKG_CONFIG_PATH: /opt/hostedtoolcache/Python/3.11.14/x64/lib/pkgconfig
2026-01-25T23:48:45.5783881Z   Python_ROOT_DIR: /opt/hostedtoolcache/Python/3.11.14/x64
2026-01-25T23:48:45.5784238Z   Python2_ROOT_DIR: /opt/hostedtoolcache/Python/3.11.14/x64
2026-01-25T23:48:45.5784687Z   Python3_ROOT_DIR: /opt/hostedtoolcache/Python/3.11.14/x64
2026-01-25T23:48:45.5785108Z   LD_LIBRARY_PATH: /opt/hostedtoolcache/Python/3.11.14/x64/lib
2026-01-25T23:48:45.5785423Z ##[endgroup]
2026-01-25T23:48:45.6648558Z Get:1 file:/etc/apt/apt-mirrors.txt Mirrorlist [144 B]
2026-01-25T23:48:45.6944753Z Hit:2 http://azure.archive.ubuntu.com/ubuntu noble InRelease
2026-01-25T23:48:45.6959065Z Hit:6 https://packages.microsoft.com/repos/azure-cli noble InRelease
2026-01-25T23:48:45.6965203Z Get:7 https://packages.microsoft.com/ubuntu/24.04/prod noble InRelease [3600 B]
2026-01-25T23:48:45.6970053Z Get:3 http://azure.archive.ubuntu.com/ubuntu noble-updates InRelease [126 kB]
2026-01-25T23:48:45.7014654Z Get:4 http://azure.archive.ubuntu.com/ubuntu noble-backports InRelease [126 kB]
2026-01-25T23:48:45.7068939Z Get:5 http://azure.archive.ubuntu.com/ubuntu noble-security InRelease [126 kB]
2026-01-25T23:48:45.8879785Z Get:8 https://packages.microsoft.com/ubuntu/24.04/prod noble/main amd64 Packages [85.3 kB]
2026-01-25T23:48:45.9008662Z Get:9 https://packages.microsoft.com/ubuntu/24.04/prod noble/main all Packages [650 B]
2026-01-25T23:48:45.9033616Z Get:10 https://packages.microsoft.com/ubuntu/24.04/prod noble/main armhf Packages [12.3 kB]
2026-01-25T23:48:45.9382280Z Get:11 http://azure.archive.ubuntu.com/ubuntu noble-updates/main amd64 Packages [1699 kB]
2026-01-25T23:48:45.9513748Z Get:12 http://azure.archive.ubuntu.com/ubuntu noble-updates/main Translation-en [314 kB]
2026-01-25T23:48:45.9539968Z Get:13 http://azure.archive.ubuntu.com/ubuntu noble-updates/main amd64 Components [175 kB]
2026-01-25T23:48:45.9558031Z Get:14 http://azure.archive.ubuntu.com/ubuntu noble-updates/main amd64 c-n-f Metadata [16.0 kB]
2026-01-25T23:48:45.9573189Z Get:15 http://azure.archive.ubuntu.com/ubuntu noble-updates/universe amd64 Packages [1519 kB]
2026-01-25T23:48:45.9597395Z Get:27 https://packages.microsoft.com/ubuntu/24.04/prod noble/main arm64 Packages [66.2 kB]
2026-01-25T23:48:45.9658073Z Get:16 http://azure.archive.ubuntu.com/ubuntu noble-updates/universe Translation-en [310 kB]
2026-01-25T23:48:45.9686918Z Get:17 http://azure.archive.ubuntu.com/ubuntu noble-updates/universe amd64 Components [386 kB]
2026-01-25T23:48:45.9722061Z Get:18 http://azure.archive.ubuntu.com/ubuntu noble-updates/universe amd64 c-n-f Metadata [31.6 kB]
2026-01-25T23:48:45.9730778Z Get:19 http://azure.archive.ubuntu.com/ubuntu noble-updates/restricted amd64 Packages [2498 kB]
2026-01-25T23:48:45.9860338Z Get:20 http://azure.archive.ubuntu.com/ubuntu noble-updates/restricted Translation-en [573 kB]
2026-01-25T23:48:46.0354994Z Get:21 http://azure.archive.ubuntu.com/ubuntu noble-updates/restricted amd64 Components [212 B]
2026-01-25T23:48:46.0365558Z Get:22 http://azure.archive.ubuntu.com/ubuntu noble-updates/restricted amd64 c-n-f Metadata [512 B]
2026-01-25T23:48:46.0378383Z Get:23 http://azure.archive.ubuntu.com/ubuntu noble-updates/multiverse amd64 Packages [42.9 kB]
2026-01-25T23:48:46.0388588Z Get:24 http://azure.archive.ubuntu.com/ubuntu noble-updates/multiverse Translation-en [8340 B]
2026-01-25T23:48:46.0399709Z Get:25 http://azure.archive.ubuntu.com/ubuntu noble-updates/multiverse amd64 Components [940 B]
2026-01-25T23:48:46.0411365Z Get:26 http://azure.archive.ubuntu.com/ubuntu noble-updates/multiverse amd64 c-n-f Metadata [652 B]
2026-01-25T23:48:46.0423223Z Get:28 http://azure.archive.ubuntu.com/ubuntu noble-backports/main amd64 Components [7300 B]
2026-01-25T23:48:46.0433721Z Get:29 http://azure.archive.ubuntu.com/ubuntu noble-backports/universe amd64 Components [10.5 kB]
2026-01-25T23:48:46.0444114Z Get:30 http://azure.archive.ubuntu.com/ubuntu noble-backports/restricted amd64 Components [216 B]
2026-01-25T23:48:46.0455552Z Get:31 http://azure.archive.ubuntu.com/ubuntu noble-backports/multiverse amd64 Components [212 B]
2026-01-25T23:48:46.0542856Z Get:32 http://azure.archive.ubuntu.com/ubuntu noble-security/main amd64 Packages [1409 kB]
2026-01-25T23:48:46.0646103Z Get:33 http://azure.archive.ubuntu.com/ubuntu noble-security/main Translation-en [229 kB]
2026-01-25T23:48:46.0669583Z Get:34 http://azure.archive.ubuntu.com/ubuntu noble-security/main amd64 Components [21.5 kB]
2026-01-25T23:48:46.0681304Z Get:35 http://azure.archive.ubuntu.com/ubuntu noble-security/main amd64 c-n-f Metadata [9800 B]
2026-01-25T23:48:46.1113699Z Get:36 http://azure.archive.ubuntu.com/ubuntu noble-security/universe amd64 Packages [924 kB]
2026-01-25T23:48:46.1170529Z Get:37 http://azure.archive.ubuntu.com/ubuntu noble-security/universe Translation-en [209 kB]
2026-01-25T23:48:46.1193703Z Get:38 http://azure.archive.ubuntu.com/ubuntu noble-security/universe amd64 Components [74.2 kB]
2026-01-25T23:48:46.1208935Z Get:39 http://azure.archive.ubuntu.com/ubuntu noble-security/universe amd64 c-n-f Metadata [19.7 kB]
2026-01-25T23:48:46.1221659Z Get:40 http://azure.archive.ubuntu.com/ubuntu noble-security/restricted amd64 Components [212 B]
2026-01-25T23:48:46.1232763Z Get:41 http://azure.archive.ubuntu.com/ubuntu noble-security/multiverse amd64 Packages [28.0 kB]
2026-01-25T23:48:46.1243221Z Get:42 http://azure.archive.ubuntu.com/ubuntu noble-security/multiverse Translation-en [6472 B]
2026-01-25T23:48:46.1253496Z Get:43 http://azure.archive.ubuntu.com/ubuntu noble-security/multiverse amd64 Components [212 B]
2026-01-25T23:48:55.6697169Z Fetched 11.1 MB in 1s (7927 kB/s)
2026-01-25T23:48:56.5209517Z Reading package lists...
2026-01-25T23:48:56.5537450Z Reading package lists...
2026-01-25T23:48:56.7851655Z Building dependency tree...
2026-01-25T23:48:56.7859443Z Reading state information...
2026-01-25T23:48:57.0780281Z xvfb is already the newest version (2:21.1.12-1ubuntu1.5).
2026-01-25T23:48:57.0780735Z xauth is already the newest version (1:1.1.2-1build1).
2026-01-25T23:48:57.0781213Z xauth set to manually installed.
2026-01-25T23:48:57.0781533Z 0 upgraded, 0 newly installed, 0 to remove and 67 not upgraded.
2026-01-25T23:48:57.0832417Z ##[group]Run python -m pip install --upgrade pip wheel setuptools
2026-01-25T23:48:57.0832911Z [36;1mpython -m pip install --upgrade pip wheel setuptools[0m
2026-01-25T23:48:57.0833326Z [36;1mpip install -r web_service/backend/requirements.txt[0m
2026-01-25T23:48:57.0867159Z shell: /usr/bin/bash -e {0}
2026-01-25T23:48:57.0867621Z env:
2026-01-25T23:48:57.0867812Z   PYTHON_VERSION: 3.11
2026-01-25T23:48:57.0868039Z   REPORT_RETENTION_DAYS: 14
2026-01-25T23:48:57.0868254Z   MAX_RETRIES: 3
2026-01-25T23:48:57.0868440Z   REQUEST_TIMEOUT: 30
2026-01-25T23:48:57.0868707Z   pythonLocation: /opt/hostedtoolcache/Python/3.11.14/x64
2026-01-25T23:48:57.0869139Z   PKG_CONFIG_PATH: /opt/hostedtoolcache/Python/3.11.14/x64/lib/pkgconfig
2026-01-25T23:48:57.0869554Z   Python_ROOT_DIR: /opt/hostedtoolcache/Python/3.11.14/x64
2026-01-25T23:48:57.0869923Z   Python2_ROOT_DIR: /opt/hostedtoolcache/Python/3.11.14/x64
2026-01-25T23:48:57.0870345Z   Python3_ROOT_DIR: /opt/hostedtoolcache/Python/3.11.14/x64
2026-01-25T23:48:57.0870707Z   LD_LIBRARY_PATH: /opt/hostedtoolcache/Python/3.11.14/x64/lib
2026-01-25T23:48:57.0871027Z ##[endgroup]
2026-01-25T23:48:57.7078670Z Requirement already satisfied: pip in /opt/hostedtoolcache/Python/3.11.14/x64/lib/python3.11/site-packages (25.3)
2026-01-25T23:48:57.8197706Z Collecting wheel
2026-01-25T23:48:57.8779416Z   Downloading wheel-0.46.3-py3-none-any.whl.metadata (2.4 kB)
2026-01-25T23:48:57.8825442Z Requirement already satisfied: setuptools in /opt/hostedtoolcache/Python/3.11.14/x64/lib/python3.11/site-packages (79.0.1)
2026-01-25T23:48:58.0259837Z Collecting setuptools
2026-01-25T23:48:58.0305526Z   Downloading setuptools-80.10.2-py3-none-any.whl.metadata (6.6 kB)
2026-01-25T23:48:58.0630842Z Collecting packaging>=24.0 (from wheel)
2026-01-25T23:48:58.0665792Z   Downloading packaging-26.0-py3-none-any.whl.metadata (3.3 kB)
2026-01-25T23:48:58.0753104Z Downloading wheel-0.46.3-py3-none-any.whl (30 kB)
2026-01-25T23:48:58.0876037Z Downloading setuptools-80.10.2-py3-none-any.whl (1.1 MB)
2026-01-25T23:48:58.1156558Z    ━━━━━━━━━━━━━━━━━━━━━━━━━━━━━━━━━━━━━━━━ 1.1/1.1 MB 99.1 MB/s  0:00:00
2026-01-25T23:48:58.1190399Z Downloading packaging-26.0-py3-none-any.whl (74 kB)
2026-01-25T23:48:58.1413167Z Installing collected packages: setuptools, packaging, wheel
2026-01-25T23:48:58.1418181Z   Attempting uninstall: setuptools
2026-01-25T23:48:58.1433544Z     Found existing installation: setuptools 79.0.1
2026-01-25T23:48:58.2911670Z     Uninstalling setuptools-79.0.1:
2026-01-25T23:48:58.3280836Z       Successfully uninstalled setuptools-79.0.1
2026-01-25T23:48:59.0312584Z
2026-01-25T23:48:59.0322256Z Successfully installed packaging-26.0 setuptools-80.10.2 wheel-0.46.3
2026-01-25T23:48:59.5496264Z Collecting fastapi==0.104.1 (from -r web_service/backend/requirements.txt (line 11))
2026-01-25T23:48:59.5512262Z   Using cached fastapi-0.104.1-py3-none-any.whl.metadata (24 kB)
2026-01-25T23:48:59.5775147Z Collecting uvicorn==0.24.0 (from uvicorn[standard]==0.24.0->-r web_service/backend/requirements.txt (line 12))
2026-01-25T23:48:59.5792254Z   Using cached uvicorn-0.24.0-py3-none-any.whl.metadata (6.4 kB)
2026-01-25T23:48:59.6053387Z Collecting starlette==0.27.0 (from -r web_service/backend/requirements.txt (line 13))
2026-01-25T23:48:59.6070110Z   Using cached starlette-0.27.0-py3-none-any.whl.metadata (5.8 kB)
2026-01-25T23:48:59.7165489Z Collecting pydantic==2.5.0 (from -r web_service/backend/requirements.txt (line 14))
2026-01-25T23:48:59.7183144Z   Using cached pydantic-2.5.0-py3-none-any.whl.metadata (174 kB)
2026-01-25T23:49:00.3470131Z Collecting pydantic-core==2.14.1 (from -r web_service/backend/requirements.txt (line 15))
2026-01-25T23:49:00.3487142Z   Using cached pydantic_core-2.14.1-cp311-cp311-manylinux_2_17_x86_64.manylinux2014_x86_64.whl.metadata (6.5 kB)
2026-01-25T23:49:00.3635534Z Collecting pydantic-settings==2.1.0 (from -r web_service/backend/requirements.txt (line 16))
2026-01-25T23:49:00.3651748Z   Using cached pydantic_settings-2.1.0-py3-none-any.whl.metadata (2.9 kB)
2026-01-25T23:49:00.3820173Z Collecting anyio==3.7.1 (from -r web_service/backend/requirements.txt (line 19))
2026-01-25T23:49:00.3835789Z   Using cached anyio-3.7.1-py3-none-any.whl.metadata (4.7 kB)
2026-01-25T23:49:00.4085278Z Collecting h11==0.14.0 (from -r web_service/backend/requirements.txt (line 20))
2026-01-25T23:49:00.4101200Z   Using cached h11-0.14.0-py3-none-any.whl.metadata (8.2 kB)
2026-01-25T23:49:00.4232401Z Collecting h2==4.1.0 (from -r web_service/backend/requirements.txt (line 21))
2026-01-25T23:49:00.4246792Z   Using cached h2-4.1.0-py3-none-any.whl.metadata (3.6 kB)
2026-01-25T23:49:00.4344444Z Collecting hpack==4.0.0 (from -r web_service/backend/requirements.txt (line 22))
2026-01-25T23:49:00.4358537Z   Using cached hpack-4.0.0-py3-none-any.whl.metadata (2.5 kB)
2026-01-25T23:49:00.4823631Z Collecting httpcore==1.0.2 (from -r web_service/backend/requirements.txt (line 23))
2026-01-25T23:49:00.4838180Z   Using cached httpcore-1.0.2-py3-none-any.whl.metadata (20 kB)
2026-01-25T23:49:00.5156257Z Collecting httptools==0.6.1 (from -r web_service/backend/requirements.txt (line 24))
2026-01-25T23:49:00.5172692Z   Using cached httptools-0.6.1-cp311-cp311-manylinux_2_5_x86_64.manylinux1_x86_64.manylinux_2_17_x86_64.manylinux2014_x86_64.whl.metadata (3.6 kB)
2026-01-25T23:49:00.5343915Z Collecting httpx==0.25.2 (from -r web_service/backend/requirements.txt (line 25))
2026-01-25T23:49:00.5358844Z   Using cached httpx-0.25.2-py3-none-any.whl.metadata (6.9 kB)
2026-01-25T23:49:00.5470254Z Collecting hyperframe==6.1.0 (from -r web_service/backend/requirements.txt (line 26))
2026-01-25T23:49:00.5484518Z   Using cached hyperframe-6.1.0-py3-none-any.whl.metadata (4.3 kB)
2026-01-25T23:49:00.6307815Z Collecting websockets==12.0 (from -r web_service/backend/requirements.txt (line 27))
2026-01-25T23:49:00.6323142Z   Using cached websockets-12.0-cp311-cp311-manylinux_2_5_x86_64.manylinux1_x86_64.manylinux_2_17_x86_64.manylinux2014_x86_64.whl.metadata (6.6 kB)
2026-01-25T23:49:00.6419020Z Collecting wsproto==1.2.0 (from -r web_service/backend/requirements.txt (line 28))
2026-01-25T23:49:00.6432291Z   Using cached wsproto-1.2.0-py3-none-any.whl.metadata (5.6 kB)
2026-01-25T23:49:00.6662901Z Collecting requests==2.31.0 (from -r web_service/backend/requirements.txt (line 31))
2026-01-25T23:49:00.6677341Z   Using cached requests-2.31.0-py3-none-any.whl.metadata (4.6 kB)
2026-01-25T23:49:00.6893478Z Collecting urllib3==2.1.0 (from -r web_service/backend/requirements.txt (line 32))
2026-01-25T23:49:00.6908208Z   Using cached urllib3-2.1.0-py3-none-any.whl.metadata (6.4 kB)
2026-01-25T23:49:00.7074699Z Collecting certifi>=2024.2.2 (from -r web_service/backend/requirements.txt (line 33))
2026-01-25T23:49:00.7630960Z   Downloading certifi-2026.1.4-py3-none-any.whl.metadata (2.5 kB)
2026-01-25T23:49:00.8483612Z Collecting charset-normalizer==3.3.2 (from -r web_service/backend/requirements.txt (line 34))
2026-01-25T23:49:00.8499428Z   Using cached charset_normalizer-3.3.2-cp311-cp311-manylinux_2_17_x86_64.manylinux2014_x86_64.whl.metadata (33 kB)
2026-01-25T23:49:00.9424747Z Collecting idna==3.6 (from -r web_service/backend/requirements.txt (line 35))
2026-01-25T23:49:00.9439145Z   Using cached idna-3.6-py3-none-any.whl.metadata (9.9 kB)
2026-01-25T23:49:01.2996635Z Collecting sqlalchemy==2.0.23 (from -r web_service/backend/requirements.txt (line 38))
2026-01-25T23:49:01.3012975Z   Using cached SQLAlchemy-2.0.23-cp311-cp311-manylinux_2_17_x86_64.manylinux2014_x86_64.whl.metadata (9.6 kB)
2026-01-25T23:49:01.4670253Z Collecting greenlet>=3.1.1 (from -r web_service/backend/requirements.txt (line 39))
2026-01-25T23:49:01.4708693Z   Downloading greenlet-3.3.1-cp311-cp311-manylinux_2_24_x86_64.manylinux_2_28_x86_64.whl.metadata (3.7 kB)
2026-01-25T23:49:01.5436852Z Collecting aiosqlite==0.19.0 (from -r web_service/backend/requirements.txt (line 40))
2026-01-25T23:49:01.5451528Z   Using cached aiosqlite-0.19.0-py3-none-any.whl.metadata (4.3 kB)
2026-01-25T23:49:01.7028543Z Collecting psycopg2-binary==2.9.9 (from -r web_service/backend/requirements.txt (line 41))
2026-01-25T23:49:01.7043194Z   Using cached psycopg2_binary-2.9.9-cp311-cp311-manylinux_2_17_x86_64.manylinux2014_x86_64.whl.metadata (4.4 kB)
2026-01-25T23:49:02.0034022Z Collecting numpy==1.24.3 (from -r web_service/backend/requirements.txt (line 44))
2026-01-25T23:49:02.0049907Z   Using cached numpy-1.24.3-cp311-cp311-manylinux_2_17_x86_64.manylinux2014_x86_64.whl.metadata (5.6 kB)
2026-01-25T23:49:02.1160092Z Collecting pandas==2.0.3 (from -r web_service/backend/requirements.txt (line 45))
2026-01-25T23:49:02.1175882Z   Using cached pandas-2.0.3-cp311-cp311-manylinux_2_17_x86_64.manylinux2014_x86_64.whl.metadata (18 kB)
2026-01-25T23:49:02.1436404Z Collecting python-dateutil==2.8.2 (from -r web_service/backend/requirements.txt (line 46))
2026-01-25T23:49:02.1451286Z   Using cached python_dateutil-2.8.2-py2.py3-none-any.whl.metadata (8.2 kB)
2026-01-25T23:49:02.1786231Z Collecting pytz==2023.3.post1 (from -r web_service/backend/requirements.txt (line 47))
2026-01-25T23:49:02.1803119Z   Using cached pytz-2023.3.post1-py2.py3-none-any.whl.metadata (22 kB)
2026-01-25T23:49:02.1932257Z Collecting tzdata==2023.3 (from -r web_service/backend/requirements.txt (line 48))
2026-01-25T23:49:02.1947080Z   Using cached tzdata-2023.3-py2.py3-none-any.whl.metadata (1.4 kB)
2026-01-25T23:49:02.2058854Z Collecting six==1.16.0 (from -r web_service/backend/requirements.txt (line 49))
2026-01-25T23:49:02.2073530Z   Using cached six-1.16.0-py2.py3-none-any.whl.metadata (1.8 kB)
2026-01-25T23:49:02.2228985Z Collecting beautifulsoup4==4.12.2 (from -r web_service/backend/requirements.txt (line 52))
2026-01-25T23:49:02.2245683Z   Using cached beautifulsoup4-4.12.2-py3-none-any.whl.metadata (3.6 kB)
2026-01-25T23:49:02.2395368Z Collecting soupsieve==2.5 (from -r web_service/backend/requirements.txt (line 53))
2026-01-25T23:49:02.2410891Z   Using cached soupsieve-2.5-py3-none-any.whl.metadata (4.7 kB)
2026-01-25T23:49:02.3583930Z Collecting selectolax==0.3.20 (from -r web_service/backend/requirements.txt (line 54))
2026-01-25T23:49:02.3601171Z   Using cached selectolax-0.3.20-cp311-cp311-manylinux_2_17_x86_64.manylinux2014_x86_64.whl.metadata (5.6 kB)
2026-01-25T23:49:02.3849757Z Collecting scrapling>=0.3.7 (from scrapling[fetchers]>=0.3.7->-r web_service/backend/requirements.txt (line 55))
2026-01-25T23:49:02.4525465Z   Downloading scrapling-0.3.14-py3-none-any.whl.metadata (23 kB)
2026-01-25T23:49:02.4793571Z Collecting click>=8.3.0 (from -r web_service/backend/requirements.txt (line 58))
2026-01-25T23:49:02.4831267Z   Downloading click-8.3.1-py3-none-any.whl.metadata (2.6 kB)
2026-01-25T23:49:02.4988534Z Collecting python-dotenv==1.0.0 (from -r web_service/backend/requirements.txt (line 59))
2026-01-25T23:49:02.5003428Z   Using cached python_dotenv-1.0.0-py3-none-any.whl.metadata (21 kB)
2026-01-25T23:49:02.5370472Z Collecting pyyaml==6.0.1 (from -r web_service/backend/requirements.txt (line 60))
2026-01-25T23:49:02.5386718Z   Using cached PyYAML-6.0.1-cp311-cp311-manylinux_2_17_x86_64.manylinux2014_x86_64.whl.metadata (2.1 kB)
2026-01-25T23:49:02.7699601Z Collecting cryptography==41.0.7 (from -r web_service/backend/requirements.txt (line 63))
2026-01-25T23:49:02.7714605Z   Using cached cryptography-41.0.7-cp37-abi3-manylinux_2_28_x86_64.whl.metadata (5.2 kB)
2026-01-25T23:49:02.8678480Z Collecting cffi==1.16.0 (from -r web_service/backend/requirements.txt (line 64))
2026-01-25T23:49:02.8694362Z   Using cached cffi-1.16.0-cp311-cp311-manylinux_2_17_x86_64.manylinux2014_x86_64.whl.metadata (1.5 kB)
2026-01-25T23:49:02.8804735Z Collecting pycparser==2.21 (from -r web_service/backend/requirements.txt (line 65))
2026-01-25T23:49:02.8819389Z   Using cached pycparser-2.21-py2.py3-none-any.whl.metadata (1.1 kB)
2026-01-25T23:49:02.8904588Z Collecting secretstorage==3.5.0 (from -r web_service/backend/requirements.txt (line 66))
2026-01-25T23:49:02.8918229Z   Using cached secretstorage-3.5.0-py3-none-any.whl.metadata (4.0 kB)
2026-01-25T23:49:02.9196869Z Collecting keyring==24.3.0 (from -r web_service/backend/requirements.txt (line 67))
2026-01-25T23:49:02.9212777Z   Using cached keyring-24.3.0-py3-none-any.whl.metadata (20 kB)
2026-01-25T23:49:02.9328462Z Collecting jeepney==0.9.0 (from -r web_service/backend/requirements.txt (line 68))
2026-01-25T23:49:02.9342973Z   Using cached jeepney-0.9.0-py3-none-any.whl.metadata (1.2 kB)
2026-01-25T23:49:02.9593222Z Collecting redis==5.0.1 (from -r web_service/backend/requirements.txt (line 71))
2026-01-25T23:49:02.9609004Z   Using cached redis-5.0.1-py3-none-any.whl.metadata (8.9 kB)
2026-01-25T23:49:02.9826519Z Collecting limits==3.7.0 (from -r web_service/backend/requirements.txt (line 72))
2026-01-25T23:49:02.9842256Z   Using cached limits-3.7.0-py3-none-any.whl.metadata (7.3 kB)
2026-01-25T23:49:02.9993585Z Collecting slowapi==0.1.9 (from -r web_service/backend/requirements.txt (line 73))
2026-01-25T23:49:03.0008033Z   Using cached slowapi-0.1.9-py3-none-any.whl.metadata (3.0 kB)
2026-01-25T23:49:03.0155177Z Collecting tenacity==8.2.3 (from -r web_service/backend/requirements.txt (line 74))
2026-01-25T23:49:03.0170443Z   Using cached tenacity-8.2.3-py3-none-any.whl.metadata (1.0 kB)
2026-01-25T23:49:03.0336666Z Collecting pywebview==5.4 (from -r web_service/backend/requirements.txt (line 77))
2026-01-25T23:49:03.0352007Z   Using cached pywebview-5.4-py3-none-any.whl.metadata (4.5 kB)
2026-01-25T23:49:03.0558533Z Collecting bottle==0.13.4 (from -r web_service/backend/requirements.txt (line 78))
2026-01-25T23:49:03.0573361Z   Using cached bottle-0.13.4-py2.py3-none-any.whl.metadata (1.6 kB)
2026-01-25T23:49:03.0677650Z Collecting proxy-tools==0.1.0 (from -r web_service/backend/requirements.txt (line 79))
2026-01-25T23:49:03.0678965Z   Using cached proxy_tools-0.1.0-py3-none-any.whl
2026-01-25T23:49:03.1363056Z Collecting psutil==5.9.6 (from -r web_service/backend/requirements.txt (line 83))
2026-01-25T23:49:03.1380177Z   Using cached psutil-5.9.6-cp36-abi3-manylinux_2_12_x86_64.manylinux2010_x86_64.manylinux_2_17_x86_64.manylinux2014_x86_64.whl.metadata (21 kB)
2026-01-25T23:49:03.1522371Z Collecting structlog==23.2.0 (from -r web_service/backend/requirements.txt (line 86))
2026-01-25T23:49:03.1537614Z   Using cached structlog-23.2.0-py3-none-any.whl.metadata (7.6 kB)
2026-01-25T23:49:03.2042633Z Collecting black==23.12.0 (from -r web_service/backend/requirements.txt (line 89))
2026-01-25T23:49:03.2059233Z   Using cached black-23.12.0-cp311-cp311-manylinux_2_17_x86_64.manylinux2014_x86_64.whl.metadata (68 kB)
2026-01-25T23:49:03.2530567Z Collecting pyinstaller==6.1.0 (from -r web_service/backend/requirements.txt (line 90))
2026-01-25T23:49:03.2546804Z   Using cached pyinstaller-6.1.0-py3-none-manylinux2014_x86_64.whl.metadata (8.2 kB)
2026-01-25T23:49:03.2747754Z Collecting pyinstaller-hooks-contrib==2023.11 (from -r web_service/backend/requirements.txt (line 91))
2026-01-25T23:49:03.2763468Z   Using cached pyinstaller_hooks_contrib-2023.11-py2.py3-none-any.whl.metadata (15 kB)
2026-01-25T23:49:03.2902337Z Collecting altgraph==0.17.3 (from -r web_service/backend/requirements.txt (line 92))
2026-01-25T23:49:03.2916798Z   Using cached altgraph-0.17.3-py2.py3-none-any.whl.metadata (7.4 kB)
2026-01-25T23:49:03.3087979Z Collecting wheel==0.41.2 (from -r web_service/backend/requirements.txt (line 93))
2026-01-25T23:49:03.3102885Z   Using cached wheel-0.41.2-py3-none-any.whl.metadata (2.2 kB)
2026-01-25T23:49:03.3233220Z Collecting build==1.0.3 (from -r web_service/backend/requirements.txt (line 94))
2026-01-25T23:49:03.3248086Z   Using cached build-1.0.3-py3-none-any.whl.metadata (4.2 kB)
2026-01-25T23:49:03.3606947Z Collecting pip-tools==7.3.0 (from -r web_service/backend/requirements.txt (line 95))
2026-01-25T23:49:03.3622721Z   Using cached pip_tools-7.3.0-py3-none-any.whl.metadata (23 kB)
2026-01-25T23:49:03.3939083Z Collecting pytest==7.4.3 (from -r web_service/backend/requirements.txt (line 98))
2026-01-25T23:49:03.3955704Z   Using cached pytest-7.4.3-py3-none-any.whl.metadata (7.9 kB)
2026-01-25T23:49:03.4135850Z Collecting pytest-asyncio==0.21.1 (from -r web_service/backend/requirements.txt (line 99))
2026-01-25T23:49:03.4150897Z   Using cached pytest_asyncio-0.21.1-py3-none-any.whl.metadata (4.0 kB)
2026-01-25T23:49:03.4295663Z Collecting iniconfig==2.0.0 (from -r web_service/backend/requirements.txt (line 100))
2026-01-25T23:49:03.4310391Z   Using cached iniconfig-2.0.0-py3-none-any.whl.metadata (2.6 kB)
2026-01-25T23:49:03.4406295Z Collecting pluggy==1.3.0 (from -r web_service/backend/requirements.txt (line 101))
2026-01-25T23:49:03.4421209Z   Using cached pluggy-1.3.0-py3-none-any.whl.metadata (4.3 kB)
2026-01-25T23:49:03.4564883Z Collecting packaging==23.2 (from -r web_service/backend/requirements.txt (line 102))
2026-01-25T23:49:03.4579583Z   Using cached packaging-23.2-py3-none-any.whl.metadata (3.2 kB)
2026-01-25T23:49:03.4774473Z Collecting typing-extensions==4.8.0 (from -r web_service/backend/requirements.txt (line 105))
2026-01-25T23:49:03.4789297Z   Using cached typing_extensions-4.8.0-py3-none-any.whl.metadata (3.0 kB)
2026-01-25T23:49:03.4901371Z Collecting typing-inspect==0.9.0 (from -r web_service/backend/requirements.txt (line 106))
2026-01-25T23:49:03.4915128Z   Using cached typing_inspect-0.9.0-py3-none-any.whl.metadata (1.5 kB)
2026-01-25T23:49:03.4993873Z Collecting annotated-types==0.6.0 (from -r web_service/backend/requirements.txt (line 107))
2026-01-25T23:49:03.5007619Z   Using cached annotated_types-0.6.0-py3-none-any.whl.metadata (12 kB)
2026-01-25T23:49:03.5121282Z Collecting mypy-extensions==1.0.0 (from -r web_service/backend/requirements.txt (line 110))
2026-01-25T23:49:03.5136067Z   Using cached mypy_extensions-1.0.0-py3-none-any.whl.metadata (1.1 kB)
2026-01-25T23:49:03.5236409Z Collecting pathspec==0.11.2 (from -r web_service/backend/requirements.txt (line 111))
2026-01-25T23:49:03.5250465Z   Using cached pathspec-0.11.2-py3-none-any.whl.metadata (19 kB)
2026-01-25T23:49:03.5405583Z Collecting platformdirs==4.0.0 (from -r web_service/backend/requirements.txt (line 112))
2026-01-25T23:49:03.5420833Z   Using cached platformdirs-4.0.0-py3-none-any.whl.metadata (11 kB)
2026-01-25T23:49:03.5573944Z Collecting more-itertools==10.1.0 (from -r web_service/backend/requirements.txt (line 113))
2026-01-25T23:49:03.5588243Z   Using cached more_itertools-10.1.0-py3-none-any.whl.metadata (33 kB)
2026-01-25T23:49:03.5682182Z Collecting jaraco.classes==3.3.1 (from -r web_service/backend/requirements.txt (line 114))
2026-01-25T23:49:03.5695612Z   Using cached jaraco.classes-3.3.1-py3-none-any.whl.metadata (2.7 kB)
2026-01-25T23:49:03.5794842Z Collecting jaraco.context==5.3.0 (from -r web_service/backend/requirements.txt (line 115))
2026-01-25T23:49:03.5808839Z   Using cached jaraco.context-5.3.0-py3-none-any.whl.metadata (4.0 kB)
2026-01-25T23:49:03.6021344Z Collecting jaraco.functools==4.0.0 (from -r web_service/backend/requirements.txt (line 116))
2026-01-25T23:49:03.6035445Z   Using cached jaraco.functools-4.0.0-py3-none-any.whl.metadata (3.1 kB)
2026-01-25T23:49:03.6143949Z Collecting deprecated==1.2.14 (from -r web_service/backend/requirements.txt (line 117))
2026-01-25T23:49:03.6157743Z   Using cached Deprecated-1.2.14-py2.py3-none-any.whl.metadata (5.4 kB)
2026-01-25T23:49:03.6273173Z Collecting sniffio==1.3.0 (from -r web_service/backend/requirements.txt (line 118))
2026-01-25T23:49:03.6287857Z   Using cached sniffio-1.3.0-py3-none-any.whl.metadata (3.6 kB)
2026-01-25T23:49:03.8673914Z Collecting wrapt==1.16.0 (from -r web_service/backend/requirements.txt (line 119))
2026-01-25T23:49:03.8690492Z   Using cached wrapt-1.16.0-cp311-cp311-manylinux_2_5_x86_64.manylinux1_x86_64.manylinux_2_17_x86_64.manylinux2014_x86_64.whl.metadata (6.6 kB)
2026-01-25T23:49:03.9397435Z Collecting watchfiles==0.20.0 (from -r web_service/backend/requirements.txt (line 120))
2026-01-25T23:49:03.9413343Z   Using cached watchfiles-0.20.0-cp37-abi3-manylinux_2_17_x86_64.manylinux2014_x86_64.whl.metadata (4.9 kB)
2026-01-25T23:49:03.9601888Z Collecting pygments==2.17.2 (from -r web_service/backend/requirements.txt (line 121))
2026-01-25T23:49:03.9616957Z   Using cached pygments-2.17.2-py3-none-any.whl.metadata (2.6 kB)
2026-01-25T23:49:04.2331379Z Collecting importlib-metadata>=4.11.4 (from keyring==24.3.0->-r web_service/backend/requirements.txt (line 67))
2026-01-25T23:49:04.2347819Z   Using cached importlib_metadata-8.7.1-py3-none-any.whl.metadata (4.7 kB)
2026-01-25T23:49:04.2754759Z Collecting importlib-resources>=1.3 (from limits==3.7.0->-r web_service/backend/requirements.txt (line 72))
2026-01-25T23:49:04.2770915Z   Using cached importlib_resources-6.5.2-py3-none-any.whl.metadata (3.9 kB)
2026-01-25T23:49:04.8947785Z Collecting aiohttp>=3.7.4 (from black==23.12.0->-r web_service/backend/requirements.txt (line 89))
2026-01-25T23:49:04.8963700Z   Using cached aiohttp-3.13.3-cp311-cp311-manylinux2014_x86_64.manylinux_2_17_x86_64.manylinux_2_28_x86_64.whl.metadata (8.1 kB)
2026-01-25T23:49:04.9022364Z Requirement already satisfied: setuptools>=42.0.0 in /opt/hostedtoolcache/Python/3.11.14/x64/lib/python3.11/site-packages (from pyinstaller==6.1.0->-r web_service/backend/requirements.txt (line 90)) (80.10.2)
2026-01-25T23:49:04.9300915Z Collecting pyproject_hooks (from build==1.0.3->-r web_service/backend/requirements.txt (line 94))
2026-01-25T23:49:04.9315092Z   Using cached pyproject_hooks-1.2.0-py3-none-any.whl.metadata (1.3 kB)
2026-01-25T23:49:04.9361731Z Requirement already satisfied: pip>=22.2 in /opt/hostedtoolcache/Python/3.11.14/x64/lib/python3.11/site-packages (from pip-tools==7.3.0->-r web_service/backend/requirements.txt (line 95)) (25.3)
2026-01-25T23:49:04.9856226Z Collecting backports.tarfile (from jaraco.context==5.3.0->-r web_service/backend/requirements.txt (line 115))
2026-01-25T23:49:04.9870108Z   Using cached backports.tarfile-1.2.0-py3-none-any.whl.metadata (2.0 kB)
2026-01-25T23:49:05.0557740Z Collecting uvloop!=0.15.0,!=0.15.1,>=0.14.0 (from uvicorn[standard]==0.24.0->-r web_service/backend/requirements.txt (line 12))
2026-01-25T23:49:05.0573740Z   Using cached uvloop-0.22.1-cp311-cp311-manylinux2014_x86_64.manylinux_2_17_x86_64.manylinux_2_28_x86_64.whl.metadata (4.9 kB)
2026-01-25T23:49:05.2578937Z Collecting lxml>=6.0.2 (from scrapling>=0.3.7->scrapling[fetchers]>=0.3.7->-r web_service/backend/requirements.txt (line 55))
2026-01-25T23:49:05.2616958Z   Downloading lxml-6.0.2-cp311-cp311-manylinux_2_26_x86_64.manylinux_2_28_x86_64.whl.metadata (3.6 kB)
2026-01-25T23:49:05.2747689Z Collecting cssselect>=1.3.0 (from scrapling>=0.3.7->scrapling[fetchers]>=0.3.7->-r web_service/backend/requirements.txt (line 55))
2026-01-25T23:49:05.2783659Z   Downloading cssselect-1.3.0-py3-none-any.whl.metadata (2.6 kB)
2026-01-25T23:49:05.5105373Z Collecting orjson>=3.11.5 (from scrapling>=0.3.7->scrapling[fetchers]>=0.3.7->-r web_service/backend/requirements.txt (line 55))
2026-01-25T23:49:05.5122508Z   Using cached orjson-3.11.5-cp311-cp311-manylinux_2_17_x86_64.manylinux2014_x86_64.whl.metadata (41 kB)
2026-01-25T23:49:05.5294151Z Collecting tldextract>=5.3.1 (from scrapling>=0.3.7->scrapling[fetchers]>=0.3.7->-r web_service/backend/requirements.txt (line 55))
2026-01-25T23:49:05.5347404Z   Downloading tldextract-5.3.1-py3-none-any.whl.metadata (7.3 kB)
2026-01-25T23:49:05.5602641Z Collecting aiohappyeyeballs>=2.5.0 (from aiohttp>=3.7.4->black==23.12.0->-r web_service/backend/requirements.txt (line 89))
2026-01-25T23:49:05.5617681Z   Using cached aiohappyeyeballs-2.6.1-py3-none-any.whl.metadata (5.9 kB)
2026-01-25T23:49:05.5739874Z Collecting aiosignal>=1.4.0 (from aiohttp>=3.7.4->black==23.12.0->-r web_service/backend/requirements.txt (line 89))
2026-01-25T23:49:05.5754291Z   Using cached aiosignal-1.4.0-py3-none-any.whl.metadata (3.7 kB)
2026-01-25T23:49:05.5885620Z Collecting attrs>=17.3.0 (from aiohttp>=3.7.4->black==23.12.0->-r web_service/backend/requirements.txt (line 89))
2026-01-25T23:49:05.5900380Z   Using cached attrs-25.4.0-py3-none-any.whl.metadata (10 kB)
2026-01-25T23:49:05.6575676Z Collecting frozenlist>=1.1.1 (from aiohttp>=3.7.4->black==23.12.0->-r web_service/backend/requirements.txt (line 89))
2026-01-25T23:49:05.6593346Z   Using cached frozenlist-1.8.0-cp311-cp311-manylinux1_x86_64.manylinux_2_28_x86_64.manylinux_2_5_x86_64.whl.metadata (20 kB)
2026-01-25T23:49:06.0100443Z Collecting multidict<7.0,>=4.5 (from aiohttp>=3.7.4->black==23.12.0->-r web_service/backend/requirements.txt (line 89))
2026-01-25T23:49:06.0117159Z   Using cached multidict-6.7.0-cp311-cp311-manylinux2014_x86_64.manylinux_2_17_x86_64.manylinux_2_28_x86_64.whl.metadata (5.3 kB)
2026-01-25T23:49:06.0722108Z Collecting propcache>=0.2.0 (from aiohttp>=3.7.4->black==23.12.0->-r web_service/backend/requirements.txt (line 89))
2026-01-25T23:49:06.0738451Z   Using cached propcache-0.4.1-cp311-cp311-manylinux2014_x86_64.manylinux_2_17_x86_64.manylinux_2_28_x86_64.whl.metadata (13 kB)
2026-01-25T23:49:06.3195517Z Collecting yarl<2.0,>=1.17.0 (from aiohttp>=3.7.4->black==23.12.0->-r web_service/backend/requirements.txt (line 89))
2026-01-25T23:49:06.3212254Z   Using cached yarl-1.22.0-cp311-cp311-manylinux2014_x86_64.manylinux_2_17_x86_64.manylinux_2_28_x86_64.whl.metadata (75 kB)
2026-01-25T23:49:06.3768609Z Collecting zipp>=3.20 (from importlib-metadata>=4.11.4->keyring==24.3.0->-r web_service/backend/requirements.txt (line 67))
2026-01-25T23:49:06.3784091Z   Using cached zipp-3.23.0-py3-none-any.whl.metadata (3.6 kB)
2026-01-25T23:49:06.4433518Z Collecting curl_cffi>=0.14.0 (from scrapling[fetchers]>=0.3.7->-r web_service/backend/requirements.txt (line 55))
2026-01-25T23:49:06.4486917Z   Downloading curl_cffi-0.14.0-cp39-abi3-manylinux_2_26_x86_64.manylinux_2_28_x86_64.whl.metadata (15 kB)
2026-01-25T23:49:06.4926802Z Collecting playwright==1.56.0 (from scrapling[fetchers]>=0.3.7->-r web_service/backend/requirements.txt (line 55))
2026-01-25T23:49:06.4971466Z   Downloading playwright-1.56.0-py3-none-manylinux1_x86_64.whl.metadata (3.5 kB)
2026-01-25T23:49:06.5181404Z Collecting patchright==1.56.0 (from scrapling[fetchers]>=0.3.7->-r web_service/backend/requirements.txt (line 55))
2026-01-25T23:49:06.5223960Z   Downloading patchright-1.56.0-py3-none-manylinux1_x86_64.whl.metadata (12 kB)
2026-01-25T23:49:06.5420654Z Collecting browserforge>=1.2.3 (from scrapling[fetchers]>=0.3.7->-r web_service/backend/requirements.txt (line 55))
2026-01-25T23:49:06.5470159Z   Downloading browserforge-1.2.3-py3-none-any.whl.metadata (28 kB)
2026-01-25T23:49:06.6097599Z Collecting msgspec>=0.20.0 (from scrapling[fetchers]>=0.3.7->-r web_service/backend/requirements.txt (line 55))
2026-01-25T23:49:06.6141524Z   Downloading msgspec-0.20.0-cp311-cp311-manylinux2014_x86_64.manylinux_2_17_x86_64.manylinux_2_28_x86_64.whl.metadata (5.5 kB)
2026-01-25T23:49:06.6644421Z Collecting pyee<14,>=13 (from patchright==1.56.0->scrapling[fetchers]>=0.3.7->-r web_service/backend/requirements.txt (line 55))
2026-01-25T23:49:06.6678967Z   Downloading pyee-13.0.0-py3-none-any.whl.metadata (2.9 kB)
2026-01-25T23:49:06.7302793Z Collecting requests-file>=1.4 (from tldextract>=5.3.1->scrapling>=0.3.7->scrapling[fetchers]>=0.3.7->-r web_service/backend/requirements.txt (line 55))
2026-01-25T23:49:06.7336154Z   Downloading requests_file-3.0.1-py2.py3-none-any.whl.metadata (1.7 kB)
2026-01-25T23:49:06.7580363Z Collecting filelock>=3.0.8 (from tldextract>=5.3.1->scrapling>=0.3.7->scrapling[fetchers]>=0.3.7->-r web_service/backend/requirements.txt (line 55))
2026-01-25T23:49:06.7595099Z   Using cached filelock-3.20.3-py3-none-any.whl.metadata (2.1 kB)
2026-01-25T23:49:06.7865952Z Using cached fastapi-0.104.1-py3-none-any.whl (92 kB)
2026-01-25T23:49:06.7881088Z Using cached starlette-0.27.0-py3-none-any.whl (66 kB)
2026-01-25T23:49:06.7895309Z Using cached pydantic-2.5.0-py3-none-any.whl (407 kB)
2026-01-25T23:49:06.7911661Z Using cached anyio-3.7.1-py3-none-any.whl (80 kB)
2026-01-25T23:49:06.7924984Z Using cached uvicorn-0.24.0-py3-none-any.whl (59 kB)
2026-01-25T23:49:06.7938601Z Using cached pydantic_core-2.14.1-cp311-cp311-manylinux_2_17_x86_64.manylinux2014_x86_64.whl (2.1 MB)
2026-01-25T23:49:06.7968991Z Using cached pydantic_settings-2.1.0-py3-none-any.whl (11 kB)
2026-01-25T23:49:06.7981645Z Using cached h11-0.14.0-py3-none-any.whl (58 kB)
2026-01-25T23:49:06.7995098Z Using cached h2-4.1.0-py3-none-any.whl (57 kB)
2026-01-25T23:49:06.8008203Z Using cached hpack-4.0.0-py3-none-any.whl (32 kB)
2026-01-25T23:49:06.8021020Z Using cached hyperframe-6.1.0-py3-none-any.whl (13 kB)
2026-01-25T23:49:06.8033671Z Using cached httpcore-1.0.2-py3-none-any.whl (76 kB)
2026-01-25T23:49:06.8047809Z Using cached httptools-0.6.1-cp311-cp311-manylinux_2_5_x86_64.manylinux1_x86_64.manylinux_2_17_x86_64.manylinux2014_x86_64.whl (318 kB)
2026-01-25T23:49:06.8062930Z Using cached httpx-0.25.2-py3-none-any.whl (74 kB)
2026-01-25T23:49:06.8076811Z Using cached websockets-12.0-cp311-cp311-manylinux_2_5_x86_64.manylinux1_x86_64.manylinux_2_17_x86_64.manylinux2014_x86_64.whl (130 kB)
2026-01-25T23:49:06.8090225Z Using cached wsproto-1.2.0-py3-none-any.whl (24 kB)
2026-01-25T23:49:06.8103115Z Using cached requests-2.31.0-py3-none-any.whl (62 kB)
2026-01-25T23:49:06.8116339Z Using cached urllib3-2.1.0-py3-none-any.whl (104 kB)
2026-01-25T23:49:06.8130348Z Using cached charset_normalizer-3.3.2-cp311-cp311-manylinux_2_17_x86_64.manylinux2014_x86_64.whl (140 kB)
2026-01-25T23:49:06.8143944Z Using cached idna-3.6-py3-none-any.whl (61 kB)
2026-01-25T23:49:06.8157638Z Using cached SQLAlchemy-2.0.23-cp311-cp311-manylinux_2_17_x86_64.manylinux2014_x86_64.whl (3.2 MB)
2026-01-25T23:49:06.8199281Z Using cached aiosqlite-0.19.0-py3-none-any.whl (15 kB)
2026-01-25T23:49:06.8212220Z Using cached psycopg2_binary-2.9.9-cp311-cp311-manylinux_2_17_x86_64.manylinux2014_x86_64.whl (3.0 MB)
2026-01-25T23:49:06.8251827Z Using cached numpy-1.24.3-cp311-cp311-manylinux_2_17_x86_64.manylinux2014_x86_64.whl (17.3 MB)
2026-01-25T23:49:06.8420515Z Using cached pandas-2.0.3-cp311-cp311-manylinux_2_17_x86_64.manylinux2014_x86_64.whl (12.2 MB)
2026-01-25T23:49:06.8543792Z Using cached python_dateutil-2.8.2-py2.py3-none-any.whl (247 kB)
2026-01-25T23:49:06.8558440Z Using cached pytz-2023.3.post1-py2.py3-none-any.whl (502 kB)
2026-01-25T23:49:06.8575339Z Using cached tzdata-2023.3-py2.py3-none-any.whl (341 kB)
2026-01-25T23:49:06.8591227Z Using cached six-1.16.0-py2.py3-none-any.whl (11 kB)
2026-01-25T23:49:06.8603781Z Using cached beautifulsoup4-4.12.2-py3-none-any.whl (142 kB)
2026-01-25T23:49:06.8617525Z Using cached soupsieve-2.5-py3-none-any.whl (36 kB)
2026-01-25T23:49:06.8633148Z Using cached selectolax-0.3.20-cp311-cp311-manylinux_2_17_x86_64.manylinux2014_x86_64.whl (6.7 MB)
2026-01-25T23:49:06.8712584Z Using cached python_dotenv-1.0.0-py3-none-any.whl (19 kB)
2026-01-25T23:49:06.8725550Z Using cached PyYAML-6.0.1-cp311-cp311-manylinux_2_17_x86_64.manylinux2014_x86_64.whl (757 kB)
2026-01-25T23:49:06.8745324Z Using cached cryptography-41.0.7-cp37-abi3-manylinux_2_28_x86_64.whl (4.4 MB)
2026-01-25T23:49:06.8796040Z Using cached cffi-1.16.0-cp311-cp311-manylinux_2_17_x86_64.manylinux2014_x86_64.whl (464 kB)
2026-01-25T23:49:06.8813073Z Using cached pycparser-2.21-py2.py3-none-any.whl (118 kB)
2026-01-25T23:49:06.8826793Z Using cached secretstorage-3.5.0-py3-none-any.whl (15 kB)
2026-01-25T23:49:06.8840397Z Using cached keyring-24.3.0-py3-none-any.whl (38 kB)
2026-01-25T23:49:06.8853354Z Using cached jeepney-0.9.0-py3-none-any.whl (49 kB)
2026-01-25T23:49:06.8885784Z Using cached redis-5.0.1-py3-none-any.whl (250 kB)
2026-01-25T23:49:06.8886435Z Using cached limits-3.7.0-py3-none-any.whl (43 kB)
2026-01-25T23:49:06.8899256Z Using cached packaging-23.2-py3-none-any.whl (53 kB)
2026-01-25T23:49:06.8913863Z Using cached slowapi-0.1.9-py3-none-any.whl (14 kB)
2026-01-25T23:49:06.8926658Z Using cached tenacity-8.2.3-py3-none-any.whl (24 kB)
2026-01-25T23:49:06.8940189Z Using cached pywebview-5.4-py3-none-any.whl (475 kB)
2026-01-25T23:49:06.8957688Z Using cached bottle-0.13.4-py2.py3-none-any.whl (103 kB)
2026-01-25T23:49:06.8972242Z Using cached psutil-5.9.6-cp36-abi3-manylinux_2_12_x86_64.manylinux2010_x86_64.manylinux_2_17_x86_64.manylinux2014_x86_64.whl (283 kB)
2026-01-25T23:49:06.8987675Z Using cached structlog-23.2.0-py3-none-any.whl (62 kB)
2026-01-25T23:49:06.9001935Z Using cached black-23.12.0-cp311-cp311-manylinux_2_17_x86_64.manylinux2014_x86_64.whl (1.7 MB)
2026-01-25T23:49:06.9029891Z Using cached pyinstaller-6.1.0-py3-none-manylinux2014_x86_64.whl (658 kB)
2026-01-25T23:49:06.9048769Z Using cached pyinstaller_hooks_contrib-2023.11-py2.py3-none-any.whl (294 kB)
2026-01-25T23:49:06.9064314Z Using cached altgraph-0.17.3-py2.py3-none-any.whl (21 kB)
2026-01-25T23:49:06.9077097Z Using cached wheel-0.41.2-py3-none-any.whl (64 kB)
2026-01-25T23:49:06.9090575Z Using cached build-1.0.3-py3-none-any.whl (18 kB)
2026-01-25T23:49:06.9103455Z Using cached pip_tools-7.3.0-py3-none-any.whl (57 kB)
2026-01-25T23:49:06.9120662Z Using cached pytest-7.4.3-py3-none-any.whl (325 kB)
2026-01-25T23:49:06.9136485Z Using cached pluggy-1.3.0-py3-none-any.whl (18 kB)
2026-01-25T23:49:06.9149527Z Using cached pytest_asyncio-0.21.1-py3-none-any.whl (13 kB)
2026-01-25T23:49:06.9162364Z Using cached iniconfig-2.0.0-py3-none-any.whl (5.9 kB)
2026-01-25T23:49:06.9174879Z Using cached typing_extensions-4.8.0-py3-none-any.whl (31 kB)
2026-01-25T23:49:06.9188323Z Using cached typing_inspect-0.9.0-py3-none-any.whl (8.8 kB)
2026-01-25T23:49:06.9200824Z Using cached annotated_types-0.6.0-py3-none-any.whl (12 kB)
2026-01-25T23:49:06.9213876Z Using cached mypy_extensions-1.0.0-py3-none-any.whl (4.7 kB)
2026-01-25T23:49:06.9226547Z Using cached pathspec-0.11.2-py3-none-any.whl (29 kB)
2026-01-25T23:49:06.9239914Z Using cached platformdirs-4.0.0-py3-none-any.whl (17 kB)
2026-01-25T23:49:06.9252835Z Using cached more_itertools-10.1.0-py3-none-any.whl (55 kB)
2026-01-25T23:49:06.9266154Z Using cached jaraco.classes-3.3.1-py3-none-any.whl (6.8 kB)
2026-01-25T23:49:06.9279450Z Using cached jaraco.context-5.3.0-py3-none-any.whl (6.5 kB)
2026-01-25T23:49:06.9292164Z Using cached jaraco.functools-4.0.0-py3-none-any.whl (9.8 kB)
2026-01-25T23:49:06.9304550Z Using cached Deprecated-1.2.14-py2.py3-none-any.whl (9.6 kB)
2026-01-25T23:49:06.9317833Z Using cached wrapt-1.16.0-cp311-cp311-manylinux_2_5_x86_64.manylinux1_x86_64.manylinux_2_17_x86_64.manylinux2014_x86_64.whl (80 kB)
2026-01-25T23:49:06.9331406Z Using cached sniffio-1.3.0-py3-none-any.whl (10 kB)
2026-01-25T23:49:06.9344545Z Using cached watchfiles-0.20.0-cp37-abi3-manylinux_2_17_x86_64.manylinux2014_x86_64.whl (1.3 MB)
2026-01-25T23:49:06.9368989Z Using cached pygments-2.17.2-py3-none-any.whl (1.2 MB)
2026-01-25T23:49:06.9414534Z Downloading certifi-2026.1.4-py3-none-any.whl (152 kB)
2026-01-25T23:49:06.9515315Z Downloading greenlet-3.3.1-cp311-cp311-manylinux_2_24_x86_64.manylinux_2_28_x86_64.whl (590 kB)
2026-01-25T23:49:06.9590551Z    ━━━━━━━━━━━━━━━━━━━━━━━━━━━━━━━━━━━━━━━━ 590.3/590.3 kB 77.9 MB/s  0:00:00
2026-01-25T23:49:06.9656268Z Downloading scrapling-0.3.14-py3-none-any.whl (104 kB)
2026-01-25T23:49:06.9720378Z Downloading click-8.3.1-py3-none-any.whl (108 kB)
2026-01-25T23:49:06.9766622Z Using cached aiohttp-3.13.3-cp311-cp311-manylinux2014_x86_64.manylinux_2_17_x86_64.manylinux_2_28_x86_64.whl (1.7 MB)
2026-01-25T23:49:06.9796347Z Using cached multidict-6.7.0-cp311-cp311-manylinux2014_x86_64.manylinux_2_17_x86_64.manylinux_2_28_x86_64.whl (246 kB)
2026-01-25T23:49:06.9811847Z Using cached yarl-1.22.0-cp311-cp311-manylinux2014_x86_64.manylinux_2_17_x86_64.manylinux_2_28_x86_64.whl (365 kB)
2026-01-25T23:49:06.9828001Z Using cached aiohappyeyeballs-2.6.1-py3-none-any.whl (15 kB)
2026-01-25T23:49:06.9841020Z Using cached aiosignal-1.4.0-py3-none-any.whl (7.5 kB)
2026-01-25T23:49:06.9853775Z Using cached attrs-25.4.0-py3-none-any.whl (67 kB)
2026-01-25T23:49:06.9895799Z Downloading cssselect-1.3.0-py3-none-any.whl (18 kB)
2026-01-25T23:49:06.9938415Z Using cached frozenlist-1.8.0-cp311-cp311-manylinux1_x86_64.manylinux_2_28_x86_64.manylinux_2_5_x86_64.whl (231 kB)
2026-01-25T23:49:06.9953254Z Using cached importlib_metadata-8.7.1-py3-none-any.whl (27 kB)
2026-01-25T23:49:06.9966633Z Using cached importlib_resources-6.5.2-py3-none-any.whl (37 kB)
2026-01-25T23:49:07.0014474Z Downloading lxml-6.0.2-cp311-cp311-manylinux_2_26_x86_64.manylinux_2_28_x86_64.whl (5.2 MB)
2026-01-25T23:49:07.0366523Z    ━━━━━━━━━━━━━━━━━━━━━━━━━━━━━━━━━━━━━━━━ 5.2/5.2 MB 159.0 MB/s  0:00:00
2026-01-25T23:49:07.0403887Z Downloading orjson-3.11.5-cp311-cp311-manylinux_2_17_x86_64.manylinux2014_x86_64.whl (138 kB)
2026-01-25T23:49:07.0456075Z Using cached propcache-0.4.1-cp311-cp311-manylinux2014_x86_64.manylinux_2_17_x86_64.manylinux_2_28_x86_64.whl (210 kB)
2026-01-25T23:49:07.0505928Z Downloading patchright-1.56.0-py3-none-manylinux1_x86_64.whl (46.2 MB)
2026-01-25T23:49:07.4731576Z    ━━━━━━━━━━━━━━━━━━━━━━━━━━━━━━━━━━━━━━━━ 46.2/46.2 MB 110.3 MB/s  0:00:00
2026-01-25T23:49:07.4779050Z Downloading playwright-1.56.0-py3-none-manylinux1_x86_64.whl (46.3 MB)
2026-01-25T23:49:07.7977902Z    ━━━━━━━━━━━━━━━━━━━━━━━━━━━━━━━━━━━━━━━━ 46.3/46.3 MB 145.1 MB/s  0:00:00
2026-01-25T23:49:07.8017353Z Downloading pyee-13.0.0-py3-none-any.whl (15 kB)
2026-01-25T23:49:07.8089783Z Downloading browserforge-1.2.3-py3-none-any.whl (39 kB)
2026-01-25T23:49:07.8189634Z Downloading curl_cffi-0.14.0-cp39-abi3-manylinux_2_26_x86_64.manylinux_2_28_x86_64.whl (8.7 MB)
2026-01-25T23:49:07.8619693Z    ━━━━━━━━━━━━━━━━━━━━━━━━━━━━━━━━━━━━━━━━ 8.7/8.7 MB 208.9 MB/s  0:00:00
2026-01-25T23:49:07.8689462Z Downloading msgspec-0.20.0-cp311-cp311-manylinux2014_x86_64.manylinux_2_17_x86_64.manylinux_2_28_x86_64.whl (219 kB)
2026-01-25T23:49:07.8780211Z Downloading tldextract-5.3.1-py3-none-any.whl (105 kB)
2026-01-25T23:49:07.8824150Z Using cached filelock-3.20.3-py3-none-any.whl (16 kB)
2026-01-25T23:49:07.8858687Z Downloading requests_file-3.0.1-py2.py3-none-any.whl (4.5 kB)
2026-01-25T23:49:07.8895261Z Using cached uvloop-0.22.1-cp311-cp311-manylinux2014_x86_64.manylinux_2_17_x86_64.manylinux_2_28_x86_64.whl (3.8 MB)
2026-01-25T23:49:07.8942504Z Using cached zipp-3.23.0-py3-none-any.whl (10 kB)
2026-01-25T23:49:07.8956107Z Using cached backports.tarfile-1.2.0-py3-none-any.whl (30 kB)
2026-01-25T23:49:07.8970172Z Using cached pyproject_hooks-1.2.0-py3-none-any.whl (10 kB)
2026-01-25T23:49:08.2808272Z Installing collected packages: selectolax, pytz, proxy-tools, bottle, altgraph, zipp, wrapt, wheel, websockets, uvloop, urllib3, tzdata, typing-extensions, tenacity, structlog, soupsieve, sniffio, six, redis, pyyaml, python-dotenv, pyproject_hooks, pyinstaller-hooks-contrib, pygments, pycparser, psycopg2-binary, psutil, propcache, pluggy, platformdirs, pathspec, packaging, orjson, numpy, mypy-extensions, multidict, msgspec, more-itertools, lxml, jeepney, iniconfig, importlib-resources, idna, hyperframe, httptools, hpack, h11, greenlet, frozenlist, filelock, cssselect, click, charset-normalizer, certifi, backports.tarfile, attrs, annotated-types, aiosqlite, aiohappyeyeballs, yarl, wsproto, uvicorn, typing-inspect, sqlalchemy, requests, pywebview, python-dateutil, pytest, pyinstaller, pyee, pydantic-core, jaraco.functools, jaraco.context, jaraco.classes, importlib-metadata, httpcore, h2, deprecated, cffi, build, browserforge, beautifulsoup4, anyio, aiosignal, watchfiles, starlette, requests-file, pytest-asyncio, pydantic, playwright, pip-tools, patchright, pandas, limits, httpx, curl_cffi, cryptography, aiohttp, tldextract, slowapi, secretstorage, pydantic-settings, fastapi, black, scrapling, keyring
2026-01-25T23:49:08.5943060Z   Attempting uninstall: wheel
2026-01-25T23:49:08.5959856Z     Found existing installation: wheel 0.46.3
2026-01-25T23:49:08.5988708Z     Uninstalling wheel-0.46.3:
2026-01-25T23:49:08.6000175Z       Successfully uninstalled wheel-0.46.3
2026-01-25T23:49:10.4062770Z   Attempting uninstall: packaging
2026-01-25T23:49:10.4080745Z     Found existing installation: packaging 26.0
2026-01-25T23:49:10.4108702Z     Uninstalling packaging-26.0:
2026-01-25T23:49:10.4117171Z       Successfully uninstalled packaging-26.0
2026-01-25T23:49:21.4767636Z
2026-01-25T23:49:21.4820820Z Successfully installed aiohappyeyeballs-2.6.1 aiohttp-3.13.3 aiosignal-1.4.0 aiosqlite-0.19.0 altgraph-0.17.3 annotated-types-0.6.0 anyio-3.7.1 attrs-25.4.0 backports.tarfile-1.2.0 beautifulsoup4-4.12.2 black-23.12.0 bottle-0.13.4 browserforge-1.2.3 build-1.0.3 certifi-2026.1.4 cffi-1.16.0 charset-normalizer-3.3.2 click-8.3.1 cryptography-41.0.7 cssselect-1.3.0 curl_cffi-0.14.0 deprecated-1.2.14 fastapi-0.104.1 filelock-3.20.3 frozenlist-1.8.0 greenlet-3.3.1 h11-0.14.0 h2-4.1.0 hpack-4.0.0 httpcore-1.0.2 httptools-0.6.1 httpx-0.25.2 hyperframe-6.1.0 idna-3.6 importlib-metadata-8.7.1 importlib-resources-6.5.2 iniconfig-2.0.0 jaraco.classes-3.3.1 jaraco.context-5.3.0 jaraco.functools-4.0.0 jeepney-0.9.0 keyring-24.3.0 limits-3.7.0 lxml-6.0.2 more-itertools-10.1.0 msgspec-0.20.0 multidict-6.7.0 mypy-extensions-1.0.0 numpy-1.24.3 orjson-3.11.5 packaging-23.2 pandas-2.0.3 patchright-1.56.0 pathspec-0.11.2 pip-tools-7.3.0 platformdirs-4.0.0 playwright-1.56.0 pluggy-1.3.0 propcache-0.4.1 proxy-tools-0.1.0 psutil-5.9.6 psycopg2-binary-2.9.9 pycparser-2.21 pydantic-2.5.0 pydantic-core-2.14.1 pydantic-settings-2.1.0 pyee-13.0.0 pygments-2.17.2 pyinstaller-6.1.0 pyinstaller-hooks-contrib-2023.11 pyproject_hooks-1.2.0 pytest-7.4.3 pytest-asyncio-0.21.1 python-dateutil-2.8.2 python-dotenv-1.0.0 pytz-2023.3.post1 pywebview-5.4 pyyaml-6.0.1 redis-5.0.1 requests-2.31.0 requests-file-3.0.1 scrapling-0.3.14 secretstorage-3.5.0 selectolax-0.3.20 six-1.16.0 slowapi-0.1.9 sniffio-1.3.0 soupsieve-2.5 sqlalchemy-2.0.23 starlette-0.27.0 structlog-23.2.0 tenacity-8.2.3 tldextract-5.3.1 typing-extensions-4.8.0 typing-inspect-0.9.0 tzdata-2023.3 urllib3-2.1.0 uvicorn-0.24.0 uvloop-0.22.1 watchfiles-0.20.0 websockets-12.0 wheel-0.41.2 wrapt-1.16.0 wsproto-1.2.0 yarl-1.22.0 zipp-3.23.0
2026-01-25T23:49:22.5049987Z ##[group]Run # Install Camoufox browser (for StealthyFetcher)
2026-01-25T23:49:22.5050457Z [36;1m# Install Camoufox browser (for StealthyFetcher)[0m
2026-01-25T23:49:22.5050786Z [36;1mecho "Installing Camoufox..."[0m
2026-01-25T23:49:22.5051217Z [36;1mpython -m camoufox fetch || echo "⚠️ Camoufox install failed, will try Playwright"[0m
2026-01-25T23:49:22.5051647Z [36;1m[0m
2026-01-25T23:49:22.5051899Z [36;1m# Install Playwright with all system dependencies[0m
2026-01-25T23:49:22.5052316Z [36;1mecho "Installing Playwright browsers with dependencies..."[0m
2026-01-25T23:49:22.5052693Z [36;1mplaywright install --with-deps chromium[0m
2026-01-25T23:49:22.5084277Z shell: /usr/bin/bash -e {0}
2026-01-25T23:49:22.5084526Z env:
2026-01-25T23:49:22.5084708Z   PYTHON_VERSION: 3.11
2026-01-25T23:49:22.5084927Z   REPORT_RETENTION_DAYS: 14
2026-01-25T23:49:22.5085136Z   MAX_RETRIES: 3
2026-01-25T23:49:22.5085324Z   REQUEST_TIMEOUT: 30
2026-01-25T23:49:22.5085615Z   pythonLocation: /opt/hostedtoolcache/Python/3.11.14/x64
2026-01-25T23:49:22.5086043Z   PKG_CONFIG_PATH: /opt/hostedtoolcache/Python/3.11.14/x64/lib/pkgconfig
2026-01-25T23:49:22.5086449Z   Python_ROOT_DIR: /opt/hostedtoolcache/Python/3.11.14/x64
2026-01-25T23:49:22.5086813Z   Python2_ROOT_DIR: /opt/hostedtoolcache/Python/3.11.14/x64
2026-01-25T23:49:22.5087173Z   Python3_ROOT_DIR: /opt/hostedtoolcache/Python/3.11.14/x64
2026-01-25T23:49:22.5087716Z   LD_LIBRARY_PATH: /opt/hostedtoolcache/Python/3.11.14/x64/lib
2026-01-25T23:49:22.5088029Z ##[endgroup]
2026-01-25T23:49:22.5138058Z Installing Camoufox...
2026-01-25T23:49:22.5279352Z /opt/hostedtoolcache/Python/3.11.14/x64/bin/python: No module named camoufox
2026-01-25T23:49:22.5307994Z ⚠️ Camoufox install failed, will try Playwright
2026-01-25T23:49:22.5308622Z Installing Playwright browsers with dependencies...
2026-01-25T23:49:22.8272444Z Installing dependencies...
2026-01-25T23:49:22.8365796Z Switching to root user to install dependencies...
2026-01-25T23:49:22.8999674Z Get:1 file:/etc/apt/apt-mirrors.txt Mirrorlist [144 B]
2026-01-25T23:49:22.9329361Z Hit:6 https://packages.microsoft.com/repos/azure-cli noble InRelease
2026-01-25T23:49:22.9333495Z Hit:2 http://azure.archive.ubuntu.com/ubuntu noble InRelease
2026-01-25T23:49:22.9335356Z Hit:7 https://packages.microsoft.com/ubuntu/24.04/prod noble InRelease
2026-01-25T23:49:22.9348638Z Hit:3 http://azure.archive.ubuntu.com/ubuntu noble-updates InRelease
2026-01-25T23:49:22.9390347Z Hit:4 http://azure.archive.ubuntu.com/ubuntu noble-backports InRelease
2026-01-25T23:49:22.9400245Z Hit:5 http://azure.archive.ubuntu.com/ubuntu noble-security InRelease
2026-01-25T23:49:24.1654862Z Reading package lists...
2026-01-25T23:49:24.1915854Z Reading package lists...
2026-01-25T23:49:24.3807121Z Building dependency tree...
2026-01-25T23:49:24.3815000Z Reading state information...
2026-01-25T23:49:24.5495192Z libasound2t64 is already the newest version (1.2.11-1ubuntu0.1).
2026-01-25T23:49:24.5495756Z libasound2t64 set to manually installed.
2026-01-25T23:49:24.5496158Z libatk-bridge2.0-0t64 is already the newest version (2.52.0-1build1).
2026-01-25T23:49:24.5496584Z libatk-bridge2.0-0t64 set to manually installed.
2026-01-25T23:49:24.5496953Z libatk1.0-0t64 is already the newest version (2.52.0-1build1).
2026-01-25T23:49:24.5497606Z libatk1.0-0t64 set to manually installed.
2026-01-25T23:49:24.5497994Z libatspi2.0-0t64 is already the newest version (2.52.0-1build1).
2026-01-25T23:49:24.5498358Z libatspi2.0-0t64 set to manually installed.
2026-01-25T23:49:24.5498687Z libcairo2 is already the newest version (1.18.0-3build1).
2026-01-25T23:49:24.5499017Z libcairo2 set to manually installed.
2026-01-25T23:49:24.5499359Z libcups2t64 is already the newest version (2.4.7-1.2ubuntu7.9).
2026-01-25T23:49:24.5499728Z libcups2t64 set to manually installed.
2026-01-25T23:49:24.5500062Z libdbus-1-3 is already the newest version (1.14.10-4ubuntu4.1).
2026-01-25T23:49:24.5500406Z libdbus-1-3 set to manually installed.
2026-01-25T23:49:24.5501185Z libdrm2 is already the newest version (2.4.122-1~ubuntu0.24.04.2).
2026-01-25T23:49:24.5501547Z libdrm2 set to manually installed.
2026-01-25T23:49:24.5502036Z libgbm1 is already the newest version (25.0.7-0ubuntu0.24.04.2).
2026-01-25T23:49:24.5502487Z libgbm1 set to manually installed.
2026-01-25T23:49:24.5502793Z libnspr4 is already the newest version (2:4.35-1.1build1).
2026-01-25T23:49:24.5503124Z libnspr4 set to manually installed.
2026-01-25T23:49:24.5503424Z libnss3 is already the newest version (2:3.98-1build1).
2026-01-25T23:49:24.5503730Z libnss3 set to manually installed.
2026-01-25T23:49:24.5504061Z libpango-1.0-0 is already the newest version (1.52.1+ds-1build1).
2026-01-25T23:49:24.5504416Z libpango-1.0-0 set to manually installed.
2026-01-25T23:49:24.5504757Z libx11-6 is already the newest version (2:1.8.7-1build1).
2026-01-25T23:49:24.5505076Z libx11-6 set to manually installed.
2026-01-25T23:49:24.5505372Z libxcb1 is already the newest version (1.15-1ubuntu2).
2026-01-25T23:49:24.5505691Z libxcb1 set to manually installed.
2026-01-25T23:49:24.5506018Z libxcomposite1 is already the newest version (1:0.4.5-1build3).
2026-01-25T23:49:24.5506382Z libxcomposite1 set to manually installed.
2026-01-25T23:49:24.5506727Z libxdamage1 is already the newest version (1:1.1.6-1build1).
2026-01-25T23:49:24.5507068Z libxdamage1 set to manually installed.
2026-01-25T23:49:24.5507554Z libxext6 is already the newest version (2:1.3.4-1build2).
2026-01-25T23:49:24.5507971Z libxext6 set to manually installed.
2026-01-25T23:49:24.5508381Z libxfixes3 is already the newest version (1:6.0.0-2build1).
2026-01-25T23:49:24.5508720Z libxfixes3 set to manually installed.
2026-01-25T23:49:24.5509057Z libxkbcommon0 is already the newest version (1.6.0-1build1).
2026-01-25T23:49:24.5509586Z libxkbcommon0 set to manually installed.
2026-01-25T23:49:24.5509915Z libxrandr2 is already the newest version (2:1.5.2-2build1).
2026-01-25T23:49:24.5510246Z libxrandr2 set to manually installed.
2026-01-25T23:49:24.5510570Z xvfb is already the newest version (2:21.1.12-1ubuntu1.5).
2026-01-25T23:49:24.5511016Z fonts-noto-color-emoji is already the newest version (2.047-0ubuntu0.24.04.1).
2026-01-25T23:49:24.5511495Z libfontconfig1 is already the newest version (2.15.0-1.1ubuntu2).
2026-01-25T23:49:24.5511841Z libfontconfig1 set to manually installed.
2026-01-25T23:49:24.5512178Z libfreetype6 is already the newest version (2.13.2+dfsg-1build3).
2026-01-25T23:49:24.5512514Z libfreetype6 set to manually installed.
2026-01-25T23:49:24.5512841Z fonts-liberation is already the newest version (1:2.1.5-3).
2026-01-25T23:49:24.5513178Z fonts-liberation set to manually installed.
2026-01-25T23:49:24.5513484Z The following additional packages will be installed:
2026-01-25T23:49:24.5513922Z   gir1.2-glib-2.0 libglib2.0-bin libglib2.0-data xfonts-encodings xfonts-utils
2026-01-25T23:49:24.5514298Z Suggested packages:
2026-01-25T23:49:24.5514503Z   low-memory-monitor
2026-01-25T23:49:24.5514702Z Recommended packages:
2026-01-25T23:49:24.5514935Z   fonts-ipafont-mincho fonts-tlwg-loma
2026-01-25T23:49:24.5787644Z The following NEW packages will be installed:
2026-01-25T23:49:24.5788141Z   fonts-freefont-ttf fonts-ipafont-gothic fonts-tlwg-loma-otf fonts-unifont
2026-01-25T23:49:24.5794681Z   fonts-wqy-zenhei xfonts-cyrillic xfonts-encodings xfonts-scalable
2026-01-25T23:49:24.5795061Z   xfonts-utils
2026-01-25T23:49:24.5798911Z The following packages will be upgraded:
2026-01-25T23:49:24.5804582Z   gir1.2-glib-2.0 libglib2.0-0t64 libglib2.0-bin libglib2.0-data
2026-01-25T23:49:24.5973407Z 4 upgraded, 9 newly installed, 0 to remove and 63 not upgraded.
2026-01-25T23:49:24.5974066Z Need to get 23.0 MB of archives.
2026-01-25T23:49:24.5974671Z After this operation, 79.6 MB of additional disk space will be used.
2026-01-25T23:49:24.5975597Z Get:1 file:/etc/apt/apt-mirrors.txt Mirrorlist [144 B]
2026-01-25T23:49:24.7418557Z Get:2 http://azure.archive.ubuntu.com/ubuntu noble/universe amd64 fonts-ipafont-gothic all 00303-21ubuntu1 [3513 kB]
2026-01-25T23:49:25.3276701Z Get:3 http://azure.archive.ubuntu.com/ubuntu noble-updates/main amd64 libglib2.0-data all 2.80.0-6ubuntu3.7 [49.4 kB]
2026-01-25T23:49:25.3938753Z Get:4 http://azure.archive.ubuntu.com/ubuntu noble-updates/main amd64 libglib2.0-bin amd64 2.80.0-6ubuntu3.7 [97.9 kB]
2026-01-25T23:49:25.4667773Z Get:5 http://azure.archive.ubuntu.com/ubuntu noble-updates/main amd64 gir1.2-glib-2.0 amd64 2.80.0-6ubuntu3.7 [183 kB]
2026-01-25T23:49:25.5339684Z Get:6 http://azure.archive.ubuntu.com/ubuntu noble-updates/main amd64 libglib2.0-0t64 amd64 2.80.0-6ubuntu3.7 [1545 kB]
2026-01-25T23:49:25.6189804Z Get:7 http://azure.archive.ubuntu.com/ubuntu noble/main amd64 fonts-freefont-ttf all 20211204+svn4273-2 [5641 kB]
2026-01-25T23:49:25.7790182Z Get:8 http://azure.archive.ubuntu.com/ubuntu noble/universe amd64 fonts-tlwg-loma-otf all 1:0.7.3-1 [107 kB]
2026-01-25T23:49:25.8459340Z Get:9 http://azure.archive.ubuntu.com/ubuntu noble/universe amd64 fonts-unifont all 1:15.1.01-1build1 [2993 kB]
2026-01-25T23:49:25.9339889Z Get:10 http://azure.archive.ubuntu.com/ubuntu noble/universe amd64 fonts-wqy-zenhei all 0.9.45-8 [7472 kB]
2026-01-25T23:49:26.1390064Z Get:11 http://azure.archive.ubuntu.com/ubuntu noble/main amd64 xfonts-encodings all 1:1.0.5-0ubuntu2 [578 kB]
2026-01-25T23:49:26.2101976Z Get:12 http://azure.archive.ubuntu.com/ubuntu noble/main amd64 xfonts-utils amd64 1:7.7+6build3 [94.4 kB]
2026-01-25T23:49:26.2779121Z Get:13 http://azure.archive.ubuntu.com/ubuntu noble/universe amd64 xfonts-cyrillic all 1:1.0.5+nmu1 [384 kB]
2026-01-25T23:49:26.3457701Z Get:14 http://azure.archive.ubuntu.com/ubuntu noble/main amd64 xfonts-scalable all 1:1.0.3-1.3 [304 kB]
2026-01-25T23:49:26.6138449Z Fetched 23.0 MB in 2s (13.0 MB/s)
2026-01-25T23:49:26.6397601Z Selecting previously unselected package fonts-ipafont-gothic.
2026-01-25T23:49:26.6716981Z (Reading database ...
2026-01-25T23:49:26.6717911Z (Reading database ... 5%
2026-01-25T23:49:26.6718627Z (Reading database ... 10%
2026-01-25T23:49:26.6719034Z (Reading database ... 15%
2026-01-25T23:49:26.6719342Z (Reading database ... 20%
2026-01-25T23:49:26.6719622Z (Reading database ... 25%
2026-01-25T23:49:26.6719895Z (Reading database ... 30%
2026-01-25T23:49:26.6720306Z (Reading database ... 35%
2026-01-25T23:49:26.6720657Z (Reading database ... 40%
2026-01-25T23:49:26.6721007Z (Reading database ... 45%
2026-01-25T23:49:26.6721358Z (Reading database ... 50%
2026-01-25T23:49:26.6828366Z (Reading database ... 55%
2026-01-25T23:49:26.8165059Z (Reading database ... 60%
2026-01-25T23:49:26.9136123Z (Reading database ... 65%
2026-01-25T23:49:26.9757915Z (Reading database ... 70%
2026-01-25T23:49:27.0643304Z (Reading database ... 75%
2026-01-25T23:49:27.2729772Z (Reading database ... 80%
2026-01-25T23:49:27.4254947Z (Reading database ... 85%
2026-01-25T23:49:27.6345049Z (Reading database ... 90%
2026-01-25T23:49:27.7773889Z (Reading database ... 95%
2026-01-25T23:49:27.7774333Z (Reading database ... 100%
2026-01-25T23:49:27.7774865Z (Reading database ... 217173 files and directories currently installed.)
2026-01-25T23:49:27.7819795Z Preparing to unpack .../00-fonts-ipafont-gothic_00303-21ubuntu1_all.deb ...
2026-01-25T23:49:27.7913246Z Unpacking fonts-ipafont-gothic (00303-21ubuntu1) ...
2026-01-25T23:49:28.0374979Z Preparing to unpack .../01-libglib2.0-data_2.80.0-6ubuntu3.7_all.deb ...
2026-01-25T23:49:28.0450202Z Unpacking libglib2.0-data (2.80.0-6ubuntu3.7) over (2.80.0-6ubuntu3.4) ...
2026-01-25T23:49:28.0833273Z Preparing to unpack .../02-libglib2.0-bin_2.80.0-6ubuntu3.7_amd64.deb ...
2026-01-25T23:49:28.0873151Z Unpacking libglib2.0-bin (2.80.0-6ubuntu3.7) over (2.80.0-6ubuntu3.4) ...
2026-01-25T23:49:28.1437569Z Preparing to unpack .../03-gir1.2-glib-2.0_2.80.0-6ubuntu3.7_amd64.deb ...
2026-01-25T23:49:28.1463797Z Unpacking gir1.2-glib-2.0:amd64 (2.80.0-6ubuntu3.7) over (2.80.0-6ubuntu3.4) ...
2026-01-25T23:49:28.1936993Z Preparing to unpack .../04-libglib2.0-0t64_2.80.0-6ubuntu3.7_amd64.deb ...
2026-01-25T23:49:28.2035991Z Unpacking libglib2.0-0t64:amd64 (2.80.0-6ubuntu3.7) over (2.80.0-6ubuntu3.4) ...
2026-01-25T23:49:28.2504095Z Selecting previously unselected package fonts-freefont-ttf.
2026-01-25T23:49:28.2645035Z Preparing to unpack .../05-fonts-freefont-ttf_20211204+svn4273-2_all.deb ...
2026-01-25T23:49:28.2664778Z Unpacking fonts-freefont-ttf (20211204+svn4273-2) ...
2026-01-25T23:49:28.3534087Z Selecting previously unselected package fonts-tlwg-loma-otf.
2026-01-25T23:49:28.3668444Z Preparing to unpack .../06-fonts-tlwg-loma-otf_1%3a0.7.3-1_all.deb ...
2026-01-25T23:49:28.3681468Z Unpacking fonts-tlwg-loma-otf (1:0.7.3-1) ...
2026-01-25T23:49:28.3964927Z Selecting previously unselected package fonts-unifont.
2026-01-25T23:49:28.4101308Z Preparing to unpack .../07-fonts-unifont_1%3a15.1.01-1build1_all.deb ...
2026-01-25T23:49:28.4112365Z Unpacking fonts-unifont (1:15.1.01-1build1) ...
2026-01-25T23:49:28.5312655Z Selecting previously unselected package fonts-wqy-zenhei.
2026-01-25T23:49:28.5447089Z Preparing to unpack .../08-fonts-wqy-zenhei_0.9.45-8_all.deb ...
2026-01-25T23:49:28.5561316Z Unpacking fonts-wqy-zenhei (0.9.45-8) ...
2026-01-25T23:49:29.0183863Z Selecting previously unselected package xfonts-encodings.
2026-01-25T23:49:29.0321001Z Preparing to unpack .../09-xfonts-encodings_1%3a1.0.5-0ubuntu2_all.deb ...
2026-01-25T23:49:29.0330034Z Unpacking xfonts-encodings (1:1.0.5-0ubuntu2) ...
2026-01-25T23:49:29.0705614Z Selecting previously unselected package xfonts-utils.
2026-01-25T23:49:29.0839931Z Preparing to unpack .../10-xfonts-utils_1%3a7.7+6build3_amd64.deb ...
2026-01-25T23:49:29.0851211Z Unpacking xfonts-utils (1:7.7+6build3) ...
2026-01-25T23:49:29.1273158Z Selecting previously unselected package xfonts-cyrillic.
2026-01-25T23:49:29.1407761Z Preparing to unpack .../11-xfonts-cyrillic_1%3a1.0.5+nmu1_all.deb ...
2026-01-25T23:49:29.1420610Z Unpacking xfonts-cyrillic (1:1.0.5+nmu1) ...
2026-01-25T23:49:29.1825463Z Selecting previously unselected package xfonts-scalable.
2026-01-25T23:49:29.2000253Z Preparing to unpack .../12-xfonts-scalable_1%3a1.0.3-1.3_all.deb ...
2026-01-25T23:49:29.2025870Z Unpacking xfonts-scalable (1:1.0.3-1.3) ...
2026-01-25T23:49:29.2453625Z Setting up fonts-wqy-zenhei (0.9.45-8) ...
2026-01-25T23:49:29.2581949Z Setting up fonts-freefont-ttf (20211204+svn4273-2) ...
2026-01-25T23:49:29.2608728Z Setting up libglib2.0-0t64:amd64 (2.80.0-6ubuntu3.7) ...
2026-01-25T23:49:29.2787684Z Setting up libglib2.0-data (2.80.0-6ubuntu3.7) ...
2026-01-25T23:49:29.2819206Z Setting up fonts-tlwg-loma-otf (1:0.7.3-1) ...
2026-01-25T23:49:29.2845901Z Setting up xfonts-encodings (1:1.0.5-0ubuntu2) ...
2026-01-25T23:49:29.2880085Z Setting up gir1.2-glib-2.0:amd64 (2.80.0-6ubuntu3.7) ...
2026-01-25T23:49:29.2910996Z Setting up fonts-ipafont-gothic (00303-21ubuntu1) ...
2026-01-25T23:49:29.2981802Z update-alternatives: using /usr/share/fonts/opentype/ipafont-gothic/ipag.ttf to provide /usr/share/fonts/truetype/fonts-japanese-gothic.ttf (fonts-japanese-gothic.ttf) in auto mode
2026-01-25T23:49:29.3006540Z Setting up fonts-unifont (1:15.1.01-1build1) ...
2026-01-25T23:49:29.3039349Z Setting up libglib2.0-bin (2.80.0-6ubuntu3.7) ...
2026-01-25T23:49:29.3071430Z Setting up xfonts-utils (1:7.7+6build3) ...
2026-01-25T23:49:29.3122385Z Setting up xfonts-cyrillic (1:1.0.5+nmu1) ...
2026-01-25T23:49:29.3425894Z Setting up xfonts-scalable (1:1.0.3-1.3) ...
2026-01-25T23:49:29.3705608Z Processing triggers for libc-bin (2.39-0ubuntu8.6) ...
2026-01-25T23:49:29.4092329Z Processing triggers for man-db (2.12.0-4build2) ...
2026-01-25T23:49:29.4119819Z Not building database; man-db/auto-update is not 'true'.
2026-01-25T23:49:29.4134731Z Processing triggers for fontconfig (2.15.0-1.1ubuntu2) ...
2026-01-25T23:49:30.1094572Z
2026-01-25T23:49:30.1095034Z Running kernel seems to be up-to-date.
2026-01-25T23:49:30.1095445Z
2026-01-25T23:49:30.1095601Z Restarting services...
2026-01-25T23:49:30.1551548Z  systemctl restart packagekit.service php8.3-fpm.service polkit.service udisks2.service
2026-01-25T23:49:30.2962789Z
2026-01-25T23:49:30.2963341Z Service restarts being deferred:
2026-01-25T23:49:30.2964211Z  systemctl restart ModemManager.service
2026-01-25T23:49:30.2964789Z  systemctl restart networkd-dispatcher.service
2026-01-25T23:49:30.2965168Z
2026-01-25T23:49:30.2965344Z No containers need to be restarted.
2026-01-25T23:49:30.2965639Z
2026-01-25T23:49:30.2965837Z No user sessions are running outdated binaries.
2026-01-25T23:49:30.2966209Z
2026-01-25T23:49:30.2966553Z No VM guests are running outdated hypervisor (qemu) binaries on this host.
2026-01-25T23:49:31.2585651Z Downloading Chromium 141.0.7390.37 (playwright build v1194) from https://cdn.playwright.dev/dbazure/download/playwright/builds/chromium/1194/chromium-linux.zip
2026-01-25T23:49:31.3909333Z |                                                                                |   0% of 173.9 MiB
2026-01-25T23:49:31.5061442Z |■■■■■■■■                                                                        |  10% of 173.9 MiB
2026-01-25T23:49:31.7264748Z |■■■■■■■■■■■■■■■■                                                                |  20% of 173.9 MiB
2026-01-25T23:49:31.8198692Z |■■■■■■■■■■■■■■■■■■■■■■■■                                                        |  30% of 173.9 MiB
2026-01-25T23:49:31.8870020Z |■■■■■■■■■■■■■■■■■■■■■■■■■■■■■■■■                                                |  40% of 173.9 MiB
2026-01-25T23:49:31.9729140Z |■■■■■■■■■■■■■■■■■■■■■■■■■■■■■■■■■■■■■■■■                                        |  50% of 173.9 MiB
2026-01-25T23:49:32.0419531Z |■■■■■■■■■■■■■■■■■■■■■■■■■■■■■■■■■■■■■■■■■■■■■■■■                                |  60% of 173.9 MiB
2026-01-25T23:49:32.3345250Z |■■■■■■■■■■■■■■■■■■■■■■■■■■■■■■■■■■■■■■■■■■■■■■■■■■■■■■■■                        |  70% of 173.9 MiB
2026-01-25T23:49:32.3992899Z |■■■■■■■■■■■■■■■■■■■■■■■■■■■■■■■■■■■■■■■■■■■■■■■■■■■■■■■■■■■■■■■■                |  80% of 173.9 MiB
2026-01-25T23:49:32.4661622Z |■■■■■■■■■■■■■■■■■■■■■■■■■■■■■■■■■■■■■■■■■■■■■■■■■■■■■■■■■■■■■■■■■■■■■■■■        |  90% of 173.9 MiB
2026-01-25T23:49:32.6375429Z |■■■■■■■■■■■■■■■■■■■■■■■■■■■■■■■■■■■■■■■■■■■■■■■■■■■■■■■■■■■■■■■■■■■■■■■■■■■■■■■■| 100% of 173.9 MiB
2026-01-25T23:49:35.8779482Z Chromium 141.0.7390.37 (playwright build v1194) downloaded to /home/runner/.cache/ms-playwright/chromium-1194
2026-01-25T23:49:35.8783258Z Downloading FFMPEG playwright build v1011 from https://cdn.playwright.dev/dbazure/download/playwright/builds/ffmpeg/1011/ffmpeg-linux.zip
2026-01-25T23:49:36.0026784Z |                                                                                |   0% of 2.3 MiB
2026-01-25T23:49:36.0079266Z |■■■■■■■■                                                                        |  10% of 2.3 MiB
2026-01-25T23:49:36.0102943Z |■■■■■■■■■■■■■■■■                                                                |  20% of 2.3 MiB
2026-01-25T23:49:36.0121833Z |■■■■■■■■■■■■■■■■■■■■■■■■                                                        |  30% of 2.3 MiB
2026-01-25T23:49:36.0140051Z |■■■■■■■■■■■■■■■■■■■■■■■■■■■■■■■■                                                |  40% of 2.3 MiB
2026-01-25T23:49:36.0154554Z |■■■■■■■■■■■■■■■■■■■■■■■■■■■■■■■■■■■■■■■■                                        |  50% of 2.3 MiB
2026-01-25T23:49:36.0174715Z |■■■■■■■■■■■■■■■■■■■■■■■■■■■■■■■■■■■■■■■■■■■■■■■■                                |  60% of 2.3 MiB
2026-01-25T23:49:36.0188276Z |■■■■■■■■■■■■■■■■■■■■■■■■■■■■■■■■■■■■■■■■■■■■■■■■■■■■■■■■                        |  70% of 2.3 MiB
2026-01-25T23:49:36.0206506Z |■■■■■■■■■■■■■■■■■■■■■■■■■■■■■■■■■■■■■■■■■■■■■■■■■■■■■■■■■■■■■■■■                |  80% of 2.3 MiB
2026-01-25T23:49:36.0225300Z |■■■■■■■■■■■■■■■■■■■■■■■■■■■■■■■■■■■■■■■■■■■■■■■■■■■■■■■■■■■■■■■■■■■■■■■■        |  90% of 2.3 MiB
2026-01-25T23:49:36.0246909Z |■■■■■■■■■■■■■■■■■■■■■■■■■■■■■■■■■■■■■■■■■■■■■■■■■■■■■■■■■■■■■■■■■■■■■■■■■■■■■■■■| 100% of 2.3 MiB
2026-01-25T23:49:36.0782838Z FFMPEG playwright build v1011 downloaded to /home/runner/.cache/ms-playwright/ffmpeg-1011
2026-01-25T23:49:36.0786428Z Downloading Chromium Headless Shell 141.0.7390.37 (playwright build v1194) from https://cdn.playwright.dev/dbazure/download/playwright/builds/chromium/1194/chromium-headless-shell-linux.zip
2026-01-25T23:49:36.1991431Z |                                                                                |   0% of 104.3 MiB
2026-01-25T23:49:36.2761589Z |■■■■■■■■                                                                        |  10% of 104.3 MiB
2026-01-25T23:49:36.3345618Z |■■■■■■■■■■■■■■■■                                                                |  20% of 104.3 MiB
2026-01-25T23:49:36.4264309Z |■■■■■■■■■■■■■■■■■■■■■■■■                                                        |  30% of 104.3 MiB
2026-01-25T23:49:36.4863274Z |■■■■■■■■■■■■■■■■■■■■■■■■■■■■■■■■                                                |  40% of 104.3 MiB
2026-01-25T23:49:36.6814730Z |■■■■■■■■■■■■■■■■■■■■■■■■■■■■■■■■■■■■■■■■                                        |  50% of 104.3 MiB
2026-01-25T23:49:36.7313858Z |■■■■■■■■■■■■■■■■■■■■■■■■■■■■■■■■■■■■■■■■■■■■■■■■                                |  60% of 104.3 MiB
2026-01-25T23:49:36.7741590Z |■■■■■■■■■■■■■■■■■■■■■■■■■■■■■■■■■■■■■■■■■■■■■■■■■■■■■■■■                        |  70% of 104.3 MiB
2026-01-25T23:49:36.8210424Z |■■■■■■■■■■■■■■■■■■■■■■■■■■■■■■■■■■■■■■■■■■■■■■■■■■■■■■■■■■■■■■■■                |  80% of 104.3 MiB
2026-01-25T23:49:36.8736153Z |■■■■■■■■■■■■■■■■■■■■■■■■■■■■■■■■■■■■■■■■■■■■■■■■■■■■■■■■■■■■■■■■■■■■■■■■        |  90% of 104.3 MiB
2026-01-25T23:49:36.9416124Z |■■■■■■■■■■■■■■■■■■■■■■■■■■■■■■■■■■■■■■■■■■■■■■■■■■■■■■■■■■■■■■■■■■■■■■■■■■■■■■■■| 100% of 104.3 MiB
2026-01-25T23:49:38.6863713Z Chromium Headless Shell 141.0.7390.37 (playwright build v1194) downloaded to /home/runner/.cache/ms-playwright/chromium_headless_shell-1194
2026-01-25T23:49:38.7823728Z ##[group]Run # Start Xvfb in background
2026-01-25T23:49:38.7824096Z [36;1m# Start Xvfb in background[0m
2026-01-25T23:49:38.7824524Z [36;1msudo Xvfb :99 -screen 0 1920x1080x24 -ac +extension GLX +render -noreset &[0m
2026-01-25T23:49:38.7824940Z [36;1mecho "DISPLAY=:99" >> $GITHUB_ENV[0m
2026-01-25T23:49:38.7825201Z [36;1msleep 3[0m
2026-01-25T23:49:38.7825411Z [36;1m# Verify display is running[0m
2026-01-25T23:49:38.7825711Z [36;1mif xdpyinfo -display :99 >/dev/null 2>&1; then[0m
2026-01-25T23:49:38.7826048Z [36;1m  echo "✅ Virtual display :99 is running"[0m
2026-01-25T23:49:38.7826322Z [36;1melse[0m
2026-01-25T23:49:38.7826635Z [36;1m  echo "⚠️ Virtual display may not be fully ready, continuing anyway..."[0m
2026-01-25T23:49:38.7827016Z [36;1mfi[0m
2026-01-25T23:49:38.7858581Z shell: /usr/bin/bash -e {0}
2026-01-25T23:49:38.7858814Z env:
2026-01-25T23:49:38.7859001Z   PYTHON_VERSION: 3.11
2026-01-25T23:49:38.7859225Z   REPORT_RETENTION_DAYS: 14
2026-01-25T23:49:38.7859469Z   MAX_RETRIES: 3
2026-01-25T23:49:38.7859656Z   REQUEST_TIMEOUT: 30
2026-01-25T23:49:38.7859938Z   pythonLocation: /opt/hostedtoolcache/Python/3.11.14/x64
2026-01-25T23:49:38.7860534Z   PKG_CONFIG_PATH: /opt/hostedtoolcache/Python/3.11.14/x64/lib/pkgconfig
2026-01-25T23:49:38.7860949Z   Python_ROOT_DIR: /opt/hostedtoolcache/Python/3.11.14/x64
2026-01-25T23:49:38.7861311Z   Python2_ROOT_DIR: /opt/hostedtoolcache/Python/3.11.14/x64
2026-01-25T23:49:38.7861682Z   Python3_ROOT_DIR: /opt/hostedtoolcache/Python/3.11.14/x64
2026-01-25T23:49:38.7862060Z   LD_LIBRARY_PATH: /opt/hostedtoolcache/Python/3.11.14/x64/lib
2026-01-25T23:49:38.7862366Z ##[endgroup]
2026-01-25T23:49:39.0943967Z The XKEYBOARD keymap compiler (xkbcomp) reports:
2026-01-25T23:49:39.0944698Z > Warning:          Could not resolve keysym XF86CameraAccessEnable
2026-01-25T23:49:39.0945415Z > Warning:          Could not resolve keysym XF86CameraAccessDisable
2026-01-25T23:49:39.0946173Z > Warning:          Could not resolve keysym XF86CameraAccessToggle
2026-01-25T23:49:39.0946829Z > Warning:          Could not resolve keysym XF86NextElement
2026-01-25T23:49:39.0947674Z > Warning:          Could not resolve keysym XF86PreviousElement
2026-01-25T23:49:39.0948360Z > Warning:          Could not resolve keysym XF86AutopilotEngageToggle
2026-01-25T23:49:39.0949038Z > Warning:          Could not resolve keysym XF86MarkWaypoint
2026-01-25T23:49:39.0949638Z > Warning:          Could not resolve keysym XF86Sos
2026-01-25T23:49:39.0950215Z > Warning:          Could not resolve keysym XF86NavChart
2026-01-25T23:49:39.0950825Z > Warning:          Could not resolve keysym XF86FishingChart
2026-01-25T23:49:39.0951462Z > Warning:          Could not resolve keysym XF86SingleRangeRadar
2026-01-25T23:49:39.0952120Z > Warning:          Could not resolve keysym XF86DualRangeRadar
2026-01-25T23:49:39.0952753Z > Warning:          Could not resolve keysym XF86RadarOverlay
2026-01-25T23:49:39.0953396Z > Warning:          Could not resolve keysym XF86TraditionalSonar
2026-01-25T23:49:39.0954013Z > Warning:          Could not resolve keysym XF86ClearvuSonar
2026-01-25T23:49:39.0954430Z > Warning:          Could not resolve keysym XF86SidevuSonar
2026-01-25T23:49:39.0954822Z > Warning:          Could not resolve keysym XF86NavInfo
2026-01-25T23:49:39.0958118Z Errors from xkbcomp are not fatal to the X server
2026-01-25T23:49:41.7945765Z ⚠️ Virtual display may not be fully ready, continuing anyway...
2026-01-25T23:49:46.7977099Z ##[group]Run python - <<'PYTHON_SCRIPT'
2026-01-25T23:49:46.7977639Z [36;1mpython - <<'PYTHON_SCRIPT'[0m
2026-01-25T23:49:46.7977901Z [36;1mimport asyncio[0m
2026-01-25T23:49:46.7978113Z [36;1mimport sys[0m
2026-01-25T23:49:46.7978312Z [36;1mimport traceback[0m
2026-01-25T23:49:46.7978517Z [36;1m[0m
2026-01-25T23:49:46.7978716Z [36;1masync def test_stealthy_browser():[0m
2026-01-25T23:49:46.7979061Z [36;1m    """Test Scrapling's StealthyFetcher with Camoufox."""[0m
2026-01-25T23:49:46.7979384Z [36;1m    print("=" * 60)[0m
2026-01-25T23:49:46.7979678Z [36;1m    print("Testing Scrapling StealthyFetcher (Camoufox)")[0m
2026-01-25T23:49:46.7979989Z [36;1m    print("=" * 60)[0m
2026-01-25T23:49:46.7980203Z [36;1m[0m
2026-01-25T23:49:46.7980368Z [36;1m    try:[0m
2026-01-25T23:49:46.7980618Z [36;1m        from scrapling.fetchers import StealthyFetcher[0m
2026-01-25T23:49:46.7980966Z [36;1m        print("✓ Imported StealthyFetcher")[0m
2026-01-25T23:49:46.7981262Z [36;1m[0m
2026-01-25T23:49:46.7981444Z [36;1m        # Create fetcher instance[0m
2026-01-25T23:49:46.7981712Z [36;1m        fetcher = StealthyFetcher([0m
2026-01-25T23:49:46.7981971Z [36;1m            headless=True,[0m
2026-01-25T23:49:46.7982210Z [36;1m            network_idle=True,[0m
2026-01-25T23:49:46.7982435Z [36;1m        )[0m
2026-01-25T23:49:46.7982677Z [36;1m        print("✓ Created StealthyFetcher instance")[0m
2026-01-25T23:49:46.7982959Z [36;1m[0m
2026-01-25T23:49:46.7983130Z [36;1m        # Fetch a test page[0m
2026-01-25T23:49:46.7983450Z [36;1m        print("→ Fetching https://httpbin.org/headers ...")[0m
2026-01-25T23:49:46.7983912Z [36;1m        response = await fetcher.async_fetch('https://httpbin.org/headers')[0m
2026-01-25T23:49:46.7984466Z [36;1m[0m
2026-01-25T23:49:46.7984656Z [36;1m        print(f"✓ Response received")[0m
2026-01-25T23:49:46.7984973Z [36;1m        print(f"  - Status: {response.status}")[0m
2026-01-25T23:49:46.7985357Z [36;1m        print(f"  - Content length: {len(response.text)} chars")[0m
2026-01-25T23:49:46.7985678Z [36;1m[0m
2026-01-25T23:49:46.7985927Z [36;1m        if response.status == 200 and len(response.text) > 0:[0m
2026-01-25T23:49:46.7986359Z [36;1m            print("\n✅ StealthyFetcher verification PASSED!")[0m
2026-01-25T23:49:46.7986685Z [36;1m            return True[0m
2026-01-25T23:49:46.7986909Z [36;1m        else:[0m
2026-01-25T23:49:46.7987316Z [36;1m            print(f"\n❌ Unexpected response: status={response.status}")[0m
2026-01-25T23:49:46.7987666Z [36;1m            return False[0m
2026-01-25T23:49:46.7987881Z [36;1m[0m
2026-01-25T23:49:46.7988063Z [36;1m    except Exception as e:[0m
2026-01-25T23:49:46.7988358Z [36;1m        print(f"\n❌ StealthyFetcher failed: {e}")[0m
2026-01-25T23:49:46.7988652Z [36;1m        traceback.print_exc()[0m
2026-01-25T23:49:46.7988894Z [36;1m        return False[0m
2026-01-25T23:49:46.7989104Z [36;1m[0m
2026-01-25T23:49:46.7989308Z [36;1masync def test_playwright_browser():[0m
2026-01-25T23:49:46.7989650Z [36;1m    """Test Scrapling's PlayWrightFetcher as fallback."""[0m
2026-01-25T23:49:46.7989970Z [36;1m    print("\n" + "=" * 60)[0m
2026-01-25T23:49:46.7990340Z [36;1m    print("Testing Scrapling PlayWrightFetcher (Playwright/Chromium)")[0m
2026-01-25T23:49:46.7990701Z [36;1m    print("=" * 60)[0m
2026-01-25T23:49:46.7990912Z [36;1m[0m
2026-01-25T23:49:46.7991081Z [36;1m    try:[0m
2026-01-25T23:49:46.7991337Z [36;1m        from scrapling.fetchers import PlayWrightFetcher[0m
2026-01-25T23:49:46.7991696Z [36;1m        print("✓ Imported PlayWrightFetcher")[0m
2026-01-25T23:49:46.7991972Z [36;1m[0m
2026-01-25T23:49:46.7992171Z [36;1m        fetcher = PlayWrightFetcher([0m
2026-01-25T23:49:46.7992444Z [36;1m            headless=True,[0m
2026-01-25T23:49:46.7992687Z [36;1m            network_idle=True,[0m
2026-01-25T23:49:46.7992924Z [36;1m        )[0m
2026-01-25T23:49:46.7993335Z [36;1m        print("✓ Created PlayWrightFetcher instance")[0m
2026-01-25T23:49:46.7993633Z [36;1m[0m
2026-01-25T23:49:46.7993888Z [36;1m        print("→ Fetching https://httpbin.org/headers ...")[0m
2026-01-25T23:49:46.7994330Z [36;1m        response = await fetcher.async_fetch('https://httpbin.org/headers')[0m
2026-01-25T23:49:46.7994697Z [36;1m[0m
2026-01-25T23:49:46.7994893Z [36;1m        print(f"✓ Response received")[0m
2026-01-25T23:49:46.7995212Z [36;1m        print(f"  - Status: {response.status}")[0m
2026-01-25T23:49:46.7995571Z [36;1m        print(f"  - Content length: {len(response.text)} chars")[0m
2026-01-25T23:49:46.7995883Z [36;1m[0m
2026-01-25T23:49:46.7996090Z [36;1m        if response.status == 200:[0m
2026-01-25T23:49:46.7996427Z [36;1m            print("\n✅ PlayWrightFetcher verification PASSED!")[0m
2026-01-25T23:49:46.7996750Z [36;1m            return True[0m
2026-01-25T23:49:46.7996979Z [36;1m        return False[0m
2026-01-25T23:49:46.7997351Z [36;1m[0m
2026-01-25T23:49:46.7997535Z [36;1m    except Exception as e:[0m
2026-01-25T23:49:46.7997825Z [36;1m        print(f"\n❌ PlayWrightFetcher failed: {e}")[0m
2026-01-25T23:49:46.7998124Z [36;1m        traceback.print_exc()[0m
2026-01-25T23:49:46.7998360Z [36;1m        return False[0m
2026-01-25T23:49:46.7998562Z [36;1m[0m
2026-01-25T23:49:46.7998729Z [36;1masync def main():[0m
2026-01-25T23:49:46.7998972Z [36;1m    # Test StealthyFetcher first (primary)[0m
2026-01-25T23:49:46.7999289Z [36;1m    stealthy_ok = await test_stealthy_browser()[0m
2026-01-25T23:49:46.7999559Z [36;1m[0m
2026-01-25T23:49:46.7999755Z [36;1m    # Test PlayWrightFetcher as fallback[0m
2026-01-25T23:49:46.8000073Z [36;1m    playwright_ok = await test_playwright_browser()[0m
2026-01-25T23:49:46.8000505Z [36;1m[0m
2026-01-25T23:49:46.8000672Z [36;1m    print("\n" + "=" * 60)[0m
2026-01-25T23:49:46.8000915Z [36;1m    print("VERIFICATION SUMMARY")[0m
2026-01-25T23:49:46.8001188Z [36;1m    print("=" * 60)[0m
2026-01-25T23:49:46.8001551Z [36;1m    print(f"  StealthyFetcher (Camoufox):  {'✅ PASS' if stealthy_ok else '❌ FAIL'}")[0m
2026-01-25T23:49:46.8002105Z [36;1m    print(f"  PlayWrightFetcher (Chromium): {'✅ PASS' if playwright_ok else '❌ FAIL'}")[0m
2026-01-25T23:49:46.8002498Z [36;1m[0m
2026-01-25T23:49:46.8002674Z [36;1m    # Pass if at least one works[0m
2026-01-25T23:49:46.8002944Z [36;1m    if stealthy_ok or playwright_ok:[0m
2026-01-25T23:49:46.8003275Z [36;1m        print("\n🎉 At least one browser backend is working!")[0m
2026-01-25T23:49:46.8003588Z [36;1m        return 0[0m
2026-01-25T23:49:46.8003788Z [36;1m    else:[0m
2026-01-25T23:49:46.8004042Z [36;1m        print("\n💥 All browser backends failed!")[0m
2026-01-25T23:49:46.8004334Z [36;1m        return 1[0m
2026-01-25T23:49:46.8004526Z [36;1m[0m
2026-01-25T23:49:46.8004704Z [36;1msys.exit(asyncio.run(main()))[0m
2026-01-25T23:49:46.8004947Z [36;1mPYTHON_SCRIPT[0m
2026-01-25T23:49:46.8036270Z shell: /usr/bin/bash -e {0}
2026-01-25T23:49:46.8036490Z env:
2026-01-25T23:49:46.8036678Z   PYTHON_VERSION: 3.11
2026-01-25T23:49:46.8036887Z   REPORT_RETENTION_DAYS: 14
2026-01-25T23:49:46.8037090Z   MAX_RETRIES: 3
2026-01-25T23:49:46.8037373Z   REQUEST_TIMEOUT: 30
2026-01-25T23:49:46.8037635Z   pythonLocation: /opt/hostedtoolcache/Python/3.11.14/x64
2026-01-25T23:49:46.8038043Z   PKG_CONFIG_PATH: /opt/hostedtoolcache/Python/3.11.14/x64/lib/pkgconfig
2026-01-25T23:49:46.8038440Z   Python_ROOT_DIR: /opt/hostedtoolcache/Python/3.11.14/x64
2026-01-25T23:49:46.8038793Z   Python2_ROOT_DIR: /opt/hostedtoolcache/Python/3.11.14/x64
2026-01-25T23:49:46.8039153Z   Python3_ROOT_DIR: /opt/hostedtoolcache/Python/3.11.14/x64
2026-01-25T23:49:46.8039511Z   LD_LIBRARY_PATH: /opt/hostedtoolcache/Python/3.11.14/x64/lib
2026-01-25T23:49:46.8039824Z   DISPLAY: :99
2026-01-25T23:49:46.8040001Z ##[endgroup]
2026-01-25T23:49:47.1282337Z ============================================================
2026-01-25T23:49:47.1283134Z Testing Scrapling StealthyFetcher (Camoufox)
2026-01-25T23:49:47.1284192Z ============================================================
2026-01-25T23:49:47.1284964Z Downloading model definition files...
2026-01-25T23:49:47.4443785Z browser-helper-file.json      OK!
2026-01-25T23:49:47.4446040Z header-network.zip            OK!
2026-01-25T23:49:47.4446543Z input-network.zip             OK!
2026-01-25T23:49:47.4499565Z headers-order.json            OK!
2026-01-25T23:49:47.4732356Z [2026-01-25 23:49:47] WARNING: This logic is deprecated now, and have no effect; It will be removed with v0.3. Use `StealthyFetcher.configure(headless=True, network_idle=True)` instead before fetching
2026-01-25T23:49:48.8373950Z [2026-01-25 23:49:48] INFO: Fetched (200) <GET https://httpbin.org/headers> (referer: https://www.google.com/search?q=httpbin)
2026-01-25T23:49:48.9466031Z Traceback (most recent call last):
2026-01-25T23:49:48.9472658Z   File "<stdin>", line 49, in test_playwright_browser
2026-01-25T23:49:48.9473555Z ImportError: cannot import name 'PlayWrightFetcher' from 'scrapling.fetchers' (/opt/hostedtoolcache/Python/3.11.14/x64/lib/python3.11/site-packages/scrapling/fetchers/__init__.py)
2026-01-25T23:49:48.9474858Z ✓ Imported StealthyFetcher
2026-01-25T23:49:48.9475356Z ✓ Created StealthyFetcher instance
2026-01-25T23:49:48.9475946Z → Fetching https://httpbin.org/headers ...
2026-01-25T23:49:48.9476441Z ✓ Response received
2026-01-25T23:49:48.9476824Z   - Status: 200
2026-01-25T23:49:48.9477409Z   - Content length: 0 chars
2026-01-25T23:49:48.9477696Z
2026-01-25T23:49:48.9477966Z ❌ Unexpected response: status=200
2026-01-25T23:49:48.9478309Z
2026-01-25T23:49:48.9478559Z ============================================================
2026-01-25T23:49:48.9478974Z Testing Scrapling PlayWrightFetcher (Playwright/Chromium)
2026-01-25T23:49:48.9479595Z ============================================================
2026-01-25T23:49:48.9479794Z
2026-01-25T23:49:48.9480872Z ❌ PlayWrightFetcher failed: cannot import name 'PlayWrightFetcher' from 'scrapling.fetchers' (/opt/hostedtoolcache/Python/3.11.14/x64/lib/python3.11/site-packages/scrapling/fetchers/__init__.py)
2026-01-25T23:49:48.9481670Z
2026-01-25T23:49:48.9481922Z ============================================================
2026-01-25T23:49:48.9482258Z VERIFICATION SUMMARY
2026-01-25T23:49:48.9482483Z ============================================================
2026-01-25T23:49:48.9482983Z   StealthyFetcher (Camoufox):  ❌ FAIL
2026-01-25T23:49:48.9483534Z   PlayWrightFetcher (Chromium): ❌ FAIL
2026-01-25T23:49:48.9483832Z
2026-01-25T23:49:48.9484107Z 💥 All browser backends failed!
2026-01-25T23:49:49.0061717Z ##[error]Process completed with exit code 1.
2026-01-25T23:49:49.0171200Z ##[group]Run actions/upload-artifact@v4
2026-01-25T23:49:49.0171482Z with:
2026-01-25T23:49:49.0171696Z   name: race-reports-79-1
2026-01-25T23:49:49.0172586Z   path: race-report.html
qualified_races.json
raw_race_data.json
reporter_output.log
atr_debug.html
sl_debug.html
brisnet_debug.html
equibase_debug.html
oddschecker_debug.html
racingpost_debug.html
timeform_debug.html
twinspires_debug.html

2026-01-25T23:49:49.0173495Z   retention-days: 14
2026-01-25T23:49:49.0173703Z   if-no-files-found: warn
2026-01-25T23:49:49.0173924Z   compression-level: 9
2026-01-25T23:49:49.0174127Z   overwrite: false
2026-01-25T23:49:49.0174328Z   include-hidden-files: false
2026-01-25T23:49:49.0174551Z env:
2026-01-25T23:49:49.0174723Z   PYTHON_VERSION: 3.11
2026-01-25T23:49:49.0174924Z   REPORT_RETENTION_DAYS: 14
2026-01-25T23:49:49.0175136Z   MAX_RETRIES: 3
2026-01-25T23:49:49.0175324Z   REQUEST_TIMEOUT: 30
2026-01-25T23:49:49.0175588Z   pythonLocation: /opt/hostedtoolcache/Python/3.11.14/x64
2026-01-25T23:49:49.0176049Z   PKG_CONFIG_PATH: /opt/hostedtoolcache/Python/3.11.14/x64/lib/pkgconfig
2026-01-25T23:49:49.0176457Z   Python_ROOT_DIR: /opt/hostedtoolcache/Python/3.11.14/x64
2026-01-25T23:49:49.0176818Z   Python2_ROOT_DIR: /opt/hostedtoolcache/Python/3.11.14/x64
2026-01-25T23:49:49.0177332Z   Python3_ROOT_DIR: /opt/hostedtoolcache/Python/3.11.14/x64
2026-01-25T23:49:49.0177733Z   LD_LIBRARY_PATH: /opt/hostedtoolcache/Python/3.11.14/x64/lib
2026-01-25T23:49:49.0178042Z   DISPLAY: :99
2026-01-25T23:49:49.0178236Z ##[endgroup]
2026-01-25T23:49:49.2404782Z Multiple search paths detected. Calculating the least common ancestor of all paths
2026-01-25T23:49:49.2416117Z The least common ancestor is /home/runner/work/fortuna/fortuna. This will be the root directory of the artifact
2026-01-25T23:49:49.2428946Z ##[warning]No files were found with the provided path: race-report.html
qualified_races.json
raw_race_data.json
reporter_output.log
atr_debug.html
sl_debug.html
brisnet_debug.html
equibase_debug.html
oddschecker_debug.html
racingpost_debug.html
timeform_debug.html
twinspires_debug.html. No artifacts will be uploaded.
2026-01-25T23:49:49.2504475Z ##[group]Run {
2026-01-25T23:49:49.2504714Z [36;1m{[0m
2026-01-25T23:49:49.2504949Z [36;1m  echo "## 🐴 Fortuna Race Report Summary"[0m
2026-01-25T23:49:49.2505251Z [36;1m  echo ""[0m
2026-01-25T23:49:49.2505480Z [36;1m  echo "**Run:** #79 | **Status:** unknown"[0m
2026-01-25T23:49:49.2505790Z [36;1m  echo "**Analyzer:** tiny_field_trifecta"[0m
2026-01-25T23:49:49.2506055Z [36;1m  echo ""[0m
2026-01-25T23:49:49.2506236Z [36;1m[0m
2026-01-25T23:49:49.2506440Z [36;1m  if [ -f "github_summary.md" ]; then[0m
2026-01-25T23:49:49.2506713Z [36;1m    cat github_summary.md[0m
2026-01-25T23:49:49.2506939Z [36;1m  else[0m
2026-01-25T23:49:49.2507172Z [36;1m    echo "### ⚠️ Detailed summary not available"[0m
2026-01-25T23:49:49.2507712Z [36;1m    echo ""[0m
2026-01-25T23:49:49.2507963Z [36;1m    echo "Check the artifacts for the full report."[0m
2026-01-25T23:49:49.2508259Z [36;1m  fi[0m
2026-01-25T23:49:49.2508434Z [36;1m[0m
2026-01-25T23:49:49.2508824Z [36;1m  echo ""[0m
2026-01-25T23:49:49.2509018Z [36;1m  echo "---"[0m
2026-01-25T23:49:49.2509289Z [36;1m  echo "*Generated at $(date -u '+%Y-%m-%d %H:%M:%S UTC')*"[0m
2026-01-25T23:49:49.2509617Z [36;1m} >> $GITHUB_STEP_SUMMARY[0m
2026-01-25T23:49:49.2541035Z shell: /usr/bin/bash -e {0}
2026-01-25T23:49:49.2541274Z env:
2026-01-25T23:49:49.2541453Z   PYTHON_VERSION: 3.11
2026-01-25T23:49:49.2541675Z   REPORT_RETENTION_DAYS: 14
2026-01-25T23:49:49.2541884Z   MAX_RETRIES: 3
2026-01-25T23:49:49.2542072Z   REQUEST_TIMEOUT: 30
2026-01-25T23:49:49.2542348Z   pythonLocation: /opt/hostedtoolcache/Python/3.11.14/x64
2026-01-25T23:49:49.2542767Z   PKG_CONFIG_PATH: /opt/hostedtoolcache/Python/3.11.14/x64/lib/pkgconfig
2026-01-25T23:49:49.2543173Z   Python_ROOT_DIR: /opt/hostedtoolcache/Python/3.11.14/x64
2026-01-25T23:49:49.2543536Z   Python2_ROOT_DIR: /opt/hostedtoolcache/Python/3.11.14/x64
2026-01-25T23:49:49.2543897Z   Python3_ROOT_DIR: /opt/hostedtoolcache/Python/3.11.14/x64
2026-01-25T23:49:49.2544268Z   LD_LIBRARY_PATH: /opt/hostedtoolcache/Python/3.11.14/x64/lib
2026-01-25T23:49:49.2544573Z   DISPLAY: :99
2026-01-25T23:49:49.2544754Z ##[endgroup]
2026-01-25T23:49:49.2639915Z ##[group]Run pip install beautifulsoup4
2026-01-25T23:49:49.2640235Z [36;1mpip install beautifulsoup4[0m
2026-01-25T23:49:49.2668108Z shell: /usr/bin/bash -e {0}
2026-01-25T23:49:49.2668340Z env:
2026-01-25T23:49:49.2668514Z   PYTHON_VERSION: 3.11
2026-01-25T23:49:49.2668735Z   REPORT_RETENTION_DAYS: 14
2026-01-25T23:49:49.2668947Z   MAX_RETRIES: 3
2026-01-25T23:49:49.2669129Z   REQUEST_TIMEOUT: 30
2026-01-25T23:49:49.2669395Z   pythonLocation: /opt/hostedtoolcache/Python/3.11.14/x64
2026-01-25T23:49:49.2669818Z   PKG_CONFIG_PATH: /opt/hostedtoolcache/Python/3.11.14/x64/lib/pkgconfig
2026-01-25T23:49:49.2670216Z   Python_ROOT_DIR: /opt/hostedtoolcache/Python/3.11.14/x64
2026-01-25T23:49:49.2670573Z   Python2_ROOT_DIR: /opt/hostedtoolcache/Python/3.11.14/x64
2026-01-25T23:49:49.2670937Z   Python3_ROOT_DIR: /opt/hostedtoolcache/Python/3.11.14/x64
2026-01-25T23:49:49.2671308Z   LD_LIBRARY_PATH: /opt/hostedtoolcache/Python/3.11.14/x64/lib
2026-01-25T23:49:49.2671610Z   DISPLAY: :99
2026-01-25T23:49:49.2671811Z ##[endgroup]
2026-01-25T23:49:49.6196045Z Requirement already satisfied: beautifulsoup4 in /opt/hostedtoolcache/Python/3.11.14/x64/lib/python3.11/site-packages (4.12.2)
2026-01-25T23:49:49.6202471Z Requirement already satisfied: soupsieve>1.2 in /opt/hostedtoolcache/Python/3.11.14/x64/lib/python3.11/site-packages (from beautifulsoup4) (2.5)
2026-01-25T23:49:49.7803802Z ##[group]Run mkdir -p debug-analysis
2026-01-25T23:49:49.7804270Z [36;1mmkdir -p debug-analysis[0m
2026-01-25T23:49:49.7805123Z [36;1mfor html_file in sl_debug.html atr_debug.html brisnet_debug.html equibase_debug.html oddschecker_debug.html racingpost_debug.html timeform_debug.html twinspires_debug.html; do[0m
2026-01-25T23:49:49.7806008Z [36;1m  if [ -f "$html_file" ]; then[0m
2026-01-25T23:49:49.7806345Z [36;1m    base_name="${html_file%.html}"[0m
2026-01-25T23:49:49.7806946Z [36;1m    python scripts/debug_html_parser.py "$html_file" "debug-analysis/${base_name}_analysis.json" || true[0m
2026-01-25T23:49:49.7807790Z [36;1m  fi[0m
2026-01-25T23:49:49.7808066Z [36;1mdone[0m
2026-01-25T23:49:49.7840059Z shell: /usr/bin/bash -e {0}
2026-01-25T23:49:49.7840364Z env:
2026-01-25T23:49:49.7840630Z   PYTHON_VERSION: 3.11
2026-01-25T23:49:49.7841017Z   REPORT_RETENTION_DAYS: 14
2026-01-25T23:49:49.7841363Z   MAX_RETRIES: 3
2026-01-25T23:49:49.7841594Z   REQUEST_TIMEOUT: 30
2026-01-25T23:49:49.7842114Z   pythonLocation: /opt/hostedtoolcache/Python/3.11.14/x64
2026-01-25T23:49:49.7842589Z   PKG_CONFIG_PATH: /opt/hostedtoolcache/Python/3.11.14/x64/lib/pkgconfig
2026-01-25T23:49:49.7843130Z   Python_ROOT_DIR: /opt/hostedtoolcache/Python/3.11.14/x64
2026-01-25T23:49:49.7843615Z   Python2_ROOT_DIR: /opt/hostedtoolcache/Python/3.11.14/x64
2026-01-25T23:49:49.7844054Z   Python3_ROOT_DIR: /opt/hostedtoolcache/Python/3.11.14/x64
2026-01-25T23:49:49.7844539Z   LD_LIBRARY_PATH: /opt/hostedtoolcache/Python/3.11.14/x64/lib
2026-01-25T23:49:49.7845112Z   DISPLAY: :99
2026-01-25T23:49:49.7845389Z ##[endgroup]
2026-01-25T23:49:49.7957125Z ##[group]Run actions/upload-artifact@v4
2026-01-25T23:49:49.7957656Z with:
2026-01-25T23:49:49.7957844Z   name: debug-analysis-79
2026-01-25T23:49:49.7958074Z   path: debug-analysis/
2026-01-25T23:49:49.7958285Z   retention-days: 14
2026-01-25T23:49:49.7958486Z   if-no-files-found: warn
2026-01-25T23:49:49.7958697Z   compression-level: 6
2026-01-25T23:49:49.7958896Z   overwrite: false
2026-01-25T23:49:49.7959094Z   include-hidden-files: false
2026-01-25T23:49:49.7959311Z env:
2026-01-25T23:49:49.7959481Z   PYTHON_VERSION: 3.11
2026-01-25T23:49:49.7959681Z   REPORT_RETENTION_DAYS: 14
2026-01-25T23:49:49.7959893Z   MAX_RETRIES: 3
2026-01-25T23:49:49.7960076Z   REQUEST_TIMEOUT: 30
2026-01-25T23:49:49.7960335Z   pythonLocation: /opt/hostedtoolcache/Python/3.11.14/x64
2026-01-25T23:49:49.7960769Z   PKG_CONFIG_PATH: /opt/hostedtoolcache/Python/3.11.14/x64/lib/pkgconfig
2026-01-25T23:49:49.7961182Z   Python_ROOT_DIR: /opt/hostedtoolcache/Python/3.11.14/x64
2026-01-25T23:49:49.7961555Z   Python2_ROOT_DIR: /opt/hostedtoolcache/Python/3.11.14/x64
2026-01-25T23:49:49.7961914Z   Python3_ROOT_DIR: /opt/hostedtoolcache/Python/3.11.14/x64
2026-01-25T23:49:49.7962277Z   LD_LIBRARY_PATH: /opt/hostedtoolcache/Python/3.11.14/x64/lib
2026-01-25T23:49:49.7962577Z   DISPLAY: :99
2026-01-25T23:49:49.7962753Z ##[endgroup]
2026-01-25T23:49:50.0155382Z ##[warning]No files were found with the provided path: debug-analysis/. No artifacts will be uploaded.
2026-01-25T23:49:50.0241468Z ##[group]Run echo "::warning::Report generation failed. Check logs for details."
2026-01-25T23:49:50.0242013Z [36;1mecho "::warning::Report generation failed. Check logs for details."[0m
2026-01-25T23:49:50.0242411Z [36;1mif ls *.json 1> /dev/null 2>&1; then[0m
2026-01-25T23:49:50.0242771Z [36;1m  tar -czf debug-data.tar.gz *.json *.log 2>/dev/null || true[0m
2026-01-25T23:49:50.0243109Z [36;1mfi[0m
2026-01-25T23:49:50.0274505Z shell: /usr/bin/bash -e {0}
2026-01-25T23:49:50.0274750Z env:
2026-01-25T23:49:50.0274931Z   PYTHON_VERSION: 3.11
2026-01-25T23:49:50.0275145Z   REPORT_RETENTION_DAYS: 14
2026-01-25T23:49:50.0275357Z   MAX_RETRIES: 3
2026-01-25T23:49:50.0275543Z   REQUEST_TIMEOUT: 30
2026-01-25T23:49:50.0275807Z   pythonLocation: /opt/hostedtoolcache/Python/3.11.14/x64
2026-01-25T23:49:50.0276225Z   PKG_CONFIG_PATH: /opt/hostedtoolcache/Python/3.11.14/x64/lib/pkgconfig
2026-01-25T23:49:50.0276630Z   Python_ROOT_DIR: /opt/hostedtoolcache/Python/3.11.14/x64
2026-01-25T23:49:50.0277011Z   Python2_ROOT_DIR: /opt/hostedtoolcache/Python/3.11.14/x64
2026-01-25T23:49:50.0277651Z   Python3_ROOT_DIR: /opt/hostedtoolcache/Python/3.11.14/x64
2026-01-25T23:49:50.0278123Z   LD_LIBRARY_PATH: /opt/hostedtoolcache/Python/3.11.14/x64/lib
2026-01-25T23:49:50.0278433Z   DISPLAY: :99
2026-01-25T23:49:50.0278617Z ##[endgroup]
2026-01-25T23:49:50.0329153Z ##[warning]Report generation failed. Check logs for details.
2026-01-25T23:49:50.0423099Z ##[group]Run actions/upload-artifact@v4
2026-01-25T23:49:50.0423375Z with:
2026-01-25T23:49:50.0423565Z   name: browser-debug-logs-79
2026-01-25T23:49:50.0423839Z   path: ~/.cache/ms-playwright
~/.cache/camoufox

2026-01-25T23:49:50.0424127Z   retention-days: 14
2026-01-25T23:49:50.0424340Z   if-no-files-found: warn
2026-01-25T23:49:50.0424554Z   compression-level: 6
2026-01-25T23:49:50.0424759Z   overwrite: false
2026-01-25T23:49:50.0424958Z   include-hidden-files: false
2026-01-25T23:49:50.0425176Z env:
2026-01-25T23:49:50.0425343Z   PYTHON_VERSION: 3.11
2026-01-25T23:49:50.0425549Z   REPORT_RETENTION_DAYS: 14
2026-01-25T23:49:50.0425763Z   MAX_RETRIES: 3
2026-01-25T23:49:50.0425945Z   REQUEST_TIMEOUT: 30
2026-01-25T23:49:50.0426206Z   pythonLocation: /opt/hostedtoolcache/Python/3.11.14/x64
2026-01-25T23:49:50.0426614Z   PKG_CONFIG_PATH: /opt/hostedtoolcache/Python/3.11.14/x64/lib/pkgconfig
2026-01-25T23:49:50.0440219Z   Python_ROOT_DIR: /opt/hostedtoolcache/Python/3.11.14/x64
2026-01-25T23:49:50.0440860Z   Python2_ROOT_DIR: /opt/hostedtoolcache/Python/3.11.14/x64
2026-01-25T23:49:50.0441250Z   Python3_ROOT_DIR: /opt/hostedtoolcache/Python/3.11.14/x64
2026-01-25T23:49:50.0441621Z   LD_LIBRARY_PATH: /opt/hostedtoolcache/Python/3.11.14/x64/lib
2026-01-25T23:49:50.0441928Z   DISPLAY: :99
2026-01-25T23:49:50.0442114Z ##[endgroup]
2026-01-25T23:49:50.3403249Z Multiple search paths detected. Calculating the least common ancestor of all paths
2026-01-25T23:49:50.3405818Z The least common ancestor is /home/runner/.cache. This will be the root directory of the artifact
2026-01-25T23:49:50.3406853Z With the provided path, there will be 485 files uploaded
2026-01-25T23:49:50.3410754Z Artifact name is valid!
2026-01-25T23:49:50.3412233Z Root directory input is valid!
2026-01-25T23:49:50.5920899Z Beginning upload of artifact content to blob storage
2026-01-25T23:49:52.3976287Z Uploaded bytes 8388608
2026-01-25T23:49:52.8756491Z Uploaded bytes 16777216
2026-01-25T23:49:52.9396682Z Uploaded bytes 25165824
2026-01-25T23:49:53.6547143Z Uploaded bytes 33554432
2026-01-25T23:49:54.1442166Z Uploaded bytes 41943040
2026-01-25T23:49:54.6698986Z Uploaded bytes 50331648
2026-01-25T23:49:55.3551627Z Uploaded bytes 58720256
2026-01-25T23:49:55.9160114Z Uploaded bytes 67108864
2026-01-25T23:49:56.4922652Z Uploaded bytes 75497472
2026-01-25T23:49:56.9917814Z Uploaded bytes 83886080
2026-01-25T23:49:57.5879008Z Uploaded bytes 92274688
2026-01-25T23:49:58.1475700Z Uploaded bytes 100663296
2026-01-25T23:49:58.7248912Z Uploaded bytes 109051904
2026-01-25T23:49:59.9779666Z Uploaded bytes 117440512
2026-01-25T23:50:01.0540169Z Uploaded bytes 125829120
2026-01-25T23:50:01.9722090Z Uploaded bytes 134217728
2026-01-25T23:50:02.7176707Z Uploaded bytes 142606336
2026-01-25T23:50:03.4103271Z Uploaded bytes 150994944
2026-01-25T23:50:04.2928303Z Uploaded bytes 159383552
2026-01-25T23:50:05.3587789Z Uploaded bytes 167772160
2026-01-25T23:50:06.0654613Z Uploaded bytes 176160768
2026-01-25T23:50:06.6663651Z Uploaded bytes 184549376
2026-01-25T23:50:06.8439590Z Uploaded bytes 192937984
2026-01-25T23:50:07.3201328Z Uploaded bytes 201326592
2026-01-25T23:50:07.8912394Z Uploaded bytes 209715200
2026-01-25T23:50:08.4617517Z Uploaded bytes 218103808
2026-01-25T23:50:08.9800430Z Uploaded bytes 226492416
2026-01-25T23:50:09.5672658Z Uploaded bytes 234881024
2026-01-25T23:50:10.1080771Z Uploaded bytes 243269632
2026-01-25T23:50:10.8140695Z Uploaded bytes 251658240
2026-01-25T23:50:11.2925634Z Uploaded bytes 260046848
2026-01-25T23:50:12.0267131Z Uploaded bytes 268435456
2026-01-25T23:50:13.2021316Z Uploaded bytes 276824064
2026-01-25T23:50:14.0639247Z Uploaded bytes 285212672
2026-01-25T23:50:14.7086732Z Uploaded bytes 293601280
2026-01-25T23:50:14.9398841Z Uploaded bytes 297454859
2026-01-25T23:50:15.0180972Z Finished uploading artifact content to blob storage!
2026-01-25T23:50:15.0184305Z SHA256 digest of uploaded artifact zip is 31159108d7ac784bd5445177b4c86b2b6444c63ef08695af648aa7c3dafc0bc4
2026-01-25T23:50:15.0187595Z Finalizing artifact upload
2026-01-25T23:50:15.3298877Z Artifact browser-debug-logs-79.zip successfully finalized. Artifact ID 5251193643
2026-01-25T23:50:15.3300304Z Artifact browser-debug-logs-79 has been successfully uploaded! Final size is 297454859 bytes. Artifact ID is 5251193643
2026-01-25T23:50:15.3309547Z Artifact download URL: https://github.com/masonj0/fortuna/actions/runs/21341725068/artifacts/5251193643
2026-01-25T23:50:15.3548166Z Post job cleanup.
2026-01-25T23:50:15.4521553Z [command]/usr/bin/git version
2026-01-25T23:50:15.4559029Z git version 2.52.0
2026-01-25T23:50:15.4602274Z Temporarily overriding HOME='/home/runner/work/_temp/e96a6a4d-a169-4f48-81c1-6f4b24f9df49' before making global git config changes
2026-01-25T23:50:15.4603529Z Adding repository directory to the temporary git global config as a safe directory
2026-01-25T23:50:15.4615526Z [command]/usr/bin/git config --global --add safe.directory /home/runner/work/fortuna/fortuna
2026-01-25T23:50:15.4652895Z [command]/usr/bin/git config --local --name-only --get-regexp core\.sshCommand
2026-01-25T23:50:15.4686797Z [command]/usr/bin/git submodule foreach --recursive sh -c "git config --local --name-only --get-regexp 'core\.sshCommand' && git config --local --unset-all 'core.sshCommand' || :"
2026-01-25T23:50:15.4926921Z [command]/usr/bin/git config --local --name-only --get-regexp http\.https\:\/\/github\.com\/\.extraheader
2026-01-25T23:50:15.4950113Z http.https://github.com/.extraheader
2026-01-25T23:50:15.4963191Z [command]/usr/bin/git config --local --unset-all http.https://github.com/.extraheader
2026-01-25T23:50:15.4995803Z [command]/usr/bin/git submodule foreach --recursive sh -c "git config --local --name-only --get-regexp 'http\.https\:\/\/github\.com\/\.extraheader' && git config --local --unset-all 'http.https://github.com/.extraheader' || :"
2026-01-25T23:50:15.5234125Z [command]/usr/bin/git config --local --name-only --get-regexp ^includeIf\.gitdir:
2026-01-25T23:50:15.5266851Z [command]/usr/bin/git submodule foreach --recursive git config --local --show-origin --name-only --get-regexp remote.origin.url
2026-01-25T23:50:15.5606523Z Evaluate and set job outputs
2026-01-25T23:50:15.5613093Z Cleaning up orphan processes
